ASxxxx Linker V03.00/V05.40 + sdld,  page 1.
Hexadecimal  [32-Bits]

Area                       Addr        Size        Decimal Bytes (Attributes)
--------------------       ----        ----        ------- ----- ------------
.  .ABS.               00000000    00000000 =           0. bytes (ABS,CON)

        Value  Global            Value  Global            Value  Global    
        -----  ------            -----  ------            -----  ------    
     00000000  .__.ABS.  |    00000000  _rMBC7_SR |    00000000  _rRAMG   
     00000000  l__BASE   |    00000000  l__BSS    |    00000000  l__CABS  
     00000000  l__CODE_0 |    00000000  l__DABS   |    00000000  l__FONT_H
     00000000  l__HEADER |    00000000  l__HEADER |    00000000  l__HEAP  
     00000000  l__HEAP_E |    00000000  l__LIT    |    00000000  s__CABS  
     00000000  s__DABS   |    00000000  s__FONT_H |    00000000  s__FONT_H
     00000000  s__HEADER |    00000000  s__HEADER |    00000000  s__HEADER
     00000000  s__HEADER |    00000000  s__HEADER |    00000000  s__HEADER
     00000000  s__HEADER |    00000000  s__HEADER |    00000000  s__HEADER
     00000000  s__HEADER |    00000000  s__HEADER |    00000000  s__HEADER
     00000000  s__HEADER |    00000000  s__HEADER |    00000000  s__HEADER
     00000000  s__HEADER |    00000000  s__HEADER |    00000000  s__HEADER
     00000000  s__HEADER |    00000000  s__HEADER |    00000000  s__HEADER
     00000001  l__GSFINA |    00000001  l__HEADER |    00000001  l__HEADER
     00000001  l__HEADER |    00000001  l__HEADER |    00000001  l__HEADER
     00000001  l__HEADER |    00000001  l__HEADER |    00000002  l__HEADER
     00000002  l__HEADER |    00000002  l__HEADER |    00000003  l__FONT_H
     00000003  l__HEADER |    00000003  l__HEADER |    00000005  l__HEADER
     00000006  l__HEADER |    00000007  l__HEADER |    00000008  l__HEADER
     0000000C  l__GSINIT |    00000013  l__HRAM   |    00000030  l__HEADER
     00000039  l__INITIA |    00000039  l__INITIA |    00000056  l__DATA  
     00000060  l__HEADER |    000000AB  l__HEADER |    00000200  s__CODE  
     0000086B  l__HOME   |    00002000  _rROMB0   |    00003000  _rROMB1  
     00004000  _rMBC7_SR |    00004000  _rRAMB    |    00004E3F  l__CODE  
     0000503F  s__HOME   |    000058AA  s__BASE   |    000058AA  s__CODE_0
     000058AA  s__INITIA |    000058AA  s__LIT    |    000058E3  s__GSINIT
     000058EF  s__GSFINA |    00008000  __VRAM    |    00008000  __VRAM800
     00008800  __VRAM880 |    00009000  __VRAM900 |    00009800  __SCRN0  
     00009C00  __SCRN1   |    0000A000  __SRAM    |    0000A000  _rMBC7_LA
     0000A010  _rMBC7_LA |    0000A020  _rMBC7_AC |    0000A030  _rMBC7_AC
     0000A040  _rMBC7_AC |    0000A050  _rMBC7_AC |    0000C000  __RAM    
     0000C000  _shadow_O |    0000C0A0  s__DATA   |    0000C0F6  s__BSS   
     0000C0F6  s__INITIA |    0000C12F  s__HEAP   |    0000C12F  s__HEAP_E
     0000D000  __RAMBANK |    0000E000  .STACK    |    0000FE00  __OAMRAM 
     0000FF00  _P1_REG   |    0000FF00  __IO      |    0000FF01  _SB_REG  
     0000FF02  _SC_REG   |    0000FF04  _DIV_REG  |    0000FF05  _TIMA_REG
     0000FF06  _TMA_REG  |    0000FF07  _TAC_REG  |    0000FF0F  _IF_REG  
     0000FF10  _NR10_REG |    0000FF11  _NR11_REG |    0000FF12  _NR12_REG
     0000FF13  _NR13_REG |    0000FF14  _NR14_REG |    0000FF16  _NR21_REG
     0000FF17  _NR22_REG |    0000FF18  _NR23_REG |    0000FF19  _NR24_REG
     0000FF1A  _NR30_REG |    0000FF1B  _NR31_REG |    0000FF1C  _NR32_REG
     0000FF1D  _NR33_REG |    0000FF1E  _NR34_REG |    0000FF20  _NR41_REG
     0000FF21  _NR42_REG |    0000FF22  _NR43_REG |    0000FF23  _NR44_REG
     0000FF24  _NR50_REG |    0000FF25  _NR51_REG |    0000FF26  _NR52_REG
     0000FF30  _AUD3WAVE |    0000FF30  _PCM_SAMP |    0000FF30  __AUD3WAV
     0000FF40  _LCDC_REG |    0000FF41  _STAT_REG |    0000FF42  _SCY_REG 
     0000FF43  _SCX_REG  |    0000FF44  _LY_REG   |    0000FF45  _LYC_REG 
     0000FF46  _DMA_REG  |    0000FF47  _BGP_REG  |    0000FF48  _OBP0_REG
     0000FF49  _OBP1_REG |    0000FF4A  _WY_REG   |    0000FF4B  _WX_REG  
     0000FF4D  _KEY1_REG |    0000FF4F  _VBK_REG  |    0000FF51  _HDMA1_RE
ASxxxx Linker V03.00/V05.40 + sdld,  page 2.
Hexadecimal  [32-Bits]

Area                       Addr        Size        Decimal Bytes (Attributes)
--------------------       ----        ----        ------- ----- ------------
.  .ABS.               00000000    00000000 =           0. bytes (ABS,CON)

        Value  Global            Value  Global            Value  Global    
        -----  ------            -----  ------            -----  ------    
     0000FF52  _HDMA2_RE |    0000FF53  _HDMA3_RE |    0000FF54  _HDMA4_RE
     0000FF55  _HDMA5_RE |    0000FF56  _RP_REG   |    0000FF68  _BCPS_REG
     0000FF69  _BCPD_REG |    0000FF6A  _OCPS_REG |    0000FF6B  _OCPD_REG
     0000FF70  _SVBK_REG |    0000FF76  _PCM12_RE |    0000FF77  _PCM34_RE
     0000FF80  __HRAM    |    0000FF80  s__HRAM   |    0000FFFF  _IE_REG  
ASxxxx Linker V03.00/V05.40 + sdld,  page 3.
Hexadecimal  [32-Bits]

Area                       Addr        Size        Decimal Bytes (Attributes)
--------------------       ----        ----        ------- ----- ------------
_CODE                  00000200    00004E3F =       20031. bytes (REL,CON)

        Value  Global            Value  Global            Value  Global    
        -----  ------            -----  ------            -----  ------    
     00000200  _main     |    00000347  _Characte |    00000387  _CampTile
     00000A47  _camp_col |    00000AB3  _Camp     |    00000C1B  _Hector  
     00000C5B  _Safy     |    00000C9B  _DungeonT |    00000FDB  _room1   
     00001143  _room2    |    000012AB  _room3    |    00001413  _room4   
     0000157B  _room5    |    000016E3  _room6    |    0000184B  _room7   
     000019B3  _room8    |    00001B1B  _room9    |    00001C83  _room10  
     00001DEB  _room11   |    00001F53  _room12   |    000020BB  _room13  
     00002223  _room14   |    0000238B  _room15   |    000024F3  _Textbox 
     00002593  _Text     |    000028C3  _MiniGUI  |    000028F3  _Mugshot 
     000029F3  _Objects  |    00002B43  _arrow    |    00002B53  _Lock    
     00002BD3  _Key      |    00002BF3  _Mythril  |    00002C33  _chest_cl
     00002C3B  _chest_op |    00002C43  _stairs   |    00002C47  _menu_bod
     00002C48  _upgrade_ |    00002C50  _cure_upg |    00002C58  _level_cu
     00002C6B  _move_cha |    00002CC8  _check_in |    00002E27  _check_in
     000030B6  _check_te |    00003275  _is_sprit |    00003289  _set_camp
     0000330F  _hide_cam |    00003338  _set_dung |    00003346  _set_room
     0000350F  _change_r |    00003590  _set_stat |    00003767  _check_op
     000037C7  _set_mini |    000038B8  _check_me |    000039F6  _hector_u
     00003B8A  _safy_upg |    00003D1A  _go_into_ |    00003D96  _go_next_
     00003E18  _draw_loc |    00003EB4  _draw_fli |    00003F50  _draw_loc
     00003FB3  _draw_fli |    00004019  _hide_doo |    00004042  _set_text
     00004150  _generate |    0000421C  _min_leng |    0000421D  _max_leng
     0000421E  _empty_ar |    00004273  _create_l |    00004579  _append  
     00004598  _add_bran |    000047E6  _find_nea |    0000491C  _shuffle_
     000049A9  _create_d |    00004AB2  _gui_map  |    00004C1A  _mini_gui
     00004C2E  _hector_m |    00004D46  _safy_men |    00004E5E  _obtained
     00004EC2  _obtained |    00004F26  __divsuch |    00004F2C  __modsuch
     00004F35  __divusch |    00004F3E  __modusch |    00004F4A  __divscha
     00004F4F  __modscha |    00004F56  __divsint |    00004F5F  __modsint
     00004F6B  __divucha |    00004F70  __moducha |    00004F77  __divuint
     00004F80  __moduint |    00004F8C  .div8     |    00004F8C  .mod8    
     00004F94  .div16    |    00004F94  .mod16    |    00004FCA  .divu8   
     00004FCA  .modu8    |    00004FCD  .divu16   |    00004FCD  .modu16  
     0000500D  ___memcpy |    0000500D  _memcpy  
ASxxxx Linker V03.00/V05.40 + sdld,  page 4.
Hexadecimal  [32-Bits]

Area                       Addr        Size        Decimal Bytes (Attributes)
--------------------       ----        ----        ------- ----- ------------
_HEADER0               00000000    00000001 =           1. bytes (ABS,CON)

        Value  Global            Value  Global            Value  Global    
        -----  ------            -----  ------            -----  ------    
     00000020  .call_hl 
ASxxxx Linker V03.00/V05.40 + sdld,  page 5.
Hexadecimal  [32-Bits]

Area                       Addr        Size        Decimal Bytes (Attributes)
--------------------       ----        ----        ------- ----- ------------
_HEADER1               00000000    00000005 =           5. bytes (ABS,CON)

        Value  Global            Value  Global            Value  Global    
        -----  ------            -----  ------            -----  ------    
     00000028  .MemsetSm
ASxxxx Linker V03.00/V05.40 + sdld,  page 6.
Hexadecimal  [32-Bits]

Area                       Addr        Size        Decimal Bytes (Attributes)
--------------------       ----        ----        ------- ----- ------------
_HEADER2               00000000    00000007 =           7. bytes (ABS,CON)

        Value  Global            Value  Global            Value  Global    
        -----  ------            -----  ------            -----  ------    
     00000030  .MemcpySm
ASxxxx Linker V03.00/V05.40 + sdld,  page 7.
Hexadecimal  [32-Bits]

Area                       Addr        Size        Decimal Bytes (Attributes)
--------------------       ----        ----        ------- ----- ------------
_HEADER3               00000000    00000008 =           8. bytes (ABS,CON)

        Value  Global            Value  Global            Value  Global    
        -----  ------            -----  ------            -----  ------    
ASxxxx Linker V03.00/V05.40 + sdld,  page 8.
Hexadecimal  [32-Bits]

Area                       Addr        Size        Decimal Bytes (Attributes)
--------------------       ----        ----        ------- ----- ------------
_HEADER4               00000000    00000060 =          96. bytes (ABS,CON)

        Value  Global            Value  Global            Value  Global    
        -----  ------            -----  ------            -----  ------    
     00000080  .int      |    0000008F  _wait_int |    0000009C  __standar
     000000AB  _refresh_ |    000000CC  _set_inte
ASxxxx Linker V03.00/V05.40 + sdld,  page 9.
Hexadecimal  [32-Bits]

Area                       Addr        Size        Decimal Bytes (Attributes)
--------------------       ----        ----        ------- ----- ------------
_HEADER5               00000000    00000001 =           1. bytes (ABS,CON)

        Value  Global            Value  Global            Value  Global    
        -----  ------            -----  ------            -----  ------    
ASxxxx Linker V03.00/V05.40 + sdld,  page 10.
Hexadecimal  [32-Bits]

Area                       Addr        Size        Decimal Bytes (Attributes)
--------------------       ----        ----        ------- ----- ------------
_HEADER6               00000000    00000002 =           2. bytes (ABS,CON)

        Value  Global            Value  Global            Value  Global    
        -----  ------            -----  ------            -----  ------    
ASxxxx Linker V03.00/V05.40 + sdld,  page 11.
Hexadecimal  [32-Bits]

Area                       Addr        Size        Decimal Bytes (Attributes)
--------------------       ----        ----        ------- ----- ------------
_HEADER7               00000000    00000030 =          48. bytes (ABS,CON)

        Value  Global            Value  Global            Value  Global    
        -----  ------            -----  ------            -----  ------    
ASxxxx Linker V03.00/V05.40 + sdld,  page 12.
Hexadecimal  [32-Bits]

Area                       Addr        Size        Decimal Bytes (Attributes)
--------------------       ----        ----        ------- ----- ------------
_HEADER8               00000000    00000006 =           6. bytes (ABS,CON)

        Value  Global            Value  Global            Value  Global    
        -----  ------            -----  ------            -----  ------    
ASxxxx Linker V03.00/V05.40 + sdld,  page 13.
Hexadecimal  [32-Bits]

Area                       Addr        Size        Decimal Bytes (Attributes)
--------------------       ----        ----        ------- ----- ------------
_HEADER9               00000000    00000003 =           3. bytes (ABS,CON)

        Value  Global            Value  Global            Value  Global    
        -----  ------            -----  ------            -----  ------    
ASxxxx Linker V03.00/V05.40 + sdld,  page 14.
Hexadecimal  [32-Bits]

Area                       Addr        Size        Decimal Bytes (Attributes)
--------------------       ----        ----        ------- ----- ------------
_HEADERa               00000000    00000001 =           1. bytes (ABS,CON)

        Value  Global            Value  Global            Value  Global    
        -----  ------            -----  ------            -----  ------    
ASxxxx Linker V03.00/V05.40 + sdld,  page 15.
Hexadecimal  [32-Bits]

Area                       Addr        Size        Decimal Bytes (Attributes)
--------------------       ----        ----        ------- ----- ------------
_HEADERb               00000000    00000001 =           1. bytes (ABS,CON)

        Value  Global            Value  Global            Value  Global    
        -----  ------            -----  ------            -----  ------    
ASxxxx Linker V03.00/V05.40 + sdld,  page 16.
Hexadecimal  [32-Bits]

Area                       Addr        Size        Decimal Bytes (Attributes)
--------------------       ----        ----        ------- ----- ------------
_HEADERc               00000000    00000001 =           1. bytes (ABS,CON)

        Value  Global            Value  Global            Value  Global    
        -----  ------            -----  ------            -----  ------    
ASxxxx Linker V03.00/V05.40 + sdld,  page 17.
Hexadecimal  [32-Bits]

Area                       Addr        Size        Decimal Bytes (Attributes)
--------------------       ----        ----        ------- ----- ------------
_HEADERd               00000000    00000002 =           2. bytes (ABS,CON)

        Value  Global            Value  Global            Value  Global    
        -----  ------            -----  ------            -----  ------    
ASxxxx Linker V03.00/V05.40 + sdld,  page 18.
Hexadecimal  [32-Bits]

Area                       Addr        Size        Decimal Bytes (Attributes)
--------------------       ----        ----        ------- ----- ------------
_HEADERe               00000000    00000001 =           1. bytes (ABS,CON)

        Value  Global            Value  Global            Value  Global    
        -----  ------            -----  ------            -----  ------    
ASxxxx Linker V03.00/V05.40 + sdld,  page 19.
Hexadecimal  [32-Bits]

Area                       Addr        Size        Decimal Bytes (Attributes)
--------------------       ----        ----        ------- ----- ------------
_HEADERf               00000000    00000001 =           1. bytes (ABS,CON)

        Value  Global            Value  Global            Value  Global    
        -----  ------            -----  ------            -----  ------    
ASxxxx Linker V03.00/V05.40 + sdld,  page 20.
Hexadecimal  [32-Bits]

Area                       Addr        Size        Decimal Bytes (Attributes)
--------------------       ----        ----        ------- ----- ------------
_HEADER10              00000000    00000002 =           2. bytes (ABS,CON)

        Value  Global            Value  Global            Value  Global    
        -----  ------            -----  ------            -----  ------    
ASxxxx Linker V03.00/V05.40 + sdld,  page 21.
Hexadecimal  [32-Bits]

Area                       Addr        Size        Decimal Bytes (Attributes)
--------------------       ----        ----        ------- ----- ------------
_HEADER11              00000000    000000AB =         171. bytes (ABS,CON)

        Value  Global            Value  Global            Value  Global    
        -----  ------            -----  ------            -----  ------    
     00000150  .reset    |    00000150  _reset    |    00000157  .code_sta
     000001B9  _exit     |    000001BD  .wait_vbl |    000001BD  _vsync   
     000001BD  _wait_vbl |    000001CD  .remove_V |    000001CD  _remove_V
     000001D0  .remove_i |    000001ED  .add_VBL  |    000001ED  _add_VBL 
     000001F0  .add_int 
ASxxxx Linker V03.00/V05.40 + sdld,  page 22.
Hexadecimal  [32-Bits]

Area                       Addr        Size        Decimal Bytes (Attributes)
--------------------       ----        ----        ------- ----- ------------
_HOME                  0000503F    0000086B =        2155. bytes (REL,CON)

        Value  Global            Value  Global            Value  Global    
        -----  ------            -----  ------            -----  ------    
     0000503F  .memset_s |    00005048  .memcpy_s |    00005065  .display_
     00005065  _display_ |    0000507D  _rand     |    0000507D  _randw   
     000050A8  _initrand |    000050AA  .initrand |    000050B3  _set_win_
     000050C7  _set_tile |    000050CC  _set_bkg_ |    000050CC  _set_win_
     000050D4  _set_spri |    00005104  _font_loa |    0000510B  font_load
     00005153  font_copy |    00005189  font_set  |    00005196  .put_char
     000051AE  .out_char |    000051B4  .del_char |    0000520A  _putchar 
     00005213  _setchar  |    0000521C  _font_loa |    0000522A  _font_set
     00005239  _font_ini |    00005258  .cls      |    00005258  _cls     
     0000527A  _gotoxy   |    00005285  _posx     |    00005296  _posy    
     000052BE  .cr_curs  |    000052D3  .adv_curs |    0000532F  .tmode   
     0000534C  .tmode_ou |    00005355  .padup    |    00005355  _waitpadu
     00005365  .jpad     |    00005365  _joypad   |    0000538D  _waitpad 
     0000538E  .wait_pad |    00005395  _color    |    00005395  _set_1bpp
     000053A4  .drawing_ |    000053C1  _font_ibm |    000057A2  .add_LCD 
     000057A2  _add_LCD  |    000057A8  .remove_L |    000057A8  _remove_L
     000057AE  .delay    |    000057AE  _delay    |    000057DA  _set_bkg_
     000057EE  .set_xy_w |    000057F7  .set_xy_b |    00005806  .set_xy_t
     0000584A  _set_bkg_ |    0000584A  _set_win_ |    00005852  _set_spri
ASxxxx Linker V03.00/V05.40 + sdld,  page 23.
Hexadecimal  [32-Bits]

Area                       Addr        Size        Decimal Bytes (Attributes)
--------------------       ----        ----        ------- ----- ------------
_INITIALIZER           000058AA    00000039 =          57. bytes (REL,CON)

        Value  Global            Value  Global            Value  Global    
        -----  ------            -----  ------            -----  ------    
ASxxxx Linker V03.00/V05.40 + sdld,  page 24.
Hexadecimal  [32-Bits]

Area                       Addr        Size        Decimal Bytes (Attributes)
--------------------       ----        ----        ------- ----- ------------
_GSINIT                000058E3    0000000C =          12. bytes (REL,CON)

        Value  Global            Value  Global            Value  Global    
        -----  ------            -----  ------            -----  ------    
     000058E3  gsinit   
ASxxxx Linker V03.00/V05.40 + sdld,  page 25.
Hexadecimal  [32-Bits]

Area                       Addr        Size        Decimal Bytes (Attributes)
--------------------       ----        ----        ------- ----- ------------
_GSFINAL               000058EF    00000001 =           1. bytes (REL,CON)

        Value  Global            Value  Global            Value  Global    
        -----  ------            -----  ------            -----  ------    
ASxxxx Linker V03.00/V05.40 + sdld,  page 26.
Hexadecimal  [32-Bits]

Area                       Addr        Size        Decimal Bytes (Attributes)
--------------------       ----        ----        ------- ----- ------------
_DATA                  0000C0A0    00000056 =          86. bytes (REL,CON)

        Value  Global            Value  Global            Value  Global    
        -----  ------            -----  ------            -----  ------    
     0000C0A0  __cpu     |    0000C0A1  __is_GBA  |    0000C0A2  .mode    
     0000C0A3  .sys_time |    0000C0A3  _sys_time |    0000C0A5  .int_0x40
     0000C0B1  _player_c |    0000C0B3  _current_ |    0000C0B5  _dungeon 
     0000C0C5  _doors    |    0000C0D5  _locked_d |    0000C0D6  ___rand_s
     0000C0D8  font_curr |    0000C0DB  font_firs |    0000C0DC  font_tabl
     0000C0EE  .int_0x48
ASxxxx Linker V03.00/V05.40 + sdld,  page 27.
Hexadecimal  [32-Bits]

Area                       Addr        Size        Decimal Bytes (Attributes)
--------------------       ----        ----        ------- ----- ------------
_INITIALIZED           0000C0F6    00000039 =          57. bytes (REL,CON)

        Value  Global            Value  Global            Value  Global    
        -----  ------            -----  ------            -----  ------    
     0000C0F6  _tile_id  |    0000C0F8  _x        |    0000C0F9  _y       
     0000C0FA  _blank    |    0000C10A  _arrow_ti |    0000C10B  _last_joy
     0000C10C  _current_ |    0000C10D  _max_hp   |    0000C10E  _current_
     0000C10F  _attack   |    0000C110  _defense  |    0000C111  _level   
     0000C112  _experien |    0000C113  _sword_lv |    0000C114  _shield_l
     0000C115  _arrow_lv |    0000C116  _quiver_l |    0000C117  _potion_q
     0000C118  _potion_h |    0000C119  _heals    |    0000C11A  _heal_qua
     0000C11B  _arrow_da |    0000C11C  _num_arro |    0000C11D  _max_num_
     0000C11E  _minerals |    0000C11F  _menu_ope |    0000C120  _current_
     0000C121  _current_ |    0000C122  _hector_o |    0000C123  _safy_opt
     0000C124  _key_obta |    0000C125  _treasure |    0000C126  _lock_ope
     0000C127  _current_ |    0000C129  .curx     |    0000C12A  .cury    
     0000C12B  .fg_colou |    0000C12B  __current |    0000C12C  .bg_colou
     0000C12D  .draw_mod |    0000C12E  __map_til
ASxxxx Linker V03.00/V05.40 + sdld,  page 28.
Hexadecimal  [32-Bits]

Area                       Addr        Size        Decimal Bytes (Attributes)
--------------------       ----        ----        ------- ----- ------------
_HRAM                  0000FF80    00000013 =          19. bytes (REL,CON)

        Value  Global            Value  Global            Value  Global    
        -----  ------            -----  ------            -----  ------    
     0000FF80  .refresh_ |    0000FF90  __current |    0000FF91  __vbl_don
     0000FF92  __shadow_
ASxxxx Linker V03.00/V05.40 + sdld,  page 29.
Hexadecimal  [32-Bits]

Area                       Addr        Size        Decimal Bytes (Attributes)
--------------------       ----        ----        ------- ----- ------------
_FONT_HEADER0          00000000    00000003 =           3. bytes (ABS,CON)

        Value  Global            Value  Global            Value  Global    
        -----  ------            -----  ------            -----  ------    
ASxxxx Linker V03.00/V05.40 + sdld,  page 30.
Hexadecimal  [32-Bits]

Area                       Addr        Size        Decimal Bytes (Attributes)
--------------------       ----        ----        ------- ----- ------------
_HEADER_LCD0           00000000    00000003 =           3. bytes (ABS,CON)

        Value  Global            Value  Global            Value  Global    
        -----  ------            -----  ------            -----  ------    
ASxxxx Linker V03.00/V05.40 + sdld,  page 31.

Files Linked                              [ module(s) ]

C:\Users\Utente\Desktop\Tirocinio\gbdk-win64\gbdk\lib/gb/crt0.o
                                          [ Runtime ]
C:\Users\Utente\AppData\Local\Temp/lcc90640.o
                                          [ main ]
C:\Users\Utente\AppData\Local\Temp/lcc90641.o
                                          [ generate_dungeon ]
C:\Users\Utente\AppData\Local\Temp/lcc90642.o
                                          [ gui ]


Libraries Linked                          [ object file ]

C:\Users\Utente\Desktop\Tirocinio\gbdk-win64\gbdk\lib/sm83/sm83.lib
                                          [ rand.o ]
C:\Users\Utente\Desktop\Tirocinio\gbdk-win64\gbdk\lib/gb/gb.lib
                                          [ sfr.o ]
C:\Users\Utente\Desktop\Tirocinio\gbdk-win64\gbdk\lib/sm83/sm83.lib
                                          [ div.o ]
C:\Users\Utente\Desktop\Tirocinio\gbdk-win64\gbdk\lib/gb/gb.lib
                                          [ set_wi_t.o ]
C:\Users\Utente\Desktop\Tirocinio\gbdk-win64\gbdk\lib/gb/gb.lib
                                          [ set_data.o ]
C:\Users\Utente\Desktop\Tirocinio\gbdk-win64\gbdk\lib/gb/gb.lib
                                          [ font.o ]
C:\Users\Utente\Desktop\Tirocinio\gbdk-win64\gbdk\lib/gb/gb.lib
                                          [ pad.o ]
C:\Users\Utente\Desktop\Tirocinio\gbdk-win64\gbdk\lib/sm83/sm83.lib
                                          [ memcpy.o ]
C:\Users\Utente\Desktop\Tirocinio\gbdk-win64\gbdk\lib/gb/gb.lib
                                          [ color.o ]
C:\Users\Utente\Desktop\Tirocinio\gbdk-win64\gbdk\lib/gb/gb.lib
                                          [ drawing_isr.o ]
C:\Users\Utente\Desktop\Tirocinio\gbdk-win64\gbdk\lib/gb/gb.lib
                                          [ f_ibm_sh.o ]
C:\Users\Utente\Desktop\Tirocinio\gbdk-win64\gbdk\lib/gb/gb.lib
                                          [ lcd.o ]
C:\Users\Utente\Desktop\Tirocinio\gbdk-win64\gbdk\lib/gb/gb.lib
                                          [ delay.o ]
C:\Users\Utente\Desktop\Tirocinio\gbdk-win64\gbdk\lib/gb/gb.lib
                                          [ set_bk_t.o ]
C:\Users\Utente\Desktop\Tirocinio\gbdk-win64\gbdk\lib/gb/gb.lib
                                          [ set_xy_t.o ]
C:\Users\Utente\Desktop\Tirocinio\gbdk-win64\gbdk\lib/gb/gb.lib
                                          [ set_1bit_data.o ]

ASxxxx Linker V03.00/V05.40 + sdld,  page 32.

User Base Address Definitions

_DATA=0xC0A0
_CODE=0x0200
_HRAM=0xFF80
ASxxxx Linker V03.00/V05.40 + sdld,  page 33.

User Global Definitions

_shadow_OAM=0xC000
.STACK=0xE000

