ASxxxx Linker V03.00/V05.40 + sdld,  page 1.
Hexadecimal  [32-Bits]

Area                       Addr        Size        Decimal Bytes (Attributes)
--------------------       ----        ----        ------- ----- ------------
.  .ABS.               00000000    00000000 =           0. bytes (ABS,CON)

        Value  Global            Value  Global            Value  Global    
        -----  ------            -----  ------            -----  ------    
     00000000  .__.ABS.  |    00000000  _rMBC7_SR |    00000000  _rRAMG   
     00000000  l__BASE   |    00000000  l__BSS    |    00000000  l__CABS  
     00000000  l__CODE_0 |    00000000  l__DABS   |    00000000  l__FONT_H
     00000000  l__HEADER |    00000000  l__HEADER |    00000000  l__HEAP  
     00000000  l__HEAP_E |    00000000  l__LIT    |    00000000  s__CABS  
     00000000  s__DABS   |    00000000  s__FONT_H |    00000000  s__FONT_H
     00000000  s__HEADER |    00000000  s__HEADER |    00000000  s__HEADER
     00000000  s__HEADER |    00000000  s__HEADER |    00000000  s__HEADER
     00000000  s__HEADER |    00000000  s__HEADER |    00000000  s__HEADER
     00000000  s__HEADER |    00000000  s__HEADER |    00000000  s__HEADER
     00000000  s__HEADER |    00000000  s__HEADER |    00000000  s__HEADER
     00000000  s__HEADER |    00000000  s__HEADER |    00000000  s__HEADER
     00000000  s__HEADER |    00000000  s__HEADER |    00000000  s__HEADER
     00000001  b_game_ov |    00000001  b_generat |    00000001  b_load_ga
     00000001  b_play_at |    00000001  b_play_ex |    00000001  b_play_he
     00000001  b_play_hi |    00000001  b_play_wa |    00000001  b_save_ga
     00000001  l__GSFINA |    00000001  l__HEADER |    00000001  l__HEADER
     00000001  l__HEADER |    00000001  l__HEADER |    00000001  l__HEADER
     00000001  l__HEADER |    00000001  l__HEADER |    00000002  b_assign_
     00000002  b_put_on_ |    00000002  b_set_roo |    00000002  l__HEADER
     00000002  l__HEADER |    00000002  l__HEADER |    00000003  b_arrow_s
     00000003  b_boss_de |    00000003  b_check_e |    00000003  b_check_m
     00000003  b_check_m |    00000003  b_check_m |    00000003  b_check_t
     00000003  b_death_s |    00000003  b_draw_fl |    00000003  b_draw_fl
     00000003  b_draw_lo |    00000003  b_draw_lo |    00000003  b_empty_m
     00000003  b_enemy_d |    00000003  b_generat |    00000003  b_get_num
     00000003  b_heal_sf |    00000003  b_hide_do |    00000003  b_hit_sfx
     00000003  b_init_so |    00000003  b_insert_ |    00000003  b_move_bo
     00000003  b_print_d |    00000003  b_set_cha |    00000003  b_set_ene
     00000003  b_set_ene |    00000003  b_set_map |    00000003  b_set_min
     00000003  b_set_sta |    00000003  b_set_tit |    00000003  b_show_nu
     00000003  b_show_ti |    00000003  b_spawn_b |    00000003  b_spawn_e
     00000003  b_stairs_ |    00000003  b_start_s |    00000003  b_unlock_
     00000003  l__FONT_H |    00000003  l__HEADER |    00000003  l__HEADER
     00000005  l__HEADER |    00000006  b_play_en |    00000006  b_start_i
     00000006  l__HEADER |    00000007  l__HEADER |    00000008  l__HEADER
     0000000C  l__GSINIT |    00000013  l__HRAM   |    00000030  l__HEADER
     00000043  l__INITIA |    00000043  l__INITIA |    00000060  l__HEADER
     000000AB  l__HEADER |    00000200  s__CODE   |    000002BF  l__DATA  
     0000087F  l__HOME   |    00002000  _rROMB0   |    000025EA  l__CODE_1
     00003000  _rROMB1   |    000034EB  l__CODE   |    000036EB  s__HOME  
     00003C0A  l__CODE_6 |    00003C1A  l__CODE_4 |    00003D6A  l__CODE_5
     00003DAE  l__CODE_3 |    00003DF5  l__CODE_2 |    00003F6A  s__BASE  
     00003F6A  s__CODE_0 |    00003F6A  s__INITIA |    00003F6A  s__LIT   
     00003FAD  s__GSINIT |    00003FB9  s__GSFINA |    00004000  _rMBC7_SR
     00004000  _rRAMB    |    00008000  __VRAM    |    00008000  __VRAM800
     00008800  __VRAM880 |    00009000  __VRAM900 |    00009800  __SCRN0  
     00009C00  __SCRN1   |    0000A000  __SRAM    |    0000A000  _rMBC7_LA
     0000A000  _sram_dat |    0000A010  _rMBC7_LA |    0000A020  _rMBC7_AC
     0000A030  _rMBC7_AC |    0000A040  _rMBC7_AC |    0000A050  _rMBC7_AC
ASxxxx Linker V03.00/V05.40 + sdld,  page 2.
Hexadecimal  [32-Bits]

Area                       Addr        Size        Decimal Bytes (Attributes)
--------------------       ----        ----        ------- ----- ------------
.  .ABS.               00000000    00000000 =           0. bytes (ABS,CON)

        Value  Global            Value  Global            Value  Global    
        -----  ------            -----  ------            -----  ------    
     0000C000  __RAM     |    0000C000  _shadow_O |    0000C0A0  s__DATA  
     0000C35F  s__BSS    |    0000C35F  s__INITIA |    0000C3A2  s__HEAP  
     0000C3A2  s__HEAP_E |    0000D000  __RAMBANK |    0000E000  .STACK   
     0000FE00  __OAMRAM  |    0000FF00  _P1_REG   |    0000FF00  __IO     
     0000FF01  _SB_REG   |    0000FF02  _SC_REG   |    0000FF04  _DIV_REG 
     0000FF05  _TIMA_REG |    0000FF06  _TMA_REG  |    0000FF07  _TAC_REG 
     0000FF0F  _IF_REG   |    0000FF10  _NR10_REG |    0000FF11  _NR11_REG
     0000FF12  _NR12_REG |    0000FF13  _NR13_REG |    0000FF14  _NR14_REG
     0000FF16  _NR21_REG |    0000FF17  _NR22_REG |    0000FF18  _NR23_REG
     0000FF19  _NR24_REG |    0000FF1A  _NR30_REG |    0000FF1B  _NR31_REG
     0000FF1C  _NR32_REG |    0000FF1D  _NR33_REG |    0000FF1E  _NR34_REG
     0000FF20  _NR41_REG |    0000FF21  _NR42_REG |    0000FF22  _NR43_REG
     0000FF23  _NR44_REG |    0000FF24  _NR50_REG |    0000FF25  _NR51_REG
     0000FF26  _NR52_REG |    0000FF30  _AUD3WAVE |    0000FF30  _PCM_SAMP
     0000FF30  __AUD3WAV |    0000FF40  _LCDC_REG |    0000FF41  _STAT_REG
     0000FF42  _SCY_REG  |    0000FF43  _SCX_REG  |    0000FF44  _LY_REG  
     0000FF45  _LYC_REG  |    0000FF46  _DMA_REG  |    0000FF47  _BGP_REG 
     0000FF48  _OBP0_REG |    0000FF49  _OBP1_REG |    0000FF4A  _WY_REG  
     0000FF4B  _WX_REG   |    0000FF4D  _KEY1_REG |    0000FF4F  _VBK_REG 
     0000FF51  _HDMA1_RE |    0000FF52  _HDMA2_RE |    0000FF53  _HDMA3_RE
     0000FF54  _HDMA4_RE |    0000FF55  _HDMA5_RE |    0000FF56  _RP_REG  
     0000FF68  _BCPS_REG |    0000FF69  _BCPD_REG |    0000FF6A  _OCPS_REG
     0000FF6B  _OCPD_REG |    0000FF70  _SVBK_REG |    0000FF76  _PCM12_RE
     0000FF77  _PCM34_RE |    0000FF80  __HRAM    |    0000FF80  s__HRAM  
     0000FFFF  _IE_REG   |    00014000  s__CODE_1 |    00024000  s__CODE_2
     00034000  s__CODE_3 |    00044000  s__CODE_4 |    00054000  s__CODE_5
     00064000  s__CODE_6
ASxxxx Linker V03.00/V05.40 + sdld,  page 3.
Hexadecimal  [32-Bits]

Area                       Addr        Size        Decimal Bytes (Attributes)
--------------------       ----        ----        ------- ----- ------------
_CODE                  00000200    000034EB =       13547. bytes (REL,CON)

        Value  Global            Value  Global            Value  Global    
        -----  ------            -----  ------            -----  ------    
     00000200  _main     |    0000050F  _blank    |    0000051F  _black   
     0000052F  _chest_cl |    00000537  _chest_op |    0000053F  _stairs  
     00000543  _menu_bod |    00000544  _arrow_ti |    00000545  _check_te
     00000730  _is_sprit |    00000744  _set_camp |    0000082F  _hide_cam
     00000888  _set_dung |    00000928  _set_room |    00000B74  _change_r
     00000C03  _check_op |    00000D1B  _go_into_ |    00000DA5  _go_next_
     00000E4F  _set_text |    00000F6B  _player_a |    00001268  _shoot_ar
     000013C0  _heal_pla |    00001402  _music_vb |    0000141A  _return_t
     00001476  _set_tuto |    00001530  _debug_va |    00001534  _gui_map 
     0000169C  _mini_gui |    000016B0  _hector_m |    000017C8  _safy_men
     000018E0  _obtained |    00001944  _obtained |    000019A8  _boss_def
     00001A0C  _game_sav |    00001A70  _move_ene |    00001CC9  _set_enem
     00001D7B  _set_enem |    00001F66  _check_di |    00001F77  _check_di
     00001F89  _enemy_at |    00001FD3  _enemy_de |    0000208B  _enemy_sm
     00002180  _is_enemy |    000021C5  _spawn_dr |    0000227E  _clear_dr
     000022BB  _check_dr |    00002387  _check_in |    0000270A  _smooth_m
     0000288B  _move_cha |    000028DC  _upgrade_ |    000028E4  _cure_upg
     000028F6  _level_cu |    0000295A  _check_in |    00002DB4  _hUGE_ini
     00002DB6  hUGE_init |    00002E0C  _hUGE_mut |    00002E0E  hUGE_mute
     00003048  _hUGE_set |    00003049  hUGE_set_ |    0000320A  _hUGE_dos
     0000320A  _hUGE_dos |    0000320A  hUGE_doso |    00003536  __divsuch
     0000353C  __modsuch |    00003545  __divusch |    0000354E  __modusch
     0000355A  __divscha |    0000355F  __modscha |    00003566  __divsint
     0000356F  __modsint |    0000357B  __divucha |    00003580  __moducha
     00003587  __divuint |    00003590  __moduint |    0000359C  .div8    
     0000359C  .mod8     |    000035A4  .div16    |    000035A4  .mod16   
     000035DA  .divu8    |    000035DA  .modu8    |    000035DD  .divu16  
     000035DD  .modu16   |    0000361D  _arand    |    00003649  _initaran
     00003674  __mulsuch |    00003677  __mulusch |    00003680  __mulscha
     00003688  __mulint  |    000036A7  __mulucha |    000036B9  ___memcpy
     000036B9  _memcpy  
ASxxxx Linker V03.00/V05.40 + sdld,  page 4.
Hexadecimal  [32-Bits]

Area                       Addr        Size        Decimal Bytes (Attributes)
--------------------       ----        ----        ------- ----- ------------
_HEADER0               00000000    00000001 =           1. bytes (ABS,CON)

        Value  Global            Value  Global            Value  Global    
        -----  ------            -----  ------            -----  ------    
     00000020  .call_hl 
ASxxxx Linker V03.00/V05.40 + sdld,  page 5.
Hexadecimal  [32-Bits]

Area                       Addr        Size        Decimal Bytes (Attributes)
--------------------       ----        ----        ------- ----- ------------
_HEADER1               00000000    00000005 =           5. bytes (ABS,CON)

        Value  Global            Value  Global            Value  Global    
        -----  ------            -----  ------            -----  ------    
     00000028  .MemsetSm
ASxxxx Linker V03.00/V05.40 + sdld,  page 6.
Hexadecimal  [32-Bits]

Area                       Addr        Size        Decimal Bytes (Attributes)
--------------------       ----        ----        ------- ----- ------------
_HEADER2               00000000    00000007 =           7. bytes (ABS,CON)

        Value  Global            Value  Global            Value  Global    
        -----  ------            -----  ------            -----  ------    
     00000030  .MemcpySm
ASxxxx Linker V03.00/V05.40 + sdld,  page 7.
Hexadecimal  [32-Bits]

Area                       Addr        Size        Decimal Bytes (Attributes)
--------------------       ----        ----        ------- ----- ------------
_HEADER3               00000000    00000008 =           8. bytes (ABS,CON)

        Value  Global            Value  Global            Value  Global    
        -----  ------            -----  ------            -----  ------    
ASxxxx Linker V03.00/V05.40 + sdld,  page 8.
Hexadecimal  [32-Bits]

Area                       Addr        Size        Decimal Bytes (Attributes)
--------------------       ----        ----        ------- ----- ------------
_HEADER4               00000000    00000060 =          96. bytes (ABS,CON)

        Value  Global            Value  Global            Value  Global    
        -----  ------            -----  ------            -----  ------    
     00000080  .int      |    0000008F  _wait_int |    0000009C  __standar
     000000AB  _refresh_ |    000000CC  _set_inte
ASxxxx Linker V03.00/V05.40 + sdld,  page 9.
Hexadecimal  [32-Bits]

Area                       Addr        Size        Decimal Bytes (Attributes)
--------------------       ----        ----        ------- ----- ------------
_HEADER5               00000000    00000001 =           1. bytes (ABS,CON)

        Value  Global            Value  Global            Value  Global    
        -----  ------            -----  ------            -----  ------    
ASxxxx Linker V03.00/V05.40 + sdld,  page 10.
Hexadecimal  [32-Bits]

Area                       Addr        Size        Decimal Bytes (Attributes)
--------------------       ----        ----        ------- ----- ------------
_HEADER6               00000000    00000002 =           2. bytes (ABS,CON)

        Value  Global            Value  Global            Value  Global    
        -----  ------            -----  ------            -----  ------    
ASxxxx Linker V03.00/V05.40 + sdld,  page 11.
Hexadecimal  [32-Bits]

Area                       Addr        Size        Decimal Bytes (Attributes)
--------------------       ----        ----        ------- ----- ------------
_HEADER7               00000000    00000030 =          48. bytes (ABS,CON)

        Value  Global            Value  Global            Value  Global    
        -----  ------            -----  ------            -----  ------    
ASxxxx Linker V03.00/V05.40 + sdld,  page 12.
Hexadecimal  [32-Bits]

Area                       Addr        Size        Decimal Bytes (Attributes)
--------------------       ----        ----        ------- ----- ------------
_HEADER8               00000000    00000006 =           6. bytes (ABS,CON)

        Value  Global            Value  Global            Value  Global    
        -----  ------            -----  ------            -----  ------    
ASxxxx Linker V03.00/V05.40 + sdld,  page 13.
Hexadecimal  [32-Bits]

Area                       Addr        Size        Decimal Bytes (Attributes)
--------------------       ----        ----        ------- ----- ------------
_HEADER9               00000000    00000003 =           3. bytes (ABS,CON)

        Value  Global            Value  Global            Value  Global    
        -----  ------            -----  ------            -----  ------    
ASxxxx Linker V03.00/V05.40 + sdld,  page 14.
Hexadecimal  [32-Bits]

Area                       Addr        Size        Decimal Bytes (Attributes)
--------------------       ----        ----        ------- ----- ------------
_HEADERa               00000000    00000001 =           1. bytes (ABS,CON)

        Value  Global            Value  Global            Value  Global    
        -----  ------            -----  ------            -----  ------    
ASxxxx Linker V03.00/V05.40 + sdld,  page 15.
Hexadecimal  [32-Bits]

Area                       Addr        Size        Decimal Bytes (Attributes)
--------------------       ----        ----        ------- ----- ------------
_HEADERb               00000000    00000001 =           1. bytes (ABS,CON)

        Value  Global            Value  Global            Value  Global    
        -----  ------            -----  ------            -----  ------    
ASxxxx Linker V03.00/V05.40 + sdld,  page 16.
Hexadecimal  [32-Bits]

Area                       Addr        Size        Decimal Bytes (Attributes)
--------------------       ----        ----        ------- ----- ------------
_HEADERc               00000000    00000001 =           1. bytes (ABS,CON)

        Value  Global            Value  Global            Value  Global    
        -----  ------            -----  ------            -----  ------    
ASxxxx Linker V03.00/V05.40 + sdld,  page 17.
Hexadecimal  [32-Bits]

Area                       Addr        Size        Decimal Bytes (Attributes)
--------------------       ----        ----        ------- ----- ------------
_HEADERd               00000000    00000002 =           2. bytes (ABS,CON)

        Value  Global            Value  Global            Value  Global    
        -----  ------            -----  ------            -----  ------    
ASxxxx Linker V03.00/V05.40 + sdld,  page 18.
Hexadecimal  [32-Bits]

Area                       Addr        Size        Decimal Bytes (Attributes)
--------------------       ----        ----        ------- ----- ------------
_HEADERe               00000000    00000001 =           1. bytes (ABS,CON)

        Value  Global            Value  Global            Value  Global    
        -----  ------            -----  ------            -----  ------    
ASxxxx Linker V03.00/V05.40 + sdld,  page 19.
Hexadecimal  [32-Bits]

Area                       Addr        Size        Decimal Bytes (Attributes)
--------------------       ----        ----        ------- ----- ------------
_HEADERf               00000000    00000001 =           1. bytes (ABS,CON)

        Value  Global            Value  Global            Value  Global    
        -----  ------            -----  ------            -----  ------    
ASxxxx Linker V03.00/V05.40 + sdld,  page 20.
Hexadecimal  [32-Bits]

Area                       Addr        Size        Decimal Bytes (Attributes)
--------------------       ----        ----        ------- ----- ------------
_HEADER10              00000000    00000002 =           2. bytes (ABS,CON)

        Value  Global            Value  Global            Value  Global    
        -----  ------            -----  ------            -----  ------    
ASxxxx Linker V03.00/V05.40 + sdld,  page 21.
Hexadecimal  [32-Bits]

Area                       Addr        Size        Decimal Bytes (Attributes)
--------------------       ----        ----        ------- ----- ------------
_HEADER11              00000000    000000AB =         171. bytes (ABS,CON)

        Value  Global            Value  Global            Value  Global    
        -----  ------            -----  ------            -----  ------    
     00000150  .reset    |    00000150  _reset    |    00000157  .code_sta
     000001B9  _exit     |    000001BD  .wait_vbl |    000001BD  _vsync   
     000001BD  _wait_vbl |    000001CD  .remove_V |    000001CD  _remove_V
     000001D0  .remove_i |    000001ED  .add_VBL  |    000001ED  _add_VBL 
     000001F0  .add_int 
ASxxxx Linker V03.00/V05.40 + sdld,  page 22.
Hexadecimal  [32-Bits]

Area                       Addr        Size        Decimal Bytes (Attributes)
--------------------       ----        ----        ------- ----- ------------
_HOME                  000036EB    0000087F =        2175. bytes (REL,CON)

        Value  Global            Value  Global            Value  Global    
        -----  ------            -----  ------            -----  ------    
     000036EB  .memset_s |    000036F4  .memcpy_s |    00003711  .display_
     00003711  _display_ |    00003729  _set_win_ |    0000373D  _set_tile
     00003742  _set_bkg_ |    00003742  _set_win_ |    0000374A  _set_spri
     0000377A  _font_loa |    00003781  font_load |    000037C9  font_copy
     000037FF  font_set  |    0000380C  .put_char |    00003824  .out_char
     0000382A  .del_char |    00003880  _putchar  |    00003889  _setchar 
     00003892  _font_loa |    000038A0  _font_set |    000038AF  _font_ini
     000038CE  .cls      |    000038CE  _cls      |    000038F0  _gotoxy  
     000038FB  _posx     |    0000390C  _posy     |    00003934  .cr_curs 
     00003949  .adv_curs |    000039A5  .tmode    |    000039C2  .tmode_ou
     000039CB  .padup    |    000039CB  _waitpadu |    000039DB  .jpad    
     000039DB  _joypad   |    00003A03  _waitpad  |    00003A04  .wait_pad
     00003A0B  _color    |    00003A0B  _set_1bpp |    00003A1A  .drawing_
     00003A37  _font_ibm |    00003E18  .add_LCD  |    00003E18  _add_LCD 
     00003E1E  .remove_L |    00003E1E  _remove_L |    00003E24  .delay   
     00003E24  _delay    |    00003E50  ___sdcc_b |    00003E64  _rand    
     00003E64  _randw    |    00003E8F  _initrand |    00003E91  .initrand
     00003E9A  _set_bkg_ |    00003EAE  .set_xy_w |    00003EB7  .set_xy_b
     00003EC6  .set_xy_t |    00003F0A  _set_bkg_ |    00003F0A  _set_win_
     00003F12  _set_spri
ASxxxx Linker V03.00/V05.40 + sdld,  page 23.
Hexadecimal  [32-Bits]

Area                       Addr        Size        Decimal Bytes (Attributes)
--------------------       ----        ----        ------- ----- ------------
_INITIALIZER           00003F6A    00000043 =          67. bytes (REL,CON)

        Value  Global            Value  Global            Value  Global    
        -----  ------            -----  ------            -----  ------    
ASxxxx Linker V03.00/V05.40 + sdld,  page 24.
Hexadecimal  [32-Bits]

Area                       Addr        Size        Decimal Bytes (Attributes)
--------------------       ----        ----        ------- ----- ------------
_GSINIT                00003FAD    0000000C =          12. bytes (REL,CON)

        Value  Global            Value  Global            Value  Global    
        -----  ------            -----  ------            -----  ------    
     00003FAD  gsinit   
ASxxxx Linker V03.00/V05.40 + sdld,  page 25.
Hexadecimal  [32-Bits]

Area                       Addr        Size        Decimal Bytes (Attributes)
--------------------       ----        ----        ------- ----- ------------
_GSFINAL               00003FB9    00000001 =           1. bytes (REL,CON)

        Value  Global            Value  Global            Value  Global    
        -----  ------            -----  ------            -----  ------    
ASxxxx Linker V03.00/V05.40 + sdld,  page 26.
Hexadecimal  [32-Bits]

Area                       Addr        Size        Decimal Bytes (Attributes)
--------------------       ----        ----        ------- ----- ------------
_DATA                  0000C0A0    000002BF =         703. bytes (REL,CON)

        Value  Global            Value  Global            Value  Global    
        -----  ------            -----  ------            -----  ------    
     0000C0A0  __cpu     |    0000C0A1  __is_GBA  |    0000C0A2  .mode    
     0000C0A3  .sys_time |    0000C0A3  _sys_time |    0000C0A5  .int_0x40
     0000C0B1  _current_ |    0000C219  _current_ |    0000C231  _enemy   
     0000C23D  _boss     |    0000C247  _drops    |    0000C24D  _player_c
     0000C24F  _seed     |    0000C251  _map      |    0000C261  _dungeon 
     0000C271  _doors    |    0000C281  _obstacle |    0000C291  _locked_d
     0000C292  _room_ene |    0000C2BE  _hUGE_cur |    0000C2BE  hUGE_curr
     0000C2BF  _hUGE_mut |    0000C33F  font_curr |    0000C342  font_firs
     0000C343  font_tabl |    0000C355  .int_0x48 |    0000C35D  ___rand_s
ASxxxx Linker V03.00/V05.40 + sdld,  page 27.
Hexadecimal  [32-Bits]

Area                       Addr        Size        Decimal Bytes (Attributes)
--------------------       ----        ----        ------- ----- ------------
_INITIALIZED           0000C35F    00000043 =          67. bytes (REL,CON)

        Value  Global            Value  Global            Value  Global    
        -----  ------            -----  ------            -----  ------    
     0000C35F  _x        |    0000C360  _y        |    0000C361  _last_dir
     0000C362  _player_n |    0000C367  _max_hp   |    0000C368  _current_
     0000C369  _attack   |    0000C36A  _defense  |    0000C36B  _level   
     0000C36C  _experien |    0000C36E  _sword_lv |    0000C36F  _shield_l
     0000C370  _arrow_lv |    0000C371  _quiver_l |    0000C372  _potion_q
     0000C373  _potion_h |    0000C374  _max_heal |    0000C375  _heals   
     0000C376  _heal_qua |    0000C377  _arrow_da |    0000C378  _num_arro
     0000C379  _max_num_ |    0000C37A  _minerals |    0000C37B  _obt_myth
     0000C37C  _obt_exp  |    0000C37D  _debug    |    0000C37E  _tile_id 
     0000C380  _frames   |    0000C381  _seconds  |    0000C382  _minutes 
     0000C383  _hours    |    0000C384  _enemies_ |    0000C385  _max_floo
     0000C386  _power_up |    0000C387  _last_joy |    0000C388  _current_
     0000C389  _menu_ope |    0000C38A  _current_ |    0000C38B  _current_
     0000C38C  _hector_o |    0000C38D  _safy_opt |    0000C38E  _map_opti
     0000C38F  _key_obta |    0000C390  _treasure |    0000C391  _lock_ope
     0000C392  _boss_bat |    0000C393  _boss_flo |    0000C394  _returnin
     0000C395  _current_ |    0000C396  _ng       |    0000C397  _walk_ste
     0000C398  _char_opt |    0000C399  _option_x |    0000C39A  _option_y
     0000C39B  _curr_let |    0000C39C  .curx     |    0000C39D  .cury    
     0000C39E  .fg_colou |    0000C39E  __current |    0000C39F  .bg_colou
     0000C3A0  .draw_mod |    0000C3A1  __map_til
ASxxxx Linker V03.00/V05.40 + sdld,  page 28.
Hexadecimal  [32-Bits]

Area                       Addr        Size        Decimal Bytes (Attributes)
--------------------       ----        ----        ------- ----- ------------
_HRAM                  0000FF80    00000013 =          19. bytes (REL,CON)

        Value  Global            Value  Global            Value  Global    
        -----  ------            -----  ------            -----  ------    
     0000FF80  .refresh_ |    0000FF90  __current |    0000FF91  __vbl_don
     0000FF92  __shadow_
ASxxxx Linker V03.00/V05.40 + sdld,  page 29.
Hexadecimal  [32-Bits]

Area                       Addr        Size        Decimal Bytes (Attributes)
--------------------       ----        ----        ------- ----- ------------
_CODE_1                00014000    000025EA =        9706. bytes (REL,CON)

        Value  Global            Value  Global            Value  Global    
        -----  ------            -----  ------            -----  ------    
     00014000  _MC_down  |    00014040  _MC_right |    00014080  _MC_up   
     000140C0  _MC_left  |    00014100  _MC_attac |    00014180  _MC_attac
     00014200  _MC_attac |    00014280  _MC_attac |    00014300  _MC_walk_
     00014380  _MC_walk_ |    000143C0  _MC_walk_ |    00014400  _MC_walk_
     00014480  _Hector   |    000144C0  _Safy     |    00014500  _arrow   
     00014510  _Objects  |    00014660  _Key      |    00014680  _Lock    
     00014700  _Textbox  |    000147A0  _Mugshot  |    000148A0  _Mythril 
     000148E0  _Numbers  |    000149A0  _Arrow    |    000149C0  _Drops   
     000149E0  _generate |    00014AA3  _min_leng |    00014AA4  _max_leng
     00014AA5  _empty_ar |    00014AFA  _create_l |    00014E30  _append  
     00014E4F  _add_bran |    000150A4  _find_nea |    000151DA  _shuffle_
     00015267  _create_d |    00015370  _add_obst |    00015399  _GameOver
     00015501  _GameOver |    00015821  _game_ove |    00015906  _black_sp
     00015A7D  _SwordDow |    00015A9D  _SwordRig |    00015ABD  _SwordUp 
     00015ADD  _SwordLef |    00015AFD  _Explosio |    00015BBD  _HealEff 
     00015BDD  _HitEff   |    00015C0D  _play_att |    00015D1F  _play_wal
     00015DBD  _play_hea |    00015E5D  _play_hit |    00015F06  _play_exp
     00015FD2  _load_gam |    000160BC  _save_gam |    000165D5  _item_fou
ASxxxx Linker V03.00/V05.40 + sdld,  page 30.
Hexadecimal  [32-Bits]

Area                       Addr        Size        Decimal Bytes (Attributes)
--------------------       ----        ----        ------- ----- ------------
_CODE_2                00024000    00003DF5 =       15861. bytes (REL,CON)

        Value  Global            Value  Global            Value  Global    
        -----  ------            -----  ------            -----  ------    
     00024000  _Camp     |    00024168  _room1    |    000242D0  _room2   
     00024438  _room3    |    000245A0  _room4    |    00024708  _room5   
     00024870  _room6    |    000249D8  _room7    |    00024B40  _room8   
     00024CA8  _room9    |    00024E10  _room10   |    00024F78  _room11  
     000250E0  _room12   |    00025248  _room13   |    000253B0  _room14  
     00025518  _room15   |    00025680  _NoExit   |    000257E8  _Title   
     00025950  _CampTile |    00026010  _camp_col |    0002607C  _Text    
     000263AC  _MiniGUI  |    000263EC  _DungeonT |    0002673C  _Titlescr
     0002764C  _TitleTex |    000276CC  _assign_o |    0002784D  _put_on_r
     000278E9  _set_room |    00027A05  _deco1    |    00027A29  _deco2   
     00027A4D  _deco3    |    00027A71  _deco4    |    00027A95  _deco5   
     00027AA5  _DungeonT
ASxxxx Linker V03.00/V05.40 + sdld,  page 31.
Hexadecimal  [32-Bits]

Area                       Addr        Size        Decimal Bytes (Attributes)
--------------------       ----        ----        ------- ----- ------------
_CODE_3                00034000    00003DAE =       15790. bytes (REL,CON)

        Value  Global            Value  Global            Value  Global    
        -----  ------            -----  ------            -----  ------    
     00034000  _set_titl |    000340F5  _set_map_ |    00034187  _Minimap 
     00034297  _map_menu |    000343FF  _stats_me |    00034567  _empty_ma
     00034589  _check_ma |    0003462E  _check_ma |    0003473D  _show_tim
     000347AA  _check_me |    000348E7  _hector_u |    00034A8D  _safy_upg
     00034CDB  _set_stat |    00034F9A  _set_mini |    000350BD  _show_num
     000351BD  _print_de |    00035203  _check_ti |    0003523C  _get_num_
     00035281  _add_enem |    0003537E  _generate |    0003541A  _spawn_en
     0003549B  _set_enem |    000354C4  _set_enem |    00035672  _set_enem
     000356D9  _set_enem |    0003573A  _check_en |    00035A36  _set_char
     00035AC0  _insert_n |    00035B77  _name_arr |    00035B87  _check_na
     00035CCF  _NameMap  |    00035E37  _draw_loc |    00035ED6  _draw_fli
     00035F78  _draw_loc |    00035FDE  _draw_fli |    0003604C  _hide_doo
     00036075  _EyeBoss  |    00036175  _BossArmo |    00036275  _BossDrag
     00036375  _BossMant |    00036475  _BossOrb  |    00036575  _spawn_bo
     000368CD  _move_bos |    00036A1C  _boss_che |    00036A24  _boss_che
     00036A2D  _boss_att |    00036A77  _boss_smo |    00036BA9  _boss_dea
     00036BE4  _init_sou |    00036BF1  _arrow_sf |    00036C05  _hit_sfx 
     00036C16  _heal_sfx |    00036C2B  _stairs_s |    00036C52  _unlock_s
     00036C63  _start_sf |    00036C78  _death_sf |    00036C8D  _enemy_de
     000370FF  _gameover |    00037114  _LarvaOsc |    00037154  _Predator
     00037194  _Trisguar |    000371D4  _Armatura |    00037214  _Ragnocch
     00037254  _Pipistre |    00037294  _Dragocch |    000372D4  _OcchioIn
     00037314  _Quadrato |    00037354  _Cervelli |    00037394  _Cristall
     00037C31  _boss_def |    00037C46  _Tutorial
ASxxxx Linker V03.00/V05.40 + sdld,  page 32.
Hexadecimal  [32-Bits]

Area                       Addr        Size        Decimal Bytes (Attributes)
--------------------       ----        ----        ------- ----- ------------
_CODE_4                00044000    00003C1A =       15386. bytes (REL,CON)

        Value  Global            Value  Global            Value  Global    
        -----  ------            -----  ------            -----  ------    
     000450C5  _dungeon_ |    00047C05  _boss_the
ASxxxx Linker V03.00/V05.40 + sdld,  page 33.
Hexadecimal  [32-Bits]

Area                       Addr        Size        Decimal Bytes (Attributes)
--------------------       ----        ----        ------- ----- ------------
_CODE_5                00054000    00003D6A =       15722. bytes (REL,CON)

        Value  Global            Value  Global            Value  Global    
        -----  ------            -----  ------            -----  ------    
     00054F63  _camp_the |    00056959  _intro_th |    0005696E  _DungeonT
     00056CBE  _DungeonT |    0005700E  _DungeonT |    00057D55  _ending_s
ASxxxx Linker V03.00/V05.40 + sdld,  page 34.
Hexadecimal  [32-Bits]

Area                       Addr        Size        Decimal Bytes (Attributes)
--------------------       ----        ----        ------- ----- ------------
_CODE_6                00064000    00003C0A =       15370. bytes (REL,CON)

        Value  Global            Value  Global            Value  Global    
        -----  ------            -----  ------            -----  ------    
     00064000  _Slide1   |    00064EB0  _IntroSli |    00065018  _start_in
     00065256  _wait_nex |    0006526D  _Slide2   |    00065D9D  _IntroSli
     00065F05  _Slide3   |    00066E25  _IntroSli |    00066F8D  _line_emp
     00066F9F  _line1    |    00066FB3  _line2    |    00066FC7  _line3   
     00066FDB  _line4    |    00066FEE  _line5    |    00067000  _line6   
     00067012  _line7    |    00067024  _line8    |    00067036  _line9   
     00067048  _line10   |    0006705A  _line11   |    0006706C  _line12  
     0006707E  _line13   |    00067090  _line14   |    000670A2  _line15  
     000670B4  _line16   |    000670C6  _line17   |    000670D8  _line18  
     000670EA  _line19   |    000670FC  _line20   |    0006710E  _line21  
     00067120  _line22   |    00067132  _line23   |    00067144  _EndingTi
     00067794  _Ending1  |    000678FC  _Ending2  |    00067A64  _play_end
     00067ABB  _set_slid |    00067B70  _set_slid
ASxxxx Linker V03.00/V05.40 + sdld,  page 35.
Hexadecimal  [32-Bits]

Area                       Addr        Size        Decimal Bytes (Attributes)
--------------------       ----        ----        ------- ----- ------------
_FONT_HEADER0          00000000    00000003 =           3. bytes (ABS,CON)

        Value  Global            Value  Global            Value  Global    
        -----  ------            -----  ------            -----  ------    
ASxxxx Linker V03.00/V05.40 + sdld,  page 36.
Hexadecimal  [32-Bits]

Area                       Addr        Size        Decimal Bytes (Attributes)
--------------------       ----        ----        ------- ----- ------------
_HEADER_LCD0           00000000    00000003 =           3. bytes (ABS,CON)

        Value  Global            Value  Global            Value  Global    
        -----  ------            -----  ------            -----  ------    
ASxxxx Linker V03.00/V05.40 + sdld,  page 37.

Files Linked                              [ module(s) ]

C:\Users\Utente\Desktop\Tirocinio\gbdk-win64\gbdk\lib/gb/crt0.o
                                          [ Runtime ]
obj/main.o                                [ main ]
obj/src/scripts/gui.o                     [ gui ]
obj/src/scripts/enemy.o                   [ enemy ]
obj/src/scripts/drop.o                    [ drop ]
obj/src/scripts/movement.o                [ movement ]
obj/src/scripts/player_vars.o             [ player_vars ]
obj/src/scripts/game_vars.o               [ game_vars ]
obj/src/scripts/actions.o                 [ actions ]
obj/src/tiles/character.o                 [ character ]
obj/src/tiles/Hector.o                    [ Hector ]
obj/src/tiles/Safy.o                      [ Safy ]
obj/src/tiles/Arrow.o                     [ Arrow ]
obj/src/tiles/DungeonObjects.o            [ DungeonObjects ]
obj/src/tiles/key.o                       [ key ]
obj/src/tiles/Lock.o                      [ Lock ]
obj/src/tiles/textbox.o                   [ textbox ]
obj/src/tiles/mugshot.o                   [ mugshot ]
obj/src/tiles/mythril.o                   [ mythril ]
obj/src/tiles/numbers.o                   [ numbers ]
obj/src/tiles/wpn_arrow.o                 [ wpn_arrow ]
obj/src/tiles/enemyDrops.o                [ enemyDrops ]
obj/src/scripts/generate_dungeon.o        [ generate_dungeon ]
obj/src/maps/GameOver.o                   [ GameOver ]
obj/src/tiles/GameOverText.o              [ GameOverText ]
obj/src/scripts/gameover.o                [ gameover ]
obj/src/tiles/sword.o                     [ sword ]
obj/src/tiles/effects.o                   [ effects ]
obj/src/scripts/play_effects.o            [ play_effects ]
obj/src/scripts/save_manager.o            [ save_manager ]
obj/src/songs/item_found.o                [ item_found ]
obj/src/maps/CampMap.o                    [ CampMap ]
obj/src/maps/Dungeon.o                    [ Dungeon ]
obj/src/maps/Title.o                      [ Title ]
obj/src/tiles/CampTiles.o                 [ CampTiles ]
obj/src/tiles/Text.o                      [ Text ]
obj/src/tiles/DungeonTiles.o              [ DungeonTiles ]
obj/src/tiles/Titlescreen.o               [ Titlescreen ]
obj/src/tiles/TitleText.o                 [ TitleText ]
obj/src/scripts/dungeon_management.o      [ dungeon_management ]
obj/src/maps/Obstacles.o                  [ Obstacles ]
obj/src/tiles/DungeonTiles2.o             [ DungeonTiles2 ]
obj/src/scripts/titlescreen.o             [ titlescreen ]
obj/src/tiles/minimap.o                   [ minimap ]
obj/src/scripts/gui_management.o          [ gui_management ]
obj/src/scripts/spawn_enemy.o             [ spawn_enemy ]
obj/src/scripts/combat_system.o           [ combat_system ]
obj/src/scripts/insert_name.o             [ insert_name ]
obj/src/maps/NameScreenMap.o              [ NameScreenMap ]
obj/src/scripts/locked_doors.o            [ locked_doors ]
obj/src/tiles/bosses.o                    [ bosses ]
obj/src/scripts/boss.o                    [ boss ]
obj/src/scripts/sound.o                   [ sound ]
obj/src/songs/gameover_sound.o            [ gameover_sound ]
obj/src/tiles/Enemies.o                   [ Enemies ]
obj/src/songs/boss_defeated.o             [ boss_defeated ]
obj/src/maps/TutorialMap.o                [ TutorialMap ]
obj/src/songs/dungeon_song.o              [ dungeon_song ]
obj/src/songs/boss_song.o                 [ boss_song ]
obj/src/songs/camp_song.o                 [ camp_song ]
obj/src/songs/intro_song.o                [ intro_song ]
obj/src/tiles/DungeonTiles3.o             [ DungeonTiles3 ]
obj/src/tiles/DungeonTiles4.o             [ DungeonTiles4 ]
obj/src/tiles/DungeonTiles5.o             [ DungeonTiles5 ]
obj/src/songs/ending_song.o               [ ending_song ]
obj/src/tiles/IntroSlide1Tiles.o          [ IntroSlide1Tiles ]
obj/src/maps/IntroSlide1.o                [ IntroSlide1 ]
obj/src/scripts/intro.o                   [ intro ]
obj/src/tiles/IntroSlide2Tiles.o          [ IntroSlide2Tiles ]
obj/src/maps/IntroSlide2.o                [ IntroSlide2 ]
obj/src/tiles/IntroSlide3Tiles.o          [ IntroSlide3Tiles ]
obj/src/maps/IntroSlide3.o                [ IntroSlide3 ]
obj/src/maps/IntroText.o                  [ IntroText ]
obj/src/tiles/ending.o                    [ ending ]
obj/src/maps/EndingMap.o                  [ EndingMap ]
obj/src/scripts/ending_sequence.o         [ ending_sequence ]
hUGEDriver.lib                            [ hUGEDriver_obj ]


Libraries Linked                          [ object file ]

C:\Users\Utente\Desktop\Tirocinio\gbdk-win64\gbdk\lib/sm83/sm83.lib
                                          [ div.o ]
C:\Users\Utente\Desktop\Tirocinio\gbdk-win64\gbdk\lib/gb/gb.lib
                                          [ sfr.o ]
C:\Users\Utente\Desktop\Tirocinio\gbdk-win64\gbdk\lib/gb/gb.lib
                                          [ set_wi_t.o ]
C:\Users\Utente\Desktop\Tirocinio\gbdk-win64\gbdk\lib/sm83/sm83.lib
                                          [ arand.o ]
C:\Users\Utente\Desktop\Tirocinio\gbdk-win64\gbdk\lib/gb/gb.lib
                                          [ set_data.o ]
C:\Users\Utente\Desktop\Tirocinio\gbdk-win64\gbdk\lib/sm83/sm83.lib
                                          [ mul.o ]
C:\Users\Utente\Desktop\Tirocinio\gbdk-win64\gbdk\lib/gb/gb.lib
                                          [ font.o ]
C:\Users\Utente\Desktop\Tirocinio\gbdk-win64\gbdk\lib/gb/gb.lib
                                          [ pad.o ]
C:\Users\Utente\Desktop\Tirocinio\gbdk-win64\gbdk\lib/sm83/sm83.lib
                                          [ memcpy.o ]
C:\Users\Utente\Desktop\Tirocinio\gbdk-win64\gbdk\lib/gb/gb.lib
                                          [ color.o ]
C:\Users\Utente\Desktop\Tirocinio\gbdk-win64\gbdk\lib/gb/gb.lib
                                          [ drawing_isr.o ]
C:\Users\Utente\Desktop\Tirocinio\gbdk-win64\gbdk\lib/gb/gb.lib
                                          [ f_ibm_sh.o ]
C:\Users\Utente\Desktop\Tirocinio\gbdk-win64\gbdk\lib/gb/gb.lib
                                          [ lcd.o ]
C:\Users\Utente\Desktop\Tirocinio\gbdk-win64\gbdk\lib/gb/gb.lib
                                          [ delay.o ]
C:\Users\Utente\Desktop\Tirocinio\gbdk-win64\gbdk\lib/gb/gb.lib
                                          [ ___sdcc_bcall_ehl.o ]
C:\Users\Utente\Desktop\Tirocinio\gbdk-win64\gbdk\lib/sm83/sm83.lib
                                          [ rand.o ]
C:\Users\Utente\Desktop\Tirocinio\gbdk-win64\gbdk\lib/gb/gb.lib
                                          [ set_bk_t.o ]
C:\Users\Utente\Desktop\Tirocinio\gbdk-win64\gbdk\lib/gb/gb.lib
                                          [ set_xy_t.o ]
C:\Users\Utente\Desktop\Tirocinio\gbdk-win64\gbdk\lib/gb/gb.lib
                                          [ set_1bit_data.o ]

ASxxxx Linker V03.00/V05.40 + sdld,  page 38.

User Base Address Definitions

_DATA=0xC0A0
_CODE=0x0200
_HRAM=0xFF80
ASxxxx Linker V03.00/V05.40 + sdld,  page 39.

User Global Definitions

_shadow_OAM=0xC000
.STACK=0xE000

