ASxxxx Linker V03.00/V05.40 + sdld,  page 1.
Hexadecimal  [32-Bits]

Area                       Addr        Size        Decimal Bytes (Attributes)
--------------------       ----        ----        ------- ----- ------------
.  .ABS.               00000000    00000000 =           0. bytes (ABS,CON)

        Value  Global            Value  Global            Value  Global    
        -----  ------            -----  ------            -----  ------    
     00000000  .__.ABS.  |    00000000  _rMBC7_SR |    00000000  _rRAMG   
     00000000  l__BASE   |    00000000  l__BSS    |    00000000  l__CABS  
     00000000  l__CODE_0 |    00000000  l__DABS   |    00000000  l__FONT_H
     00000000  l__HEADER |    00000000  l__HEADER |    00000000  l__HEAP  
     00000000  l__HEAP_E |    00000000  l__LIT    |    00000000  s__CABS  
     00000000  s__DABS   |    00000000  s__FONT_H |    00000000  s__FONT_H
     00000000  s__HEADER |    00000000  s__HEADER |    00000000  s__HEADER
     00000000  s__HEADER |    00000000  s__HEADER |    00000000  s__HEADER
     00000000  s__HEADER |    00000000  s__HEADER |    00000000  s__HEADER
     00000000  s__HEADER |    00000000  s__HEADER |    00000000  s__HEADER
     00000000  s__HEADER |    00000000  s__HEADER |    00000000  s__HEADER
     00000000  s__HEADER |    00000000  s__HEADER |    00000000  s__HEADER
     00000000  s__HEADER |    00000000  s__HEADER |    00000000  s__HEADER
     00000001  b_game_ov |    00000001  b_generat |    00000001  l__GSFINA
     00000001  l__HEADER |    00000001  l__HEADER |    00000001  l__HEADER
     00000001  l__HEADER |    00000001  l__HEADER |    00000001  l__HEADER
     00000001  l__HEADER |    00000002  b_assign_ |    00000002  b_put_on_
     00000002  b_set_roo |    00000002  l__HEADER |    00000002  l__HEADER
     00000002  l__HEADER |    00000003  b_arrow_s |    00000003  b_boss_de
     00000003  b_check_e |    00000003  b_check_m |    00000003  b_check_m
     00000003  b_check_m |    00000003  b_death_s |    00000003  b_draw_fl
     00000003  b_draw_fl |    00000003  b_draw_lo |    00000003  b_draw_lo
     00000003  b_empty_m |    00000003  b_enemy_d |    00000003  b_generat
     00000003  b_get_num |    00000003  b_heal_sf |    00000003  b_hide_do
     00000003  b_hit_sfx |    00000003  b_init_so |    00000003  b_insert_
     00000003  b_move_bo |    00000003  b_set_cha |    00000003  b_set_ene
     00000003  b_set_map |    00000003  b_set_min |    00000003  b_set_sta
     00000003  b_set_tit |    00000003  b_show_nu |    00000003  b_show_ti
     00000003  b_spawn_b |    00000003  b_spawn_e |    00000003  b_stairs_
     00000003  b_start_s |    00000003  b_unlock_ |    00000003  l__FONT_H
     00000003  l__HEADER |    00000003  l__HEADER |    00000005  l__HEADER
     00000006  l__HEADER |    00000007  l__HEADER |    00000008  l__HEADER
     0000000C  l__GSINIT |    00000013  l__HRAM   |    00000030  l__HEADER
     00000042  l__INITIA |    00000042  l__INITIA |    00000060  l__HEADER
     000000AB  l__HEADER |    00000200  s__CODE   |    0000027E  l__DATA  
     0000087F  l__HOME   |    00001A5B  l__CODE_1 |    00002000  _rROMB0  
     0000296E  l__CODE_5 |    00002FFA  l__CODE_3 |    00003000  _rROMB1  
     0000342E  l__CODE   |    0000362E  s__HOME   |    00003A7A  l__CODE_2
     00003C1A  l__CODE_4 |    00003EAD  s__BASE   |    00003EAD  s__CODE_0
     00003EAD  s__INITIA |    00003EAD  s__LIT    |    00003EEF  s__GSINIT
     00003EFB  s__GSFINA |    00004000  _rMBC7_SR |    00004000  _rRAMB   
     00008000  __VRAM    |    00008000  __VRAM800 |    00008800  __VRAM880
     00009000  __VRAM900 |    00009800  __SCRN0   |    00009C00  __SCRN1  
     0000A000  __SRAM    |    0000A000  _rMBC7_LA |    0000A000  _sram_dat
     0000A010  _rMBC7_LA |    0000A020  _rMBC7_AC |    0000A030  _rMBC7_AC
     0000A040  _rMBC7_AC |    0000A050  _rMBC7_AC |    0000C000  __RAM    
     0000C000  _shadow_O |    0000C0A0  s__DATA   |    0000C31E  s__BSS   
     0000C31E  s__INITIA |    0000C360  s__HEAP   |    0000C360  s__HEAP_E
     0000D000  __RAMBANK |    0000E000  .STACK    |    0000FE00  __OAMRAM 
     0000FF00  _P1_REG   |    0000FF00  __IO      |    0000FF01  _SB_REG  
ASxxxx Linker V03.00/V05.40 + sdld,  page 2.
Hexadecimal  [32-Bits]

Area                       Addr        Size        Decimal Bytes (Attributes)
--------------------       ----        ----        ------- ----- ------------
.  .ABS.               00000000    00000000 =           0. bytes (ABS,CON)

        Value  Global            Value  Global            Value  Global    
        -----  ------            -----  ------            -----  ------    
     0000FF02  _SC_REG   |    0000FF04  _DIV_REG  |    0000FF05  _TIMA_REG
     0000FF06  _TMA_REG  |    0000FF07  _TAC_REG  |    0000FF0F  _IF_REG  
     0000FF10  _NR10_REG |    0000FF11  _NR11_REG |    0000FF12  _NR12_REG
     0000FF13  _NR13_REG |    0000FF14  _NR14_REG |    0000FF16  _NR21_REG
     0000FF17  _NR22_REG |    0000FF18  _NR23_REG |    0000FF19  _NR24_REG
     0000FF1A  _NR30_REG |    0000FF1B  _NR31_REG |    0000FF1C  _NR32_REG
     0000FF1D  _NR33_REG |    0000FF1E  _NR34_REG |    0000FF20  _NR41_REG
     0000FF21  _NR42_REG |    0000FF22  _NR43_REG |    0000FF23  _NR44_REG
     0000FF24  _NR50_REG |    0000FF25  _NR51_REG |    0000FF26  _NR52_REG
     0000FF30  _AUD3WAVE |    0000FF30  _PCM_SAMP |    0000FF30  __AUD3WAV
     0000FF40  _LCDC_REG |    0000FF41  _STAT_REG |    0000FF42  _SCY_REG 
     0000FF43  _SCX_REG  |    0000FF44  _LY_REG   |    0000FF45  _LYC_REG 
     0000FF46  _DMA_REG  |    0000FF47  _BGP_REG  |    0000FF48  _OBP0_REG
     0000FF49  _OBP1_REG |    0000FF4A  _WY_REG   |    0000FF4B  _WX_REG  
     0000FF4D  _KEY1_REG |    0000FF4F  _VBK_REG  |    0000FF51  _HDMA1_RE
     0000FF52  _HDMA2_RE |    0000FF53  _HDMA3_RE |    0000FF54  _HDMA4_RE
     0000FF55  _HDMA5_RE |    0000FF56  _RP_REG   |    0000FF68  _BCPS_REG
     0000FF69  _BCPD_REG |    0000FF6A  _OCPS_REG |    0000FF6B  _OCPD_REG
     0000FF70  _SVBK_REG |    0000FF76  _PCM12_RE |    0000FF77  _PCM34_RE
     0000FF80  __HRAM    |    0000FF80  s__HRAM   |    0000FFFF  _IE_REG  
     00014000  s__CODE_1 |    00024000  s__CODE_2 |    00034000  s__CODE_3
     00044000  s__CODE_4 |    00054000  s__CODE_5
ASxxxx Linker V03.00/V05.40 + sdld,  page 3.
Hexadecimal  [32-Bits]

Area                       Addr        Size        Decimal Bytes (Attributes)
--------------------       ----        ----        ------- ----- ------------
_CODE                  00000200    0000342E =       13358. bytes (REL,CON)

        Value  Global            Value  Global            Value  Global    
        -----  ------            -----  ------            -----  ------    
     00000200  _main     |    000004F6  _blank    |    00000506  _black   
     00000516  _chest_cl |    0000051E  _chest_op |    00000526  _stairs  
     0000052A  _menu_bod |    0000052B  _arrow_ti |    0000052C  _upgrade_
     00000534  _cure_upg |    0000053C  _level_cu |    0000054F  _move_cha
     000005A0  _check_in |    0000093E  _check_in |    00000D2F  _check_te
     00000F1A  _is_sprit |    00000F2E  _set_camp |    00001019  _hide_cam
     00001072  _set_dung |    00001092  _set_room |    000012D6  _change_r
     00001365  _check_op |    0000147D  _go_into_ |    0000150A  _go_next_
     000015B4  _set_text |    000016D0  _player_a |    0000188A  _shoot_ar
     000019D8  _heal_pla |    00001A10  _smooth_m |    00001B84  _check_ti
     00001BBD  _set_enem |    00001C3D  _music_vb |    00001C55  _return_t
     00001CB1  _set_tuto |    00001D6B  _play_ani |    00001E72  _gui_map 
     00001FDA  _mini_gui |    00001FEE  _hector_m |    00002106  _safy_men
     0000221E  _obtained |    00002282  _obtained |    000022E6  _boss_def
     0000234A  _game_sav |    000023AE  _move_ene |    00002607  _set_enem
     000026B9  _set_enem |    0000277A  _check_di |    0000278B  _check_di
     0000279D  _enemy_at |    000027DD  _enemy_de |    00002893  _enemy_sm
     00002988  _is_enemy |    000029CD  _spawn_dr |    00002A89  _clear_dr
     00002AB6  _check_dr |    00002B82  _hUGE_ini |    00002B84  hUGE_init
     00002BDA  _hUGE_mut |    00002BDC  hUGE_mute |    00002E16  _hUGE_set
     00002E17  hUGE_set_ |    00002FD8  _hUGE_dos |    00002FD8  _hUGE_dos
     00002FD8  hUGE_doso |    00003304  _load_gam |    000033E9  _save_gam
     000034D0  __divsuch |    000034D6  __modsuch |    000034DF  __divusch
     000034E8  __modusch |    000034F4  __divscha |    000034F9  __modscha
     00003500  __divsint |    00003509  __modsint |    00003515  __divucha
     0000351A  __moducha |    00003521  __divuint |    0000352A  __moduint
     00003536  .div8     |    00003536  .mod8     |    0000353E  .div16   
     0000353E  .mod16    |    00003574  .divu8    |    00003574  .modu8   
     00003577  .divu16   |    00003577  .modu16   |    000035B7  __mulsuch
     000035BA  __mulusch |    000035C3  __mulscha |    000035CB  __mulint 
     000035EA  __mulucha |    000035FC  ___memcpy |    000035FC  _memcpy  
ASxxxx Linker V03.00/V05.40 + sdld,  page 4.
Hexadecimal  [32-Bits]

Area                       Addr        Size        Decimal Bytes (Attributes)
--------------------       ----        ----        ------- ----- ------------
_HEADER0               00000000    00000001 =           1. bytes (ABS,CON)

        Value  Global            Value  Global            Value  Global    
        -----  ------            -----  ------            -----  ------    
     00000020  .call_hl 
ASxxxx Linker V03.00/V05.40 + sdld,  page 5.
Hexadecimal  [32-Bits]

Area                       Addr        Size        Decimal Bytes (Attributes)
--------------------       ----        ----        ------- ----- ------------
_HEADER1               00000000    00000005 =           5. bytes (ABS,CON)

        Value  Global            Value  Global            Value  Global    
        -----  ------            -----  ------            -----  ------    
     00000028  .MemsetSm
ASxxxx Linker V03.00/V05.40 + sdld,  page 6.
Hexadecimal  [32-Bits]

Area                       Addr        Size        Decimal Bytes (Attributes)
--------------------       ----        ----        ------- ----- ------------
_HEADER2               00000000    00000007 =           7. bytes (ABS,CON)

        Value  Global            Value  Global            Value  Global    
        -----  ------            -----  ------            -----  ------    
     00000030  .MemcpySm
ASxxxx Linker V03.00/V05.40 + sdld,  page 7.
Hexadecimal  [32-Bits]

Area                       Addr        Size        Decimal Bytes (Attributes)
--------------------       ----        ----        ------- ----- ------------
_HEADER3               00000000    00000008 =           8. bytes (ABS,CON)

        Value  Global            Value  Global            Value  Global    
        -----  ------            -----  ------            -----  ------    
ASxxxx Linker V03.00/V05.40 + sdld,  page 8.
Hexadecimal  [32-Bits]

Area                       Addr        Size        Decimal Bytes (Attributes)
--------------------       ----        ----        ------- ----- ------------
_HEADER4               00000000    00000060 =          96. bytes (ABS,CON)

        Value  Global            Value  Global            Value  Global    
        -----  ------            -----  ------            -----  ------    
     00000080  .int      |    0000008F  _wait_int |    0000009C  __standar
     000000AB  _refresh_ |    000000CC  _set_inte
ASxxxx Linker V03.00/V05.40 + sdld,  page 9.
Hexadecimal  [32-Bits]

Area                       Addr        Size        Decimal Bytes (Attributes)
--------------------       ----        ----        ------- ----- ------------
_HEADER5               00000000    00000001 =           1. bytes (ABS,CON)

        Value  Global            Value  Global            Value  Global    
        -----  ------            -----  ------            -----  ------    
ASxxxx Linker V03.00/V05.40 + sdld,  page 10.
Hexadecimal  [32-Bits]

Area                       Addr        Size        Decimal Bytes (Attributes)
--------------------       ----        ----        ------- ----- ------------
_HEADER6               00000000    00000002 =           2. bytes (ABS,CON)

        Value  Global            Value  Global            Value  Global    
        -----  ------            -----  ------            -----  ------    
ASxxxx Linker V03.00/V05.40 + sdld,  page 11.
Hexadecimal  [32-Bits]

Area                       Addr        Size        Decimal Bytes (Attributes)
--------------------       ----        ----        ------- ----- ------------
_HEADER7               00000000    00000030 =          48. bytes (ABS,CON)

        Value  Global            Value  Global            Value  Global    
        -----  ------            -----  ------            -----  ------    
ASxxxx Linker V03.00/V05.40 + sdld,  page 12.
Hexadecimal  [32-Bits]

Area                       Addr        Size        Decimal Bytes (Attributes)
--------------------       ----        ----        ------- ----- ------------
_HEADER8               00000000    00000006 =           6. bytes (ABS,CON)

        Value  Global            Value  Global            Value  Global    
        -----  ------            -----  ------            -----  ------    
ASxxxx Linker V03.00/V05.40 + sdld,  page 13.
Hexadecimal  [32-Bits]

Area                       Addr        Size        Decimal Bytes (Attributes)
--------------------       ----        ----        ------- ----- ------------
_HEADER9               00000000    00000003 =           3. bytes (ABS,CON)

        Value  Global            Value  Global            Value  Global    
        -----  ------            -----  ------            -----  ------    
ASxxxx Linker V03.00/V05.40 + sdld,  page 14.
Hexadecimal  [32-Bits]

Area                       Addr        Size        Decimal Bytes (Attributes)
--------------------       ----        ----        ------- ----- ------------
_HEADERa               00000000    00000001 =           1. bytes (ABS,CON)

        Value  Global            Value  Global            Value  Global    
        -----  ------            -----  ------            -----  ------    
ASxxxx Linker V03.00/V05.40 + sdld,  page 15.
Hexadecimal  [32-Bits]

Area                       Addr        Size        Decimal Bytes (Attributes)
--------------------       ----        ----        ------- ----- ------------
_HEADERb               00000000    00000001 =           1. bytes (ABS,CON)

        Value  Global            Value  Global            Value  Global    
        -----  ------            -----  ------            -----  ------    
ASxxxx Linker V03.00/V05.40 + sdld,  page 16.
Hexadecimal  [32-Bits]

Area                       Addr        Size        Decimal Bytes (Attributes)
--------------------       ----        ----        ------- ----- ------------
_HEADERc               00000000    00000001 =           1. bytes (ABS,CON)

        Value  Global            Value  Global            Value  Global    
        -----  ------            -----  ------            -----  ------    
ASxxxx Linker V03.00/V05.40 + sdld,  page 17.
Hexadecimal  [32-Bits]

Area                       Addr        Size        Decimal Bytes (Attributes)
--------------------       ----        ----        ------- ----- ------------
_HEADERd               00000000    00000002 =           2. bytes (ABS,CON)

        Value  Global            Value  Global            Value  Global    
        -----  ------            -----  ------            -----  ------    
ASxxxx Linker V03.00/V05.40 + sdld,  page 18.
Hexadecimal  [32-Bits]

Area                       Addr        Size        Decimal Bytes (Attributes)
--------------------       ----        ----        ------- ----- ------------
_HEADERe               00000000    00000001 =           1. bytes (ABS,CON)

        Value  Global            Value  Global            Value  Global    
        -----  ------            -----  ------            -----  ------    
ASxxxx Linker V03.00/V05.40 + sdld,  page 19.
Hexadecimal  [32-Bits]

Area                       Addr        Size        Decimal Bytes (Attributes)
--------------------       ----        ----        ------- ----- ------------
_HEADERf               00000000    00000001 =           1. bytes (ABS,CON)

        Value  Global            Value  Global            Value  Global    
        -----  ------            -----  ------            -----  ------    
ASxxxx Linker V03.00/V05.40 + sdld,  page 20.
Hexadecimal  [32-Bits]

Area                       Addr        Size        Decimal Bytes (Attributes)
--------------------       ----        ----        ------- ----- ------------
_HEADER10              00000000    00000002 =           2. bytes (ABS,CON)

        Value  Global            Value  Global            Value  Global    
        -----  ------            -----  ------            -----  ------    
ASxxxx Linker V03.00/V05.40 + sdld,  page 21.
Hexadecimal  [32-Bits]

Area                       Addr        Size        Decimal Bytes (Attributes)
--------------------       ----        ----        ------- ----- ------------
_HEADER11              00000000    000000AB =         171. bytes (ABS,CON)

        Value  Global            Value  Global            Value  Global    
        -----  ------            -----  ------            -----  ------    
     00000150  .reset    |    00000150  _reset    |    00000157  .code_sta
     000001B9  _exit     |    000001BD  .wait_vbl |    000001BD  _vsync   
     000001BD  _wait_vbl |    000001CD  .remove_V |    000001CD  _remove_V
     000001D0  .remove_i |    000001ED  .add_VBL  |    000001ED  _add_VBL 
     000001F0  .add_int 
ASxxxx Linker V03.00/V05.40 + sdld,  page 22.
Hexadecimal  [32-Bits]

Area                       Addr        Size        Decimal Bytes (Attributes)
--------------------       ----        ----        ------- ----- ------------
_HOME                  0000362E    0000087F =        2175. bytes (REL,CON)

        Value  Global            Value  Global            Value  Global    
        -----  ------            -----  ------            -----  ------    
     0000362E  .memset_s |    00003637  .memcpy_s |    00003654  .display_
     00003654  _display_ |    0000366C  _rand     |    0000366C  _randw   
     00003697  _initrand |    00003699  .initrand |    000036A2  _set_win_
     000036B6  _set_tile |    000036BB  _set_bkg_ |    000036BB  _set_win_
     000036C3  _set_spri |    000036F3  _font_loa |    000036FA  font_load
     00003742  font_copy |    00003778  font_set  |    00003785  .put_char
     0000379D  .out_char |    000037A3  .del_char |    000037F9  _putchar 
     00003802  _setchar  |    0000380B  _font_loa |    00003819  _font_set
     00003828  _font_ini |    00003847  .cls      |    00003847  _cls     
     00003869  _gotoxy   |    00003874  _posx     |    00003885  _posy    
     000038AD  .cr_curs  |    000038C2  .adv_curs |    0000391E  .tmode   
     0000393B  .tmode_ou |    00003944  .padup    |    00003944  _waitpadu
     00003954  .jpad     |    00003954  _joypad   |    0000397C  _waitpad 
     0000397D  .wait_pad |    00003984  _color    |    00003984  _set_1bpp
     00003993  .drawing_ |    000039B0  _font_ibm |    00003D91  .add_LCD 
     00003D91  _add_LCD  |    00003D97  .remove_L |    00003D97  _remove_L
     00003D9D  .delay    |    00003D9D  _delay    |    00003DC9  ___sdcc_b
     00003DDD  _set_bkg_ |    00003DF1  .set_xy_w |    00003DFA  .set_xy_b
     00003E09  .set_xy_t |    00003E4D  _set_bkg_ |    00003E4D  _set_win_
     00003E55  _set_spri
ASxxxx Linker V03.00/V05.40 + sdld,  page 23.
Hexadecimal  [32-Bits]

Area                       Addr        Size        Decimal Bytes (Attributes)
--------------------       ----        ----        ------- ----- ------------
_INITIALIZER           00003EAD    00000042 =          66. bytes (REL,CON)

        Value  Global            Value  Global            Value  Global    
        -----  ------            -----  ------            -----  ------    
ASxxxx Linker V03.00/V05.40 + sdld,  page 24.
Hexadecimal  [32-Bits]

Area                       Addr        Size        Decimal Bytes (Attributes)
--------------------       ----        ----        ------- ----- ------------
_GSINIT                00003EEF    0000000C =          12. bytes (REL,CON)

        Value  Global            Value  Global            Value  Global    
        -----  ------            -----  ------            -----  ------    
     00003EEF  gsinit   
ASxxxx Linker V03.00/V05.40 + sdld,  page 25.
Hexadecimal  [32-Bits]

Area                       Addr        Size        Decimal Bytes (Attributes)
--------------------       ----        ----        ------- ----- ------------
_GSFINAL               00003EFB    00000001 =           1. bytes (REL,CON)

        Value  Global            Value  Global            Value  Global    
        -----  ------            -----  ------            -----  ------    
ASxxxx Linker V03.00/V05.40 + sdld,  page 26.
Hexadecimal  [32-Bits]

Area                       Addr        Size        Decimal Bytes (Attributes)
--------------------       ----        ----        ------- ----- ------------
_DATA                  0000C0A0    0000027E =         638. bytes (REL,CON)

        Value  Global            Value  Global            Value  Global    
        -----  ------            -----  ------            -----  ------    
     0000C0A0  __cpu     |    0000C0A1  __is_GBA  |    0000C0A2  .mode    
     0000C0A3  .sys_time |    0000C0A3  _sys_time |    0000C0A5  .int_0x40
     0000C0B1  _last_x   |    0000C0B2  _last_y   |    0000C0B3  _player_c
     0000C0B5  _current_ |    0000C21D  _map      |    0000C22D  _current_
     0000C241  _enemy    |    0000C24B  _boss     |    0000C253  _dungeon 
     0000C263  _doors    |    0000C273  _obstacle |    0000C283  _locked_d
     0000C284  _drops    |    0000C28A  _room_ene |    0000C2B6  _hUGE_cur
     0000C2B6  hUGE_curr |    0000C2B7  _hUGE_mut |    0000C2FE  ___rand_s
     0000C300  font_curr |    0000C303  font_firs |    0000C304  font_tabl
     0000C316  .int_0x48
ASxxxx Linker V03.00/V05.40 + sdld,  page 27.
Hexadecimal  [32-Bits]

Area                       Addr        Size        Decimal Bytes (Attributes)
--------------------       ----        ----        ------- ----- ------------
_INITIALIZED           0000C31E    00000042 =          66. bytes (REL,CON)

        Value  Global            Value  Global            Value  Global    
        -----  ------            -----  ------            -----  ------    
     0000C31E  _tile_id  |    0000C320  _x        |    0000C321  _y       
     0000C322  _last_dir |    0000C323  _frames   |    0000C324  _seconds 
     0000C325  _minutes  |    0000C326  _hours    |    0000C327  _enemies_
     0000C328  _max_floo |    0000C329  _power_up |    0000C32A  _last_joy
     0000C32B  _current_ |    0000C32C  _player_n |    0000C331  _max_hp  
     0000C332  _current_ |    0000C333  _attack   |    0000C334  _defense 
     0000C335  _level    |    0000C336  _experien |    0000C337  _sword_lv
     0000C338  _shield_l |    0000C339  _arrow_lv |    0000C33A  _quiver_l
     0000C33B  _potion_q |    0000C33C  _potion_h |    0000C33D  _max_heal
     0000C33E  _heals    |    0000C33F  _heal_qua |    0000C340  _arrow_da
     0000C341  _num_arro |    0000C342  _max_num_ |    0000C343  _minerals
     0000C344  _obt_myth |    0000C345  _obt_exp  |    0000C346  _menu_ope
     0000C347  _current_ |    0000C348  _current_ |    0000C349  _hector_o
     0000C34A  _safy_opt |    0000C34B  _map_opti |    0000C34C  _key_obta
     0000C34D  _treasure |    0000C34E  _lock_ope |    0000C34F  _boss_bat
     0000C350  _boss_flo |    0000C351  _returnin |    0000C352  _current_
     0000C353  _ng       |    0000C354  _current_ |    0000C356  _char_opt
     0000C357  _option_x |    0000C358  _option_y |    0000C359  _curr_let
     0000C35A  .curx     |    0000C35B  .cury     |    0000C35C  .fg_colou
     0000C35C  __current |    0000C35D  .bg_colou |    0000C35E  .draw_mod
     0000C35F  __map_til
ASxxxx Linker V03.00/V05.40 + sdld,  page 28.
Hexadecimal  [32-Bits]

Area                       Addr        Size        Decimal Bytes (Attributes)
--------------------       ----        ----        ------- ----- ------------
_HRAM                  0000FF80    00000013 =          19. bytes (REL,CON)

        Value  Global            Value  Global            Value  Global    
        -----  ------            -----  ------            -----  ------    
     0000FF80  .refresh_ |    0000FF90  __current |    0000FF91  __vbl_don
     0000FF92  __shadow_
ASxxxx Linker V03.00/V05.40 + sdld,  page 29.
Hexadecimal  [32-Bits]

Area                       Addr        Size        Decimal Bytes (Attributes)
--------------------       ----        ----        ------- ----- ------------
_CODE_1                00014000    00001A5B =        6747. bytes (REL,CON)

        Value  Global            Value  Global            Value  Global    
        -----  ------            -----  ------            -----  ------    
     00014000  _generate |    000140F4  _min_leng |    000140F5  _max_leng
     000140F6  _empty_ar |    0001414B  _create_l |    0001446E  _append  
     0001448D  _add_bran |    000146E2  _find_nea |    00014818  _shuffle_
     000148A5  _create_d |    000149AE  _add_obst |    000149D7  _MC_down 
     00014A17  _MC_right |    00014A57  _MC_up    |    00014A97  _MC_left 
     00014AD7  _MC_attac |    00014B57  _MC_attac |    00014BD7  _MC_attac
     00014C57  _MC_attac |    00014CD7  _Hector   |    00014D17  _Safy    
     00014D57  _arrow    |    00014D67  _Objects  |    00014EB7  _LarvaOsc
     00014EF7  _Predator |    00014F37  _Trisguar |    00014F77  _Key     
     00014F97  _Lock     |    00015017  _Textbox  |    000150B7  _Mugshot 
     000151B7  _Mythril  |    000151F7  _Numbers  |    000152B7  _Arrow   
     000152D7  _game_ove |    000153BC  _black_sp |    00015533  _GameOver
     0001569B  _GameOver |    000159BB  _Drops    |    000159DB  _SwordDow
     000159FB  _SwordRig |    00015A1B  _SwordUp  |    00015A3B  _SwordLef
ASxxxx Linker V03.00/V05.40 + sdld,  page 30.
Hexadecimal  [32-Bits]

Area                       Addr        Size        Decimal Bytes (Attributes)
--------------------       ----        ----        ------- ----- ------------
_CODE_3                00034000    00002FFA =       12282. bytes (REL,CON)

        Value  Global            Value  Global            Value  Global    
        -----  ------            -----  ------            -----  ------    
     00034000  _set_titl |    000340D1  _set_map_ |    00034163  _Minimap 
     00034273  _map_menu |    000343DB  _stats_me |    00034543  _empty_ma
     00034565  _check_ma |    0003460A  _check_ma |    00034719  _show_tim
     00034786  _check_me |    000348C3  _hector_u |    00034A69  _safy_upg
     00034C0A  _set_stat |    00034DD0  _set_mini |    00034ECA  _show_num
     00034FCA  _get_num_ |    0003500F  _add_enem |    000350A5  _generate
     00035141  _spawn_en |    000351C2  _set_enem |    000351EB  _check_en
     000354E7  _set_char |    00035560  _insert_n |    00035617  _name_arr
     00035627  _check_na |    0003576F  _NameMap  |    000358D7  _draw_loc
     00035976  _draw_fli |    00035A18  _draw_loc |    00035A7E  _draw_fli
     00035AEC  _hide_doo |    00035B15  _EyeBoss  |    00035C15  _spawn_bo
     00035DE9  _move_bos |    00035F20  _boss_che |    00035F32  _boss_che
     00035F45  _boss_att |    00035F85  _boss_smo |    000360B7  _boss_dea
     000360F0  _init_sou |    000360FD  _arrow_sf |    00036111  _hit_sfx 
     00036122  _heal_sfx |    00036137  _stairs_s |    0003615E  _unlock_s
     0003616F  _start_sf |    00036184  _death_sf |    00036199  _enemy_de
     0003660B  _gameover |    00036E7D  _boss_def |    00036E92  _Tutorial
ASxxxx Linker V03.00/V05.40 + sdld,  page 31.
Hexadecimal  [32-Bits]

Area                       Addr        Size        Decimal Bytes (Attributes)
--------------------       ----        ----        ------- ----- ------------
_CODE_2                00024000    00003A7A =       14970. bytes (REL,CON)

        Value  Global            Value  Global            Value  Global    
        -----  ------            -----  ------            -----  ------    
     00024000  _Camp     |    00024168  _room1    |    000242D0  _room2   
     00024438  _room3    |    000245A0  _room4    |    00024708  _room5   
     00024870  _room6    |    000249D8  _room7    |    00024B40  _room8   
     00024CA8  _room9    |    00024E10  _room10   |    00024F78  _room11  
     000250E0  _room12   |    00025248  _room13   |    000253B0  _room14  
     00025518  _room15   |    00025680  _NoExit   |    000257E8  _Title   
     00025950  _CampTile |    00026010  _camp_col |    0002607C  _Text    
     000263AC  _MiniGUI  |    000263DC  _DungeonT |    0002672C  _Titlescr
     0002763C  _TitleTex |    000276BC  _deco1    |    000276E0  _deco2   
     00027704  _deco3    |    00027728  _deco4    |    0002774C  _deco5   
     0002775C  _assign_o |    000278DD  _put_on_r |    00027979  _set_room
ASxxxx Linker V03.00/V05.40 + sdld,  page 32.
Hexadecimal  [32-Bits]

Area                       Addr        Size        Decimal Bytes (Attributes)
--------------------       ----        ----        ------- ----- ------------
_CODE_4                00044000    00003C1A =       15386. bytes (REL,CON)

        Value  Global            Value  Global            Value  Global    
        -----  ------            -----  ------            -----  ------    
     000450C5  _dungeon_ |    00047C05  _boss_the
ASxxxx Linker V03.00/V05.40 + sdld,  page 33.
Hexadecimal  [32-Bits]

Area                       Addr        Size        Decimal Bytes (Attributes)
--------------------       ----        ----        ------- ----- ------------
_CODE_5                00054000    0000296E =       10606. bytes (REL,CON)

        Value  Global            Value  Global            Value  Global    
        -----  ------            -----  ------            -----  ------    
     00054F63  _camp_the |    00056959  _intro_th
ASxxxx Linker V03.00/V05.40 + sdld,  page 34.
Hexadecimal  [32-Bits]

Area                       Addr        Size        Decimal Bytes (Attributes)
--------------------       ----        ----        ------- ----- ------------
_FONT_HEADER0          00000000    00000003 =           3. bytes (ABS,CON)

        Value  Global            Value  Global            Value  Global    
        -----  ------            -----  ------            -----  ------    
ASxxxx Linker V03.00/V05.40 + sdld,  page 35.
Hexadecimal  [32-Bits]

Area                       Addr        Size        Decimal Bytes (Attributes)
--------------------       ----        ----        ------- ----- ------------
_HEADER_LCD0           00000000    00000003 =           3. bytes (ABS,CON)

        Value  Global            Value  Global            Value  Global    
        -----  ------            -----  ------            -----  ------    
ASxxxx Linker V03.00/V05.40 + sdld,  page 36.

Files Linked                              [ module(s) ]

C:\Users\Utente\Desktop\Tirocinio\gbdk-win64\gbdk\lib/gb/crt0.o
                                          [ Runtime ]
main.o                                    [ main ]
gen_dung.o                                [ generate_dungeon ]
gui.o                                     [ gui ]
enemy.o                                   [ enemy ]
drop.o                                    [ drop ]
titlescr.o                                [ titlescreen ]
character.o                               [ character ]
Hector.o                                  [ Hector ]
Safy.o                                    [ Safy ]
Arrow.o                                   [ Arrow ]
DungeonObjects.o                          [ DungeonObjects ]
Enemies.o                                 [ Enemies ]
key.o                                     [ key ]
Lock.o                                    [ Lock ]
textbox.o                                 [ textbox ]
mugshot.o                                 [ mugshot ]
mythril.o                                 [ mythril ]
Numbers.o                                 [ Numbers ]
wpn_arrow.o                               [ wpn_arrow ]
minimap.o                                 [ minimap ]
gameoverscript.o                          [ gameover ]
CampMap.o                                 [ CampMap ]
Dungeon.o                                 [ Dungeon ]
GameOver.o                                [ GameOver ]
Title.o                                   [ Title ]
CampTiles.o                               [ CampTiles ]
Text.o                                    [ Text ]
DungeonTiles.o                            [ DungeonTiles ]
Titlescreen.o                             [ Titlescreen ]
TitleText.o                               [ TitleText ]
GameOverText.o                            [ GameOverText ]
gui_management.o                          [ gui_management ]
spawn_enemy.o                             [ spawn_enemy ]
combat_system.o                           [ combat_system ]
insert_name.o                             [ insert_name ]
namescreenmap.o                           [ NameScreenMap ]
enemy_drops.o                             [ enemyDrops ]
obstacles.o                               [ Obstacles ]
locked_doors.o                            [ locked_doors ]
eyeboss.o                                 [ Eyeboss ]
boss.o                                    [ boss ]
sound.o                                   [ sound ]
gameover_sound.o                          [ gameover_sound ]
boss_defeated.o                           [ boss_defeated ]
hUGEDriver.lib                            [ hUGEDriver_obj ]
dungeon_management.o                      [ dungeon_management ]
dungeon_song.o                            [ dungeon_song ]
boss_song.o                               [ boss_song ]
camp_song.o                               [ camp_song ]
intro_song.o                              [ intro_song ]
save_manager.o                            [ save_manager ]
tutorial_map.o                            [ TutorialMap ]
sword.o                                   [ sword ]


Libraries Linked                          [ object file ]

C:\Users\Utente\Desktop\Tirocinio\gbdk-win64\gbdk\lib/sm83/sm83.lib
                                          [ rand.o ]
C:\Users\Utente\Desktop\Tirocinio\gbdk-win64\gbdk\lib/gb/gb.lib
                                          [ sfr.o ]
C:\Users\Utente\Desktop\Tirocinio\gbdk-win64\gbdk\lib/sm83/sm83.lib
                                          [ div.o ]
C:\Users\Utente\Desktop\Tirocinio\gbdk-win64\gbdk\lib/gb/gb.lib
                                          [ set_wi_t.o ]
C:\Users\Utente\Desktop\Tirocinio\gbdk-win64\gbdk\lib/gb/gb.lib
                                          [ set_data.o ]
C:\Users\Utente\Desktop\Tirocinio\gbdk-win64\gbdk\lib/sm83/sm83.lib
                                          [ mul.o ]
C:\Users\Utente\Desktop\Tirocinio\gbdk-win64\gbdk\lib/gb/gb.lib
                                          [ font.o ]
C:\Users\Utente\Desktop\Tirocinio\gbdk-win64\gbdk\lib/gb/gb.lib
                                          [ pad.o ]
C:\Users\Utente\Desktop\Tirocinio\gbdk-win64\gbdk\lib/sm83/sm83.lib
                                          [ memcpy.o ]
C:\Users\Utente\Desktop\Tirocinio\gbdk-win64\gbdk\lib/gb/gb.lib
                                          [ color.o ]
C:\Users\Utente\Desktop\Tirocinio\gbdk-win64\gbdk\lib/gb/gb.lib
                                          [ drawing_isr.o ]
C:\Users\Utente\Desktop\Tirocinio\gbdk-win64\gbdk\lib/gb/gb.lib
                                          [ f_ibm_sh.o ]
C:\Users\Utente\Desktop\Tirocinio\gbdk-win64\gbdk\lib/gb/gb.lib
                                          [ lcd.o ]
C:\Users\Utente\Desktop\Tirocinio\gbdk-win64\gbdk\lib/gb/gb.lib
                                          [ delay.o ]
C:\Users\Utente\Desktop\Tirocinio\gbdk-win64\gbdk\lib/gb/gb.lib
                                          [ ___sdcc_bcall_ehl.o ]
C:\Users\Utente\Desktop\Tirocinio\gbdk-win64\gbdk\lib/gb/gb.lib
                                          [ set_bk_t.o ]
C:\Users\Utente\Desktop\Tirocinio\gbdk-win64\gbdk\lib/gb/gb.lib
                                          [ set_xy_t.o ]
C:\Users\Utente\Desktop\Tirocinio\gbdk-win64\gbdk\lib/gb/gb.lib
                                          [ set_1bit_data.o ]

ASxxxx Linker V03.00/V05.40 + sdld,  page 37.

User Base Address Definitions

_DATA=0xC0A0
_CODE=0x0200
_HRAM=0xFF80
ASxxxx Linker V03.00/V05.40 + sdld,  page 38.

User Global Definitions

_shadow_OAM=0xC000
.STACK=0xE000

