ASxxxx Linker V03.00/V05.40 + sdld,  page 1.
Hexadecimal  [32-Bits]

Area                       Addr        Size        Decimal Bytes (Attributes)
--------------------       ----        ----        ------- ----- ------------
.  .ABS.               00000000    00000000 =           0. bytes (ABS,CON)

        Value  Global            Value  Global            Value  Global    
        -----  ------            -----  ------            -----  ------    
     00000000  .__.ABS.  |    00000000  _rMBC7_SR |    00000000  _rRAMG   
     00000000  l__BASE   |    00000000  l__BSS    |    00000000  l__CABS  
     00000000  l__CODE_0 |    00000000  l__DABS   |    00000000  l__FONT_H
     00000000  l__HEADER |    00000000  l__HEADER |    00000000  l__HEAP  
     00000000  l__HEAP_E |    00000000  l__LIT    |    00000000  s__CABS  
     00000000  s__DABS   |    00000000  s__FONT_H |    00000000  s__FONT_H
     00000000  s__HEADER |    00000000  s__HEADER |    00000000  s__HEADER
     00000000  s__HEADER |    00000000  s__HEADER |    00000000  s__HEADER
     00000000  s__HEADER |    00000000  s__HEADER |    00000000  s__HEADER
     00000000  s__HEADER |    00000000  s__HEADER |    00000000  s__HEADER
     00000000  s__HEADER |    00000000  s__HEADER |    00000000  s__HEADER
     00000000  s__HEADER |    00000000  s__HEADER |    00000000  s__HEADER
     00000000  s__HEADER |    00000000  s__HEADER |    00000000  s__HEADER
     00000001  l__GSFINA |    00000001  l__HEADER |    00000001  l__HEADER
     00000001  l__HEADER |    00000001  l__HEADER |    00000001  l__HEADER
     00000001  l__HEADER |    00000001  l__HEADER |    00000002  b_game_ov
     00000002  l__HEADER |    00000002  l__HEADER |    00000002  l__HEADER
     00000003  b_check_e |    00000003  b_check_m |    00000003  b_check_m
     00000003  b_empty_m |    00000003  b_generat |    00000003  b_get_num
     00000003  b_insert_ |    00000003  b_set_ene |    00000003  b_set_map
     00000003  b_set_tit |    00000003  b_show_ti |    00000003  b_spawn_e
     00000003  l__FONT_H |    00000003  l__HEADER |    00000003  l__HEADER
     00000005  l__HEADER |    00000006  l__HEADER |    00000007  l__HEADER
     00000008  l__HEADER |    0000000C  l__GSINIT |    00000013  l__HRAM  
     00000030  l__HEADER |    0000003E  l__INITIA |    0000003E  l__INITIA
     00000060  l__HEADER |    0000009C  l__DATA   |    000000AB  l__HEADER
     00000200  s__CODE   |    00000720  l__CODE_1 |    0000087F  l__HOME  
     000012F8  l__CODE_3 |    00002000  _rROMB0   |    00003000  _rROMB1  
     00003349  l__CODE   |    00003549  s__HOME   |    00003C28  l__CODE_2
     00003DC8  s__BASE   |    00003DC8  s__CODE_0 |    00003DC8  s__INITIA
     00003DC8  s__LIT    |    00003E06  s__GSINIT |    00003E12  s__GSFINA
     00004000  _rMBC7_SR |    00004000  _rRAMB    |    00008000  __VRAM   
     00008000  __VRAM800 |    00008800  __VRAM880 |    00009000  __VRAM900
     00009800  __SCRN0   |    00009C00  __SCRN1   |    0000A000  __SRAM   
     0000A000  _rMBC7_LA |    0000A010  _rMBC7_LA |    0000A020  _rMBC7_AC
     0000A030  _rMBC7_AC |    0000A040  _rMBC7_AC |    0000A050  _rMBC7_AC
     0000C000  __RAM     |    0000C000  _shadow_O |    0000C0A0  s__DATA  
     0000C13C  s__BSS    |    0000C13C  s__INITIA |    0000C17A  s__HEAP  
     0000C17A  s__HEAP_E |    0000D000  __RAMBANK |    0000E000  .STACK   
     0000FE00  __OAMRAM  |    0000FF00  _P1_REG   |    0000FF00  __IO     
     0000FF01  _SB_REG   |    0000FF02  _SC_REG   |    0000FF04  _DIV_REG 
     0000FF05  _TIMA_REG |    0000FF06  _TMA_REG  |    0000FF07  _TAC_REG 
     0000FF0F  _IF_REG   |    0000FF10  _NR10_REG |    0000FF11  _NR11_REG
     0000FF12  _NR12_REG |    0000FF13  _NR13_REG |    0000FF14  _NR14_REG
     0000FF16  _NR21_REG |    0000FF17  _NR22_REG |    0000FF18  _NR23_REG
     0000FF19  _NR24_REG |    0000FF1A  _NR30_REG |    0000FF1B  _NR31_REG
     0000FF1C  _NR32_REG |    0000FF1D  _NR33_REG |    0000FF1E  _NR34_REG
     0000FF20  _NR41_REG |    0000FF21  _NR42_REG |    0000FF22  _NR43_REG
     0000FF23  _NR44_REG |    0000FF24  _NR50_REG |    0000FF25  _NR51_REG
     0000FF26  _NR52_REG |    0000FF30  _AUD3WAVE |    0000FF30  _PCM_SAMP
ASxxxx Linker V03.00/V05.40 + sdld,  page 2.
Hexadecimal  [32-Bits]

Area                       Addr        Size        Decimal Bytes (Attributes)
--------------------       ----        ----        ------- ----- ------------
.  .ABS.               00000000    00000000 =           0. bytes (ABS,CON)

        Value  Global            Value  Global            Value  Global    
        -----  ------            -----  ------            -----  ------    
     0000FF30  __AUD3WAV |    0000FF40  _LCDC_REG |    0000FF41  _STAT_REG
     0000FF42  _SCY_REG  |    0000FF43  _SCX_REG  |    0000FF44  _LY_REG  
     0000FF45  _LYC_REG  |    0000FF46  _DMA_REG  |    0000FF47  _BGP_REG 
     0000FF48  _OBP0_REG |    0000FF49  _OBP1_REG |    0000FF4A  _WY_REG  
     0000FF4B  _WX_REG   |    0000FF4D  _KEY1_REG |    0000FF4F  _VBK_REG 
     0000FF51  _HDMA1_RE |    0000FF52  _HDMA2_RE |    0000FF53  _HDMA3_RE
     0000FF54  _HDMA4_RE |    0000FF55  _HDMA5_RE |    0000FF56  _RP_REG  
     0000FF68  _BCPS_REG |    0000FF69  _BCPD_REG |    0000FF6A  _OCPS_REG
     0000FF6B  _OCPD_REG |    0000FF70  _SVBK_REG |    0000FF76  _PCM12_RE
     0000FF77  _PCM34_RE |    0000FF80  __HRAM    |    0000FF80  s__HRAM  
     0000FFFF  _IE_REG   |    00014000  s__CODE_1 |    00024000  s__CODE_2
     00034000  s__CODE_3
ASxxxx Linker V03.00/V05.40 + sdld,  page 3.
Hexadecimal  [32-Bits]

Area                       Addr        Size        Decimal Bytes (Attributes)
--------------------       ----        ----        ------- ----- ------------
_CODE                  00000200    00003349 =       13129. bytes (REL,CON)

        Value  Global            Value  Global            Value  Global    
        -----  ------            -----  ------            -----  ------    
     00000200  _main     |    0000049E  _blank    |    000004AE  _black   
     000004BE  _chest_cl |    000004C6  _chest_op |    000004CE  _stairs  
     000004D2  _menu_bod |    000004D3  _arrow_ti |    000004D4  _upgrade_
     000004DC  _cure_upg |    000004E4  _level_cu |    000004F7  _move_cha
     00000548  _check_in |    0000080D  _check_in |    00000B67  _check_te
     00000D55  _is_sprit |    00000D69  _set_camp |    00000E36  _hide_cam
     00000E8F  _set_dung |    00000EAF  _set_room |    000010B2  _change_r
     00001141  _set_stat |    00001307  _check_op |    00001410  _set_mini
     0000150A  _go_into_ |    0000158F  _go_next_ |    0000161E  _draw_loc
     000016BA  _draw_fli |    00001756  _draw_loc |    000017B9  _draw_fli
     0000181F  _hide_doo |    00001848  _set_text |    00001956  _player_a
     000019EC  _show_num |    00001AD5  _shoot_ar |    00001BCD  _heal_pla
     00001BFA  _smooth_m |    00001D66  _check_ti |    00001D9F  _set_enem
     00001E1F  _set_char |    00001E84  _generate |    00001F7A  _min_leng
     00001F7B  _max_leng |    00001F7C  _empty_ar |    00001FD1  _create_l
     000022D7  _append   |    000022F6  _add_bran |    00002544  _find_nea
     0000267A  _shuffle_ |    00002707  _create_d |    00002810  _gui_map 
     00002978  _mini_gui |    0000298C  _hector_m |    00002AA4  _safy_men
     00002BBC  _obtained |    00002C20  _obtained |    00002C84  _move_ene
     00002EDD  _set_enem |    00002F8F  _set_enem |    00003050  _check_di
     00003061  _check_di |    00003073  _enemy_at |    000030A0  _enemy_de
     00003156  _enemy_sm |    0000324B  _is_enemy |    00003290  _spawn_dr
     0000334C  _clear_dr |    00003379  _check_dr |    00003430  __divsuch
     00003436  __modsuch |    0000343F  __divusch |    00003448  __modusch
     00003454  __divscha |    00003459  __modscha |    00003460  __divsint
     00003469  __modsint |    00003475  __divucha |    0000347A  __moducha
     00003481  __divuint |    0000348A  __moduint |    00003496  .div8    
     00003496  .mod8     |    0000349E  .div16    |    0000349E  .mod16   
     000034D4  .divu8    |    000034D4  .modu8    |    000034D7  .divu16  
     000034D7  .modu16   |    00003517  ___memcpy |    00003517  _memcpy  
ASxxxx Linker V03.00/V05.40 + sdld,  page 4.
Hexadecimal  [32-Bits]

Area                       Addr        Size        Decimal Bytes (Attributes)
--------------------       ----        ----        ------- ----- ------------
_HEADER0               00000000    00000001 =           1. bytes (ABS,CON)

        Value  Global            Value  Global            Value  Global    
        -----  ------            -----  ------            -----  ------    
     00000020  .call_hl 
ASxxxx Linker V03.00/V05.40 + sdld,  page 5.
Hexadecimal  [32-Bits]

Area                       Addr        Size        Decimal Bytes (Attributes)
--------------------       ----        ----        ------- ----- ------------
_HEADER1               00000000    00000005 =           5. bytes (ABS,CON)

        Value  Global            Value  Global            Value  Global    
        -----  ------            -----  ------            -----  ------    
     00000028  .MemsetSm
ASxxxx Linker V03.00/V05.40 + sdld,  page 6.
Hexadecimal  [32-Bits]

Area                       Addr        Size        Decimal Bytes (Attributes)
--------------------       ----        ----        ------- ----- ------------
_HEADER2               00000000    00000007 =           7. bytes (ABS,CON)

        Value  Global            Value  Global            Value  Global    
        -----  ------            -----  ------            -----  ------    
     00000030  .MemcpySm
ASxxxx Linker V03.00/V05.40 + sdld,  page 7.
Hexadecimal  [32-Bits]

Area                       Addr        Size        Decimal Bytes (Attributes)
--------------------       ----        ----        ------- ----- ------------
_HEADER3               00000000    00000008 =           8. bytes (ABS,CON)

        Value  Global            Value  Global            Value  Global    
        -----  ------            -----  ------            -----  ------    
ASxxxx Linker V03.00/V05.40 + sdld,  page 8.
Hexadecimal  [32-Bits]

Area                       Addr        Size        Decimal Bytes (Attributes)
--------------------       ----        ----        ------- ----- ------------
_HEADER4               00000000    00000060 =          96. bytes (ABS,CON)

        Value  Global            Value  Global            Value  Global    
        -----  ------            -----  ------            -----  ------    
     00000080  .int      |    0000008F  _wait_int |    0000009C  __standar
     000000AB  _refresh_ |    000000CC  _set_inte
ASxxxx Linker V03.00/V05.40 + sdld,  page 9.
Hexadecimal  [32-Bits]

Area                       Addr        Size        Decimal Bytes (Attributes)
--------------------       ----        ----        ------- ----- ------------
_HEADER5               00000000    00000001 =           1. bytes (ABS,CON)

        Value  Global            Value  Global            Value  Global    
        -----  ------            -----  ------            -----  ------    
ASxxxx Linker V03.00/V05.40 + sdld,  page 10.
Hexadecimal  [32-Bits]

Area                       Addr        Size        Decimal Bytes (Attributes)
--------------------       ----        ----        ------- ----- ------------
_HEADER6               00000000    00000002 =           2. bytes (ABS,CON)

        Value  Global            Value  Global            Value  Global    
        -----  ------            -----  ------            -----  ------    
ASxxxx Linker V03.00/V05.40 + sdld,  page 11.
Hexadecimal  [32-Bits]

Area                       Addr        Size        Decimal Bytes (Attributes)
--------------------       ----        ----        ------- ----- ------------
_HEADER7               00000000    00000030 =          48. bytes (ABS,CON)

        Value  Global            Value  Global            Value  Global    
        -----  ------            -----  ------            -----  ------    
ASxxxx Linker V03.00/V05.40 + sdld,  page 12.
Hexadecimal  [32-Bits]

Area                       Addr        Size        Decimal Bytes (Attributes)
--------------------       ----        ----        ------- ----- ------------
_HEADER8               00000000    00000006 =           6. bytes (ABS,CON)

        Value  Global            Value  Global            Value  Global    
        -----  ------            -----  ------            -----  ------    
ASxxxx Linker V03.00/V05.40 + sdld,  page 13.
Hexadecimal  [32-Bits]

Area                       Addr        Size        Decimal Bytes (Attributes)
--------------------       ----        ----        ------- ----- ------------
_HEADER9               00000000    00000003 =           3. bytes (ABS,CON)

        Value  Global            Value  Global            Value  Global    
        -----  ------            -----  ------            -----  ------    
ASxxxx Linker V03.00/V05.40 + sdld,  page 14.
Hexadecimal  [32-Bits]

Area                       Addr        Size        Decimal Bytes (Attributes)
--------------------       ----        ----        ------- ----- ------------
_HEADERa               00000000    00000001 =           1. bytes (ABS,CON)

        Value  Global            Value  Global            Value  Global    
        -----  ------            -----  ------            -----  ------    
ASxxxx Linker V03.00/V05.40 + sdld,  page 15.
Hexadecimal  [32-Bits]

Area                       Addr        Size        Decimal Bytes (Attributes)
--------------------       ----        ----        ------- ----- ------------
_HEADERb               00000000    00000001 =           1. bytes (ABS,CON)

        Value  Global            Value  Global            Value  Global    
        -----  ------            -----  ------            -----  ------    
ASxxxx Linker V03.00/V05.40 + sdld,  page 16.
Hexadecimal  [32-Bits]

Area                       Addr        Size        Decimal Bytes (Attributes)
--------------------       ----        ----        ------- ----- ------------
_HEADERc               00000000    00000001 =           1. bytes (ABS,CON)

        Value  Global            Value  Global            Value  Global    
        -----  ------            -----  ------            -----  ------    
ASxxxx Linker V03.00/V05.40 + sdld,  page 17.
Hexadecimal  [32-Bits]

Area                       Addr        Size        Decimal Bytes (Attributes)
--------------------       ----        ----        ------- ----- ------------
_HEADERd               00000000    00000002 =           2. bytes (ABS,CON)

        Value  Global            Value  Global            Value  Global    
        -----  ------            -----  ------            -----  ------    
ASxxxx Linker V03.00/V05.40 + sdld,  page 18.
Hexadecimal  [32-Bits]

Area                       Addr        Size        Decimal Bytes (Attributes)
--------------------       ----        ----        ------- ----- ------------
_HEADERe               00000000    00000001 =           1. bytes (ABS,CON)

        Value  Global            Value  Global            Value  Global    
        -----  ------            -----  ------            -----  ------    
ASxxxx Linker V03.00/V05.40 + sdld,  page 19.
Hexadecimal  [32-Bits]

Area                       Addr        Size        Decimal Bytes (Attributes)
--------------------       ----        ----        ------- ----- ------------
_HEADERf               00000000    00000001 =           1. bytes (ABS,CON)

        Value  Global            Value  Global            Value  Global    
        -----  ------            -----  ------            -----  ------    
ASxxxx Linker V03.00/V05.40 + sdld,  page 20.
Hexadecimal  [32-Bits]

Area                       Addr        Size        Decimal Bytes (Attributes)
--------------------       ----        ----        ------- ----- ------------
_HEADER10              00000000    00000002 =           2. bytes (ABS,CON)

        Value  Global            Value  Global            Value  Global    
        -----  ------            -----  ------            -----  ------    
ASxxxx Linker V03.00/V05.40 + sdld,  page 21.
Hexadecimal  [32-Bits]

Area                       Addr        Size        Decimal Bytes (Attributes)
--------------------       ----        ----        ------- ----- ------------
_HEADER11              00000000    000000AB =         171. bytes (ABS,CON)

        Value  Global            Value  Global            Value  Global    
        -----  ------            -----  ------            -----  ------    
     00000150  .reset    |    00000150  _reset    |    00000157  .code_sta
     000001B9  _exit     |    000001BD  .wait_vbl |    000001BD  _vsync   
     000001BD  _wait_vbl |    000001CD  .remove_V |    000001CD  _remove_V
     000001D0  .remove_i |    000001ED  .add_VBL  |    000001ED  _add_VBL 
     000001F0  .add_int 
ASxxxx Linker V03.00/V05.40 + sdld,  page 22.
Hexadecimal  [32-Bits]

Area                       Addr        Size        Decimal Bytes (Attributes)
--------------------       ----        ----        ------- ----- ------------
_HOME                  00003549    0000087F =        2175. bytes (REL,CON)

        Value  Global            Value  Global            Value  Global    
        -----  ------            -----  ------            -----  ------    
     00003549  .memset_s |    00003552  .memcpy_s |    0000356F  .display_
     0000356F  _display_ |    00003587  _rand     |    00003587  _randw   
     000035B2  _initrand |    000035B4  .initrand |    000035BD  _set_win_
     000035D1  _set_tile |    000035D6  _set_bkg_ |    000035D6  _set_win_
     000035DE  _set_spri |    0000360E  _font_loa |    00003615  font_load
     0000365D  font_copy |    00003693  font_set  |    000036A0  .put_char
     000036B8  .out_char |    000036BE  .del_char |    00003714  _putchar 
     0000371D  _setchar  |    00003726  _font_loa |    00003734  _font_set
     00003743  _font_ini |    00003762  .cls      |    00003762  _cls     
     00003784  _gotoxy   |    0000378F  _posx     |    000037A0  _posy    
     000037C8  .cr_curs  |    000037DD  .adv_curs |    00003839  .tmode   
     00003856  .tmode_ou |    0000385F  .padup    |    0000385F  _waitpadu
     0000386F  .jpad     |    0000386F  _joypad   |    00003897  _waitpad 
     00003898  .wait_pad |    0000389F  _color    |    0000389F  _set_1bpp
     000038AE  .drawing_ |    000038CB  _font_ibm |    00003CAC  .add_LCD 
     00003CAC  _add_LCD  |    00003CB2  .remove_L |    00003CB2  _remove_L
     00003CB8  .delay    |    00003CB8  _delay    |    00003CE4  ___sdcc_b
     00003CF8  _set_bkg_ |    00003D0C  .set_xy_w |    00003D15  .set_xy_b
     00003D24  .set_xy_t |    00003D68  _set_bkg_ |    00003D68  _set_win_
     00003D70  _set_spri
ASxxxx Linker V03.00/V05.40 + sdld,  page 23.
Hexadecimal  [32-Bits]

Area                       Addr        Size        Decimal Bytes (Attributes)
--------------------       ----        ----        ------- ----- ------------
_INITIALIZER           00003DC8    0000003E =          62. bytes (REL,CON)

        Value  Global            Value  Global            Value  Global    
        -----  ------            -----  ------            -----  ------    
ASxxxx Linker V03.00/V05.40 + sdld,  page 24.
Hexadecimal  [32-Bits]

Area                       Addr        Size        Decimal Bytes (Attributes)
--------------------       ----        ----        ------- ----- ------------
_GSINIT                00003E06    0000000C =          12. bytes (REL,CON)

        Value  Global            Value  Global            Value  Global    
        -----  ------            -----  ------            -----  ------    
     00003E06  gsinit   
ASxxxx Linker V03.00/V05.40 + sdld,  page 25.
Hexadecimal  [32-Bits]

Area                       Addr        Size        Decimal Bytes (Attributes)
--------------------       ----        ----        ------- ----- ------------
_GSFINAL               00003E12    00000001 =           1. bytes (REL,CON)

        Value  Global            Value  Global            Value  Global    
        -----  ------            -----  ------            -----  ------    
ASxxxx Linker V03.00/V05.40 + sdld,  page 26.
Hexadecimal  [32-Bits]

Area                       Addr        Size        Decimal Bytes (Attributes)
--------------------       ----        ----        ------- ----- ------------
_DATA                  0000C0A0    0000009C =         156. bytes (REL,CON)

        Value  Global            Value  Global            Value  Global    
        -----  ------            -----  ------            -----  ------    
     0000C0A0  __cpu     |    0000C0A1  __is_GBA  |    0000C0A2  .mode    
     0000C0A3  .sys_time |    0000C0A3  _sys_time |    0000C0A5  .int_0x40
     0000C0B1  _last_x   |    0000C0B2  _last_y   |    0000C0B3  _player_c
     0000C0B5  _current_ |    0000C0B7  _map      |    0000C0C7  _current_
     0000C0DB  _enemy    |    0000C0E5  _dungeon  |    0000C0F5  _doors   
     0000C105  _locked_d |    0000C106  _drops    |    0000C10C  _room_ene
     0000C11C  ___rand_s |    0000C11E  font_curr |    0000C121  font_firs
     0000C122  font_tabl |    0000C134  .int_0x48
ASxxxx Linker V03.00/V05.40 + sdld,  page 27.
Hexadecimal  [32-Bits]

Area                       Addr        Size        Decimal Bytes (Attributes)
--------------------       ----        ----        ------- ----- ------------
_INITIALIZED           0000C13C    0000003E =          62. bytes (REL,CON)

        Value  Global            Value  Global            Value  Global    
        -----  ------            -----  ------            -----  ------    
     0000C13C  _tile_id  |    0000C13E  _x        |    0000C13F  _y       
     0000C140  _last_dir |    0000C141  _sl_direc |    0000C142  _frames  
     0000C143  _seconds  |    0000C144  _minutes  |    0000C145  _hours   
     0000C146  _enemies_ |    0000C147  _max_floo |    0000C148  _power_up
     0000C149  _last_joy |    0000C14A  _current_ |    0000C14B  _player_n
     0000C150  _max_hp   |    0000C151  _current_ |    0000C152  _attack  
     0000C153  _defense  |    0000C154  _level    |    0000C155  _experien
     0000C156  _sword_lv |    0000C157  _shield_l |    0000C158  _arrow_lv
     0000C159  _quiver_l |    0000C15A  _potion_q |    0000C15B  _potion_h
     0000C15C  _max_heal |    0000C15D  _heals    |    0000C15E  _heal_qua
     0000C15F  _arrow_da |    0000C160  _num_arro |    0000C161  _max_num_
     0000C162  _minerals |    0000C163  _obt_myth |    0000C164  _obt_exp 
     0000C165  _menu_ope |    0000C166  _current_ |    0000C167  _current_
     0000C168  _hector_o |    0000C169  _safy_opt |    0000C16A  _map_opti
     0000C16B  _key_obta |    0000C16C  _treasure |    0000C16D  _lock_ope
     0000C16E  _current_ |    0000C170  _char_opt |    0000C171  _option_x
     0000C172  _option_y |    0000C173  _curr_let |    0000C174  .curx    
     0000C175  .cury     |    0000C176  .fg_colou |    0000C176  __current
     0000C177  .bg_colou |    0000C178  .draw_mod |    0000C179  __map_til
ASxxxx Linker V03.00/V05.40 + sdld,  page 28.
Hexadecimal  [32-Bits]

Area                       Addr        Size        Decimal Bytes (Attributes)
--------------------       ----        ----        ------- ----- ------------
_HRAM                  0000FF80    00000013 =          19. bytes (REL,CON)

        Value  Global            Value  Global            Value  Global    
        -----  ------            -----  ------            -----  ------    
     0000FF80  .refresh_ |    0000FF90  __current |    0000FF91  __vbl_don
     0000FF92  __shadow_
ASxxxx Linker V03.00/V05.40 + sdld,  page 29.
Hexadecimal  [32-Bits]

Area                       Addr        Size        Decimal Bytes (Attributes)
--------------------       ----        ----        ------- ----- ------------
_CODE_3                00034000    000012F8 =        4856. bytes (REL,CON)

        Value  Global            Value  Global            Value  Global    
        -----  ------            -----  ------            -----  ------    
     00034000  _set_titl |    000340B6  _set_map_ |    00034148  _Minimap 
     00034258  _map_menu |    000343C0  _stats_me |    00034528  _empty_ma
     0003454A  _check_ma |    000345EC  _check_ma |    00034724  _show_tim
     00034791  _check_me |    000348CE  _hector_u |    00034A6F  _safy_upg
     00034C0B  _get_num_ |    00034C50  _add_enem |    00034CE6  _generate
     00034D82  _spawn_en |    00034E03  _set_enem |    00034E2C  _check_en
     00034F81  _insert_n |    00035038  _name_arr |    00035048  _check_na
     00035190  _NameMap 
ASxxxx Linker V03.00/V05.40 + sdld,  page 30.
Hexadecimal  [32-Bits]

Area                       Addr        Size        Decimal Bytes (Attributes)
--------------------       ----        ----        ------- ----- ------------
_CODE_1                00014000    00000720 =        1824. bytes (REL,CON)

        Value  Global            Value  Global            Value  Global    
        -----  ------            -----  ------            -----  ------    
     00014000  _MC_down  |    00014040  _MC_right |    00014080  _MC_up   
     000140C0  _MC_left  |    00014100  _Hector   |    00014140  _Safy    
     00014180  _arrow    |    00014190  _Objects  |    000142E0  _LarvaOsc
     00014320  _Predator |    00014360  _Trisguar |    000143A0  _Key     
     000143C0  _Lock     |    00014440  _Textbox  |    000144E0  _Mugshot 
     000145E0  _Mythril  |    00014620  _Numbers  |    000146E0  _Arrow   
     00014700  _Drops   
ASxxxx Linker V03.00/V05.40 + sdld,  page 31.
Hexadecimal  [32-Bits]

Area                       Addr        Size        Decimal Bytes (Attributes)
--------------------       ----        ----        ------- ----- ------------
_CODE_2                00024000    00003C28 =       15400. bytes (REL,CON)

        Value  Global            Value  Global            Value  Global    
        -----  ------            -----  ------            -----  ------    
     00024000  _game_ove |    000240E5  _black_sp |    0002425C  _Camp    
     000243C4  _room1    |    0002452C  _room2    |    00024694  _room3   
     000247FC  _room4    |    00024964  _room5    |    00024ACC  _room6   
     00024C34  _room7    |    00024D9C  _room8    |    00024F04  _room9   
     0002506C  _room10   |    000251D4  _room11   |    0002533C  _room12  
     000254A4  _room13   |    0002560C  _room14   |    00025774  _room15  
     000258DC  _GameOver |    00025A44  _Title    |    00025BAC  _CampTile
     0002626C  _camp_col |    000262D8  _Text     |    00026608  _MiniGUI 
     00026638  _DungeonT |    00026978  _Titlescr |    00027888  _TitleTex
     00027908  _GameOver
ASxxxx Linker V03.00/V05.40 + sdld,  page 32.
Hexadecimal  [32-Bits]

Area                       Addr        Size        Decimal Bytes (Attributes)
--------------------       ----        ----        ------- ----- ------------
_FONT_HEADER0          00000000    00000003 =           3. bytes (ABS,CON)

        Value  Global            Value  Global            Value  Global    
        -----  ------            -----  ------            -----  ------    
ASxxxx Linker V03.00/V05.40 + sdld,  page 33.
Hexadecimal  [32-Bits]

Area                       Addr        Size        Decimal Bytes (Attributes)
--------------------       ----        ----        ------- ----- ------------
_HEADER_LCD0           00000000    00000003 =           3. bytes (ABS,CON)

        Value  Global            Value  Global            Value  Global    
        -----  ------            -----  ------            -----  ------    
ASxxxx Linker V03.00/V05.40 + sdld,  page 34.

Files Linked                              [ module(s) ]

C:\Users\Utente\Desktop\Tirocinio\gbdk-win64\gbdk\lib/gb/crt0.o
                                          [ Runtime ]
main.o                                    [ main ]
gen_dung.o                                [ generate_dungeon ]
gui.o                                     [ gui ]
enemy.o                                   [ enemy ]
drop.o                                    [ drop ]
titlescr.o                                [ titlescreen ]
character.o                               [ character ]
Hector.o                                  [ Hector ]
Safy.o                                    [ Safy ]
Arrow.o                                   [ Arrow ]
DungeonObjects.o                          [ DungeonObjects ]
Enemies.o                                 [ Enemies ]
key.o                                     [ key ]
Lock.o                                    [ Lock ]
textbox.o                                 [ textbox ]
mugshot.o                                 [ mugshot ]
mythril.o                                 [ mythril ]
Numbers.o                                 [ Numbers ]
wpn_arrow.o                               [ wpn_arrow ]
minimap.o                                 [ minimap ]
gameoverscript.o                          [ gameover ]
CampMap.o                                 [ CampMap ]
Dungeon.o                                 [ Dungeon ]
GameOver.o                                [ GameOver ]
Title.o                                   [ Title ]
CampTiles.o                               [ CampTiles ]
Text.o                                    [ Text ]
DungeonTiles.o                            [ DungeonTiles ]
Titlescreen.o                             [ Titlescreen ]
TitleText.o                               [ TitleText ]
GameOverText.o                            [ GameOverText ]
gui_management.o                          [ gui_management ]
spawn_enemy.o                             [ spawn_enemy ]
combat_system.o                           [ combat_system ]
insert_name.o                             [ insert_name ]
namescreenmap.o                           [ NameScreenMap ]
enemy_drops.o                             [ enemyDrops ]


Libraries Linked                          [ object file ]

C:\Users\Utente\Desktop\Tirocinio\gbdk-win64\gbdk\lib/sm83/sm83.lib
                                          [ rand.o ]
C:\Users\Utente\Desktop\Tirocinio\gbdk-win64\gbdk\lib/gb/gb.lib
                                          [ sfr.o ]
C:\Users\Utente\Desktop\Tirocinio\gbdk-win64\gbdk\lib/sm83/sm83.lib
                                          [ div.o ]
C:\Users\Utente\Desktop\Tirocinio\gbdk-win64\gbdk\lib/gb/gb.lib
                                          [ set_wi_t.o ]
C:\Users\Utente\Desktop\Tirocinio\gbdk-win64\gbdk\lib/gb/gb.lib
                                          [ set_data.o ]
C:\Users\Utente\Desktop\Tirocinio\gbdk-win64\gbdk\lib/gb/gb.lib
                                          [ font.o ]
C:\Users\Utente\Desktop\Tirocinio\gbdk-win64\gbdk\lib/gb/gb.lib
                                          [ pad.o ]
C:\Users\Utente\Desktop\Tirocinio\gbdk-win64\gbdk\lib/sm83/sm83.lib
                                          [ memcpy.o ]
C:\Users\Utente\Desktop\Tirocinio\gbdk-win64\gbdk\lib/gb/gb.lib
                                          [ color.o ]
C:\Users\Utente\Desktop\Tirocinio\gbdk-win64\gbdk\lib/gb/gb.lib
                                          [ drawing_isr.o ]
C:\Users\Utente\Desktop\Tirocinio\gbdk-win64\gbdk\lib/gb/gb.lib
                                          [ f_ibm_sh.o ]
C:\Users\Utente\Desktop\Tirocinio\gbdk-win64\gbdk\lib/gb/gb.lib
                                          [ lcd.o ]
C:\Users\Utente\Desktop\Tirocinio\gbdk-win64\gbdk\lib/gb/gb.lib
                                          [ delay.o ]
C:\Users\Utente\Desktop\Tirocinio\gbdk-win64\gbdk\lib/gb/gb.lib
                                          [ ___sdcc_bcall_ehl.o ]
C:\Users\Utente\Desktop\Tirocinio\gbdk-win64\gbdk\lib/gb/gb.lib
                                          [ set_bk_t.o ]
C:\Users\Utente\Desktop\Tirocinio\gbdk-win64\gbdk\lib/gb/gb.lib
                                          [ set_xy_t.o ]
C:\Users\Utente\Desktop\Tirocinio\gbdk-win64\gbdk\lib/gb/gb.lib
                                          [ set_1bit_data.o ]

ASxxxx Linker V03.00/V05.40 + sdld,  page 35.

User Base Address Definitions

_DATA=0xC0A0
_CODE=0x0200
_HRAM=0xFF80
ASxxxx Linker V03.00/V05.40 + sdld,  page 36.

User Global Definitions

_shadow_OAM=0xC000
.STACK=0xE000

