ASxxxx Linker V03.00/V05.40 + sdld,  page 1.
Hexadecimal  [32-Bits]

Area                       Addr        Size        Decimal Bytes (Attributes)
--------------------       ----        ----        ------- ----- ------------
.  .ABS.               00000000    00000000 =           0. bytes (ABS,CON)

        Value  Global            Value  Global            Value  Global    
        -----  ------            -----  ------            -----  ------    
     00000000  .__.ABS.  |    00000000  _rMBC7_SR |    00000000  _rRAMG   
     00000000  l__BASE   |    00000000  l__BSS    |    00000000  l__CABS  
     00000000  l__CODE_0 |    00000000  l__DABS   |    00000000  l__FONT_H
     00000000  l__HEADER |    00000000  l__HEADER |    00000000  l__HEAP  
     00000000  l__HEAP_E |    00000000  l__LIT    |    00000000  s__CABS  
     00000000  s__DABS   |    00000000  s__FONT_H |    00000000  s__FONT_H
     00000000  s__HEADER |    00000000  s__HEADER |    00000000  s__HEADER
     00000000  s__HEADER |    00000000  s__HEADER |    00000000  s__HEADER
     00000000  s__HEADER |    00000000  s__HEADER |    00000000  s__HEADER
     00000000  s__HEADER |    00000000  s__HEADER |    00000000  s__HEADER
     00000000  s__HEADER |    00000000  s__HEADER |    00000000  s__HEADER
     00000000  s__HEADER |    00000000  s__HEADER |    00000000  s__HEADER
     00000000  s__HEADER |    00000000  s__HEADER |    00000000  s__HEADER
     00000001  b_game_ov |    00000001  b_generat |    00000001  b_play_at
     00000001  b_play_ex |    00000001  b_play_he |    00000001  b_play_hi
     00000001  b_play_wa |    00000001  l__GSFINA |    00000001  l__HEADER
     00000001  l__HEADER |    00000001  l__HEADER |    00000001  l__HEADER
     00000001  l__HEADER |    00000001  l__HEADER |    00000001  l__HEADER
     00000002  b_assign_ |    00000002  b_put_on_ |    00000002  b_set_roo
     00000002  l__HEADER |    00000002  l__HEADER |    00000002  l__HEADER
     00000003  b_arrow_s |    00000003  b_boss_de |    00000003  b_check_e
     00000003  b_check_m |    00000003  b_check_m |    00000003  b_check_m
     00000003  b_death_s |    00000003  b_draw_fl |    00000003  b_draw_fl
     00000003  b_draw_lo |    00000003  b_draw_lo |    00000003  b_empty_m
     00000003  b_enemy_d |    00000003  b_generat |    00000003  b_get_num
     00000003  b_heal_sf |    00000003  b_hide_do |    00000003  b_hit_sfx
     00000003  b_init_so |    00000003  b_insert_ |    00000003  b_move_bo
     00000003  b_set_cha |    00000003  b_set_ene |    00000003  b_set_ene
     00000003  b_set_map |    00000003  b_set_min |    00000003  b_set_sta
     00000003  b_set_tit |    00000003  b_show_nu |    00000003  b_show_ti
     00000003  b_spawn_b |    00000003  b_spawn_e |    00000003  b_stairs_
     00000003  b_start_s |    00000003  b_unlock_ |    00000003  l__FONT_H
     00000003  l__HEADER |    00000003  l__HEADER |    00000005  l__HEADER
     00000006  b_start_i |    00000006  l__HEADER |    00000007  l__HEADER
     00000008  l__HEADER |    0000000C  l__GSINIT |    00000013  l__HRAM  
     00000030  l__HEADER |    00000041  l__INITIA |    00000041  l__INITIA
     00000060  l__HEADER |    000000AB  l__HEADER |    00000200  s__CODE  
     000002B9  l__DATA   |    0000087F  l__HOME   |    00001FC3  l__CODE_1
     00002000  _rROMB0   |    0000296E  l__CODE_5 |    00003000  _rROMB1  
     00003144  l__CODE_6 |    000034A7  l__CODE   |    000036A7  s__HOME  
     00003A70  l__CODE_3 |    00003A95  l__CODE_2 |    00003C1A  l__CODE_4
     00003F26  s__BASE   |    00003F26  s__CODE_0 |    00003F26  s__INITIA
     00003F26  s__LIT    |    00003F67  s__GSINIT |    00003F73  s__GSFINA
     00004000  _rMBC7_SR |    00004000  _rRAMB    |    00008000  __VRAM   
     00008000  __VRAM800 |    00008800  __VRAM880 |    00009000  __VRAM900
     00009800  __SCRN0   |    00009C00  __SCRN1   |    0000A000  __SRAM   
     0000A000  _rMBC7_LA |    0000A000  _sram_dat |    0000A010  _rMBC7_LA
     0000A020  _rMBC7_AC |    0000A030  _rMBC7_AC |    0000A040  _rMBC7_AC
     0000A050  _rMBC7_AC |    0000C000  __RAM     |    0000C000  _shadow_O
     0000C0A0  s__DATA   |    0000C359  s__BSS    |    0000C359  s__INITIA
ASxxxx Linker V03.00/V05.40 + sdld,  page 2.
Hexadecimal  [32-Bits]

Area                       Addr        Size        Decimal Bytes (Attributes)
--------------------       ----        ----        ------- ----- ------------
.  .ABS.               00000000    00000000 =           0. bytes (ABS,CON)

        Value  Global            Value  Global            Value  Global    
        -----  ------            -----  ------            -----  ------    
     0000C39A  s__HEAP   |    0000C39A  s__HEAP_E |    0000D000  __RAMBANK
     0000E000  .STACK    |    0000FE00  __OAMRAM  |    0000FF00  _P1_REG  
     0000FF00  __IO      |    0000FF01  _SB_REG   |    0000FF02  _SC_REG  
     0000FF04  _DIV_REG  |    0000FF05  _TIMA_REG |    0000FF06  _TMA_REG 
     0000FF07  _TAC_REG  |    0000FF0F  _IF_REG   |    0000FF10  _NR10_REG
     0000FF11  _NR11_REG |    0000FF12  _NR12_REG |    0000FF13  _NR13_REG
     0000FF14  _NR14_REG |    0000FF16  _NR21_REG |    0000FF17  _NR22_REG
     0000FF18  _NR23_REG |    0000FF19  _NR24_REG |    0000FF1A  _NR30_REG
     0000FF1B  _NR31_REG |    0000FF1C  _NR32_REG |    0000FF1D  _NR33_REG
     0000FF1E  _NR34_REG |    0000FF20  _NR41_REG |    0000FF21  _NR42_REG
     0000FF22  _NR43_REG |    0000FF23  _NR44_REG |    0000FF24  _NR50_REG
     0000FF25  _NR51_REG |    0000FF26  _NR52_REG |    0000FF30  _AUD3WAVE
     0000FF30  _PCM_SAMP |    0000FF30  __AUD3WAV |    0000FF40  _LCDC_REG
     0000FF41  _STAT_REG |    0000FF42  _SCY_REG  |    0000FF43  _SCX_REG 
     0000FF44  _LY_REG   |    0000FF45  _LYC_REG  |    0000FF46  _DMA_REG 
     0000FF47  _BGP_REG  |    0000FF48  _OBP0_REG |    0000FF49  _OBP1_REG
     0000FF4A  _WY_REG   |    0000FF4B  _WX_REG   |    0000FF4D  _KEY1_REG
     0000FF4F  _VBK_REG  |    0000FF51  _HDMA1_RE |    0000FF52  _HDMA2_RE
     0000FF53  _HDMA3_RE |    0000FF54  _HDMA4_RE |    0000FF55  _HDMA5_RE
     0000FF56  _RP_REG   |    0000FF68  _BCPS_REG |    0000FF69  _BCPD_REG
     0000FF6A  _OCPS_REG |    0000FF6B  _OCPD_REG |    0000FF70  _SVBK_REG
     0000FF76  _PCM12_RE |    0000FF77  _PCM34_RE |    0000FF80  __HRAM   
     0000FF80  s__HRAM   |    0000FFFF  _IE_REG   |    00014000  s__CODE_1
     00024000  s__CODE_2 |    00034000  s__CODE_3 |    00044000  s__CODE_4
     00054000  s__CODE_5 |    00064000  s__CODE_6
ASxxxx Linker V03.00/V05.40 + sdld,  page 3.
Hexadecimal  [32-Bits]

Area                       Addr        Size        Decimal Bytes (Attributes)
--------------------       ----        ----        ------- ----- ------------
_CODE                  00000200    000034A7 =       13479. bytes (REL,CON)

        Value  Global            Value  Global            Value  Global    
        -----  ------            -----  ------            -----  ------    
     00000200  _main     |    0000050A  _blank    |    0000051A  _black   
     0000052A  _chest_cl |    00000532  _chest_op |    0000053A  _stairs  
     0000053E  _menu_bod |    0000053F  _arrow_ti |    00000540  _upgrade_
     00000548  _cure_upg |    00000550  _level_cu |    00000563  _move_cha
     000005B4  _check_in |    00000972  _check_in |    00000D63  _check_te
     00000F4E  _is_sprit |    00000F62  _set_camp |    0000104D  _hide_cam
     000010A6  _set_dung |    000010C6  _set_room |    0000130F  _change_r
     0000139E  _check_op |    000014B6  _go_into_ |    00001543  _go_next_
     000015F1  _set_text |    0000170D  _player_a |    0000191F  _shoot_ar
     00001A6D  _heal_pla |    00001AAF  _smooth_m |    00001C30  _check_ti
     00001C69  _music_vb |    00001C81  _return_t |    00001CDD  _set_tuto
     00001D97  _gui_map  |    00001EFF  _mini_gui |    00001F13  _hector_m
     0000202B  _safy_men |    00002143  _obtained |    000021A7  _obtained
     0000220B  _boss_def |    0000226F  _game_sav |    000022D3  _move_ene
     0000252C  _set_enem |    000025DE  _set_enem |    00002792  _check_di
     000027A3  _check_di |    000027B5  _enemy_at |    000027FF  _enemy_de
     000028B5  _enemy_sm |    000029AA  _is_enemy |    000029EF  _spawn_dr
     00002AAB  _clear_dr |    00002AD8  _check_dr |    00002BA4  _load_gam
     00002C89  _save_gam |    00002D70  _hUGE_ini |    00002D72  hUGE_init
     00002DC8  _hUGE_mut |    00002DCA  hUGE_mute |    00003004  _hUGE_set
     00003005  hUGE_set_ |    000031C6  _hUGE_dos |    000031C6  _hUGE_dos
     000031C6  hUGE_doso |    000034F2  __divsuch |    000034F8  __modsuch
     00003501  __divusch |    0000350A  __modusch |    00003516  __divscha
     0000351B  __modscha |    00003522  __divsint |    0000352B  __modsint
     00003537  __divucha |    0000353C  __moducha |    00003543  __divuint
     0000354C  __moduint |    00003558  .div8     |    00003558  .mod8    
     00003560  .div16    |    00003560  .mod16    |    00003596  .divu8   
     00003596  .modu8    |    00003599  .divu16   |    00003599  .modu16  
     000035D9  _arand    |    00003605  _initaran |    00003630  __mulsuch
     00003633  __mulusch |    0000363C  __mulscha |    00003644  __mulint 
     00003663  __mulucha |    00003675  ___memcpy |    00003675  _memcpy  
ASxxxx Linker V03.00/V05.40 + sdld,  page 4.
Hexadecimal  [32-Bits]

Area                       Addr        Size        Decimal Bytes (Attributes)
--------------------       ----        ----        ------- ----- ------------
_HEADER0               00000000    00000001 =           1. bytes (ABS,CON)

        Value  Global            Value  Global            Value  Global    
        -----  ------            -----  ------            -----  ------    
     00000020  .call_hl 
ASxxxx Linker V03.00/V05.40 + sdld,  page 5.
Hexadecimal  [32-Bits]

Area                       Addr        Size        Decimal Bytes (Attributes)
--------------------       ----        ----        ------- ----- ------------
_HEADER1               00000000    00000005 =           5. bytes (ABS,CON)

        Value  Global            Value  Global            Value  Global    
        -----  ------            -----  ------            -----  ------    
     00000028  .MemsetSm
ASxxxx Linker V03.00/V05.40 + sdld,  page 6.
Hexadecimal  [32-Bits]

Area                       Addr        Size        Decimal Bytes (Attributes)
--------------------       ----        ----        ------- ----- ------------
_HEADER2               00000000    00000007 =           7. bytes (ABS,CON)

        Value  Global            Value  Global            Value  Global    
        -----  ------            -----  ------            -----  ------    
     00000030  .MemcpySm
ASxxxx Linker V03.00/V05.40 + sdld,  page 7.
Hexadecimal  [32-Bits]

Area                       Addr        Size        Decimal Bytes (Attributes)
--------------------       ----        ----        ------- ----- ------------
_HEADER3               00000000    00000008 =           8. bytes (ABS,CON)

        Value  Global            Value  Global            Value  Global    
        -----  ------            -----  ------            -----  ------    
ASxxxx Linker V03.00/V05.40 + sdld,  page 8.
Hexadecimal  [32-Bits]

Area                       Addr        Size        Decimal Bytes (Attributes)
--------------------       ----        ----        ------- ----- ------------
_HEADER4               00000000    00000060 =          96. bytes (ABS,CON)

        Value  Global            Value  Global            Value  Global    
        -----  ------            -----  ------            -----  ------    
     00000080  .int      |    0000008F  _wait_int |    0000009C  __standar
     000000AB  _refresh_ |    000000CC  _set_inte
ASxxxx Linker V03.00/V05.40 + sdld,  page 9.
Hexadecimal  [32-Bits]

Area                       Addr        Size        Decimal Bytes (Attributes)
--------------------       ----        ----        ------- ----- ------------
_HEADER5               00000000    00000001 =           1. bytes (ABS,CON)

        Value  Global            Value  Global            Value  Global    
        -----  ------            -----  ------            -----  ------    
ASxxxx Linker V03.00/V05.40 + sdld,  page 10.
Hexadecimal  [32-Bits]

Area                       Addr        Size        Decimal Bytes (Attributes)
--------------------       ----        ----        ------- ----- ------------
_HEADER6               00000000    00000002 =           2. bytes (ABS,CON)

        Value  Global            Value  Global            Value  Global    
        -----  ------            -----  ------            -----  ------    
ASxxxx Linker V03.00/V05.40 + sdld,  page 11.
Hexadecimal  [32-Bits]

Area                       Addr        Size        Decimal Bytes (Attributes)
--------------------       ----        ----        ------- ----- ------------
_HEADER7               00000000    00000030 =          48. bytes (ABS,CON)

        Value  Global            Value  Global            Value  Global    
        -----  ------            -----  ------            -----  ------    
ASxxxx Linker V03.00/V05.40 + sdld,  page 12.
Hexadecimal  [32-Bits]

Area                       Addr        Size        Decimal Bytes (Attributes)
--------------------       ----        ----        ------- ----- ------------
_HEADER8               00000000    00000006 =           6. bytes (ABS,CON)

        Value  Global            Value  Global            Value  Global    
        -----  ------            -----  ------            -----  ------    
ASxxxx Linker V03.00/V05.40 + sdld,  page 13.
Hexadecimal  [32-Bits]

Area                       Addr        Size        Decimal Bytes (Attributes)
--------------------       ----        ----        ------- ----- ------------
_HEADER9               00000000    00000003 =           3. bytes (ABS,CON)

        Value  Global            Value  Global            Value  Global    
        -----  ------            -----  ------            -----  ------    
ASxxxx Linker V03.00/V05.40 + sdld,  page 14.
Hexadecimal  [32-Bits]

Area                       Addr        Size        Decimal Bytes (Attributes)
--------------------       ----        ----        ------- ----- ------------
_HEADERa               00000000    00000001 =           1. bytes (ABS,CON)

        Value  Global            Value  Global            Value  Global    
        -----  ------            -----  ------            -----  ------    
ASxxxx Linker V03.00/V05.40 + sdld,  page 15.
Hexadecimal  [32-Bits]

Area                       Addr        Size        Decimal Bytes (Attributes)
--------------------       ----        ----        ------- ----- ------------
_HEADERb               00000000    00000001 =           1. bytes (ABS,CON)

        Value  Global            Value  Global            Value  Global    
        -----  ------            -----  ------            -----  ------    
ASxxxx Linker V03.00/V05.40 + sdld,  page 16.
Hexadecimal  [32-Bits]

Area                       Addr        Size        Decimal Bytes (Attributes)
--------------------       ----        ----        ------- ----- ------------
_HEADERc               00000000    00000001 =           1. bytes (ABS,CON)

        Value  Global            Value  Global            Value  Global    
        -----  ------            -----  ------            -----  ------    
ASxxxx Linker V03.00/V05.40 + sdld,  page 17.
Hexadecimal  [32-Bits]

Area                       Addr        Size        Decimal Bytes (Attributes)
--------------------       ----        ----        ------- ----- ------------
_HEADERd               00000000    00000002 =           2. bytes (ABS,CON)

        Value  Global            Value  Global            Value  Global    
        -----  ------            -----  ------            -----  ------    
ASxxxx Linker V03.00/V05.40 + sdld,  page 18.
Hexadecimal  [32-Bits]

Area                       Addr        Size        Decimal Bytes (Attributes)
--------------------       ----        ----        ------- ----- ------------
_HEADERe               00000000    00000001 =           1. bytes (ABS,CON)

        Value  Global            Value  Global            Value  Global    
        -----  ------            -----  ------            -----  ------    
ASxxxx Linker V03.00/V05.40 + sdld,  page 19.
Hexadecimal  [32-Bits]

Area                       Addr        Size        Decimal Bytes (Attributes)
--------------------       ----        ----        ------- ----- ------------
_HEADERf               00000000    00000001 =           1. bytes (ABS,CON)

        Value  Global            Value  Global            Value  Global    
        -----  ------            -----  ------            -----  ------    
ASxxxx Linker V03.00/V05.40 + sdld,  page 20.
Hexadecimal  [32-Bits]

Area                       Addr        Size        Decimal Bytes (Attributes)
--------------------       ----        ----        ------- ----- ------------
_HEADER10              00000000    00000002 =           2. bytes (ABS,CON)

        Value  Global            Value  Global            Value  Global    
        -----  ------            -----  ------            -----  ------    
ASxxxx Linker V03.00/V05.40 + sdld,  page 21.
Hexadecimal  [32-Bits]

Area                       Addr        Size        Decimal Bytes (Attributes)
--------------------       ----        ----        ------- ----- ------------
_HEADER11              00000000    000000AB =         171. bytes (ABS,CON)

        Value  Global            Value  Global            Value  Global    
        -----  ------            -----  ------            -----  ------    
     00000150  .reset    |    00000150  _reset    |    00000157  .code_sta
     000001B9  _exit     |    000001BD  .wait_vbl |    000001BD  _vsync   
     000001BD  _wait_vbl |    000001CD  .remove_V |    000001CD  _remove_V
     000001D0  .remove_i |    000001ED  .add_VBL  |    000001ED  _add_VBL 
     000001F0  .add_int 
ASxxxx Linker V03.00/V05.40 + sdld,  page 22.
Hexadecimal  [32-Bits]

Area                       Addr        Size        Decimal Bytes (Attributes)
--------------------       ----        ----        ------- ----- ------------
_HOME                  000036A7    0000087F =        2175. bytes (REL,CON)

        Value  Global            Value  Global            Value  Global    
        -----  ------            -----  ------            -----  ------    
     000036A7  .memset_s |    000036B0  .memcpy_s |    000036CD  .display_
     000036CD  _display_ |    000036E5  _set_win_ |    000036F9  _set_tile
     000036FE  _set_bkg_ |    000036FE  _set_win_ |    00003706  _set_spri
     00003736  _font_loa |    0000373D  font_load |    00003785  font_copy
     000037BB  font_set  |    000037C8  .put_char |    000037E0  .out_char
     000037E6  .del_char |    0000383C  _putchar  |    00003845  _setchar 
     0000384E  _font_loa |    0000385C  _font_set |    0000386B  _font_ini
     0000388A  .cls      |    0000388A  _cls      |    000038AC  _gotoxy  
     000038B7  _posx     |    000038C8  _posy     |    000038F0  .cr_curs 
     00003905  .adv_curs |    00003961  .tmode    |    0000397E  .tmode_ou
     00003987  .padup    |    00003987  _waitpadu |    00003997  .jpad    
     00003997  _joypad   |    000039BF  _waitpad  |    000039C0  .wait_pad
     000039C7  _color    |    000039C7  _set_1bpp |    000039D6  .drawing_
     000039F3  _font_ibm |    00003DD4  .add_LCD  |    00003DD4  _add_LCD 
     00003DDA  .remove_L |    00003DDA  _remove_L |    00003DE0  .delay   
     00003DE0  _delay    |    00003E0C  ___sdcc_b |    00003E20  _rand    
     00003E20  _randw    |    00003E4B  _initrand |    00003E4D  .initrand
     00003E56  _set_bkg_ |    00003E6A  .set_xy_w |    00003E73  .set_xy_b
     00003E82  .set_xy_t |    00003EC6  _set_bkg_ |    00003EC6  _set_win_
     00003ECE  _set_spri
ASxxxx Linker V03.00/V05.40 + sdld,  page 23.
Hexadecimal  [32-Bits]

Area                       Addr        Size        Decimal Bytes (Attributes)
--------------------       ----        ----        ------- ----- ------------
_INITIALIZER           00003F26    00000041 =          65. bytes (REL,CON)

        Value  Global            Value  Global            Value  Global    
        -----  ------            -----  ------            -----  ------    
ASxxxx Linker V03.00/V05.40 + sdld,  page 24.
Hexadecimal  [32-Bits]

Area                       Addr        Size        Decimal Bytes (Attributes)
--------------------       ----        ----        ------- ----- ------------
_GSINIT                00003F67    0000000C =          12. bytes (REL,CON)

        Value  Global            Value  Global            Value  Global    
        -----  ------            -----  ------            -----  ------    
     00003F67  gsinit   
ASxxxx Linker V03.00/V05.40 + sdld,  page 25.
Hexadecimal  [32-Bits]

Area                       Addr        Size        Decimal Bytes (Attributes)
--------------------       ----        ----        ------- ----- ------------
_GSFINAL               00003F73    00000001 =           1. bytes (REL,CON)

        Value  Global            Value  Global            Value  Global    
        -----  ------            -----  ------            -----  ------    
ASxxxx Linker V03.00/V05.40 + sdld,  page 26.
Hexadecimal  [32-Bits]

Area                       Addr        Size        Decimal Bytes (Attributes)
--------------------       ----        ----        ------- ----- ------------
_DATA                  0000C0A0    000002B9 =         697. bytes (REL,CON)

        Value  Global            Value  Global            Value  Global    
        -----  ------            -----  ------            -----  ------    
     0000C0A0  __cpu     |    0000C0A1  __is_GBA  |    0000C0A2  .mode    
     0000C0A3  .sys_time |    0000C0A3  _sys_time |    0000C0A5  .int_0x40
     0000C0B1  _last_x   |    0000C0B2  _last_y   |    0000C0B3  _player_c
     0000C0B5  _current_ |    0000C21D  _map      |    0000C22D  _seed    
     0000C22F  _current_ |    0000C243  _enemy    |    0000C24D  _boss    
     0000C255  _drops    |    0000C25B  _dungeon  |    0000C26B  _doors   
     0000C27B  _obstacle |    0000C28B  _locked_d |    0000C28C  _room_ene
     0000C2B8  _hUGE_cur |    0000C2B8  hUGE_curr |    0000C2B9  _hUGE_mut
     0000C339  font_curr |    0000C33C  font_firs |    0000C33D  font_tabl
     0000C34F  .int_0x48 |    0000C357  ___rand_s
ASxxxx Linker V03.00/V05.40 + sdld,  page 27.
Hexadecimal  [32-Bits]

Area                       Addr        Size        Decimal Bytes (Attributes)
--------------------       ----        ----        ------- ----- ------------
_INITIALIZED           0000C359    00000041 =          65. bytes (REL,CON)

        Value  Global            Value  Global            Value  Global    
        -----  ------            -----  ------            -----  ------    
     0000C359  _tile_id  |    0000C35B  _x        |    0000C35C  _y       
     0000C35D  _last_dir |    0000C35E  _frames   |    0000C35F  _seconds 
     0000C360  _minutes  |    0000C361  _hours    |    0000C362  _enemies_
     0000C363  _max_floo |    0000C364  _power_up |    0000C365  _last_joy
     0000C366  _current_ |    0000C367  _player_n |    0000C36C  _max_hp  
     0000C36D  _current_ |    0000C36E  _attack   |    0000C36F  _defense 
     0000C370  _level    |    0000C371  _experien |    0000C372  _sword_lv
     0000C373  _shield_l |    0000C374  _arrow_lv |    0000C375  _quiver_l
     0000C376  _potion_q |    0000C377  _potion_h |    0000C378  _max_heal
     0000C379  _heals    |    0000C37A  _heal_qua |    0000C37B  _arrow_da
     0000C37C  _num_arro |    0000C37D  _max_num_ |    0000C37E  _minerals
     0000C37F  _obt_myth |    0000C380  _obt_exp  |    0000C381  _menu_ope
     0000C382  _current_ |    0000C383  _current_ |    0000C384  _hector_o
     0000C385  _safy_opt |    0000C386  _map_opti |    0000C387  _key_obta
     0000C388  _treasure |    0000C389  _lock_ope |    0000C38A  _boss_bat
     0000C38B  _boss_flo |    0000C38C  _returnin |    0000C38D  _current_
     0000C38E  _ng       |    0000C38F  _walk_ste |    0000C390  _char_opt
     0000C391  _option_x |    0000C392  _option_y |    0000C393  _curr_let
     0000C394  .curx     |    0000C395  .cury     |    0000C396  .fg_colou
     0000C396  __current |    0000C397  .bg_colou |    0000C398  .draw_mod
     0000C399  __map_til
ASxxxx Linker V03.00/V05.40 + sdld,  page 28.
Hexadecimal  [32-Bits]

Area                       Addr        Size        Decimal Bytes (Attributes)
--------------------       ----        ----        ------- ----- ------------
_HRAM                  0000FF80    00000013 =          19. bytes (REL,CON)

        Value  Global            Value  Global            Value  Global    
        -----  ------            -----  ------            -----  ------    
     0000FF80  .refresh_ |    0000FF90  __current |    0000FF91  __vbl_don
     0000FF92  __shadow_
ASxxxx Linker V03.00/V05.40 + sdld,  page 29.
Hexadecimal  [32-Bits]

Area                       Addr        Size        Decimal Bytes (Attributes)
--------------------       ----        ----        ------- ----- ------------
_CODE_1                00014000    00001FC3 =        8131. bytes (REL,CON)

        Value  Global            Value  Global            Value  Global    
        -----  ------            -----  ------            -----  ------    
     00014000  _MC_down  |    00014040  _MC_right |    00014080  _MC_up   
     000140C0  _MC_left  |    00014100  _MC_attac |    00014180  _MC_attac
     00014200  _MC_attac |    00014280  _MC_attac |    00014300  _MC_walk_
     00014380  _MC_walk_ |    000143C0  _MC_walk_ |    00014400  _MC_walk_
     00014480  _Hector   |    000144C0  _Safy     |    00014500  _arrow   
     00014510  _Objects  |    00014660  _Key      |    00014680  _Lock    
     00014700  _Textbox  |    000147A0  _Mugshot  |    000148A0  _Mythril 
     000148E0  _Numbers  |    000149A0  _Arrow    |    000149C0  _Drops   
     000149E0  _generate |    00014AA7  _min_leng |    00014AA8  _max_leng
     00014AA9  _empty_ar |    00014AFE  _create_l |    00014E21  _append  
     00014E40  _add_bran |    00015095  _find_nea |    000151CB  _shuffle_
     00015258  _create_d |    00015361  _add_obst |    0001538A  _GameOver
     000154F2  _GameOver |    00015812  _game_ove |    000158F7  _black_sp
     00015A6E  _SwordDow |    00015A8E  _SwordRig |    00015AAE  _SwordUp 
     00015ACE  _SwordLef |    00015AEE  _Explosio |    00015BAE  _HealEff 
     00015BCE  _HitEff   |    00015BFE  _play_att |    00015D10  _play_wal
     00015DAE  _play_hea |    00015E4E  _play_hit |    00015EF7  _play_exp
ASxxxx Linker V03.00/V05.40 + sdld,  page 30.
Hexadecimal  [32-Bits]

Area                       Addr        Size        Decimal Bytes (Attributes)
--------------------       ----        ----        ------- ----- ------------
_CODE_2                00024000    00003A95 =       14997. bytes (REL,CON)

        Value  Global            Value  Global            Value  Global    
        -----  ------            -----  ------            -----  ------    
     00024000  _Camp     |    00024168  _room1    |    000242D0  _room2   
     00024438  _room3    |    000245A0  _room4    |    00024708  _room5   
     00024870  _room6    |    000249D8  _room7    |    00024B40  _room8   
     00024CA8  _room9    |    00024E10  _room10   |    00024F78  _room11  
     000250E0  _room12   |    00025248  _room13   |    000253B0  _room14  
     00025518  _room15   |    00025680  _NoExit   |    000257E8  _Title   
     00025950  _CampTile |    00026010  _camp_col |    0002607C  _Text    
     000263AC  _MiniGUI  |    000263DC  _DungeonT |    0002672C  _Titlescr
     0002763C  _TitleTex |    000276BC  _assign_o |    0002783D  _put_on_r
     000278D9  _set_room |    000279F5  _deco1    |    00027A19  _deco2   
     00027A3D  _deco3    |    00027A61  _deco4    |    00027A85  _deco5   
ASxxxx Linker V03.00/V05.40 + sdld,  page 31.
Hexadecimal  [32-Bits]

Area                       Addr        Size        Decimal Bytes (Attributes)
--------------------       ----        ----        ------- ----- ------------
_CODE_3                00034000    00003A70 =       14960. bytes (REL,CON)

        Value  Global            Value  Global            Value  Global    
        -----  ------            -----  ------            -----  ------    
     00034000  _set_titl |    000340F5  _set_map_ |    00034187  _Minimap 
     00034297  _map_menu |    000343FF  _stats_me |    00034567  _empty_ma
     00034589  _check_ma |    0003462E  _check_ma |    0003473D  _show_tim
     000347AA  _check_me |    000348E7  _hector_u |    00034A8D  _safy_upg
     00034C2E  _set_stat |    00034DF4  _set_mini |    00034EEE  _show_num
     00034FEE  _get_num_ |    00035033  _add_enem |    0003512D  _generate
     000351C9  _spawn_en |    0003524A  _set_enem |    00035273  _set_enem
     00035421  _check_en |    0003571D  _set_char |    000357A7  _insert_n
     0003585E  _name_arr |    0003586E  _check_na |    000359B6  _NameMap 
     00035B1E  _draw_loc |    00035BBD  _draw_fli |    00035C5F  _draw_loc
     00035CC5  _draw_fli |    00035D33  _hide_doo |    00035D5C  _EyeBoss 
     00035E5C  _BossArmo |    00035F5C  _BossDrag |    0003605C  _BossMant
     0003615C  _BossOrb  |    0003625C  _spawn_bo |    00036595  _move_bos
     000366CC  _boss_che |    000366DE  _boss_che |    000366F1  _boss_att
     0003673B  _boss_smo |    0003686D  _boss_dea |    000368A6  _init_sou
     000368B3  _arrow_sf |    000368C7  _hit_sfx  |    000368D8  _heal_sfx
     000368ED  _stairs_s |    00036914  _unlock_s |    00036925  _start_sf
     0003693A  _death_sf |    0003694F  _enemy_de |    00036DC1  _gameover
     00036DD6  _LarvaOsc |    00036E16  _Predator |    00036E56  _Trisguar
     00036E96  _Armatura |    00036ED6  _Ragnocch |    00036F16  _Pipistre
     00036F56  _Dragocch |    00036F96  _OcchioIn |    00036FD6  _Quadrato
     00037016  _Cervelli |    00037056  _Cristall |    000378F3  _boss_def
     00037908  _Tutorial
ASxxxx Linker V03.00/V05.40 + sdld,  page 32.
Hexadecimal  [32-Bits]

Area                       Addr        Size        Decimal Bytes (Attributes)
--------------------       ----        ----        ------- ----- ------------
_CODE_4                00044000    00003C1A =       15386. bytes (REL,CON)

        Value  Global            Value  Global            Value  Global    
        -----  ------            -----  ------            -----  ------    
     000450C5  _dungeon_ |    00047C05  _boss_the
ASxxxx Linker V03.00/V05.40 + sdld,  page 33.
Hexadecimal  [32-Bits]

Area                       Addr        Size        Decimal Bytes (Attributes)
--------------------       ----        ----        ------- ----- ------------
_CODE_5                00054000    0000296E =       10606. bytes (REL,CON)

        Value  Global            Value  Global            Value  Global    
        -----  ------            -----  ------            -----  ------    
     00054F63  _camp_the |    00056959  _intro_th
ASxxxx Linker V03.00/V05.40 + sdld,  page 34.
Hexadecimal  [32-Bits]

Area                       Addr        Size        Decimal Bytes (Attributes)
--------------------       ----        ----        ------- ----- ------------
_CODE_6                00064000    00003144 =       12612. bytes (REL,CON)

        Value  Global            Value  Global            Value  Global    
        -----  ------            -----  ------            -----  ------    
     00064000  _Slide1   |    00064EB0  _IntroSli |    00065018  _start_in
     00065256  _wait_nex |    0006526D  _Slide2   |    00065D9D  _IntroSli
     00065F05  _Slide3   |    00066E25  _IntroSli |    00066F8D  _line_emp
     00066F9F  _line1    |    00066FB3  _line2    |    00066FC7  _line3   
     00066FDB  _line4    |    00066FEE  _line5    |    00067000  _line6   
     00067012  _line7    |    00067024  _line8    |    00067036  _line9   
     00067048  _line10   |    0006705A  _line11   |    0006706C  _line12  
     0006707E  _line13   |    00067090  _line14   |    000670A2  _line15  
     000670B4  _line16   |    000670C6  _line17   |    000670D8  _line18  
     000670EA  _line19   |    000670FC  _line20   |    0006710E  _line21  
     00067120  _line22   |    00067132  _line23  
ASxxxx Linker V03.00/V05.40 + sdld,  page 35.
Hexadecimal  [32-Bits]

Area                       Addr        Size        Decimal Bytes (Attributes)
--------------------       ----        ----        ------- ----- ------------
_FONT_HEADER0          00000000    00000003 =           3. bytes (ABS,CON)

        Value  Global            Value  Global            Value  Global    
        -----  ------            -----  ------            -----  ------    
ASxxxx Linker V03.00/V05.40 + sdld,  page 36.
Hexadecimal  [32-Bits]

Area                       Addr        Size        Decimal Bytes (Attributes)
--------------------       ----        ----        ------- ----- ------------
_HEADER_LCD0           00000000    00000003 =           3. bytes (ABS,CON)

        Value  Global            Value  Global            Value  Global    
        -----  ------            -----  ------            -----  ------    
ASxxxx Linker V03.00/V05.40 + sdld,  page 37.

Files Linked                              [ module(s) ]

C:\Users\Utente\Desktop\Tirocinio\gbdk-win64\gbdk\lib/gb/crt0.o
                                          [ Runtime ]
obj/main.o                                [ main ]
obj/src/scripts/gui.o                     [ gui ]
obj/src/scripts/enemy.o                   [ enemy ]
obj/src/scripts/drop.o                    [ drop ]
obj/src/scripts/save_manager.o            [ save_manager ]
obj/src/tiles/character.o                 [ character ]
obj/src/tiles/Hector.o                    [ Hector ]
obj/src/tiles/Safy.o                      [ Safy ]
obj/src/tiles/Arrow.o                     [ Arrow ]
obj/src/tiles/DungeonObjects.o            [ DungeonObjects ]
obj/src/tiles/key.o                       [ key ]
obj/src/tiles/Lock.o                      [ Lock ]
obj/src/tiles/textbox.o                   [ textbox ]
obj/src/tiles/mugshot.o                   [ mugshot ]
obj/src/tiles/mythril.o                   [ mythril ]
obj/src/tiles/numbers.o                   [ numbers ]
obj/src/tiles/wpn_arrow.o                 [ wpn_arrow ]
obj/src/tiles/enemyDrops.o                [ enemyDrops ]
obj/src/scripts/generate_dungeon.o        [ generate_dungeon ]
obj/src/maps/GameOver.o                   [ GameOver ]
obj/src/tiles/GameOverText.o              [ GameOverText ]
obj/src/scripts/gameover.o                [ gameover ]
obj/src/tiles/sword.o                     [ sword ]
obj/src/tiles/effects.o                   [ effects ]
obj/src/scripts/play_effects.o            [ play_effects ]
obj/src/maps/CampMap.o                    [ CampMap ]
obj/src/maps/Dungeon.o                    [ Dungeon ]
obj/src/maps/Title.o                      [ Title ]
obj/src/tiles/CampTiles.o                 [ CampTiles ]
obj/src/tiles/Text.o                      [ Text ]
obj/src/tiles/DungeonTiles.o              [ DungeonTiles ]
obj/src/tiles/Titlescreen.o               [ Titlescreen ]
obj/src/tiles/TitleText.o                 [ TitleText ]
obj/src/scripts/dungeon_management.o      [ dungeon_management ]
obj/src/maps/Obstacles.o                  [ Obstacles ]
obj/src/scripts/titlescreen.o             [ titlescreen ]
obj/src/tiles/minimap.o                   [ minimap ]
obj/src/scripts/gui_management.o          [ gui_management ]
obj/src/scripts/spawn_enemy.o             [ spawn_enemy ]
obj/src/scripts/combat_system.o           [ combat_system ]
obj/src/scripts/insert_name.o             [ insert_name ]
obj/src/maps/NameScreenMap.o              [ NameScreenMap ]
obj/src/scripts/locked_doors.o            [ locked_doors ]
obj/src/tiles/bosses.o                    [ bosses ]
obj/src/scripts/boss.o                    [ boss ]
obj/src/scripts/sound.o                   [ sound ]
obj/src/songs/gameover_sound.o            [ gameover_sound ]
obj/src/tiles/Enemies.o                   [ Enemies ]
obj/src/songs/boss_defeated.o             [ boss_defeated ]
obj/src/maps/TutorialMap.o                [ TutorialMap ]
obj/src/songs/dungeon_song.o              [ dungeon_song ]
obj/src/songs/boss_song.o                 [ boss_song ]
obj/src/songs/camp_song.o                 [ camp_song ]
obj/src/songs/intro_song.o                [ intro_song ]
obj/src/tiles/IntroSlide1Tiles.o          [ IntroSlide1Tiles ]
obj/src/maps/IntroSlide1.o                [ IntroSlide1 ]
obj/src/scripts/intro.o                   [ intro ]
obj/src/tiles/IntroSlide2Tiles.o          [ IntroSlide2Tiles ]
obj/src/maps/IntroSlide2.o                [ IntroSlide2 ]
obj/src/tiles/IntroSlide3Tiles.o          [ IntroSlide3Tiles ]
obj/src/maps/IntroSlide3.o                [ IntroSlide3 ]
obj/src/maps/IntroText.o                  [ IntroText ]
hUGEDriver.lib                            [ hUGEDriver_obj ]


Libraries Linked                          [ object file ]

C:\Users\Utente\Desktop\Tirocinio\gbdk-win64\gbdk\lib/gb/gb.lib
                                          [ sfr.o ]
C:\Users\Utente\Desktop\Tirocinio\gbdk-win64\gbdk\lib/sm83/sm83.lib
                                          [ div.o ]
C:\Users\Utente\Desktop\Tirocinio\gbdk-win64\gbdk\lib/gb/gb.lib
                                          [ set_wi_t.o ]
C:\Users\Utente\Desktop\Tirocinio\gbdk-win64\gbdk\lib/sm83/sm83.lib
                                          [ arand.o ]
C:\Users\Utente\Desktop\Tirocinio\gbdk-win64\gbdk\lib/gb/gb.lib
                                          [ set_data.o ]
C:\Users\Utente\Desktop\Tirocinio\gbdk-win64\gbdk\lib/sm83/sm83.lib
                                          [ mul.o ]
C:\Users\Utente\Desktop\Tirocinio\gbdk-win64\gbdk\lib/gb/gb.lib
                                          [ font.o ]
C:\Users\Utente\Desktop\Tirocinio\gbdk-win64\gbdk\lib/gb/gb.lib
                                          [ pad.o ]
C:\Users\Utente\Desktop\Tirocinio\gbdk-win64\gbdk\lib/sm83/sm83.lib
                                          [ memcpy.o ]
C:\Users\Utente\Desktop\Tirocinio\gbdk-win64\gbdk\lib/gb/gb.lib
                                          [ color.o ]
C:\Users\Utente\Desktop\Tirocinio\gbdk-win64\gbdk\lib/gb/gb.lib
                                          [ drawing_isr.o ]
C:\Users\Utente\Desktop\Tirocinio\gbdk-win64\gbdk\lib/gb/gb.lib
                                          [ f_ibm_sh.o ]
C:\Users\Utente\Desktop\Tirocinio\gbdk-win64\gbdk\lib/gb/gb.lib
                                          [ lcd.o ]
C:\Users\Utente\Desktop\Tirocinio\gbdk-win64\gbdk\lib/gb/gb.lib
                                          [ delay.o ]
C:\Users\Utente\Desktop\Tirocinio\gbdk-win64\gbdk\lib/gb/gb.lib
                                          [ ___sdcc_bcall_ehl.o ]
C:\Users\Utente\Desktop\Tirocinio\gbdk-win64\gbdk\lib/sm83/sm83.lib
                                          [ rand.o ]
C:\Users\Utente\Desktop\Tirocinio\gbdk-win64\gbdk\lib/gb/gb.lib
                                          [ set_bk_t.o ]
C:\Users\Utente\Desktop\Tirocinio\gbdk-win64\gbdk\lib/gb/gb.lib
                                          [ set_xy_t.o ]
C:\Users\Utente\Desktop\Tirocinio\gbdk-win64\gbdk\lib/gb/gb.lib
                                          [ set_1bit_data.o ]

ASxxxx Linker V03.00/V05.40 + sdld,  page 38.

User Base Address Definitions

_DATA=0xC0A0
_CODE=0x0200
_HRAM=0xFF80
ASxxxx Linker V03.00/V05.40 + sdld,  page 39.

User Global Definitions

_shadow_OAM=0xC000
.STACK=0xE000

