ASxxxx Linker V03.00/V05.40 + sdld,  page 1.
Hexadecimal  [32-Bits]

Area                       Addr        Size        Decimal Bytes (Attributes)
--------------------       ----        ----        ------- ----- ------------
.  .ABS.               00000000    00000000 =           0. bytes (ABS,CON)

        Value  Global            Value  Global            Value  Global    
        -----  ------            -----  ------            -----  ------    
     00000000  .__.ABS.  |    00000000  _rMBC7_SR |    00000000  _rRAMG   
     00000000  l__BASE   |    00000000  l__BSS    |    00000000  l__CABS  
     00000000  l__CODE_0 |    00000000  l__DABS   |    00000000  l__FONT_H
     00000000  l__HEADER |    00000000  l__HEADER |    00000000  l__HEAP  
     00000000  l__HEAP_E |    00000000  l__LIT    |    00000000  s__CABS  
     00000000  s__DABS   |    00000000  s__FONT_H |    00000000  s__FONT_H
     00000000  s__HEADER |    00000000  s__HEADER |    00000000  s__HEADER
     00000000  s__HEADER |    00000000  s__HEADER |    00000000  s__HEADER
     00000000  s__HEADER |    00000000  s__HEADER |    00000000  s__HEADER
     00000000  s__HEADER |    00000000  s__HEADER |    00000000  s__HEADER
     00000000  s__HEADER |    00000000  s__HEADER |    00000000  s__HEADER
     00000000  s__HEADER |    00000000  s__HEADER |    00000000  s__HEADER
     00000000  s__HEADER |    00000000  s__HEADER |    00000000  s__HEADER
     00000001  l__GSFINA |    00000001  l__HEADER |    00000001  l__HEADER
     00000001  l__HEADER |    00000001  l__HEADER |    00000001  l__HEADER
     00000001  l__HEADER |    00000001  l__HEADER |    00000002  l__HEADER
     00000002  l__HEADER |    00000002  l__HEADER |    00000003  l__FONT_H
     00000003  l__HEADER |    00000003  l__HEADER |    00000005  l__HEADER
     00000006  l__HEADER |    00000007  l__HEADER |    00000008  l__HEADER
     0000000C  l__GSINIT |    00000013  l__HRAM   |    00000030  l__HEADER
     00000039  l__INITIA |    00000039  l__INITIA |    00000060  l__HEADER
     00000062  l__DATA   |    000000AB  l__HEADER |    00000200  s__CODE  
     0000086B  l__HOME   |    00002000  _rROMB0   |    00003000  _rROMB1  
     00004000  _rMBC7_SR |    00004000  _rRAMB    |    00005573  l__CODE  
     00005773  s__HOME   |    00005FDE  s__BASE   |    00005FDE  s__CODE_0
     00005FDE  s__INITIA |    00005FDE  s__LIT    |    00006017  s__GSINIT
     00006023  s__GSFINA |    00008000  __VRAM    |    00008000  __VRAM800
     00008800  __VRAM880 |    00009000  __VRAM900 |    00009800  __SCRN0  
     00009C00  __SCRN1   |    0000A000  __SRAM    |    0000A000  _rMBC7_LA
     0000A010  _rMBC7_LA |    0000A020  _rMBC7_AC |    0000A030  _rMBC7_AC
     0000A040  _rMBC7_AC |    0000A050  _rMBC7_AC |    0000C000  __RAM    
     0000C000  _shadow_O |    0000C0A0  s__DATA   |    0000C102  s__BSS   
     0000C102  s__INITIA |    0000C13B  s__HEAP   |    0000C13B  s__HEAP_E
     0000D000  __RAMBANK |    0000E000  .STACK    |    0000FE00  __OAMRAM 
     0000FF00  _P1_REG   |    0000FF00  __IO      |    0000FF01  _SB_REG  
     0000FF02  _SC_REG   |    0000FF04  _DIV_REG  |    0000FF05  _TIMA_REG
     0000FF06  _TMA_REG  |    0000FF07  _TAC_REG  |    0000FF0F  _IF_REG  
     0000FF10  _NR10_REG |    0000FF11  _NR11_REG |    0000FF12  _NR12_REG
     0000FF13  _NR13_REG |    0000FF14  _NR14_REG |    0000FF16  _NR21_REG
     0000FF17  _NR22_REG |    0000FF18  _NR23_REG |    0000FF19  _NR24_REG
     0000FF1A  _NR30_REG |    0000FF1B  _NR31_REG |    0000FF1C  _NR32_REG
     0000FF1D  _NR33_REG |    0000FF1E  _NR34_REG |    0000FF20  _NR41_REG
     0000FF21  _NR42_REG |    0000FF22  _NR43_REG |    0000FF23  _NR44_REG
     0000FF24  _NR50_REG |    0000FF25  _NR51_REG |    0000FF26  _NR52_REG
     0000FF30  _AUD3WAVE |    0000FF30  _PCM_SAMP |    0000FF30  __AUD3WAV
     0000FF40  _LCDC_REG |    0000FF41  _STAT_REG |    0000FF42  _SCY_REG 
     0000FF43  _SCX_REG  |    0000FF44  _LY_REG   |    0000FF45  _LYC_REG 
     0000FF46  _DMA_REG  |    0000FF47  _BGP_REG  |    0000FF48  _OBP0_REG
     0000FF49  _OBP1_REG |    0000FF4A  _WY_REG   |    0000FF4B  _WX_REG  
     0000FF4D  _KEY1_REG |    0000FF4F  _VBK_REG  |    0000FF51  _HDMA1_RE
ASxxxx Linker V03.00/V05.40 + sdld,  page 2.
Hexadecimal  [32-Bits]

Area                       Addr        Size        Decimal Bytes (Attributes)
--------------------       ----        ----        ------- ----- ------------
.  .ABS.               00000000    00000000 =           0. bytes (ABS,CON)

        Value  Global            Value  Global            Value  Global    
        -----  ------            -----  ------            -----  ------    
     0000FF52  _HDMA2_RE |    0000FF53  _HDMA3_RE |    0000FF54  _HDMA4_RE
     0000FF55  _HDMA5_RE |    0000FF56  _RP_REG   |    0000FF68  _BCPS_REG
     0000FF69  _BCPD_REG |    0000FF6A  _OCPS_REG |    0000FF6B  _OCPD_REG
     0000FF70  _SVBK_REG |    0000FF76  _PCM12_RE |    0000FF77  _PCM34_RE
     0000FF80  __HRAM    |    0000FF80  s__HRAM   |    0000FFFF  _IE_REG  
ASxxxx Linker V03.00/V05.40 + sdld,  page 3.
Hexadecimal  [32-Bits]

Area                       Addr        Size        Decimal Bytes (Attributes)
--------------------       ----        ----        ------- ----- ------------
_CODE                  00000200    00005573 =       21875. bytes (REL,CON)

        Value  Global            Value  Global            Value  Global    
        -----  ------            -----  ------            -----  ------    
     00000200  _main     |    00000347  _Characte |    00000387  _CampTile
     00000A47  _camp_col |    00000AB3  _Camp     |    00000C1B  _Hector  
     00000C5B  _Safy     |    00000C9B  _DungeonT |    00000FDB  _room1   
     00001143  _room2    |    000012AB  _room3    |    00001413  _room4   
     0000157B  _room5    |    000016E3  _room6    |    0000184B  _room7   
     000019B3  _room8    |    00001B1B  _room9    |    00001C83  _room10  
     00001DEB  _room11   |    00001F53  _room12   |    000020BB  _room13  
     00002223  _room14   |    0000238B  _room15   |    000024F3  _Textbox 
     00002593  _Text     |    000028C3  _MiniGUI  |    000028F3  _Mugshot 
     000029F3  _Objects  |    00002B43  _arrow    |    00002B53  _Lock    
     00002BD3  _Key      |    00002BF3  _Mythril  |    00002C33  _LarvaOsc
     00002C73  _Predator |    00002CB3  _Trisguar |    00002CF3  _chest_cl
     00002CFB  _chest_op |    00002D03  _stairs   |    00002D07  _menu_bod
     00002D08  _upgrade_ |    00002D10  _cure_upg |    00002D18  _level_cu
     00002D2B  _move_cha |    00002D88  _check_in |    00002F40  _check_in
     00003244  _check_te |    00003403  _is_sprit |    00003417  _set_camp
     000034B7  _hide_cam |    000034E0  _set_dung |    00003525  _set_room
     000036EE  _change_r |    0000376F  _set_stat |    00003946  _check_op
     000039A6  _set_mini |    00003AA0  _check_me |    00003BDE  _hector_u
     00003D72  _safy_upg |    00003F02  _go_into_ |    00003F7E  _go_next_
     00004000  _draw_loc |    0000409C  _draw_fli |    00004138  _draw_loc
     0000419B  _draw_fli |    00004201  _hide_doo |    0000422A  _set_text
     00004338  _check_en |    00004409  _player_a |    00004438  _generate
     00004504  _min_leng |    00004505  _max_leng |    00004506  _empty_ar
     0000455B  _create_l |    00004861  _append   |    00004880  _add_bran
     00004ACE  _find_nea |    00004C04  _shuffle_ |    00004C91  _create_d
     00004D9A  _gui_map  |    00004F02  _mini_gui |    00004F16  _hector_m
     0000502E  _safy_men |    00005146  _obtained |    000051AA  _obtained
     0000520E  _move_ene |    0000540A  _set_enem |    000054BC  _set_enem
     0000557C  _check_di |    0000558D  _check_di |    0000559F  _enemy_at
     000055C2  _enemy_de |    0000565A  __divsuch |    00005660  __modsuch
     00005669  __divusch |    00005672  __modusch |    0000567E  __divscha
     00005683  __modscha |    0000568A  __divsint |    00005693  __modsint
     0000569F  __divucha |    000056A4  __moducha |    000056AB  __divuint
     000056B4  __moduint |    000056C0  .div8     |    000056C0  .mod8    
     000056C8  .div16    |    000056C8  .mod16    |    000056FE  .divu8   
     000056FE  .modu8    |    00005701  .divu16   |    00005701  .modu16  
     00005741  ___memcpy |    00005741  _memcpy  
ASxxxx Linker V03.00/V05.40 + sdld,  page 4.
Hexadecimal  [32-Bits]

Area                       Addr        Size        Decimal Bytes (Attributes)
--------------------       ----        ----        ------- ----- ------------
_HEADER0               00000000    00000001 =           1. bytes (ABS,CON)

        Value  Global            Value  Global            Value  Global    
        -----  ------            -----  ------            -----  ------    
     00000020  .call_hl 
ASxxxx Linker V03.00/V05.40 + sdld,  page 5.
Hexadecimal  [32-Bits]

Area                       Addr        Size        Decimal Bytes (Attributes)
--------------------       ----        ----        ------- ----- ------------
_HEADER1               00000000    00000005 =           5. bytes (ABS,CON)

        Value  Global            Value  Global            Value  Global    
        -----  ------            -----  ------            -----  ------    
     00000028  .MemsetSm
ASxxxx Linker V03.00/V05.40 + sdld,  page 6.
Hexadecimal  [32-Bits]

Area                       Addr        Size        Decimal Bytes (Attributes)
--------------------       ----        ----        ------- ----- ------------
_HEADER2               00000000    00000007 =           7. bytes (ABS,CON)

        Value  Global            Value  Global            Value  Global    
        -----  ------            -----  ------            -----  ------    
     00000030  .MemcpySm
ASxxxx Linker V03.00/V05.40 + sdld,  page 7.
Hexadecimal  [32-Bits]

Area                       Addr        Size        Decimal Bytes (Attributes)
--------------------       ----        ----        ------- ----- ------------
_HEADER3               00000000    00000008 =           8. bytes (ABS,CON)

        Value  Global            Value  Global            Value  Global    
        -----  ------            -----  ------            -----  ------    
ASxxxx Linker V03.00/V05.40 + sdld,  page 8.
Hexadecimal  [32-Bits]

Area                       Addr        Size        Decimal Bytes (Attributes)
--------------------       ----        ----        ------- ----- ------------
_HEADER4               00000000    00000060 =          96. bytes (ABS,CON)

        Value  Global            Value  Global            Value  Global    
        -----  ------            -----  ------            -----  ------    
     00000080  .int      |    0000008F  _wait_int |    0000009C  __standar
     000000AB  _refresh_ |    000000CC  _set_inte
ASxxxx Linker V03.00/V05.40 + sdld,  page 9.
Hexadecimal  [32-Bits]

Area                       Addr        Size        Decimal Bytes (Attributes)
--------------------       ----        ----        ------- ----- ------------
_HEADER5               00000000    00000001 =           1. bytes (ABS,CON)

        Value  Global            Value  Global            Value  Global    
        -----  ------            -----  ------            -----  ------    
ASxxxx Linker V03.00/V05.40 + sdld,  page 10.
Hexadecimal  [32-Bits]

Area                       Addr        Size        Decimal Bytes (Attributes)
--------------------       ----        ----        ------- ----- ------------
_HEADER6               00000000    00000002 =           2. bytes (ABS,CON)

        Value  Global            Value  Global            Value  Global    
        -----  ------            -----  ------            -----  ------    
ASxxxx Linker V03.00/V05.40 + sdld,  page 11.
Hexadecimal  [32-Bits]

Area                       Addr        Size        Decimal Bytes (Attributes)
--------------------       ----        ----        ------- ----- ------------
_HEADER7               00000000    00000030 =          48. bytes (ABS,CON)

        Value  Global            Value  Global            Value  Global    
        -----  ------            -----  ------            -----  ------    
ASxxxx Linker V03.00/V05.40 + sdld,  page 12.
Hexadecimal  [32-Bits]

Area                       Addr        Size        Decimal Bytes (Attributes)
--------------------       ----        ----        ------- ----- ------------
_HEADER8               00000000    00000006 =           6. bytes (ABS,CON)

        Value  Global            Value  Global            Value  Global    
        -----  ------            -----  ------            -----  ------    
ASxxxx Linker V03.00/V05.40 + sdld,  page 13.
Hexadecimal  [32-Bits]

Area                       Addr        Size        Decimal Bytes (Attributes)
--------------------       ----        ----        ------- ----- ------------
_HEADER9               00000000    00000003 =           3. bytes (ABS,CON)

        Value  Global            Value  Global            Value  Global    
        -----  ------            -----  ------            -----  ------    
ASxxxx Linker V03.00/V05.40 + sdld,  page 14.
Hexadecimal  [32-Bits]

Area                       Addr        Size        Decimal Bytes (Attributes)
--------------------       ----        ----        ------- ----- ------------
_HEADERa               00000000    00000001 =           1. bytes (ABS,CON)

        Value  Global            Value  Global            Value  Global    
        -----  ------            -----  ------            -----  ------    
ASxxxx Linker V03.00/V05.40 + sdld,  page 15.
Hexadecimal  [32-Bits]

Area                       Addr        Size        Decimal Bytes (Attributes)
--------------------       ----        ----        ------- ----- ------------
_HEADERb               00000000    00000001 =           1. bytes (ABS,CON)

        Value  Global            Value  Global            Value  Global    
        -----  ------            -----  ------            -----  ------    
ASxxxx Linker V03.00/V05.40 + sdld,  page 16.
Hexadecimal  [32-Bits]

Area                       Addr        Size        Decimal Bytes (Attributes)
--------------------       ----        ----        ------- ----- ------------
_HEADERc               00000000    00000001 =           1. bytes (ABS,CON)

        Value  Global            Value  Global            Value  Global    
        -----  ------            -----  ------            -----  ------    
ASxxxx Linker V03.00/V05.40 + sdld,  page 17.
Hexadecimal  [32-Bits]

Area                       Addr        Size        Decimal Bytes (Attributes)
--------------------       ----        ----        ------- ----- ------------
_HEADERd               00000000    00000002 =           2. bytes (ABS,CON)

        Value  Global            Value  Global            Value  Global    
        -----  ------            -----  ------            -----  ------    
ASxxxx Linker V03.00/V05.40 + sdld,  page 18.
Hexadecimal  [32-Bits]

Area                       Addr        Size        Decimal Bytes (Attributes)
--------------------       ----        ----        ------- ----- ------------
_HEADERe               00000000    00000001 =           1. bytes (ABS,CON)

        Value  Global            Value  Global            Value  Global    
        -----  ------            -----  ------            -----  ------    
ASxxxx Linker V03.00/V05.40 + sdld,  page 19.
Hexadecimal  [32-Bits]

Area                       Addr        Size        Decimal Bytes (Attributes)
--------------------       ----        ----        ------- ----- ------------
_HEADERf               00000000    00000001 =           1. bytes (ABS,CON)

        Value  Global            Value  Global            Value  Global    
        -----  ------            -----  ------            -----  ------    
ASxxxx Linker V03.00/V05.40 + sdld,  page 20.
Hexadecimal  [32-Bits]

Area                       Addr        Size        Decimal Bytes (Attributes)
--------------------       ----        ----        ------- ----- ------------
_HEADER10              00000000    00000002 =           2. bytes (ABS,CON)

        Value  Global            Value  Global            Value  Global    
        -----  ------            -----  ------            -----  ------    
ASxxxx Linker V03.00/V05.40 + sdld,  page 21.
Hexadecimal  [32-Bits]

Area                       Addr        Size        Decimal Bytes (Attributes)
--------------------       ----        ----        ------- ----- ------------
_HEADER11              00000000    000000AB =         171. bytes (ABS,CON)

        Value  Global            Value  Global            Value  Global    
        -----  ------            -----  ------            -----  ------    
     00000150  .reset    |    00000150  _reset    |    00000157  .code_sta
     000001B9  _exit     |    000001BD  .wait_vbl |    000001BD  _vsync   
     000001BD  _wait_vbl |    000001CD  .remove_V |    000001CD  _remove_V
     000001D0  .remove_i |    000001ED  .add_VBL  |    000001ED  _add_VBL 
     000001F0  .add_int 
ASxxxx Linker V03.00/V05.40 + sdld,  page 22.
Hexadecimal  [32-Bits]

Area                       Addr        Size        Decimal Bytes (Attributes)
--------------------       ----        ----        ------- ----- ------------
_HOME                  00005773    0000086B =        2155. bytes (REL,CON)

        Value  Global            Value  Global            Value  Global    
        -----  ------            -----  ------            -----  ------    
     00005773  .memset_s |    0000577C  .memcpy_s |    00005799  .display_
     00005799  _display_ |    000057B1  _rand     |    000057B1  _randw   
     000057DC  _initrand |    000057DE  .initrand |    000057E7  _set_win_
     000057FB  _set_tile |    00005800  _set_bkg_ |    00005800  _set_win_
     00005808  _set_spri |    00005838  _font_loa |    0000583F  font_load
     00005887  font_copy |    000058BD  font_set  |    000058CA  .put_char
     000058E2  .out_char |    000058E8  .del_char |    0000593E  _putchar 
     00005947  _setchar  |    00005950  _font_loa |    0000595E  _font_set
     0000596D  _font_ini |    0000598C  .cls      |    0000598C  _cls     
     000059AE  _gotoxy   |    000059B9  _posx     |    000059CA  _posy    
     000059F2  .cr_curs  |    00005A07  .adv_curs |    00005A63  .tmode   
     00005A80  .tmode_ou |    00005A89  .padup    |    00005A89  _waitpadu
     00005A99  .jpad     |    00005A99  _joypad   |    00005AC1  _waitpad 
     00005AC2  .wait_pad |    00005AC9  _color    |    00005AC9  _set_1bpp
     00005AD8  .drawing_ |    00005AF5  _font_ibm |    00005ED6  .add_LCD 
     00005ED6  _add_LCD  |    00005EDC  .remove_L |    00005EDC  _remove_L
     00005EE2  .delay    |    00005EE2  _delay    |    00005F0E  _set_bkg_
     00005F22  .set_xy_w |    00005F2B  .set_xy_b |    00005F3A  .set_xy_t
     00005F7E  _set_bkg_ |    00005F7E  _set_win_ |    00005F86  _set_spri
ASxxxx Linker V03.00/V05.40 + sdld,  page 23.
Hexadecimal  [32-Bits]

Area                       Addr        Size        Decimal Bytes (Attributes)
--------------------       ----        ----        ------- ----- ------------
_INITIALIZER           00005FDE    00000039 =          57. bytes (REL,CON)

        Value  Global            Value  Global            Value  Global    
        -----  ------            -----  ------            -----  ------    
ASxxxx Linker V03.00/V05.40 + sdld,  page 24.
Hexadecimal  [32-Bits]

Area                       Addr        Size        Decimal Bytes (Attributes)
--------------------       ----        ----        ------- ----- ------------
_GSINIT                00006017    0000000C =          12. bytes (REL,CON)

        Value  Global            Value  Global            Value  Global    
        -----  ------            -----  ------            -----  ------    
     00006017  gsinit   
ASxxxx Linker V03.00/V05.40 + sdld,  page 25.
Hexadecimal  [32-Bits]

Area                       Addr        Size        Decimal Bytes (Attributes)
--------------------       ----        ----        ------- ----- ------------
_GSFINAL               00006023    00000001 =           1. bytes (REL,CON)

        Value  Global            Value  Global            Value  Global    
        -----  ------            -----  ------            -----  ------    
ASxxxx Linker V03.00/V05.40 + sdld,  page 26.
Hexadecimal  [32-Bits]

Area                       Addr        Size        Decimal Bytes (Attributes)
--------------------       ----        ----        ------- ----- ------------
_DATA                  0000C0A0    00000062 =          98. bytes (REL,CON)

        Value  Global            Value  Global            Value  Global    
        -----  ------            -----  ------            -----  ------    
     0000C0A0  __cpu     |    0000C0A1  __is_GBA  |    0000C0A2  .mode    
     0000C0A3  .sys_time |    0000C0A3  _sys_time |    0000C0A5  .int_0x40
     0000C0B1  _last_x   |    0000C0B2  _last_y   |    0000C0B3  _player_c
     0000C0B5  _current_ |    0000C0B7  _enemy    |    0000C0C1  _dungeon 
     0000C0D1  _doors    |    0000C0E1  _locked_d |    0000C0E2  ___rand_s
     0000C0E4  font_curr |    0000C0E7  font_firs |    0000C0E8  font_tabl
     0000C0FA  .int_0x48
ASxxxx Linker V03.00/V05.40 + sdld,  page 27.
Hexadecimal  [32-Bits]

Area                       Addr        Size        Decimal Bytes (Attributes)
--------------------       ----        ----        ------- ----- ------------
_INITIALIZED           0000C102    00000039 =          57. bytes (REL,CON)

        Value  Global            Value  Global            Value  Global    
        -----  ------            -----  ------            -----  ------    
     0000C102  _tile_id  |    0000C104  _x        |    0000C105  _y       
     0000C106  _blank    |    0000C116  _arrow_ti |    0000C117  _last_joy
     0000C118  _current_ |    0000C119  _max_hp   |    0000C11A  _current_
     0000C11B  _attack   |    0000C11C  _defense  |    0000C11D  _level   
     0000C11E  _experien |    0000C11F  _sword_lv |    0000C120  _shield_l
     0000C121  _arrow_lv |    0000C122  _quiver_l |    0000C123  _potion_q
     0000C124  _potion_h |    0000C125  _heals    |    0000C126  _heal_qua
     0000C127  _arrow_da |    0000C128  _num_arro |    0000C129  _max_num_
     0000C12A  _minerals |    0000C12B  _menu_ope |    0000C12C  _current_
     0000C12D  _current_ |    0000C12E  _hector_o |    0000C12F  _safy_opt
     0000C130  _key_obta |    0000C131  _treasure |    0000C132  _lock_ope
     0000C133  _current_ |    0000C135  .curx     |    0000C136  .cury    
     0000C137  .fg_colou |    0000C137  __current |    0000C138  .bg_colou
     0000C139  .draw_mod |    0000C13A  __map_til
ASxxxx Linker V03.00/V05.40 + sdld,  page 28.
Hexadecimal  [32-Bits]

Area                       Addr        Size        Decimal Bytes (Attributes)
--------------------       ----        ----        ------- ----- ------------
_HRAM                  0000FF80    00000013 =          19. bytes (REL,CON)

        Value  Global            Value  Global            Value  Global    
        -----  ------            -----  ------            -----  ------    
     0000FF80  .refresh_ |    0000FF90  __current |    0000FF91  __vbl_don
     0000FF92  __shadow_
ASxxxx Linker V03.00/V05.40 + sdld,  page 29.
Hexadecimal  [32-Bits]

Area                       Addr        Size        Decimal Bytes (Attributes)
--------------------       ----        ----        ------- ----- ------------
_FONT_HEADER0          00000000    00000003 =           3. bytes (ABS,CON)

        Value  Global            Value  Global            Value  Global    
        -----  ------            -----  ------            -----  ------    
ASxxxx Linker V03.00/V05.40 + sdld,  page 30.
Hexadecimal  [32-Bits]

Area                       Addr        Size        Decimal Bytes (Attributes)
--------------------       ----        ----        ------- ----- ------------
_HEADER_LCD0           00000000    00000003 =           3. bytes (ABS,CON)

        Value  Global            Value  Global            Value  Global    
        -----  ------            -----  ------            -----  ------    
ASxxxx Linker V03.00/V05.40 + sdld,  page 31.

Files Linked                              [ module(s) ]

C:\Users\Utente\Desktop\Tirocinio\gbdk-win64\gbdk\lib/gb/crt0.o
                                          [ Runtime ]
C:\Users\Utente\AppData\Local\Temp/lcc249640.o
                                          [ main ]
C:\Users\Utente\AppData\Local\Temp/lcc249641.o
                                          [ generate_dungeon ]
C:\Users\Utente\AppData\Local\Temp/lcc249642.o
                                          [ gui ]
C:\Users\Utente\AppData\Local\Temp/lcc249643.o
                                          [ enemy ]


Libraries Linked                          [ object file ]

C:\Users\Utente\Desktop\Tirocinio\gbdk-win64\gbdk\lib/sm83/sm83.lib
                                          [ rand.o ]
C:\Users\Utente\Desktop\Tirocinio\gbdk-win64\gbdk\lib/gb/gb.lib
                                          [ sfr.o ]
C:\Users\Utente\Desktop\Tirocinio\gbdk-win64\gbdk\lib/sm83/sm83.lib
                                          [ div.o ]
C:\Users\Utente\Desktop\Tirocinio\gbdk-win64\gbdk\lib/gb/gb.lib
                                          [ set_wi_t.o ]
C:\Users\Utente\Desktop\Tirocinio\gbdk-win64\gbdk\lib/gb/gb.lib
                                          [ set_data.o ]
C:\Users\Utente\Desktop\Tirocinio\gbdk-win64\gbdk\lib/gb/gb.lib
                                          [ font.o ]
C:\Users\Utente\Desktop\Tirocinio\gbdk-win64\gbdk\lib/gb/gb.lib
                                          [ pad.o ]
C:\Users\Utente\Desktop\Tirocinio\gbdk-win64\gbdk\lib/sm83/sm83.lib
                                          [ memcpy.o ]
C:\Users\Utente\Desktop\Tirocinio\gbdk-win64\gbdk\lib/gb/gb.lib
                                          [ color.o ]
C:\Users\Utente\Desktop\Tirocinio\gbdk-win64\gbdk\lib/gb/gb.lib
                                          [ drawing_isr.o ]
C:\Users\Utente\Desktop\Tirocinio\gbdk-win64\gbdk\lib/gb/gb.lib
                                          [ f_ibm_sh.o ]
C:\Users\Utente\Desktop\Tirocinio\gbdk-win64\gbdk\lib/gb/gb.lib
                                          [ lcd.o ]
C:\Users\Utente\Desktop\Tirocinio\gbdk-win64\gbdk\lib/gb/gb.lib
                                          [ delay.o ]
C:\Users\Utente\Desktop\Tirocinio\gbdk-win64\gbdk\lib/gb/gb.lib
                                          [ set_bk_t.o ]
C:\Users\Utente\Desktop\Tirocinio\gbdk-win64\gbdk\lib/gb/gb.lib
                                          [ set_xy_t.o ]
C:\Users\Utente\Desktop\Tirocinio\gbdk-win64\gbdk\lib/gb/gb.lib
                                          [ set_1bit_data.o ]

ASxxxx Linker V03.00/V05.40 + sdld,  page 32.

User Base Address Definitions

_DATA=0xC0A0
_CODE=0x0200
_HRAM=0xFF80
ASxxxx Linker V03.00/V05.40 + sdld,  page 33.

User Global Definitions

_shadow_OAM=0xC000
.STACK=0xE000

