ASxxxx Linker V03.00/V05.40 + sdld,  page 1.
Hexadecimal  [32-Bits]

Area                       Addr        Size        Decimal Bytes (Attributes)
--------------------       ----        ----        ------- ----- ------------
.  .ABS.               00000000    00000000 =           0. bytes (ABS,CON)

        Value  Global            Value  Global            Value  Global    
        -----  ------            -----  ------            -----  ------    
     00000000  .__.ABS.  |    00000000  _rMBC7_SR |    00000000  _rRAMG   
     00000000  l__BASE   |    00000000  l__BSS    |    00000000  l__CABS  
     00000000  l__CODE_0 |    00000000  l__DABS   |    00000000  l__FONT_H
     00000000  l__HEADER |    00000000  l__HEADER |    00000000  l__HEAP  
     00000000  l__HEAP_E |    00000000  l__LIT    |    00000000  s__CABS  
     00000000  s__DABS   |    00000000  s__FONT_H |    00000000  s__FONT_H
     00000000  s__HEADER |    00000000  s__HEADER |    00000000  s__HEADER
     00000000  s__HEADER |    00000000  s__HEADER |    00000000  s__HEADER
     00000000  s__HEADER |    00000000  s__HEADER |    00000000  s__HEADER
     00000000  s__HEADER |    00000000  s__HEADER |    00000000  s__HEADER
     00000000  s__HEADER |    00000000  s__HEADER |    00000000  s__HEADER
     00000000  s__HEADER |    00000000  s__HEADER |    00000000  s__HEADER
     00000000  s__HEADER |    00000000  s__HEADER |    00000000  s__HEADER
     00000001  b_game_ov |    00000001  b_generat |    00000001  b_play_at
     00000001  b_play_ex |    00000001  b_play_he |    00000001  b_play_hi
     00000001  b_play_wa |    00000001  l__GSFINA |    00000001  l__HEADER
     00000001  l__HEADER |    00000001  l__HEADER |    00000001  l__HEADER
     00000001  l__HEADER |    00000001  l__HEADER |    00000001  l__HEADER
     00000002  b_assign_ |    00000002  b_put_on_ |    00000002  b_set_roo
     00000002  l__HEADER |    00000002  l__HEADER |    00000002  l__HEADER
     00000003  b_arrow_s |    00000003  b_boss_de |    00000003  b_check_e
     00000003  b_check_m |    00000003  b_check_m |    00000003  b_check_m
     00000003  b_death_s |    00000003  b_draw_fl |    00000003  b_draw_fl
     00000003  b_draw_lo |    00000003  b_draw_lo |    00000003  b_empty_m
     00000003  b_enemy_d |    00000003  b_generat |    00000003  b_get_num
     00000003  b_heal_sf |    00000003  b_hide_do |    00000003  b_hit_sfx
     00000003  b_init_so |    00000003  b_insert_ |    00000003  b_move_bo
     00000003  b_set_cha |    00000003  b_set_ene |    00000003  b_set_map
     00000003  b_set_min |    00000003  b_set_sta |    00000003  b_set_tit
     00000003  b_show_nu |    00000003  b_show_ti |    00000003  b_spawn_b
     00000003  b_spawn_e |    00000003  b_stairs_ |    00000003  b_start_s
     00000003  b_unlock_ |    00000003  l__FONT_H |    00000003  l__HEADER
     00000003  l__HEADER |    00000005  l__HEADER |    00000006  l__HEADER
     00000007  l__HEADER |    00000008  l__HEADER |    0000000C  l__GSINIT
     00000013  l__HRAM   |    00000030  l__HEADER |    00000041  l__INITIA
     00000041  l__INITIA |    00000060  l__HEADER |    000000AB  l__HEADER
     00000200  s__CODE   |    00000280  l__DATA   |    0000087F  l__HOME  
     00002000  _rROMB0   |    00002083  l__CODE_1 |    0000296E  l__CODE_5
     00003000  _rROMB1   |    00003039  l__CODE_3 |    000033C0  l__CODE  
     000035C0  s__HOME   |    00003A7A  l__CODE_2 |    00003C1A  l__CODE_4
     00003E3F  s__BASE   |    00003E3F  s__CODE_0 |    00003E3F  s__INITIA
     00003E3F  s__LIT    |    00003E80  s__GSINIT |    00003E8C  s__GSFINA
     00004000  _rMBC7_SR |    00004000  _rRAMB    |    00008000  __VRAM   
     00008000  __VRAM800 |    00008800  __VRAM880 |    00009000  __VRAM900
     00009800  __SCRN0   |    00009C00  __SCRN1   |    0000A000  __SRAM   
     0000A000  _rMBC7_LA |    0000A000  _sram_dat |    0000A010  _rMBC7_LA
     0000A020  _rMBC7_AC |    0000A030  _rMBC7_AC |    0000A040  _rMBC7_AC
     0000A050  _rMBC7_AC |    0000C000  __RAM     |    0000C000  _shadow_O
     0000C0A0  s__DATA   |    0000C320  s__BSS    |    0000C320  s__INITIA
     0000C361  s__HEAP   |    0000C361  s__HEAP_E |    0000D000  __RAMBANK
ASxxxx Linker V03.00/V05.40 + sdld,  page 2.
Hexadecimal  [32-Bits]

Area                       Addr        Size        Decimal Bytes (Attributes)
--------------------       ----        ----        ------- ----- ------------
.  .ABS.               00000000    00000000 =           0. bytes (ABS,CON)

        Value  Global            Value  Global            Value  Global    
        -----  ------            -----  ------            -----  ------    
     0000E000  .STACK    |    0000FE00  __OAMRAM  |    0000FF00  _P1_REG  
     0000FF00  __IO      |    0000FF01  _SB_REG   |    0000FF02  _SC_REG  
     0000FF04  _DIV_REG  |    0000FF05  _TIMA_REG |    0000FF06  _TMA_REG 
     0000FF07  _TAC_REG  |    0000FF0F  _IF_REG   |    0000FF10  _NR10_REG
     0000FF11  _NR11_REG |    0000FF12  _NR12_REG |    0000FF13  _NR13_REG
     0000FF14  _NR14_REG |    0000FF16  _NR21_REG |    0000FF17  _NR22_REG
     0000FF18  _NR23_REG |    0000FF19  _NR24_REG |    0000FF1A  _NR30_REG
     0000FF1B  _NR31_REG |    0000FF1C  _NR32_REG |    0000FF1D  _NR33_REG
     0000FF1E  _NR34_REG |    0000FF20  _NR41_REG |    0000FF21  _NR42_REG
     0000FF22  _NR43_REG |    0000FF23  _NR44_REG |    0000FF24  _NR50_REG
     0000FF25  _NR51_REG |    0000FF26  _NR52_REG |    0000FF30  _AUD3WAVE
     0000FF30  _PCM_SAMP |    0000FF30  __AUD3WAV |    0000FF40  _LCDC_REG
     0000FF41  _STAT_REG |    0000FF42  _SCY_REG  |    0000FF43  _SCX_REG 
     0000FF44  _LY_REG   |    0000FF45  _LYC_REG  |    0000FF46  _DMA_REG 
     0000FF47  _BGP_REG  |    0000FF48  _OBP0_REG |    0000FF49  _OBP1_REG
     0000FF4A  _WY_REG   |    0000FF4B  _WX_REG   |    0000FF4D  _KEY1_REG
     0000FF4F  _VBK_REG  |    0000FF51  _HDMA1_RE |    0000FF52  _HDMA2_RE
     0000FF53  _HDMA3_RE |    0000FF54  _HDMA4_RE |    0000FF55  _HDMA5_RE
     0000FF56  _RP_REG   |    0000FF68  _BCPS_REG |    0000FF69  _BCPD_REG
     0000FF6A  _OCPS_REG |    0000FF6B  _OCPD_REG |    0000FF70  _SVBK_REG
     0000FF76  _PCM12_RE |    0000FF77  _PCM34_RE |    0000FF80  __HRAM   
     0000FF80  s__HRAM   |    0000FFFF  _IE_REG   |    00014000  s__CODE_1
     00024000  s__CODE_2 |    00034000  s__CODE_3 |    00044000  s__CODE_4
     00054000  s__CODE_5
ASxxxx Linker V03.00/V05.40 + sdld,  page 3.
Hexadecimal  [32-Bits]

Area                       Addr        Size        Decimal Bytes (Attributes)
--------------------       ----        ----        ------- ----- ------------
_CODE                  00000200    000033C0 =       13248. bytes (REL,CON)

        Value  Global            Value  Global            Value  Global    
        -----  ------            -----  ------            -----  ------    
     00000200  _main     |    000004F6  _blank    |    00000506  _black   
     00000516  _chest_cl |    0000051E  _chest_op |    00000526  _stairs  
     0000052A  _menu_bod |    0000052B  _arrow_ti |    0000052C  _upgrade_
     00000534  _cure_upg |    0000053C  _level_cu |    0000054F  _move_cha
     000005A0  _check_in |    0000095E  _check_in |    00000D4F  _check_te
     00000F3A  _is_sprit |    00000F4E  _set_camp |    00001039  _hide_cam
     00001092  _set_dung |    000010B2  _set_room |    000012F6  _change_r
     00001385  _check_op |    0000149D  _go_into_ |    0000152A  _go_next_
     000015D4  _set_text |    000016F0  _player_a |    00001902  _shoot_ar
     00001A50  _heal_pla |    00001A92  _smooth_m |    00001C13  _check_ti
     00001C4C  _set_enem |    00001CCC  _music_vb |    00001CE4  _return_t
     00001D40  _set_tuto |    00001DFA  _gui_map  |    00001F62  _mini_gui
     00001F76  _hector_m |    0000208E  _safy_men |    000021A6  _obtained
     0000220A  _obtained |    0000226E  _boss_def |    000022D2  _game_sav
     00002336  _move_ene |    0000258F  _set_enem |    00002641  _set_enem
     00002702  _check_di |    00002713  _check_di |    00002725  _enemy_at
     0000276F  _enemy_de |    00002825  _enemy_sm |    0000291A  _is_enemy
     0000295F  _spawn_dr |    00002A1B  _clear_dr |    00002A48  _check_dr
     00002B14  _hUGE_ini |    00002B16  hUGE_init |    00002B6C  _hUGE_mut
     00002B6E  hUGE_mute |    00002DA8  _hUGE_set |    00002DA9  hUGE_set_
     00002F6A  _hUGE_dos |    00002F6A  _hUGE_dos |    00002F6A  hUGE_doso
     00003296  _load_gam |    0000337B  _save_gam |    00003462  __divsuch
     00003468  __modsuch |    00003471  __divusch |    0000347A  __modusch
     00003486  __divscha |    0000348B  __modscha |    00003492  __divsint
     0000349B  __modsint |    000034A7  __divucha |    000034AC  __moducha
     000034B3  __divuint |    000034BC  __moduint |    000034C8  .div8    
     000034C8  .mod8     |    000034D0  .div16    |    000034D0  .mod16   
     00003506  .divu8    |    00003506  .modu8    |    00003509  .divu16  
     00003509  .modu16   |    00003549  __mulsuch |    0000354C  __mulusch
     00003555  __mulscha |    0000355D  __mulint  |    0000357C  __mulucha
     0000358E  ___memcpy |    0000358E  _memcpy  
ASxxxx Linker V03.00/V05.40 + sdld,  page 4.
Hexadecimal  [32-Bits]

Area                       Addr        Size        Decimal Bytes (Attributes)
--------------------       ----        ----        ------- ----- ------------
_HEADER0               00000000    00000001 =           1. bytes (ABS,CON)

        Value  Global            Value  Global            Value  Global    
        -----  ------            -----  ------            -----  ------    
     00000020  .call_hl 
ASxxxx Linker V03.00/V05.40 + sdld,  page 5.
Hexadecimal  [32-Bits]

Area                       Addr        Size        Decimal Bytes (Attributes)
--------------------       ----        ----        ------- ----- ------------
_HEADER1               00000000    00000005 =           5. bytes (ABS,CON)

        Value  Global            Value  Global            Value  Global    
        -----  ------            -----  ------            -----  ------    
     00000028  .MemsetSm
ASxxxx Linker V03.00/V05.40 + sdld,  page 6.
Hexadecimal  [32-Bits]

Area                       Addr        Size        Decimal Bytes (Attributes)
--------------------       ----        ----        ------- ----- ------------
_HEADER2               00000000    00000007 =           7. bytes (ABS,CON)

        Value  Global            Value  Global            Value  Global    
        -----  ------            -----  ------            -----  ------    
     00000030  .MemcpySm
ASxxxx Linker V03.00/V05.40 + sdld,  page 7.
Hexadecimal  [32-Bits]

Area                       Addr        Size        Decimal Bytes (Attributes)
--------------------       ----        ----        ------- ----- ------------
_HEADER3               00000000    00000008 =           8. bytes (ABS,CON)

        Value  Global            Value  Global            Value  Global    
        -----  ------            -----  ------            -----  ------    
ASxxxx Linker V03.00/V05.40 + sdld,  page 8.
Hexadecimal  [32-Bits]

Area                       Addr        Size        Decimal Bytes (Attributes)
--------------------       ----        ----        ------- ----- ------------
_HEADER4               00000000    00000060 =          96. bytes (ABS,CON)

        Value  Global            Value  Global            Value  Global    
        -----  ------            -----  ------            -----  ------    
     00000080  .int      |    0000008F  _wait_int |    0000009C  __standar
     000000AB  _refresh_ |    000000CC  _set_inte
ASxxxx Linker V03.00/V05.40 + sdld,  page 9.
Hexadecimal  [32-Bits]

Area                       Addr        Size        Decimal Bytes (Attributes)
--------------------       ----        ----        ------- ----- ------------
_HEADER5               00000000    00000001 =           1. bytes (ABS,CON)

        Value  Global            Value  Global            Value  Global    
        -----  ------            -----  ------            -----  ------    
ASxxxx Linker V03.00/V05.40 + sdld,  page 10.
Hexadecimal  [32-Bits]

Area                       Addr        Size        Decimal Bytes (Attributes)
--------------------       ----        ----        ------- ----- ------------
_HEADER6               00000000    00000002 =           2. bytes (ABS,CON)

        Value  Global            Value  Global            Value  Global    
        -----  ------            -----  ------            -----  ------    
ASxxxx Linker V03.00/V05.40 + sdld,  page 11.
Hexadecimal  [32-Bits]

Area                       Addr        Size        Decimal Bytes (Attributes)
--------------------       ----        ----        ------- ----- ------------
_HEADER7               00000000    00000030 =          48. bytes (ABS,CON)

        Value  Global            Value  Global            Value  Global    
        -----  ------            -----  ------            -----  ------    
ASxxxx Linker V03.00/V05.40 + sdld,  page 12.
Hexadecimal  [32-Bits]

Area                       Addr        Size        Decimal Bytes (Attributes)
--------------------       ----        ----        ------- ----- ------------
_HEADER8               00000000    00000006 =           6. bytes (ABS,CON)

        Value  Global            Value  Global            Value  Global    
        -----  ------            -----  ------            -----  ------    
ASxxxx Linker V03.00/V05.40 + sdld,  page 13.
Hexadecimal  [32-Bits]

Area                       Addr        Size        Decimal Bytes (Attributes)
--------------------       ----        ----        ------- ----- ------------
_HEADER9               00000000    00000003 =           3. bytes (ABS,CON)

        Value  Global            Value  Global            Value  Global    
        -----  ------            -----  ------            -----  ------    
ASxxxx Linker V03.00/V05.40 + sdld,  page 14.
Hexadecimal  [32-Bits]

Area                       Addr        Size        Decimal Bytes (Attributes)
--------------------       ----        ----        ------- ----- ------------
_HEADERa               00000000    00000001 =           1. bytes (ABS,CON)

        Value  Global            Value  Global            Value  Global    
        -----  ------            -----  ------            -----  ------    
ASxxxx Linker V03.00/V05.40 + sdld,  page 15.
Hexadecimal  [32-Bits]

Area                       Addr        Size        Decimal Bytes (Attributes)
--------------------       ----        ----        ------- ----- ------------
_HEADERb               00000000    00000001 =           1. bytes (ABS,CON)

        Value  Global            Value  Global            Value  Global    
        -----  ------            -----  ------            -----  ------    
ASxxxx Linker V03.00/V05.40 + sdld,  page 16.
Hexadecimal  [32-Bits]

Area                       Addr        Size        Decimal Bytes (Attributes)
--------------------       ----        ----        ------- ----- ------------
_HEADERc               00000000    00000001 =           1. bytes (ABS,CON)

        Value  Global            Value  Global            Value  Global    
        -----  ------            -----  ------            -----  ------    
ASxxxx Linker V03.00/V05.40 + sdld,  page 17.
Hexadecimal  [32-Bits]

Area                       Addr        Size        Decimal Bytes (Attributes)
--------------------       ----        ----        ------- ----- ------------
_HEADERd               00000000    00000002 =           2. bytes (ABS,CON)

        Value  Global            Value  Global            Value  Global    
        -----  ------            -----  ------            -----  ------    
ASxxxx Linker V03.00/V05.40 + sdld,  page 18.
Hexadecimal  [32-Bits]

Area                       Addr        Size        Decimal Bytes (Attributes)
--------------------       ----        ----        ------- ----- ------------
_HEADERe               00000000    00000001 =           1. bytes (ABS,CON)

        Value  Global            Value  Global            Value  Global    
        -----  ------            -----  ------            -----  ------    
ASxxxx Linker V03.00/V05.40 + sdld,  page 19.
Hexadecimal  [32-Bits]

Area                       Addr        Size        Decimal Bytes (Attributes)
--------------------       ----        ----        ------- ----- ------------
_HEADERf               00000000    00000001 =           1. bytes (ABS,CON)

        Value  Global            Value  Global            Value  Global    
        -----  ------            -----  ------            -----  ------    
ASxxxx Linker V03.00/V05.40 + sdld,  page 20.
Hexadecimal  [32-Bits]

Area                       Addr        Size        Decimal Bytes (Attributes)
--------------------       ----        ----        ------- ----- ------------
_HEADER10              00000000    00000002 =           2. bytes (ABS,CON)

        Value  Global            Value  Global            Value  Global    
        -----  ------            -----  ------            -----  ------    
ASxxxx Linker V03.00/V05.40 + sdld,  page 21.
Hexadecimal  [32-Bits]

Area                       Addr        Size        Decimal Bytes (Attributes)
--------------------       ----        ----        ------- ----- ------------
_HEADER11              00000000    000000AB =         171. bytes (ABS,CON)

        Value  Global            Value  Global            Value  Global    
        -----  ------            -----  ------            -----  ------    
     00000150  .reset    |    00000150  _reset    |    00000157  .code_sta
     000001B9  _exit     |    000001BD  .wait_vbl |    000001BD  _vsync   
     000001BD  _wait_vbl |    000001CD  .remove_V |    000001CD  _remove_V
     000001D0  .remove_i |    000001ED  .add_VBL  |    000001ED  _add_VBL 
     000001F0  .add_int 
ASxxxx Linker V03.00/V05.40 + sdld,  page 22.
Hexadecimal  [32-Bits]

Area                       Addr        Size        Decimal Bytes (Attributes)
--------------------       ----        ----        ------- ----- ------------
_HOME                  000035C0    0000087F =        2175. bytes (REL,CON)

        Value  Global            Value  Global            Value  Global    
        -----  ------            -----  ------            -----  ------    
     000035C0  .memset_s |    000035C9  .memcpy_s |    000035E6  .display_
     000035E6  _display_ |    000035FE  _rand     |    000035FE  _randw   
     00003629  _initrand |    0000362B  .initrand |    00003634  _set_win_
     00003648  _set_tile |    0000364D  _set_bkg_ |    0000364D  _set_win_
     00003655  _set_spri |    00003685  _font_loa |    0000368C  font_load
     000036D4  font_copy |    0000370A  font_set  |    00003717  .put_char
     0000372F  .out_char |    00003735  .del_char |    0000378B  _putchar 
     00003794  _setchar  |    0000379D  _font_loa |    000037AB  _font_set
     000037BA  _font_ini |    000037D9  .cls      |    000037D9  _cls     
     000037FB  _gotoxy   |    00003806  _posx     |    00003817  _posy    
     0000383F  .cr_curs  |    00003854  .adv_curs |    000038B0  .tmode   
     000038CD  .tmode_ou |    000038D6  .padup    |    000038D6  _waitpadu
     000038E6  .jpad     |    000038E6  _joypad   |    0000390E  _waitpad 
     0000390F  .wait_pad |    00003916  _color    |    00003916  _set_1bpp
     00003925  .drawing_ |    00003942  _font_ibm |    00003D23  .add_LCD 
     00003D23  _add_LCD  |    00003D29  .remove_L |    00003D29  _remove_L
     00003D2F  .delay    |    00003D2F  _delay    |    00003D5B  ___sdcc_b
     00003D6F  _set_bkg_ |    00003D83  .set_xy_w |    00003D8C  .set_xy_b
     00003D9B  .set_xy_t |    00003DDF  _set_bkg_ |    00003DDF  _set_win_
     00003DE7  _set_spri
ASxxxx Linker V03.00/V05.40 + sdld,  page 23.
Hexadecimal  [32-Bits]

Area                       Addr        Size        Decimal Bytes (Attributes)
--------------------       ----        ----        ------- ----- ------------
_INITIALIZER           00003E3F    00000041 =          65. bytes (REL,CON)

        Value  Global            Value  Global            Value  Global    
        -----  ------            -----  ------            -----  ------    
ASxxxx Linker V03.00/V05.40 + sdld,  page 24.
Hexadecimal  [32-Bits]

Area                       Addr        Size        Decimal Bytes (Attributes)
--------------------       ----        ----        ------- ----- ------------
_GSINIT                00003E80    0000000C =          12. bytes (REL,CON)

        Value  Global            Value  Global            Value  Global    
        -----  ------            -----  ------            -----  ------    
     00003E80  gsinit   
ASxxxx Linker V03.00/V05.40 + sdld,  page 25.
Hexadecimal  [32-Bits]

Area                       Addr        Size        Decimal Bytes (Attributes)
--------------------       ----        ----        ------- ----- ------------
_GSFINAL               00003E8C    00000001 =           1. bytes (REL,CON)

        Value  Global            Value  Global            Value  Global    
        -----  ------            -----  ------            -----  ------    
ASxxxx Linker V03.00/V05.40 + sdld,  page 26.
Hexadecimal  [32-Bits]

Area                       Addr        Size        Decimal Bytes (Attributes)
--------------------       ----        ----        ------- ----- ------------
_DATA                  0000C0A0    00000280 =         640. bytes (REL,CON)

        Value  Global            Value  Global            Value  Global    
        -----  ------            -----  ------            -----  ------    
     0000C0A0  __cpu     |    0000C0A1  __is_GBA  |    0000C0A2  .mode    
     0000C0A3  .sys_time |    0000C0A3  _sys_time |    0000C0A5  .int_0x40
     0000C0B1  _last_x   |    0000C0B2  _last_y   |    0000C0B3  _player_c
     0000C0B5  _current_ |    0000C21D  _map      |    0000C22D  _seed    
     0000C22F  _current_ |    0000C243  _enemy    |    0000C24D  _boss    
     0000C255  _dungeon  |    0000C265  _doors    |    0000C275  _obstacle
     0000C285  _locked_d |    0000C286  _drops    |    0000C28C  _room_ene
     0000C2B8  _hUGE_cur |    0000C2B8  hUGE_curr |    0000C2B9  _hUGE_mut
     0000C300  ___rand_s |    0000C302  font_curr |    0000C305  font_firs
     0000C306  font_tabl |    0000C318  .int_0x48
ASxxxx Linker V03.00/V05.40 + sdld,  page 27.
Hexadecimal  [32-Bits]

Area                       Addr        Size        Decimal Bytes (Attributes)
--------------------       ----        ----        ------- ----- ------------
_INITIALIZED           0000C320    00000041 =          65. bytes (REL,CON)

        Value  Global            Value  Global            Value  Global    
        -----  ------            -----  ------            -----  ------    
     0000C320  _tile_id  |    0000C322  _x        |    0000C323  _y       
     0000C324  _last_dir |    0000C325  _frames   |    0000C326  _seconds 
     0000C327  _minutes  |    0000C328  _hours    |    0000C329  _enemies_
     0000C32A  _max_floo |    0000C32B  _power_up |    0000C32C  _last_joy
     0000C32D  _current_ |    0000C32E  _player_n |    0000C333  _max_hp  
     0000C334  _current_ |    0000C335  _attack   |    0000C336  _defense 
     0000C337  _level    |    0000C338  _experien |    0000C339  _sword_lv
     0000C33A  _shield_l |    0000C33B  _arrow_lv |    0000C33C  _quiver_l
     0000C33D  _potion_q |    0000C33E  _potion_h |    0000C33F  _max_heal
     0000C340  _heals    |    0000C341  _heal_qua |    0000C342  _arrow_da
     0000C343  _num_arro |    0000C344  _max_num_ |    0000C345  _minerals
     0000C346  _obt_myth |    0000C347  _obt_exp  |    0000C348  _menu_ope
     0000C349  _current_ |    0000C34A  _current_ |    0000C34B  _hector_o
     0000C34C  _safy_opt |    0000C34D  _map_opti |    0000C34E  _key_obta
     0000C34F  _treasure |    0000C350  _lock_ope |    0000C351  _boss_bat
     0000C352  _boss_flo |    0000C353  _returnin |    0000C354  _current_
     0000C355  _ng       |    0000C356  _walk_ste |    0000C357  _char_opt
     0000C358  _option_x |    0000C359  _option_y |    0000C35A  _curr_let
     0000C35B  .curx     |    0000C35C  .cury     |    0000C35D  .fg_colou
     0000C35D  __current |    0000C35E  .bg_colou |    0000C35F  .draw_mod
     0000C360  __map_til
ASxxxx Linker V03.00/V05.40 + sdld,  page 28.
Hexadecimal  [32-Bits]

Area                       Addr        Size        Decimal Bytes (Attributes)
--------------------       ----        ----        ------- ----- ------------
_HRAM                  0000FF80    00000013 =          19. bytes (REL,CON)

        Value  Global            Value  Global            Value  Global    
        -----  ------            -----  ------            -----  ------    
     0000FF80  .refresh_ |    0000FF90  __current |    0000FF91  __vbl_don
     0000FF92  __shadow_
ASxxxx Linker V03.00/V05.40 + sdld,  page 29.
Hexadecimal  [32-Bits]

Area                       Addr        Size        Decimal Bytes (Attributes)
--------------------       ----        ----        ------- ----- ------------
_CODE_1                00014000    00002083 =        8323. bytes (REL,CON)

        Value  Global            Value  Global            Value  Global    
        -----  ------            -----  ------            -----  ------    
     00014000  _generate |    000140C7  _min_leng |    000140C8  _max_leng
     000140C9  _empty_ar |    0001411E  _create_l |    00014441  _append  
     00014460  _add_bran |    000146B5  _find_nea |    000147EB  _shuffle_
     00014878  _create_d |    00014981  _add_obst |    000149AA  _MC_down 
     000149EA  _MC_right |    00014A2A  _MC_up    |    00014A6A  _MC_left 
     00014AAA  _MC_attac |    00014B2A  _MC_attac |    00014BAA  _MC_attac
     00014C2A  _MC_attac |    00014CAA  _MC_walk_ |    00014D2A  _MC_walk_
     00014D6A  _MC_walk_ |    00014DAA  _MC_walk_ |    00014E2A  _Hector  
     00014E6A  _Safy     |    00014EAA  _arrow    |    00014EBA  _Objects 
     0001500A  _LarvaOsc |    0001504A  _Predator |    0001508A  _Trisguar
     000150CA  _Key      |    000150EA  _Lock     |    0001516A  _Textbox 
     0001520A  _Mugshot  |    0001530A  _Mythril  |    0001534A  _Numbers 
     0001540A  _Arrow    |    0001542A  _game_ove |    0001550F  _black_sp
     00015686  _GameOver |    000157EE  _GameOver |    00015B0E  _Drops   
     00015B2E  _SwordDow |    00015B4E  _SwordRig |    00015B6E  _SwordUp 
     00015B8E  _SwordLef |    00015BAE  _Explosio |    00015C6E  _HealEff 
     00015C8E  _HitEff   |    00015CBE  _play_att |    00015DD0  _play_wal
     00015E6E  _play_hea |    00015F0E  _play_hit |    00015FB7  _play_exp
ASxxxx Linker V03.00/V05.40 + sdld,  page 30.
Hexadecimal  [32-Bits]

Area                       Addr        Size        Decimal Bytes (Attributes)
--------------------       ----        ----        ------- ----- ------------
_CODE_3                00034000    00003039 =       12345. bytes (REL,CON)

        Value  Global            Value  Global            Value  Global    
        -----  ------            -----  ------            -----  ------    
     00034000  _set_titl |    000340F5  _set_map_ |    00034187  _Minimap 
     00034297  _map_menu |    000343FF  _stats_me |    00034567  _empty_ma
     00034589  _check_ma |    0003462E  _check_ma |    0003473D  _show_tim
     000347AA  _check_me |    000348E7  _hector_u |    00034A8D  _safy_upg
     00034C2E  _set_stat |    00034DF4  _set_mini |    00034EEE  _show_num
     00034FEE  _get_num_ |    00035033  _add_enem |    000350C9  _generate
     00035165  _spawn_en |    000351E6  _set_enem |    0003520F  _check_en
     0003550B  _set_char |    00035595  _insert_n |    0003564C  _name_arr
     0003565C  _check_na |    000357A4  _NameMap  |    0003590C  _draw_loc
     000359AB  _draw_fli |    00035A4D  _draw_loc |    00035AB3  _draw_fli
     00035B21  _hide_doo |    00035B4A  _EyeBoss  |    00035C4A  _spawn_bo
     00035E1E  _move_bos |    00035F55  _boss_che |    00035F67  _boss_che
     00035F7A  _boss_att |    00035FC4  _boss_smo |    000360F6  _boss_dea
     0003612F  _init_sou |    0003613C  _arrow_sf |    00036150  _hit_sfx 
     00036161  _heal_sfx |    00036176  _stairs_s |    0003619D  _unlock_s
     000361AE  _start_sf |    000361C3  _death_sf |    000361D8  _enemy_de
     0003664A  _gameover |    00036EBC  _boss_def |    00036ED1  _Tutorial
ASxxxx Linker V03.00/V05.40 + sdld,  page 31.
Hexadecimal  [32-Bits]

Area                       Addr        Size        Decimal Bytes (Attributes)
--------------------       ----        ----        ------- ----- ------------
_CODE_2                00024000    00003A7A =       14970. bytes (REL,CON)

        Value  Global            Value  Global            Value  Global    
        -----  ------            -----  ------            -----  ------    
     00024000  _Camp     |    00024168  _room1    |    000242D0  _room2   
     00024438  _room3    |    000245A0  _room4    |    00024708  _room5   
     00024870  _room6    |    000249D8  _room7    |    00024B40  _room8   
     00024CA8  _room9    |    00024E10  _room10   |    00024F78  _room11  
     000250E0  _room12   |    00025248  _room13   |    000253B0  _room14  
     00025518  _room15   |    00025680  _NoExit   |    000257E8  _Title   
     00025950  _CampTile |    00026010  _camp_col |    0002607C  _Text    
     000263AC  _MiniGUI  |    000263DC  _DungeonT |    0002672C  _Titlescr
     0002763C  _TitleTex |    000276BC  _deco1    |    000276E0  _deco2   
     00027704  _deco3    |    00027728  _deco4    |    0002774C  _deco5   
     0002775C  _assign_o |    000278DD  _put_on_r |    00027979  _set_room
ASxxxx Linker V03.00/V05.40 + sdld,  page 32.
Hexadecimal  [32-Bits]

Area                       Addr        Size        Decimal Bytes (Attributes)
--------------------       ----        ----        ------- ----- ------------
_CODE_4                00044000    00003C1A =       15386. bytes (REL,CON)

        Value  Global            Value  Global            Value  Global    
        -----  ------            -----  ------            -----  ------    
     000450C5  _dungeon_ |    00047C05  _boss_the
ASxxxx Linker V03.00/V05.40 + sdld,  page 33.
Hexadecimal  [32-Bits]

Area                       Addr        Size        Decimal Bytes (Attributes)
--------------------       ----        ----        ------- ----- ------------
_CODE_5                00054000    0000296E =       10606. bytes (REL,CON)

        Value  Global            Value  Global            Value  Global    
        -----  ------            -----  ------            -----  ------    
     00054F63  _camp_the |    00056959  _intro_th
ASxxxx Linker V03.00/V05.40 + sdld,  page 34.
Hexadecimal  [32-Bits]

Area                       Addr        Size        Decimal Bytes (Attributes)
--------------------       ----        ----        ------- ----- ------------
_FONT_HEADER0          00000000    00000003 =           3. bytes (ABS,CON)

        Value  Global            Value  Global            Value  Global    
        -----  ------            -----  ------            -----  ------    
ASxxxx Linker V03.00/V05.40 + sdld,  page 35.
Hexadecimal  [32-Bits]

Area                       Addr        Size        Decimal Bytes (Attributes)
--------------------       ----        ----        ------- ----- ------------
_HEADER_LCD0           00000000    00000003 =           3. bytes (ABS,CON)

        Value  Global            Value  Global            Value  Global    
        -----  ------            -----  ------            -----  ------    
ASxxxx Linker V03.00/V05.40 + sdld,  page 36.

Files Linked                              [ module(s) ]

C:\Users\Utente\Desktop\Tirocinio\gbdk-win64\gbdk\lib/gb/crt0.o
                                          [ Runtime ]
main.o                                    [ main ]
gen_dung.o                                [ generate_dungeon ]
gui.o                                     [ gui ]
enemy.o                                   [ enemy ]
drop.o                                    [ drop ]
titlescr.o                                [ titlescreen ]
character.o                               [ character ]
Hector.o                                  [ Hector ]
Safy.o                                    [ Safy ]
Arrow.o                                   [ Arrow ]
DungeonObjects.o                          [ DungeonObjects ]
Enemies.o                                 [ Enemies ]
key.o                                     [ key ]
Lock.o                                    [ Lock ]
textbox.o                                 [ textbox ]
mugshot.o                                 [ mugshot ]
mythril.o                                 [ mythril ]
Numbers.o                                 [ Numbers ]
wpn_arrow.o                               [ wpn_arrow ]
minimap.o                                 [ minimap ]
gameoverscript.o                          [ gameover ]
CampMap.o                                 [ CampMap ]
Dungeon.o                                 [ Dungeon ]
GameOver.o                                [ GameOver ]
Title.o                                   [ Title ]
CampTiles.o                               [ CampTiles ]
Text.o                                    [ Text ]
DungeonTiles.o                            [ DungeonTiles ]
Titlescreen.o                             [ Titlescreen ]
TitleText.o                               [ TitleText ]
GameOverText.o                            [ GameOverText ]
gui_management.o                          [ gui_management ]
spawn_enemy.o                             [ spawn_enemy ]
combat_system.o                           [ combat_system ]
insert_name.o                             [ insert_name ]
namescreenmap.o                           [ NameScreenMap ]
enemy_drops.o                             [ enemyDrops ]
obstacles.o                               [ Obstacles ]
locked_doors.o                            [ locked_doors ]
eyeboss.o                                 [ Eyeboss ]
boss.o                                    [ boss ]
sound.o                                   [ sound ]
gameover_sound.o                          [ gameover_sound ]
boss_defeated.o                           [ boss_defeated ]
hUGEDriver.lib                            [ hUGEDriver_obj ]
dungeon_management.o                      [ dungeon_management ]
dungeon_song.o                            [ dungeon_song ]
boss_song.o                               [ boss_song ]
camp_song.o                               [ camp_song ]
intro_song.o                              [ intro_song ]
save_manager.o                            [ save_manager ]
tutorial_map.o                            [ TutorialMap ]
sword.o                                   [ sword ]
effects.o                                 [ effects ]
play_effects.o                            [ play_effects ]


Libraries Linked                          [ object file ]

C:\Users\Utente\Desktop\Tirocinio\gbdk-win64\gbdk\lib/sm83/sm83.lib
                                          [ rand.o ]
C:\Users\Utente\Desktop\Tirocinio\gbdk-win64\gbdk\lib/gb/gb.lib
                                          [ sfr.o ]
C:\Users\Utente\Desktop\Tirocinio\gbdk-win64\gbdk\lib/sm83/sm83.lib
                                          [ div.o ]
C:\Users\Utente\Desktop\Tirocinio\gbdk-win64\gbdk\lib/gb/gb.lib
                                          [ set_wi_t.o ]
C:\Users\Utente\Desktop\Tirocinio\gbdk-win64\gbdk\lib/gb/gb.lib
                                          [ set_data.o ]
C:\Users\Utente\Desktop\Tirocinio\gbdk-win64\gbdk\lib/sm83/sm83.lib
                                          [ mul.o ]
C:\Users\Utente\Desktop\Tirocinio\gbdk-win64\gbdk\lib/gb/gb.lib
                                          [ font.o ]
C:\Users\Utente\Desktop\Tirocinio\gbdk-win64\gbdk\lib/gb/gb.lib
                                          [ pad.o ]
C:\Users\Utente\Desktop\Tirocinio\gbdk-win64\gbdk\lib/sm83/sm83.lib
                                          [ memcpy.o ]
C:\Users\Utente\Desktop\Tirocinio\gbdk-win64\gbdk\lib/gb/gb.lib
                                          [ color.o ]
C:\Users\Utente\Desktop\Tirocinio\gbdk-win64\gbdk\lib/gb/gb.lib
                                          [ drawing_isr.o ]
C:\Users\Utente\Desktop\Tirocinio\gbdk-win64\gbdk\lib/gb/gb.lib
                                          [ f_ibm_sh.o ]
C:\Users\Utente\Desktop\Tirocinio\gbdk-win64\gbdk\lib/gb/gb.lib
                                          [ lcd.o ]
C:\Users\Utente\Desktop\Tirocinio\gbdk-win64\gbdk\lib/gb/gb.lib
                                          [ delay.o ]
C:\Users\Utente\Desktop\Tirocinio\gbdk-win64\gbdk\lib/gb/gb.lib
                                          [ ___sdcc_bcall_ehl.o ]
C:\Users\Utente\Desktop\Tirocinio\gbdk-win64\gbdk\lib/gb/gb.lib
                                          [ set_bk_t.o ]
C:\Users\Utente\Desktop\Tirocinio\gbdk-win64\gbdk\lib/gb/gb.lib
                                          [ set_xy_t.o ]
C:\Users\Utente\Desktop\Tirocinio\gbdk-win64\gbdk\lib/gb/gb.lib
                                          [ set_1bit_data.o ]

ASxxxx Linker V03.00/V05.40 + sdld,  page 37.

User Base Address Definitions

_DATA=0xC0A0
_CODE=0x0200
_HRAM=0xFF80
ASxxxx Linker V03.00/V05.40 + sdld,  page 38.

User Global Definitions

_shadow_OAM=0xC000
.STACK=0xE000

