ASxxxx Linker V03.00/V05.40 + sdld,  page 1.
Hexadecimal  [32-Bits]

Area                       Addr        Size        Decimal Bytes (Attributes)
--------------------       ----        ----        ------- ----- ------------
.  .ABS.               00000000    00000000 =           0. bytes (ABS,CON)

        Value  Global            Value  Global            Value  Global    
        -----  ------            -----  ------            -----  ------    
     00000000  .__.ABS.  |    00000000  _rMBC7_SR |    00000000  _rRAMG   
     00000000  l__BASE   |    00000000  l__BSS    |    00000000  l__CABS  
     00000000  l__CODE_0 |    00000000  l__DABS   |    00000000  l__FONT_H
     00000000  l__HEADER |    00000000  l__HEADER |    00000000  l__HEAP  
     00000000  l__HEAP_E |    00000000  l__LIT    |    00000000  s__CABS  
     00000000  s__DABS   |    00000000  s__FONT_H |    00000000  s__FONT_H
     00000000  s__HEADER |    00000000  s__HEADER |    00000000  s__HEADER
     00000000  s__HEADER |    00000000  s__HEADER |    00000000  s__HEADER
     00000000  s__HEADER |    00000000  s__HEADER |    00000000  s__HEADER
     00000000  s__HEADER |    00000000  s__HEADER |    00000000  s__HEADER
     00000000  s__HEADER |    00000000  s__HEADER |    00000000  s__HEADER
     00000000  s__HEADER |    00000000  s__HEADER |    00000000  s__HEADER
     00000000  s__HEADER |    00000000  s__HEADER |    00000000  s__HEADER
     00000001  l__GSFINA |    00000001  l__HEADER |    00000001  l__HEADER
     00000001  l__HEADER |    00000001  l__HEADER |    00000001  l__HEADER
     00000001  l__HEADER |    00000001  l__HEADER |    00000002  b_game_ov
     00000002  l__HEADER |    00000002  l__HEADER |    00000002  l__HEADER
     00000003  b_boss_de |    00000003  b_check_e |    00000003  b_check_m
     00000003  b_check_m |    00000003  b_draw_fl |    00000003  b_draw_fl
     00000003  b_draw_lo |    00000003  b_draw_lo |    00000003  b_empty_m
     00000003  b_generat |    00000003  b_get_num |    00000003  b_hide_do
     00000003  b_insert_ |    00000003  b_move_bo |    00000003  b_set_cha
     00000003  b_set_ene |    00000003  b_set_map |    00000003  b_set_sta
     00000003  b_set_tit |    00000003  b_show_ti |    00000003  b_spawn_b
     00000003  b_spawn_e |    00000003  l__FONT_H |    00000003  l__HEADER
     00000003  l__HEADER |    00000005  l__HEADER |    00000006  l__HEADER
     00000007  l__HEADER |    00000008  l__HEADER |    0000000C  l__GSINIT
     00000013  l__HRAM   |    00000030  l__HEADER |    00000040  l__INITIA
     00000040  l__INITIA |    00000060  l__HEADER |    000000AB  l__HEADER
     00000200  s__CODE   |    0000021A  l__DATA   |    00000720  l__CODE_1
     0000087F  l__HOME   |    00001EDB  l__CODE_3 |    00002000  _rROMB0  
     00003000  _rROMB1   |    00003439  l__CODE   |    00003639  s__HOME  
     00003E40  l__CODE_2 |    00003EB8  s__BASE   |    00003EB8  s__CODE_0
     00003EB8  s__INITIA |    00003EB8  s__LIT    |    00003EF8  s__GSINIT
     00003F04  s__GSFINA |    00004000  _rMBC7_SR |    00004000  _rRAMB   
     00008000  __VRAM    |    00008000  __VRAM800 |    00008800  __VRAM880
     00009000  __VRAM900 |    00009800  __SCRN0   |    00009C00  __SCRN1  
     0000A000  __SRAM    |    0000A000  _rMBC7_LA |    0000A010  _rMBC7_LA
     0000A020  _rMBC7_AC |    0000A030  _rMBC7_AC |    0000A040  _rMBC7_AC
     0000A050  _rMBC7_AC |    0000C000  __RAM     |    0000C000  _shadow_O
     0000C0A0  s__DATA   |    0000C2BA  s__BSS    |    0000C2BA  s__INITIA
     0000C2FA  s__HEAP   |    0000C2FA  s__HEAP_E |    0000D000  __RAMBANK
     0000E000  .STACK    |    0000FE00  __OAMRAM  |    0000FF00  _P1_REG  
     0000FF00  __IO      |    0000FF01  _SB_REG   |    0000FF02  _SC_REG  
     0000FF04  _DIV_REG  |    0000FF05  _TIMA_REG |    0000FF06  _TMA_REG 
     0000FF07  _TAC_REG  |    0000FF0F  _IF_REG   |    0000FF10  _NR10_REG
     0000FF11  _NR11_REG |    0000FF12  _NR12_REG |    0000FF13  _NR13_REG
     0000FF14  _NR14_REG |    0000FF16  _NR21_REG |    0000FF17  _NR22_REG
     0000FF18  _NR23_REG |    0000FF19  _NR24_REG |    0000FF1A  _NR30_REG
     0000FF1B  _NR31_REG |    0000FF1C  _NR32_REG |    0000FF1D  _NR33_REG
ASxxxx Linker V03.00/V05.40 + sdld,  page 2.
Hexadecimal  [32-Bits]

Area                       Addr        Size        Decimal Bytes (Attributes)
--------------------       ----        ----        ------- ----- ------------
.  .ABS.               00000000    00000000 =           0. bytes (ABS,CON)

        Value  Global            Value  Global            Value  Global    
        -----  ------            -----  ------            -----  ------    
     0000FF1E  _NR34_REG |    0000FF20  _NR41_REG |    0000FF21  _NR42_REG
     0000FF22  _NR43_REG |    0000FF23  _NR44_REG |    0000FF24  _NR50_REG
     0000FF25  _NR51_REG |    0000FF26  _NR52_REG |    0000FF30  _AUD3WAVE
     0000FF30  _PCM_SAMP |    0000FF30  __AUD3WAV |    0000FF40  _LCDC_REG
     0000FF41  _STAT_REG |    0000FF42  _SCY_REG  |    0000FF43  _SCX_REG 
     0000FF44  _LY_REG   |    0000FF45  _LYC_REG  |    0000FF46  _DMA_REG 
     0000FF47  _BGP_REG  |    0000FF48  _OBP0_REG |    0000FF49  _OBP1_REG
     0000FF4A  _WY_REG   |    0000FF4B  _WX_REG   |    0000FF4D  _KEY1_REG
     0000FF4F  _VBK_REG  |    0000FF51  _HDMA1_RE |    0000FF52  _HDMA2_RE
     0000FF53  _HDMA3_RE |    0000FF54  _HDMA4_RE |    0000FF55  _HDMA5_RE
     0000FF56  _RP_REG   |    0000FF68  _BCPS_REG |    0000FF69  _BCPD_REG
     0000FF6A  _OCPS_REG |    0000FF6B  _OCPD_REG |    0000FF70  _SVBK_REG
     0000FF76  _PCM12_RE |    0000FF77  _PCM34_RE |    0000FF80  __HRAM   
     0000FF80  s__HRAM   |    0000FFFF  _IE_REG   |    00014000  s__CODE_1
     00024000  s__CODE_2 |    00034000  s__CODE_3
ASxxxx Linker V03.00/V05.40 + sdld,  page 3.
Hexadecimal  [32-Bits]

Area                       Addr        Size        Decimal Bytes (Attributes)
--------------------       ----        ----        ------- ----- ------------
_CODE                  00000200    00003439 =       13369. bytes (REL,CON)

        Value  Global            Value  Global            Value  Global    
        -----  ------            -----  ------            -----  ------    
     00000200  _main     |    00000494  _blank    |    000004A4  _black   
     000004B4  _chest_cl |    000004BC  _chest_op |    000004C4  _stairs  
     000004C8  _menu_bod |    000004C9  _arrow_ti |    000004CA  _upgrade_
     000004D2  _cure_upg |    000004DA  _level_cu |    000004ED  _move_cha
     0000053E  _check_in |    00000866  _check_in |    00000BFD  _check_te
     00000DE8  _is_sprit |    00000DFC  _set_camp |    00000EC9  _hide_cam
     00000F22  _set_dung |    00000F42  _set_room |    00001163  _change_r
     000011F2  _check_op |    00001300  _set_mini |    000013FA  _go_into_
     00001486  _go_next_ |    00001528  _set_text |    0000162E  _player_a
     00001779  _show_num |    00001870  _shoot_ar |    000019B6  _heal_pla
     000019E3  _smooth_m |    00001B57  _check_ti |    00001B90  _set_enem
     00001C10  _assign_o |    00001D0F  _put_on_r |    00001D99  _set_room
     00001E7E  _generate |    00001F74  _min_leng |    00001F75  _max_leng
     00001F76  _empty_ar |    00001FCB  _create_l |    000022EE  _append  
     0000230D  _add_bran |    00002562  _find_nea |    00002698  _shuffle_
     00002725  _create_d |    0000282E  _add_obst |    00002857  _gui_map 
     000029BF  _mini_gui |    000029D3  _hector_m |    00002AEB  _safy_men
     00002C03  _obtained |    00002C67  _obtained |    00002CCB  _boss_def
     00002D2F  _move_ene |    00002F88  _set_enem |    0000303A  _set_enem
     000030FB  _check_di |    0000310C  _check_di |    0000311E  _enemy_at
     0000314B  _enemy_de |    00003201  _enemy_sm |    000032F6  _is_enemy
     0000333B  _spawn_dr |    000033F7  _clear_dr |    00003424  _check_dr
     000034DB  __divsuch |    000034E1  __modsuch |    000034EA  __divusch
     000034F3  __modusch |    000034FF  __divscha |    00003504  __modscha
     0000350B  __divsint |    00003514  __modsint |    00003520  __divucha
     00003525  __moducha |    0000352C  __divuint |    00003535  __moduint
     00003541  .div8     |    00003541  .mod8     |    00003549  .div16   
     00003549  .mod16    |    0000357F  .divu8    |    0000357F  .modu8   
     00003582  .divu16   |    00003582  .modu16   |    000035C2  __mulsuch
     000035C5  __mulusch |    000035CE  __mulscha |    000035D6  __mulint 
     000035F5  __mulucha |    00003607  ___memcpy |    00003607  _memcpy  
ASxxxx Linker V03.00/V05.40 + sdld,  page 4.
Hexadecimal  [32-Bits]

Area                       Addr        Size        Decimal Bytes (Attributes)
--------------------       ----        ----        ------- ----- ------------
_HEADER0               00000000    00000001 =           1. bytes (ABS,CON)

        Value  Global            Value  Global            Value  Global    
        -----  ------            -----  ------            -----  ------    
     00000020  .call_hl 
ASxxxx Linker V03.00/V05.40 + sdld,  page 5.
Hexadecimal  [32-Bits]

Area                       Addr        Size        Decimal Bytes (Attributes)
--------------------       ----        ----        ------- ----- ------------
_HEADER1               00000000    00000005 =           5. bytes (ABS,CON)

        Value  Global            Value  Global            Value  Global    
        -----  ------            -----  ------            -----  ------    
     00000028  .MemsetSm
ASxxxx Linker V03.00/V05.40 + sdld,  page 6.
Hexadecimal  [32-Bits]

Area                       Addr        Size        Decimal Bytes (Attributes)
--------------------       ----        ----        ------- ----- ------------
_HEADER2               00000000    00000007 =           7. bytes (ABS,CON)

        Value  Global            Value  Global            Value  Global    
        -----  ------            -----  ------            -----  ------    
     00000030  .MemcpySm
ASxxxx Linker V03.00/V05.40 + sdld,  page 7.
Hexadecimal  [32-Bits]

Area                       Addr        Size        Decimal Bytes (Attributes)
--------------------       ----        ----        ------- ----- ------------
_HEADER3               00000000    00000008 =           8. bytes (ABS,CON)

        Value  Global            Value  Global            Value  Global    
        -----  ------            -----  ------            -----  ------    
ASxxxx Linker V03.00/V05.40 + sdld,  page 8.
Hexadecimal  [32-Bits]

Area                       Addr        Size        Decimal Bytes (Attributes)
--------------------       ----        ----        ------- ----- ------------
_HEADER4               00000000    00000060 =          96. bytes (ABS,CON)

        Value  Global            Value  Global            Value  Global    
        -----  ------            -----  ------            -----  ------    
     00000080  .int      |    0000008F  _wait_int |    0000009C  __standar
     000000AB  _refresh_ |    000000CC  _set_inte
ASxxxx Linker V03.00/V05.40 + sdld,  page 9.
Hexadecimal  [32-Bits]

Area                       Addr        Size        Decimal Bytes (Attributes)
--------------------       ----        ----        ------- ----- ------------
_HEADER5               00000000    00000001 =           1. bytes (ABS,CON)

        Value  Global            Value  Global            Value  Global    
        -----  ------            -----  ------            -----  ------    
ASxxxx Linker V03.00/V05.40 + sdld,  page 10.
Hexadecimal  [32-Bits]

Area                       Addr        Size        Decimal Bytes (Attributes)
--------------------       ----        ----        ------- ----- ------------
_HEADER6               00000000    00000002 =           2. bytes (ABS,CON)

        Value  Global            Value  Global            Value  Global    
        -----  ------            -----  ------            -----  ------    
ASxxxx Linker V03.00/V05.40 + sdld,  page 11.
Hexadecimal  [32-Bits]

Area                       Addr        Size        Decimal Bytes (Attributes)
--------------------       ----        ----        ------- ----- ------------
_HEADER7               00000000    00000030 =          48. bytes (ABS,CON)

        Value  Global            Value  Global            Value  Global    
        -----  ------            -----  ------            -----  ------    
ASxxxx Linker V03.00/V05.40 + sdld,  page 12.
Hexadecimal  [32-Bits]

Area                       Addr        Size        Decimal Bytes (Attributes)
--------------------       ----        ----        ------- ----- ------------
_HEADER8               00000000    00000006 =           6. bytes (ABS,CON)

        Value  Global            Value  Global            Value  Global    
        -----  ------            -----  ------            -----  ------    
ASxxxx Linker V03.00/V05.40 + sdld,  page 13.
Hexadecimal  [32-Bits]

Area                       Addr        Size        Decimal Bytes (Attributes)
--------------------       ----        ----        ------- ----- ------------
_HEADER9               00000000    00000003 =           3. bytes (ABS,CON)

        Value  Global            Value  Global            Value  Global    
        -----  ------            -----  ------            -----  ------    
ASxxxx Linker V03.00/V05.40 + sdld,  page 14.
Hexadecimal  [32-Bits]

Area                       Addr        Size        Decimal Bytes (Attributes)
--------------------       ----        ----        ------- ----- ------------
_HEADERa               00000000    00000001 =           1. bytes (ABS,CON)

        Value  Global            Value  Global            Value  Global    
        -----  ------            -----  ------            -----  ------    
ASxxxx Linker V03.00/V05.40 + sdld,  page 15.
Hexadecimal  [32-Bits]

Area                       Addr        Size        Decimal Bytes (Attributes)
--------------------       ----        ----        ------- ----- ------------
_HEADERb               00000000    00000001 =           1. bytes (ABS,CON)

        Value  Global            Value  Global            Value  Global    
        -----  ------            -----  ------            -----  ------    
ASxxxx Linker V03.00/V05.40 + sdld,  page 16.
Hexadecimal  [32-Bits]

Area                       Addr        Size        Decimal Bytes (Attributes)
--------------------       ----        ----        ------- ----- ------------
_HEADERc               00000000    00000001 =           1. bytes (ABS,CON)

        Value  Global            Value  Global            Value  Global    
        -----  ------            -----  ------            -----  ------    
ASxxxx Linker V03.00/V05.40 + sdld,  page 17.
Hexadecimal  [32-Bits]

Area                       Addr        Size        Decimal Bytes (Attributes)
--------------------       ----        ----        ------- ----- ------------
_HEADERd               00000000    00000002 =           2. bytes (ABS,CON)

        Value  Global            Value  Global            Value  Global    
        -----  ------            -----  ------            -----  ------    
ASxxxx Linker V03.00/V05.40 + sdld,  page 18.
Hexadecimal  [32-Bits]

Area                       Addr        Size        Decimal Bytes (Attributes)
--------------------       ----        ----        ------- ----- ------------
_HEADERe               00000000    00000001 =           1. bytes (ABS,CON)

        Value  Global            Value  Global            Value  Global    
        -----  ------            -----  ------            -----  ------    
ASxxxx Linker V03.00/V05.40 + sdld,  page 19.
Hexadecimal  [32-Bits]

Area                       Addr        Size        Decimal Bytes (Attributes)
--------------------       ----        ----        ------- ----- ------------
_HEADERf               00000000    00000001 =           1. bytes (ABS,CON)

        Value  Global            Value  Global            Value  Global    
        -----  ------            -----  ------            -----  ------    
ASxxxx Linker V03.00/V05.40 + sdld,  page 20.
Hexadecimal  [32-Bits]

Area                       Addr        Size        Decimal Bytes (Attributes)
--------------------       ----        ----        ------- ----- ------------
_HEADER10              00000000    00000002 =           2. bytes (ABS,CON)

        Value  Global            Value  Global            Value  Global    
        -----  ------            -----  ------            -----  ------    
ASxxxx Linker V03.00/V05.40 + sdld,  page 21.
Hexadecimal  [32-Bits]

Area                       Addr        Size        Decimal Bytes (Attributes)
--------------------       ----        ----        ------- ----- ------------
_HEADER11              00000000    000000AB =         171. bytes (ABS,CON)

        Value  Global            Value  Global            Value  Global    
        -----  ------            -----  ------            -----  ------    
     00000150  .reset    |    00000150  _reset    |    00000157  .code_sta
     000001B9  _exit     |    000001BD  .wait_vbl |    000001BD  _vsync   
     000001BD  _wait_vbl |    000001CD  .remove_V |    000001CD  _remove_V
     000001D0  .remove_i |    000001ED  .add_VBL  |    000001ED  _add_VBL 
     000001F0  .add_int 
ASxxxx Linker V03.00/V05.40 + sdld,  page 22.
Hexadecimal  [32-Bits]

Area                       Addr        Size        Decimal Bytes (Attributes)
--------------------       ----        ----        ------- ----- ------------
_HOME                  00003639    0000087F =        2175. bytes (REL,CON)

        Value  Global            Value  Global            Value  Global    
        -----  ------            -----  ------            -----  ------    
     00003639  .memset_s |    00003642  .memcpy_s |    0000365F  .display_
     0000365F  _display_ |    00003677  _rand     |    00003677  _randw   
     000036A2  _initrand |    000036A4  .initrand |    000036AD  _set_win_
     000036C1  _set_tile |    000036C6  _set_bkg_ |    000036C6  _set_win_
     000036CE  _set_spri |    000036FE  _font_loa |    00003705  font_load
     0000374D  font_copy |    00003783  font_set  |    00003790  .put_char
     000037A8  .out_char |    000037AE  .del_char |    00003804  _putchar 
     0000380D  _setchar  |    00003816  _font_loa |    00003824  _font_set
     00003833  _font_ini |    00003852  .cls      |    00003852  _cls     
     00003874  _gotoxy   |    0000387F  _posx     |    00003890  _posy    
     000038B8  .cr_curs  |    000038CD  .adv_curs |    00003929  .tmode   
     00003946  .tmode_ou |    0000394F  .padup    |    0000394F  _waitpadu
     0000395F  .jpad     |    0000395F  _joypad   |    00003987  _waitpad 
     00003988  .wait_pad |    0000398F  _color    |    0000398F  _set_1bpp
     0000399E  .drawing_ |    000039BB  _font_ibm |    00003D9C  .add_LCD 
     00003D9C  _add_LCD  |    00003DA2  .remove_L |    00003DA2  _remove_L
     00003DA8  .delay    |    00003DA8  _delay    |    00003DD4  ___sdcc_b
     00003DE8  _set_bkg_ |    00003DFC  .set_xy_w |    00003E05  .set_xy_b
     00003E14  .set_xy_t |    00003E58  _set_bkg_ |    00003E58  _set_win_
     00003E60  _set_spri
ASxxxx Linker V03.00/V05.40 + sdld,  page 23.
Hexadecimal  [32-Bits]

Area                       Addr        Size        Decimal Bytes (Attributes)
--------------------       ----        ----        ------- ----- ------------
_INITIALIZER           00003EB8    00000040 =          64. bytes (REL,CON)

        Value  Global            Value  Global            Value  Global    
        -----  ------            -----  ------            -----  ------    
ASxxxx Linker V03.00/V05.40 + sdld,  page 24.
Hexadecimal  [32-Bits]

Area                       Addr        Size        Decimal Bytes (Attributes)
--------------------       ----        ----        ------- ----- ------------
_GSINIT                00003EF8    0000000C =          12. bytes (REL,CON)

        Value  Global            Value  Global            Value  Global    
        -----  ------            -----  ------            -----  ------    
     00003EF8  gsinit   
ASxxxx Linker V03.00/V05.40 + sdld,  page 25.
Hexadecimal  [32-Bits]

Area                       Addr        Size        Decimal Bytes (Attributes)
--------------------       ----        ----        ------- ----- ------------
_GSFINAL               00003F04    00000001 =           1. bytes (REL,CON)

        Value  Global            Value  Global            Value  Global    
        -----  ------            -----  ------            -----  ------    
ASxxxx Linker V03.00/V05.40 + sdld,  page 26.
Hexadecimal  [32-Bits]

Area                       Addr        Size        Decimal Bytes (Attributes)
--------------------       ----        ----        ------- ----- ------------
_DATA                  0000C0A0    0000021A =         538. bytes (REL,CON)

        Value  Global            Value  Global            Value  Global    
        -----  ------            -----  ------            -----  ------    
     0000C0A0  __cpu     |    0000C0A1  __is_GBA  |    0000C0A2  .mode    
     0000C0A3  .sys_time |    0000C0A3  _sys_time |    0000C0A5  .int_0x40
     0000C0B1  _last_x   |    0000C0B2  _last_y   |    0000C0B3  _player_c
     0000C0B5  _current_ |    0000C21D  _map      |    0000C22D  _current_
     0000C241  _enemy    |    0000C24B  _boss     |    0000C253  _dungeon 
     0000C263  _doors    |    0000C273  _obstacle |    0000C283  _locked_d
     0000C284  _drops    |    0000C28A  _room_ene |    0000C29A  ___rand_s
     0000C29C  font_curr |    0000C29F  font_firs |    0000C2A0  font_tabl
     0000C2B2  .int_0x48
ASxxxx Linker V03.00/V05.40 + sdld,  page 27.
Hexadecimal  [32-Bits]

Area                       Addr        Size        Decimal Bytes (Attributes)
--------------------       ----        ----        ------- ----- ------------
_INITIALIZED           0000C2BA    00000040 =          64. bytes (REL,CON)

        Value  Global            Value  Global            Value  Global    
        -----  ------            -----  ------            -----  ------    
     0000C2BA  _tile_id  |    0000C2BC  _x        |    0000C2BD  _y       
     0000C2BE  _last_dir |    0000C2BF  _sl_direc |    0000C2C0  _frames  
     0000C2C1  _seconds  |    0000C2C2  _minutes  |    0000C2C3  _hours   
     0000C2C4  _enemies_ |    0000C2C5  _max_floo |    0000C2C6  _power_up
     0000C2C7  _last_joy |    0000C2C8  _current_ |    0000C2C9  _player_n
     0000C2CE  _max_hp   |    0000C2CF  _current_ |    0000C2D0  _attack  
     0000C2D1  _defense  |    0000C2D2  _level    |    0000C2D3  _experien
     0000C2D4  _sword_lv |    0000C2D5  _shield_l |    0000C2D6  _arrow_lv
     0000C2D7  _quiver_l |    0000C2D8  _potion_q |    0000C2D9  _potion_h
     0000C2DA  _max_heal |    0000C2DB  _heals    |    0000C2DC  _heal_qua
     0000C2DD  _arrow_da |    0000C2DE  _num_arro |    0000C2DF  _max_num_
     0000C2E0  _minerals |    0000C2E1  _obt_myth |    0000C2E2  _obt_exp 
     0000C2E3  _menu_ope |    0000C2E4  _current_ |    0000C2E5  _current_
     0000C2E6  _hector_o |    0000C2E7  _safy_opt |    0000C2E8  _map_opti
     0000C2E9  _key_obta |    0000C2EA  _treasure |    0000C2EB  _lock_ope
     0000C2EC  _boss_bat |    0000C2ED  _boss_flo |    0000C2EE  _current_
     0000C2F0  _char_opt |    0000C2F1  _option_x |    0000C2F2  _option_y
     0000C2F3  _curr_let |    0000C2F4  .curx     |    0000C2F5  .cury    
     0000C2F6  .fg_colou |    0000C2F6  __current |    0000C2F7  .bg_colou
     0000C2F8  .draw_mod |    0000C2F9  __map_til
ASxxxx Linker V03.00/V05.40 + sdld,  page 28.
Hexadecimal  [32-Bits]

Area                       Addr        Size        Decimal Bytes (Attributes)
--------------------       ----        ----        ------- ----- ------------
_HRAM                  0000FF80    00000013 =          19. bytes (REL,CON)

        Value  Global            Value  Global            Value  Global    
        -----  ------            -----  ------            -----  ------    
     0000FF80  .refresh_ |    0000FF90  __current |    0000FF91  __vbl_don
     0000FF92  __shadow_
ASxxxx Linker V03.00/V05.40 + sdld,  page 29.
Hexadecimal  [32-Bits]

Area                       Addr        Size        Decimal Bytes (Attributes)
--------------------       ----        ----        ------- ----- ------------
_CODE_3                00034000    00001EDB =        7899. bytes (REL,CON)

        Value  Global            Value  Global            Value  Global    
        -----  ------            -----  ------            -----  ------    
     00034000  _set_titl |    000340B6  _set_map_ |    00034148  _Minimap 
     00034258  _map_menu |    000343C0  _stats_me |    00034528  _empty_ma
     0003454A  _check_ma |    000345EC  _check_ma |    00034724  _show_tim
     00034791  _check_me |    000348CE  _hector_u |    00034A6F  _safy_upg
     00034C0B  _set_stat |    00034DD1  _get_num_ |    00034E16  _add_enem
     00034EAC  _generate |    00034F48  _spawn_en |    00034FC9  _set_enem
     00034FF2  _check_en |    000352EE  _set_char |    0003535E  _insert_n
     00035415  _name_arr |    00035425  _check_na |    0003556D  _NameMap 
     000356D5  _draw_loc |    00035774  _draw_fli |    00035816  _draw_loc
     0003587C  _draw_fli |    000358EA  _hide_doo |    00035913  _EyeBoss 
     00035A13  _spawn_bo |    00035BE7  _move_bos |    00035D1E  _boss_che
     00035D30  _boss_che |    00035D43  _boss_att |    00035D70  _boss_smo
     00035EA2  _boss_dea
ASxxxx Linker V03.00/V05.40 + sdld,  page 30.
Hexadecimal  [32-Bits]

Area                       Addr        Size        Decimal Bytes (Attributes)
--------------------       ----        ----        ------- ----- ------------
_CODE_1                00014000    00000720 =        1824. bytes (REL,CON)

        Value  Global            Value  Global            Value  Global    
        -----  ------            -----  ------            -----  ------    
     00014000  _MC_down  |    00014040  _MC_right |    00014080  _MC_up   
     000140C0  _MC_left  |    00014100  _Hector   |    00014140  _Safy    
     00014180  _arrow    |    00014190  _Objects  |    000142E0  _LarvaOsc
     00014320  _Predator |    00014360  _Trisguar |    000143A0  _Key     
     000143C0  _Lock     |    00014440  _Textbox  |    000144E0  _Mugshot 
     000145E0  _Mythril  |    00014620  _Numbers  |    000146E0  _Arrow   
     00014700  _Drops   
ASxxxx Linker V03.00/V05.40 + sdld,  page 31.
Hexadecimal  [32-Bits]

Area                       Addr        Size        Decimal Bytes (Attributes)
--------------------       ----        ----        ------- ----- ------------
_CODE_2                00024000    00003E40 =       15936. bytes (REL,CON)

        Value  Global            Value  Global            Value  Global    
        -----  ------            -----  ------            -----  ------    
     00024000  _game_ove |    000240E5  _black_sp |    0002425C  _Camp    
     000243C4  _room1    |    0002452C  _room2    |    00024694  _room3   
     000247FC  _room4    |    00024964  _room5    |    00024ACC  _room6   
     00024C34  _room7    |    00024D9C  _room8    |    00024F04  _room9   
     0002506C  _room10   |    000251D4  _room11   |    0002533C  _room12  
     000254A4  _room13   |    0002560C  _room14   |    00025774  _room15  
     000258DC  _NoExit   |    00025A44  _GameOver |    00025BAC  _Title   
     00025D14  _CampTile |    000263D4  _camp_col |    00026440  _Text    
     00026770  _MiniGUI  |    000267A0  _DungeonT |    00026AF0  _Titlescr
     00027A00  _TitleTex |    00027A80  _GameOver |    00027DA0  _deco1   
     00027DC4  _deco2    |    00027DE8  _deco3    |    00027E0C  _deco4   
     00027E30  _deco5   
ASxxxx Linker V03.00/V05.40 + sdld,  page 32.
Hexadecimal  [32-Bits]

Area                       Addr        Size        Decimal Bytes (Attributes)
--------------------       ----        ----        ------- ----- ------------
_FONT_HEADER0          00000000    00000003 =           3. bytes (ABS,CON)

        Value  Global            Value  Global            Value  Global    
        -----  ------            -----  ------            -----  ------    
ASxxxx Linker V03.00/V05.40 + sdld,  page 33.
Hexadecimal  [32-Bits]

Area                       Addr        Size        Decimal Bytes (Attributes)
--------------------       ----        ----        ------- ----- ------------
_HEADER_LCD0           00000000    00000003 =           3. bytes (ABS,CON)

        Value  Global            Value  Global            Value  Global    
        -----  ------            -----  ------            -----  ------    
ASxxxx Linker V03.00/V05.40 + sdld,  page 34.

Files Linked                              [ module(s) ]

C:\Users\Utente\Desktop\Tirocinio\gbdk-win64\gbdk\lib/gb/crt0.o
                                          [ Runtime ]
main.o                                    [ main ]
gen_dung.o                                [ generate_dungeon ]
gui.o                                     [ gui ]
enemy.o                                   [ enemy ]
drop.o                                    [ drop ]
titlescr.o                                [ titlescreen ]
character.o                               [ character ]
Hector.o                                  [ Hector ]
Safy.o                                    [ Safy ]
Arrow.o                                   [ Arrow ]
DungeonObjects.o                          [ DungeonObjects ]
Enemies.o                                 [ Enemies ]
key.o                                     [ key ]
Lock.o                                    [ Lock ]
textbox.o                                 [ textbox ]
mugshot.o                                 [ mugshot ]
mythril.o                                 [ mythril ]
Numbers.o                                 [ Numbers ]
wpn_arrow.o                               [ wpn_arrow ]
minimap.o                                 [ minimap ]
gameoverscript.o                          [ gameover ]
CampMap.o                                 [ CampMap ]
Dungeon.o                                 [ Dungeon ]
GameOver.o                                [ GameOver ]
Title.o                                   [ Title ]
CampTiles.o                               [ CampTiles ]
Text.o                                    [ Text ]
DungeonTiles.o                            [ DungeonTiles ]
Titlescreen.o                             [ Titlescreen ]
TitleText.o                               [ TitleText ]
GameOverText.o                            [ GameOverText ]
gui_management.o                          [ gui_management ]
spawn_enemy.o                             [ spawn_enemy ]
combat_system.o                           [ combat_system ]
insert_name.o                             [ insert_name ]
namescreenmap.o                           [ NameScreenMap ]
enemy_drops.o                             [ enemyDrops ]
obstacles.o                               [ Obstacles ]
locked_doors.o                            [ locked_doors ]
eyeboss.o                                 [ Eyeboss ]
boss.o                                    [ boss ]


Libraries Linked                          [ object file ]

C:\Users\Utente\Desktop\Tirocinio\gbdk-win64\gbdk\lib/sm83/sm83.lib
                                          [ rand.o ]
C:\Users\Utente\Desktop\Tirocinio\gbdk-win64\gbdk\lib/gb/gb.lib
                                          [ sfr.o ]
C:\Users\Utente\Desktop\Tirocinio\gbdk-win64\gbdk\lib/sm83/sm83.lib
                                          [ div.o ]
C:\Users\Utente\Desktop\Tirocinio\gbdk-win64\gbdk\lib/gb/gb.lib
                                          [ set_wi_t.o ]
C:\Users\Utente\Desktop\Tirocinio\gbdk-win64\gbdk\lib/gb/gb.lib
                                          [ set_data.o ]
C:\Users\Utente\Desktop\Tirocinio\gbdk-win64\gbdk\lib/sm83/sm83.lib
                                          [ mul.o ]
C:\Users\Utente\Desktop\Tirocinio\gbdk-win64\gbdk\lib/gb/gb.lib
                                          [ font.o ]
C:\Users\Utente\Desktop\Tirocinio\gbdk-win64\gbdk\lib/gb/gb.lib
                                          [ pad.o ]
C:\Users\Utente\Desktop\Tirocinio\gbdk-win64\gbdk\lib/sm83/sm83.lib
                                          [ memcpy.o ]
C:\Users\Utente\Desktop\Tirocinio\gbdk-win64\gbdk\lib/gb/gb.lib
                                          [ color.o ]
C:\Users\Utente\Desktop\Tirocinio\gbdk-win64\gbdk\lib/gb/gb.lib
                                          [ drawing_isr.o ]
C:\Users\Utente\Desktop\Tirocinio\gbdk-win64\gbdk\lib/gb/gb.lib
                                          [ f_ibm_sh.o ]
C:\Users\Utente\Desktop\Tirocinio\gbdk-win64\gbdk\lib/gb/gb.lib
                                          [ lcd.o ]
C:\Users\Utente\Desktop\Tirocinio\gbdk-win64\gbdk\lib/gb/gb.lib
                                          [ delay.o ]
C:\Users\Utente\Desktop\Tirocinio\gbdk-win64\gbdk\lib/gb/gb.lib
                                          [ ___sdcc_bcall_ehl.o ]
C:\Users\Utente\Desktop\Tirocinio\gbdk-win64\gbdk\lib/gb/gb.lib
                                          [ set_bk_t.o ]
C:\Users\Utente\Desktop\Tirocinio\gbdk-win64\gbdk\lib/gb/gb.lib
                                          [ set_xy_t.o ]
C:\Users\Utente\Desktop\Tirocinio\gbdk-win64\gbdk\lib/gb/gb.lib
                                          [ set_1bit_data.o ]

ASxxxx Linker V03.00/V05.40 + sdld,  page 35.

User Base Address Definitions

_DATA=0xC0A0
_CODE=0x0200
_HRAM=0xFF80
ASxxxx Linker V03.00/V05.40 + sdld,  page 36.

User Global Definitions

_shadow_OAM=0xC000
.STACK=0xE000

