ASxxxx Linker V03.00/V05.40 + sdld,  page 1.
Hexadecimal  [32-Bits]

Area                       Addr        Size        Decimal Bytes (Attributes)
--------------------       ----        ----        ------- ----- ------------
.  .ABS.               00000000    00000000 =           0. bytes (ABS,CON)

        Value  Global            Value  Global            Value  Global    
        -----  ------            -----  ------            -----  ------    
     00000000  .__.ABS.  |    00000000  _rMBC7_SR |    00000000  _rRAMG   
     00000000  l__BASE   |    00000000  l__BSS    |    00000000  l__CABS  
     00000000  l__CODE_0 |    00000000  l__DABS   |    00000000  l__FONT_H
     00000000  l__HEADER |    00000000  l__HEADER |    00000000  l__HEAP  
     00000000  l__HEAP_E |    00000000  l__LIT    |    00000000  s__CABS  
     00000000  s__DABS   |    00000000  s__FONT_H |    00000000  s__FONT_H
     00000000  s__HEADER |    00000000  s__HEADER |    00000000  s__HEADER
     00000000  s__HEADER |    00000000  s__HEADER |    00000000  s__HEADER
     00000000  s__HEADER |    00000000  s__HEADER |    00000000  s__HEADER
     00000000  s__HEADER |    00000000  s__HEADER |    00000000  s__HEADER
     00000000  s__HEADER |    00000000  s__HEADER |    00000000  s__HEADER
     00000000  s__HEADER |    00000000  s__HEADER |    00000000  s__HEADER
     00000000  s__HEADER |    00000000  s__HEADER |    00000000  s__HEADER
     00000001  l__GSFINA |    00000001  l__HEADER |    00000001  l__HEADER
     00000001  l__HEADER |    00000001  l__HEADER |    00000001  l__HEADER
     00000001  l__HEADER |    00000001  l__HEADER |    00000002  b_game_ov
     00000002  l__HEADER |    00000002  l__HEADER |    00000002  l__HEADER
     00000003  b_boss_de |    00000003  b_check_e |    00000003  b_check_m
     00000003  b_check_m |    00000003  b_draw_fl |    00000003  b_draw_fl
     00000003  b_draw_lo |    00000003  b_draw_lo |    00000003  b_empty_m
     00000003  b_generat |    00000003  b_get_num |    00000003  b_insert_
     00000003  b_move_bo |    00000003  b_set_ene |    00000003  b_set_map
     00000003  b_set_tit |    00000003  b_show_ti |    00000003  b_spawn_b
     00000003  b_spawn_e |    00000003  l__FONT_H |    00000003  l__HEADER
     00000003  l__HEADER |    00000005  l__HEADER |    00000006  l__HEADER
     00000007  l__HEADER |    00000008  l__HEADER |    0000000C  l__GSINIT
     00000013  l__HRAM   |    00000030  l__HEADER |    0000003E  l__INITIA
     0000003E  l__INITIA |    00000060  l__HEADER |    000000AB  l__HEADER
     00000200  s__CODE   |    0000021A  l__DATA   |    00000720  l__CODE_1
     0000087F  l__HOME   |    00001C5D  l__CODE_3 |    00002000  _rROMB0  
     00003000  _rROMB1   |    00003451  l__CODE   |    00003651  s__HOME  
     00003CD8  l__CODE_2 |    00003ED0  s__BASE   |    00003ED0  s__CODE_0
     00003ED0  s__INITIA |    00003ED0  s__LIT    |    00003F0E  s__GSINIT
     00003F1A  s__GSFINA |    00004000  _rMBC7_SR |    00004000  _rRAMB   
     00008000  __VRAM    |    00008000  __VRAM800 |    00008800  __VRAM880
     00009000  __VRAM900 |    00009800  __SCRN0   |    00009C00  __SCRN1  
     0000A000  __SRAM    |    0000A000  _rMBC7_LA |    0000A010  _rMBC7_LA
     0000A020  _rMBC7_AC |    0000A030  _rMBC7_AC |    0000A040  _rMBC7_AC
     0000A050  _rMBC7_AC |    0000C000  __RAM     |    0000C000  _shadow_O
     0000C0A0  s__DATA   |    0000C2BA  s__BSS    |    0000C2BA  s__INITIA
     0000C2F8  s__HEAP   |    0000C2F8  s__HEAP_E |    0000D000  __RAMBANK
     0000E000  .STACK    |    0000FE00  __OAMRAM  |    0000FF00  _P1_REG  
     0000FF00  __IO      |    0000FF01  _SB_REG   |    0000FF02  _SC_REG  
     0000FF04  _DIV_REG  |    0000FF05  _TIMA_REG |    0000FF06  _TMA_REG 
     0000FF07  _TAC_REG  |    0000FF0F  _IF_REG   |    0000FF10  _NR10_REG
     0000FF11  _NR11_REG |    0000FF12  _NR12_REG |    0000FF13  _NR13_REG
     0000FF14  _NR14_REG |    0000FF16  _NR21_REG |    0000FF17  _NR22_REG
     0000FF18  _NR23_REG |    0000FF19  _NR24_REG |    0000FF1A  _NR30_REG
     0000FF1B  _NR31_REG |    0000FF1C  _NR32_REG |    0000FF1D  _NR33_REG
     0000FF1E  _NR34_REG |    0000FF20  _NR41_REG |    0000FF21  _NR42_REG
ASxxxx Linker V03.00/V05.40 + sdld,  page 2.
Hexadecimal  [32-Bits]

Area                       Addr        Size        Decimal Bytes (Attributes)
--------------------       ----        ----        ------- ----- ------------
.  .ABS.               00000000    00000000 =           0. bytes (ABS,CON)

        Value  Global            Value  Global            Value  Global    
        -----  ------            -----  ------            -----  ------    
     0000FF22  _NR43_REG |    0000FF23  _NR44_REG |    0000FF24  _NR50_REG
     0000FF25  _NR51_REG |    0000FF26  _NR52_REG |    0000FF30  _AUD3WAVE
     0000FF30  _PCM_SAMP |    0000FF30  __AUD3WAV |    0000FF40  _LCDC_REG
     0000FF41  _STAT_REG |    0000FF42  _SCY_REG  |    0000FF43  _SCX_REG 
     0000FF44  _LY_REG   |    0000FF45  _LYC_REG  |    0000FF46  _DMA_REG 
     0000FF47  _BGP_REG  |    0000FF48  _OBP0_REG |    0000FF49  _OBP1_REG
     0000FF4A  _WY_REG   |    0000FF4B  _WX_REG   |    0000FF4D  _KEY1_REG
     0000FF4F  _VBK_REG  |    0000FF51  _HDMA1_RE |    0000FF52  _HDMA2_RE
     0000FF53  _HDMA3_RE |    0000FF54  _HDMA4_RE |    0000FF55  _HDMA5_RE
     0000FF56  _RP_REG   |    0000FF68  _BCPS_REG |    0000FF69  _BCPD_REG
     0000FF6A  _OCPS_REG |    0000FF6B  _OCPD_REG |    0000FF70  _SVBK_REG
     0000FF76  _PCM12_RE |    0000FF77  _PCM34_RE |    0000FF80  __HRAM   
     0000FF80  s__HRAM   |    0000FFFF  _IE_REG   |    00014000  s__CODE_1
     00024000  s__CODE_2 |    00034000  s__CODE_3
ASxxxx Linker V03.00/V05.40 + sdld,  page 3.
Hexadecimal  [32-Bits]

Area                       Addr        Size        Decimal Bytes (Attributes)
--------------------       ----        ----        ------- ----- ------------
_CODE                  00000200    00003451 =       13393. bytes (REL,CON)

        Value  Global            Value  Global            Value  Global    
        -----  ------            -----  ------            -----  ------    
     00000200  _main     |    00000494  _blank    |    000004A4  _black   
     000004B4  _chest_cl |    000004BC  _chest_op |    000004C4  _stairs  
     000004C8  _menu_bod |    000004C9  _arrow_ti |    000004CA  _upgrade_
     000004D2  _cure_upg |    000004DA  _level_cu |    000004ED  _move_cha
     0000053E  _check_in |    0000081D  _check_in |    00000B83  _check_te
     00000D6E  _is_sprit |    00000D82  _set_camp |    00000E4F  _hide_cam
     00000EA8  _set_dung |    00000EC8  _set_room |    00001125  _change_r
     000011B4  _set_stat |    0000137A  _check_op |    00001483  _set_mini
     0000157D  _go_into_ |    0000160F  _go_next_ |    0000169E  _hide_doo
     000016C7  _set_text |    000017D5  _player_a |    000018CB  _show_num
     000019C2  _shoot_ar |    00001ABA  _heal_pla |    00001AE7  _smooth_m
     00001C53  _check_ti |    00001C8C  _set_enem |    00001D0C  _set_char
     00001D71  _assign_o |    00001E70  _put_on_r |    00001EFA  _generate
     00001FF0  _min_leng |    00001FF1  _max_leng |    00001FF2  _empty_ar
     00002047  _create_l |    0000236A  _append   |    00002389  _add_bran
     000025DE  _find_nea |    00002714  _shuffle_ |    000027A1  _create_d
     000028AA  _add_obst |    000028D3  _gui_map  |    00002A3B  _mini_gui
     00002A4F  _hector_m |    00002B67  _safy_men |    00002C7F  _obtained
     00002CE3  _obtained |    00002D47  _move_ene |    00002FA0  _set_enem
     00003052  _set_enem |    00003113  _check_di |    00003124  _check_di
     00003136  _enemy_at |    00003163  _enemy_de |    00003219  _enemy_sm
     0000330E  _is_enemy |    00003353  _spawn_dr |    0000340F  _clear_dr
     0000343C  _check_dr |    000034F3  __divsuch |    000034F9  __modsuch
     00003502  __divusch |    0000350B  __modusch |    00003517  __divscha
     0000351C  __modscha |    00003523  __divsint |    0000352C  __modsint
     00003538  __divucha |    0000353D  __moducha |    00003544  __divuint
     0000354D  __moduint |    00003559  .div8     |    00003559  .mod8    
     00003561  .div16    |    00003561  .mod16    |    00003597  .divu8   
     00003597  .modu8    |    0000359A  .divu16   |    0000359A  .modu16  
     000035DA  __mulsuch |    000035DD  __mulusch |    000035E6  __mulscha
     000035EE  __mulint  |    0000360D  __mulucha |    0000361F  ___memcpy
     0000361F  _memcpy  
ASxxxx Linker V03.00/V05.40 + sdld,  page 4.
Hexadecimal  [32-Bits]

Area                       Addr        Size        Decimal Bytes (Attributes)
--------------------       ----        ----        ------- ----- ------------
_HEADER0               00000000    00000001 =           1. bytes (ABS,CON)

        Value  Global            Value  Global            Value  Global    
        -----  ------            -----  ------            -----  ------    
     00000020  .call_hl 
ASxxxx Linker V03.00/V05.40 + sdld,  page 5.
Hexadecimal  [32-Bits]

Area                       Addr        Size        Decimal Bytes (Attributes)
--------------------       ----        ----        ------- ----- ------------
_HEADER1               00000000    00000005 =           5. bytes (ABS,CON)

        Value  Global            Value  Global            Value  Global    
        -----  ------            -----  ------            -----  ------    
     00000028  .MemsetSm
ASxxxx Linker V03.00/V05.40 + sdld,  page 6.
Hexadecimal  [32-Bits]

Area                       Addr        Size        Decimal Bytes (Attributes)
--------------------       ----        ----        ------- ----- ------------
_HEADER2               00000000    00000007 =           7. bytes (ABS,CON)

        Value  Global            Value  Global            Value  Global    
        -----  ------            -----  ------            -----  ------    
     00000030  .MemcpySm
ASxxxx Linker V03.00/V05.40 + sdld,  page 7.
Hexadecimal  [32-Bits]

Area                       Addr        Size        Decimal Bytes (Attributes)
--------------------       ----        ----        ------- ----- ------------
_HEADER3               00000000    00000008 =           8. bytes (ABS,CON)

        Value  Global            Value  Global            Value  Global    
        -----  ------            -----  ------            -----  ------    
ASxxxx Linker V03.00/V05.40 + sdld,  page 8.
Hexadecimal  [32-Bits]

Area                       Addr        Size        Decimal Bytes (Attributes)
--------------------       ----        ----        ------- ----- ------------
_HEADER4               00000000    00000060 =          96. bytes (ABS,CON)

        Value  Global            Value  Global            Value  Global    
        -----  ------            -----  ------            -----  ------    
     00000080  .int      |    0000008F  _wait_int |    0000009C  __standar
     000000AB  _refresh_ |    000000CC  _set_inte
ASxxxx Linker V03.00/V05.40 + sdld,  page 9.
Hexadecimal  [32-Bits]

Area                       Addr        Size        Decimal Bytes (Attributes)
--------------------       ----        ----        ------- ----- ------------
_HEADER5               00000000    00000001 =           1. bytes (ABS,CON)

        Value  Global            Value  Global            Value  Global    
        -----  ------            -----  ------            -----  ------    
ASxxxx Linker V03.00/V05.40 + sdld,  page 10.
Hexadecimal  [32-Bits]

Area                       Addr        Size        Decimal Bytes (Attributes)
--------------------       ----        ----        ------- ----- ------------
_HEADER6               00000000    00000002 =           2. bytes (ABS,CON)

        Value  Global            Value  Global            Value  Global    
        -----  ------            -----  ------            -----  ------    
ASxxxx Linker V03.00/V05.40 + sdld,  page 11.
Hexadecimal  [32-Bits]

Area                       Addr        Size        Decimal Bytes (Attributes)
--------------------       ----        ----        ------- ----- ------------
_HEADER7               00000000    00000030 =          48. bytes (ABS,CON)

        Value  Global            Value  Global            Value  Global    
        -----  ------            -----  ------            -----  ------    
ASxxxx Linker V03.00/V05.40 + sdld,  page 12.
Hexadecimal  [32-Bits]

Area                       Addr        Size        Decimal Bytes (Attributes)
--------------------       ----        ----        ------- ----- ------------
_HEADER8               00000000    00000006 =           6. bytes (ABS,CON)

        Value  Global            Value  Global            Value  Global    
        -----  ------            -----  ------            -----  ------    
ASxxxx Linker V03.00/V05.40 + sdld,  page 13.
Hexadecimal  [32-Bits]

Area                       Addr        Size        Decimal Bytes (Attributes)
--------------------       ----        ----        ------- ----- ------------
_HEADER9               00000000    00000003 =           3. bytes (ABS,CON)

        Value  Global            Value  Global            Value  Global    
        -----  ------            -----  ------            -----  ------    
ASxxxx Linker V03.00/V05.40 + sdld,  page 14.
Hexadecimal  [32-Bits]

Area                       Addr        Size        Decimal Bytes (Attributes)
--------------------       ----        ----        ------- ----- ------------
_HEADERa               00000000    00000001 =           1. bytes (ABS,CON)

        Value  Global            Value  Global            Value  Global    
        -----  ------            -----  ------            -----  ------    
ASxxxx Linker V03.00/V05.40 + sdld,  page 15.
Hexadecimal  [32-Bits]

Area                       Addr        Size        Decimal Bytes (Attributes)
--------------------       ----        ----        ------- ----- ------------
_HEADERb               00000000    00000001 =           1. bytes (ABS,CON)

        Value  Global            Value  Global            Value  Global    
        -----  ------            -----  ------            -----  ------    
ASxxxx Linker V03.00/V05.40 + sdld,  page 16.
Hexadecimal  [32-Bits]

Area                       Addr        Size        Decimal Bytes (Attributes)
--------------------       ----        ----        ------- ----- ------------
_HEADERc               00000000    00000001 =           1. bytes (ABS,CON)

        Value  Global            Value  Global            Value  Global    
        -----  ------            -----  ------            -----  ------    
ASxxxx Linker V03.00/V05.40 + sdld,  page 17.
Hexadecimal  [32-Bits]

Area                       Addr        Size        Decimal Bytes (Attributes)
--------------------       ----        ----        ------- ----- ------------
_HEADERd               00000000    00000002 =           2. bytes (ABS,CON)

        Value  Global            Value  Global            Value  Global    
        -----  ------            -----  ------            -----  ------    
ASxxxx Linker V03.00/V05.40 + sdld,  page 18.
Hexadecimal  [32-Bits]

Area                       Addr        Size        Decimal Bytes (Attributes)
--------------------       ----        ----        ------- ----- ------------
_HEADERe               00000000    00000001 =           1. bytes (ABS,CON)

        Value  Global            Value  Global            Value  Global    
        -----  ------            -----  ------            -----  ------    
ASxxxx Linker V03.00/V05.40 + sdld,  page 19.
Hexadecimal  [32-Bits]

Area                       Addr        Size        Decimal Bytes (Attributes)
--------------------       ----        ----        ------- ----- ------------
_HEADERf               00000000    00000001 =           1. bytes (ABS,CON)

        Value  Global            Value  Global            Value  Global    
        -----  ------            -----  ------            -----  ------    
ASxxxx Linker V03.00/V05.40 + sdld,  page 20.
Hexadecimal  [32-Bits]

Area                       Addr        Size        Decimal Bytes (Attributes)
--------------------       ----        ----        ------- ----- ------------
_HEADER10              00000000    00000002 =           2. bytes (ABS,CON)

        Value  Global            Value  Global            Value  Global    
        -----  ------            -----  ------            -----  ------    
ASxxxx Linker V03.00/V05.40 + sdld,  page 21.
Hexadecimal  [32-Bits]

Area                       Addr        Size        Decimal Bytes (Attributes)
--------------------       ----        ----        ------- ----- ------------
_HEADER11              00000000    000000AB =         171. bytes (ABS,CON)

        Value  Global            Value  Global            Value  Global    
        -----  ------            -----  ------            -----  ------    
     00000150  .reset    |    00000150  _reset    |    00000157  .code_sta
     000001B9  _exit     |    000001BD  .wait_vbl |    000001BD  _vsync   
     000001BD  _wait_vbl |    000001CD  .remove_V |    000001CD  _remove_V
     000001D0  .remove_i |    000001ED  .add_VBL  |    000001ED  _add_VBL 
     000001F0  .add_int 
ASxxxx Linker V03.00/V05.40 + sdld,  page 22.
Hexadecimal  [32-Bits]

Area                       Addr        Size        Decimal Bytes (Attributes)
--------------------       ----        ----        ------- ----- ------------
_HOME                  00003651    0000087F =        2175. bytes (REL,CON)

        Value  Global            Value  Global            Value  Global    
        -----  ------            -----  ------            -----  ------    
     00003651  .memset_s |    0000365A  .memcpy_s |    00003677  .display_
     00003677  _display_ |    0000368F  _rand     |    0000368F  _randw   
     000036BA  _initrand |    000036BC  .initrand |    000036C5  _set_win_
     000036D9  _set_tile |    000036DE  _set_bkg_ |    000036DE  _set_win_
     000036E6  _set_spri |    00003716  _font_loa |    0000371D  font_load
     00003765  font_copy |    0000379B  font_set  |    000037A8  .put_char
     000037C0  .out_char |    000037C6  .del_char |    0000381C  _putchar 
     00003825  _setchar  |    0000382E  _font_loa |    0000383C  _font_set
     0000384B  _font_ini |    0000386A  .cls      |    0000386A  _cls     
     0000388C  _gotoxy   |    00003897  _posx     |    000038A8  _posy    
     000038D0  .cr_curs  |    000038E5  .adv_curs |    00003941  .tmode   
     0000395E  .tmode_ou |    00003967  .padup    |    00003967  _waitpadu
     00003977  .jpad     |    00003977  _joypad   |    0000399F  _waitpad 
     000039A0  .wait_pad |    000039A7  _color    |    000039A7  _set_1bpp
     000039B6  .drawing_ |    000039D3  _font_ibm |    00003DB4  .add_LCD 
     00003DB4  _add_LCD  |    00003DBA  .remove_L |    00003DBA  _remove_L
     00003DC0  .delay    |    00003DC0  _delay    |    00003DEC  ___sdcc_b
     00003E00  _set_bkg_ |    00003E14  .set_xy_w |    00003E1D  .set_xy_b
     00003E2C  .set_xy_t |    00003E70  _set_bkg_ |    00003E70  _set_win_
     00003E78  _set_spri
ASxxxx Linker V03.00/V05.40 + sdld,  page 23.
Hexadecimal  [32-Bits]

Area                       Addr        Size        Decimal Bytes (Attributes)
--------------------       ----        ----        ------- ----- ------------
_INITIALIZER           00003ED0    0000003E =          62. bytes (REL,CON)

        Value  Global            Value  Global            Value  Global    
        -----  ------            -----  ------            -----  ------    
ASxxxx Linker V03.00/V05.40 + sdld,  page 24.
Hexadecimal  [32-Bits]

Area                       Addr        Size        Decimal Bytes (Attributes)
--------------------       ----        ----        ------- ----- ------------
_GSINIT                00003F0E    0000000C =          12. bytes (REL,CON)

        Value  Global            Value  Global            Value  Global    
        -----  ------            -----  ------            -----  ------    
     00003F0E  gsinit   
ASxxxx Linker V03.00/V05.40 + sdld,  page 25.
Hexadecimal  [32-Bits]

Area                       Addr        Size        Decimal Bytes (Attributes)
--------------------       ----        ----        ------- ----- ------------
_GSFINAL               00003F1A    00000001 =           1. bytes (REL,CON)

        Value  Global            Value  Global            Value  Global    
        -----  ------            -----  ------            -----  ------    
ASxxxx Linker V03.00/V05.40 + sdld,  page 26.
Hexadecimal  [32-Bits]

Area                       Addr        Size        Decimal Bytes (Attributes)
--------------------       ----        ----        ------- ----- ------------
_DATA                  0000C0A0    0000021A =         538. bytes (REL,CON)

        Value  Global            Value  Global            Value  Global    
        -----  ------            -----  ------            -----  ------    
     0000C0A0  __cpu     |    0000C0A1  __is_GBA  |    0000C0A2  .mode    
     0000C0A3  .sys_time |    0000C0A3  _sys_time |    0000C0A5  .int_0x40
     0000C0B1  _last_x   |    0000C0B2  _last_y   |    0000C0B3  _player_c
     0000C0B5  _current_ |    0000C21D  _map      |    0000C22D  _current_
     0000C241  _enemy    |    0000C24B  _boss     |    0000C253  _dungeon 
     0000C263  _doors    |    0000C273  _obstacle |    0000C283  _locked_d
     0000C284  _drops    |    0000C28A  _room_ene |    0000C29A  ___rand_s
     0000C29C  font_curr |    0000C29F  font_firs |    0000C2A0  font_tabl
     0000C2B2  .int_0x48
ASxxxx Linker V03.00/V05.40 + sdld,  page 27.
Hexadecimal  [32-Bits]

Area                       Addr        Size        Decimal Bytes (Attributes)
--------------------       ----        ----        ------- ----- ------------
_INITIALIZED           0000C2BA    0000003E =          62. bytes (REL,CON)

        Value  Global            Value  Global            Value  Global    
        -----  ------            -----  ------            -----  ------    
     0000C2BA  _tile_id  |    0000C2BC  _x        |    0000C2BD  _y       
     0000C2BE  _last_dir |    0000C2BF  _sl_direc |    0000C2C0  _frames  
     0000C2C1  _seconds  |    0000C2C2  _minutes  |    0000C2C3  _hours   
     0000C2C4  _enemies_ |    0000C2C5  _max_floo |    0000C2C6  _power_up
     0000C2C7  _last_joy |    0000C2C8  _current_ |    0000C2C9  _player_n
     0000C2CE  _max_hp   |    0000C2CF  _current_ |    0000C2D0  _attack  
     0000C2D1  _defense  |    0000C2D2  _level    |    0000C2D3  _experien
     0000C2D4  _sword_lv |    0000C2D5  _shield_l |    0000C2D6  _arrow_lv
     0000C2D7  _quiver_l |    0000C2D8  _potion_q |    0000C2D9  _potion_h
     0000C2DA  _max_heal |    0000C2DB  _heals    |    0000C2DC  _heal_qua
     0000C2DD  _arrow_da |    0000C2DE  _num_arro |    0000C2DF  _max_num_
     0000C2E0  _minerals |    0000C2E1  _obt_myth |    0000C2E2  _obt_exp 
     0000C2E3  _menu_ope |    0000C2E4  _current_ |    0000C2E5  _current_
     0000C2E6  _hector_o |    0000C2E7  _safy_opt |    0000C2E8  _map_opti
     0000C2E9  _key_obta |    0000C2EA  _treasure |    0000C2EB  _lock_ope
     0000C2EC  _current_ |    0000C2EE  _char_opt |    0000C2EF  _option_x
     0000C2F0  _option_y |    0000C2F1  _curr_let |    0000C2F2  .curx    
     0000C2F3  .cury     |    0000C2F4  .fg_colou |    0000C2F4  __current
     0000C2F5  .bg_colou |    0000C2F6  .draw_mod |    0000C2F7  __map_til
ASxxxx Linker V03.00/V05.40 + sdld,  page 28.
Hexadecimal  [32-Bits]

Area                       Addr        Size        Decimal Bytes (Attributes)
--------------------       ----        ----        ------- ----- ------------
_HRAM                  0000FF80    00000013 =          19. bytes (REL,CON)

        Value  Global            Value  Global            Value  Global    
        -----  ------            -----  ------            -----  ------    
     0000FF80  .refresh_ |    0000FF90  __current |    0000FF91  __vbl_don
     0000FF92  __shadow_
ASxxxx Linker V03.00/V05.40 + sdld,  page 29.
Hexadecimal  [32-Bits]

Area                       Addr        Size        Decimal Bytes (Attributes)
--------------------       ----        ----        ------- ----- ------------
_CODE_3                00034000    00001C5D =        7261. bytes (REL,CON)

        Value  Global            Value  Global            Value  Global    
        -----  ------            -----  ------            -----  ------    
     00034000  _set_titl |    000340B6  _set_map_ |    00034148  _Minimap 
     00034258  _map_menu |    000343C0  _stats_me |    00034528  _empty_ma
     0003454A  _check_ma |    000345EC  _check_ma |    00034724  _show_tim
     00034791  _check_me |    000348CE  _hector_u |    00034A6F  _safy_upg
     00034C0B  _get_num_ |    00034C50  _add_enem |    00034CE6  _generate
     00034D82  _spawn_en |    00034E03  _set_enem |    00034E2C  _check_en
     00035128  _insert_n |    000351DF  _name_arr |    000351EF  _check_na
     00035337  _NameMap  |    0003549F  _draw_loc |    0003553E  _draw_fli
     000355E0  _draw_loc |    00035646  _draw_fli |    000356B4  _EyeBoss 
     000357B4  _spawn_bo |    00035969  _move_bos |    00035AA0  _boss_che
     00035AB2  _boss_che |    00035AC5  _boss_att |    00035AF2  _boss_smo
     00035C24  _boss_dea
ASxxxx Linker V03.00/V05.40 + sdld,  page 30.
Hexadecimal  [32-Bits]

Area                       Addr        Size        Decimal Bytes (Attributes)
--------------------       ----        ----        ------- ----- ------------
_CODE_1                00014000    00000720 =        1824. bytes (REL,CON)

        Value  Global            Value  Global            Value  Global    
        -----  ------            -----  ------            -----  ------    
     00014000  _MC_down  |    00014040  _MC_right |    00014080  _MC_up   
     000140C0  _MC_left  |    00014100  _Hector   |    00014140  _Safy    
     00014180  _arrow    |    00014190  _Objects  |    000142E0  _LarvaOsc
     00014320  _Predator |    00014360  _Trisguar |    000143A0  _Key     
     000143C0  _Lock     |    00014440  _Textbox  |    000144E0  _Mugshot 
     000145E0  _Mythril  |    00014620  _Numbers  |    000146E0  _Arrow   
     00014700  _Drops   
ASxxxx Linker V03.00/V05.40 + sdld,  page 31.
Hexadecimal  [32-Bits]

Area                       Addr        Size        Decimal Bytes (Attributes)
--------------------       ----        ----        ------- ----- ------------
_CODE_2                00024000    00003CD8 =       15576. bytes (REL,CON)

        Value  Global            Value  Global            Value  Global    
        -----  ------            -----  ------            -----  ------    
     00024000  _game_ove |    000240E5  _black_sp |    0002425C  _Camp    
     000243C4  _room1    |    0002452C  _room2    |    00024694  _room3   
     000247FC  _room4    |    00024964  _room5    |    00024ACC  _room6   
     00024C34  _room7    |    00024D9C  _room8    |    00024F04  _room9   
     0002506C  _room10   |    000251D4  _room11   |    0002533C  _room12  
     000254A4  _room13   |    0002560C  _room14   |    00025774  _room15  
     000258DC  _GameOver |    00025A44  _Title    |    00025BAC  _CampTile
     0002626C  _camp_col |    000262D8  _Text     |    00026608  _MiniGUI 
     00026638  _DungeonT |    00026988  _Titlescr |    00027898  _TitleTex
     00027918  _GameOver |    00027C38  _deco1    |    00027C5C  _deco2   
     00027C80  _deco3    |    00027CA4  _deco4    |    00027CC8  _deco5   
ASxxxx Linker V03.00/V05.40 + sdld,  page 32.
Hexadecimal  [32-Bits]

Area                       Addr        Size        Decimal Bytes (Attributes)
--------------------       ----        ----        ------- ----- ------------
_FONT_HEADER0          00000000    00000003 =           3. bytes (ABS,CON)

        Value  Global            Value  Global            Value  Global    
        -----  ------            -----  ------            -----  ------    
ASxxxx Linker V03.00/V05.40 + sdld,  page 33.
Hexadecimal  [32-Bits]

Area                       Addr        Size        Decimal Bytes (Attributes)
--------------------       ----        ----        ------- ----- ------------
_HEADER_LCD0           00000000    00000003 =           3. bytes (ABS,CON)

        Value  Global            Value  Global            Value  Global    
        -----  ------            -----  ------            -----  ------    
ASxxxx Linker V03.00/V05.40 + sdld,  page 34.

Files Linked                              [ module(s) ]

C:\Users\Utente\Desktop\Tirocinio\gbdk-win64\gbdk\lib/gb/crt0.o
                                          [ Runtime ]
main.o                                    [ main ]
gen_dung.o                                [ generate_dungeon ]
gui.o                                     [ gui ]
enemy.o                                   [ enemy ]
drop.o                                    [ drop ]
titlescr.o                                [ titlescreen ]
character.o                               [ character ]
Hector.o                                  [ Hector ]
Safy.o                                    [ Safy ]
Arrow.o                                   [ Arrow ]
DungeonObjects.o                          [ DungeonObjects ]
Enemies.o                                 [ Enemies ]
key.o                                     [ key ]
Lock.o                                    [ Lock ]
textbox.o                                 [ textbox ]
mugshot.o                                 [ mugshot ]
mythril.o                                 [ mythril ]
Numbers.o                                 [ Numbers ]
wpn_arrow.o                               [ wpn_arrow ]
minimap.o                                 [ minimap ]
gameoverscript.o                          [ gameover ]
CampMap.o                                 [ CampMap ]
Dungeon.o                                 [ Dungeon ]
GameOver.o                                [ GameOver ]
Title.o                                   [ Title ]
CampTiles.o                               [ CampTiles ]
Text.o                                    [ Text ]
DungeonTiles.o                            [ DungeonTiles ]
Titlescreen.o                             [ Titlescreen ]
TitleText.o                               [ TitleText ]
GameOverText.o                            [ GameOverText ]
gui_management.o                          [ gui_management ]
spawn_enemy.o                             [ spawn_enemy ]
combat_system.o                           [ combat_system ]
insert_name.o                             [ insert_name ]
namescreenmap.o                           [ NameScreenMap ]
enemy_drops.o                             [ enemyDrops ]
obstacles.o                               [ Obstacles ]
locked_doors.o                            [ locked_doors ]
eyeboss.o                                 [ Eyeboss ]
boss.o                                    [ boss ]


Libraries Linked                          [ object file ]

C:\Users\Utente\Desktop\Tirocinio\gbdk-win64\gbdk\lib/sm83/sm83.lib
                                          [ rand.o ]
C:\Users\Utente\Desktop\Tirocinio\gbdk-win64\gbdk\lib/gb/gb.lib
                                          [ sfr.o ]
C:\Users\Utente\Desktop\Tirocinio\gbdk-win64\gbdk\lib/sm83/sm83.lib
                                          [ div.o ]
C:\Users\Utente\Desktop\Tirocinio\gbdk-win64\gbdk\lib/gb/gb.lib
                                          [ set_wi_t.o ]
C:\Users\Utente\Desktop\Tirocinio\gbdk-win64\gbdk\lib/gb/gb.lib
                                          [ set_data.o ]
C:\Users\Utente\Desktop\Tirocinio\gbdk-win64\gbdk\lib/sm83/sm83.lib
                                          [ mul.o ]
C:\Users\Utente\Desktop\Tirocinio\gbdk-win64\gbdk\lib/gb/gb.lib
                                          [ font.o ]
C:\Users\Utente\Desktop\Tirocinio\gbdk-win64\gbdk\lib/gb/gb.lib
                                          [ pad.o ]
C:\Users\Utente\Desktop\Tirocinio\gbdk-win64\gbdk\lib/sm83/sm83.lib
                                          [ memcpy.o ]
C:\Users\Utente\Desktop\Tirocinio\gbdk-win64\gbdk\lib/gb/gb.lib
                                          [ color.o ]
C:\Users\Utente\Desktop\Tirocinio\gbdk-win64\gbdk\lib/gb/gb.lib
                                          [ drawing_isr.o ]
C:\Users\Utente\Desktop\Tirocinio\gbdk-win64\gbdk\lib/gb/gb.lib
                                          [ f_ibm_sh.o ]
C:\Users\Utente\Desktop\Tirocinio\gbdk-win64\gbdk\lib/gb/gb.lib
                                          [ lcd.o ]
C:\Users\Utente\Desktop\Tirocinio\gbdk-win64\gbdk\lib/gb/gb.lib
                                          [ delay.o ]
C:\Users\Utente\Desktop\Tirocinio\gbdk-win64\gbdk\lib/gb/gb.lib
                                          [ ___sdcc_bcall_ehl.o ]
C:\Users\Utente\Desktop\Tirocinio\gbdk-win64\gbdk\lib/gb/gb.lib
                                          [ set_bk_t.o ]
C:\Users\Utente\Desktop\Tirocinio\gbdk-win64\gbdk\lib/gb/gb.lib
                                          [ set_xy_t.o ]
C:\Users\Utente\Desktop\Tirocinio\gbdk-win64\gbdk\lib/gb/gb.lib
                                          [ set_1bit_data.o ]

ASxxxx Linker V03.00/V05.40 + sdld,  page 35.

User Base Address Definitions

_DATA=0xC0A0
_CODE=0x0200
_HRAM=0xFF80
ASxxxx Linker V03.00/V05.40 + sdld,  page 36.

User Global Definitions

_shadow_OAM=0xC000
.STACK=0xE000

