ASxxxx Linker V03.00/V05.40 + sdld,  page 1.
Hexadecimal  [32-Bits]

Area                       Addr        Size        Decimal Bytes (Attributes)
--------------------       ----        ----        ------- ----- ------------
.  .ABS.               00000000    00000000 =           0. bytes (ABS,CON)

        Value  Global            Value  Global            Value  Global    
        -----  ------            -----  ------            -----  ------    
     00000000  .__.ABS.  |    00000000  _rMBC7_SR |    00000000  _rRAMG   
     00000000  l__BASE   |    00000000  l__BSS    |    00000000  l__CABS  
     00000000  l__CODE_0 |    00000000  l__DABS   |    00000000  l__FONT_H
     00000000  l__HEADER |    00000000  l__HEADER |    00000000  l__HEAP  
     00000000  l__HEAP_E |    00000000  l__LIT    |    00000000  s__CABS  
     00000000  s__DABS   |    00000000  s__FONT_H |    00000000  s__FONT_H
     00000000  s__HEADER |    00000000  s__HEADER |    00000000  s__HEADER
     00000000  s__HEADER |    00000000  s__HEADER |    00000000  s__HEADER
     00000000  s__HEADER |    00000000  s__HEADER |    00000000  s__HEADER
     00000000  s__HEADER |    00000000  s__HEADER |    00000000  s__HEADER
     00000000  s__HEADER |    00000000  s__HEADER |    00000000  s__HEADER
     00000000  s__HEADER |    00000000  s__HEADER |    00000000  s__HEADER
     00000000  s__HEADER |    00000000  s__HEADER |    00000000  s__HEADER
     00000001  l__GSFINA |    00000001  l__HEADER |    00000001  l__HEADER
     00000001  l__HEADER |    00000001  l__HEADER |    00000001  l__HEADER
     00000001  l__HEADER |    00000001  l__HEADER |    00000002  l__HEADER
     00000002  l__HEADER |    00000002  l__HEADER |    00000003  l__FONT_H
     00000003  l__HEADER |    00000003  l__HEADER |    00000005  l__HEADER
     00000006  l__HEADER |    00000007  l__HEADER |    00000008  l__HEADER
     0000000C  l__GSINIT |    00000012  l__INITIA |    00000012  l__INITIA
     00000013  l__HRAM   |    00000030  l__HEADER |    00000055  l__DATA  
     00000060  l__HEADER |    000000AB  l__HEADER |    00000200  s__CODE  
     00000857  l__HOME   |    00002000  _rROMB0   |    00003000  _rROMB1  
     000030DB  l__CODE   |    000032DB  s__HOME   |    00003B32  s__BASE  
     00003B32  s__CODE_0 |    00003B32  s__INITIA |    00003B32  s__LIT   
     00003B44  s__GSINIT |    00003B50  s__GSFINA |    00004000  _rMBC7_SR
     00004000  _rRAMB    |    00008000  __VRAM    |    00008000  __VRAM800
     00008800  __VRAM880 |    00009000  __VRAM900 |    00009800  __SCRN0  
     00009C00  __SCRN1   |    0000A000  __SRAM    |    0000A000  _rMBC7_LA
     0000A010  _rMBC7_LA |    0000A020  _rMBC7_AC |    0000A030  _rMBC7_AC
     0000A040  _rMBC7_AC |    0000A050  _rMBC7_AC |    0000C000  __RAM    
     0000C000  _shadow_O |    0000C0A0  s__DATA   |    0000C0F5  s__BSS   
     0000C0F5  s__INITIA |    0000C107  s__HEAP   |    0000C107  s__HEAP_E
     0000D000  __RAMBANK |    0000E000  .STACK    |    0000FE00  __OAMRAM 
     0000FF00  _P1_REG   |    0000FF00  __IO      |    0000FF01  _SB_REG  
     0000FF02  _SC_REG   |    0000FF04  _DIV_REG  |    0000FF05  _TIMA_REG
     0000FF06  _TMA_REG  |    0000FF07  _TAC_REG  |    0000FF0F  _IF_REG  
     0000FF10  _NR10_REG |    0000FF11  _NR11_REG |    0000FF12  _NR12_REG
     0000FF13  _NR13_REG |    0000FF14  _NR14_REG |    0000FF16  _NR21_REG
     0000FF17  _NR22_REG |    0000FF18  _NR23_REG |    0000FF19  _NR24_REG
     0000FF1A  _NR30_REG |    0000FF1B  _NR31_REG |    0000FF1C  _NR32_REG
     0000FF1D  _NR33_REG |    0000FF1E  _NR34_REG |    0000FF20  _NR41_REG
     0000FF21  _NR42_REG |    0000FF22  _NR43_REG |    0000FF23  _NR44_REG
     0000FF24  _NR50_REG |    0000FF25  _NR51_REG |    0000FF26  _NR52_REG
     0000FF30  _AUD3WAVE |    0000FF30  _PCM_SAMP |    0000FF30  __AUD3WAV
     0000FF40  _LCDC_REG |    0000FF41  _STAT_REG |    0000FF42  _SCY_REG 
     0000FF43  _SCX_REG  |    0000FF44  _LY_REG   |    0000FF45  _LYC_REG 
     0000FF46  _DMA_REG  |    0000FF47  _BGP_REG  |    0000FF48  _OBP0_REG
     0000FF49  _OBP1_REG |    0000FF4A  _WY_REG   |    0000FF4B  _WX_REG  
     0000FF4D  _KEY1_REG |    0000FF4F  _VBK_REG  |    0000FF51  _HDMA1_RE
ASxxxx Linker V03.00/V05.40 + sdld,  page 2.
Hexadecimal  [32-Bits]

Area                       Addr        Size        Decimal Bytes (Attributes)
--------------------       ----        ----        ------- ----- ------------
.  .ABS.               00000000    00000000 =           0. bytes (ABS,CON)

        Value  Global            Value  Global            Value  Global    
        -----  ------            -----  ------            -----  ------    
     0000FF52  _HDMA2_RE |    0000FF53  _HDMA3_RE |    0000FF54  _HDMA4_RE
     0000FF55  _HDMA5_RE |    0000FF56  _RP_REG   |    0000FF68  _BCPS_REG
     0000FF69  _BCPD_REG |    0000FF6A  _OCPS_REG |    0000FF6B  _OCPD_REG
     0000FF70  _SVBK_REG |    0000FF76  _PCM12_RE |    0000FF77  _PCM34_RE
     0000FF80  __HRAM    |    0000FF80  s__HRAM   |    0000FFFF  _IE_REG  
ASxxxx Linker V03.00/V05.40 + sdld,  page 3.
Hexadecimal  [32-Bits]

Area                       Addr        Size        Decimal Bytes (Attributes)
--------------------       ----        ----        ------- ----- ------------
_CODE                  00000200    000030DB =       12507. bytes (REL,CON)

        Value  Global            Value  Global            Value  Global    
        -----  ------            -----  ------            -----  ------    
     00000200  _main     |    000002DF  _Characte |    0000031F  _CampTile
     000009DF  _camp_col |    00000A4B  _Camp     |    00000BB3  _Hector  
     00000BF3  _Safy     |    00000C33  _DungeonT |    00000F73  _room1   
     000010DB  _room2    |    00001243  _room3    |    000013AB  _room4   
     00001513  _room5    |    0000167B  _room6    |    000017E3  _room7   
     0000194B  _room8    |    00001AB3  _room9    |    00001C1B  _room10  
     00001D83  _room11   |    00001EEB  _room12   |    00002053  _room13  
     000021BB  _room14   |    00002323  _room15   |    0000248B  _move_cha
     000024CC  _check_in |    000025A2  _check_te |    000026A3  _is_sprit
     000026B7  _set_camp |    0000273D  _set_dung |    0000274B  _set_room
     00002841  _change_r |    000028C2  _generate |    0000295E  _min_leng
     0000295F  _max_leng |    00002960  _empty_ar |    000029B5  _create_l
     00002C89  _append   |    00002CA8  _add_bran |    00002EF6  _find_nea
     0000302C  _shuffle_ |    000030B9  _create_d |    000031C2  __divsuch
     000031C8  __modsuch |    000031D1  __divusch |    000031DA  __modusch
     000031E6  __divscha |    000031EB  __modscha |    000031F2  __divsint
     000031FB  __modsint |    00003207  __divucha |    0000320C  __moducha
     00003213  __divuint |    0000321C  __moduint |    00003228  .div8    
     00003228  .mod8     |    00003230  .div16    |    00003230  .mod16   
     00003266  .divu8    |    00003266  .modu8    |    00003269  .divu16  
     00003269  .modu16   |    000032A9  ___memcpy |    000032A9  _memcpy  
ASxxxx Linker V03.00/V05.40 + sdld,  page 4.
Hexadecimal  [32-Bits]

Area                       Addr        Size        Decimal Bytes (Attributes)
--------------------       ----        ----        ------- ----- ------------
_HEADER0               00000000    00000001 =           1. bytes (ABS,CON)

        Value  Global            Value  Global            Value  Global    
        -----  ------            -----  ------            -----  ------    
     00000020  .call_hl 
ASxxxx Linker V03.00/V05.40 + sdld,  page 5.
Hexadecimal  [32-Bits]

Area                       Addr        Size        Decimal Bytes (Attributes)
--------------------       ----        ----        ------- ----- ------------
_HEADER1               00000000    00000005 =           5. bytes (ABS,CON)

        Value  Global            Value  Global            Value  Global    
        -----  ------            -----  ------            -----  ------    
     00000028  .MemsetSm
ASxxxx Linker V03.00/V05.40 + sdld,  page 6.
Hexadecimal  [32-Bits]

Area                       Addr        Size        Decimal Bytes (Attributes)
--------------------       ----        ----        ------- ----- ------------
_HEADER2               00000000    00000007 =           7. bytes (ABS,CON)

        Value  Global            Value  Global            Value  Global    
        -----  ------            -----  ------            -----  ------    
     00000030  .MemcpySm
ASxxxx Linker V03.00/V05.40 + sdld,  page 7.
Hexadecimal  [32-Bits]

Area                       Addr        Size        Decimal Bytes (Attributes)
--------------------       ----        ----        ------- ----- ------------
_HEADER3               00000000    00000008 =           8. bytes (ABS,CON)

        Value  Global            Value  Global            Value  Global    
        -----  ------            -----  ------            -----  ------    
ASxxxx Linker V03.00/V05.40 + sdld,  page 8.
Hexadecimal  [32-Bits]

Area                       Addr        Size        Decimal Bytes (Attributes)
--------------------       ----        ----        ------- ----- ------------
_HEADER4               00000000    00000060 =          96. bytes (ABS,CON)

        Value  Global            Value  Global            Value  Global    
        -----  ------            -----  ------            -----  ------    
     00000080  .int      |    0000008F  _wait_int |    0000009C  __standar
     000000AB  _refresh_ |    000000CC  _set_inte
ASxxxx Linker V03.00/V05.40 + sdld,  page 9.
Hexadecimal  [32-Bits]

Area                       Addr        Size        Decimal Bytes (Attributes)
--------------------       ----        ----        ------- ----- ------------
_HEADER5               00000000    00000001 =           1. bytes (ABS,CON)

        Value  Global            Value  Global            Value  Global    
        -----  ------            -----  ------            -----  ------    
ASxxxx Linker V03.00/V05.40 + sdld,  page 10.
Hexadecimal  [32-Bits]

Area                       Addr        Size        Decimal Bytes (Attributes)
--------------------       ----        ----        ------- ----- ------------
_HEADER6               00000000    00000002 =           2. bytes (ABS,CON)

        Value  Global            Value  Global            Value  Global    
        -----  ------            -----  ------            -----  ------    
ASxxxx Linker V03.00/V05.40 + sdld,  page 11.
Hexadecimal  [32-Bits]

Area                       Addr        Size        Decimal Bytes (Attributes)
--------------------       ----        ----        ------- ----- ------------
_HEADER7               00000000    00000030 =          48. bytes (ABS,CON)

        Value  Global            Value  Global            Value  Global    
        -----  ------            -----  ------            -----  ------    
ASxxxx Linker V03.00/V05.40 + sdld,  page 12.
Hexadecimal  [32-Bits]

Area                       Addr        Size        Decimal Bytes (Attributes)
--------------------       ----        ----        ------- ----- ------------
_HEADER8               00000000    00000006 =           6. bytes (ABS,CON)

        Value  Global            Value  Global            Value  Global    
        -----  ------            -----  ------            -----  ------    
ASxxxx Linker V03.00/V05.40 + sdld,  page 13.
Hexadecimal  [32-Bits]

Area                       Addr        Size        Decimal Bytes (Attributes)
--------------------       ----        ----        ------- ----- ------------
_HEADER9               00000000    00000003 =           3. bytes (ABS,CON)

        Value  Global            Value  Global            Value  Global    
        -----  ------            -----  ------            -----  ------    
ASxxxx Linker V03.00/V05.40 + sdld,  page 14.
Hexadecimal  [32-Bits]

Area                       Addr        Size        Decimal Bytes (Attributes)
--------------------       ----        ----        ------- ----- ------------
_HEADERa               00000000    00000001 =           1. bytes (ABS,CON)

        Value  Global            Value  Global            Value  Global    
        -----  ------            -----  ------            -----  ------    
ASxxxx Linker V03.00/V05.40 + sdld,  page 15.
Hexadecimal  [32-Bits]

Area                       Addr        Size        Decimal Bytes (Attributes)
--------------------       ----        ----        ------- ----- ------------
_HEADERb               00000000    00000001 =           1. bytes (ABS,CON)

        Value  Global            Value  Global            Value  Global    
        -----  ------            -----  ------            -----  ------    
ASxxxx Linker V03.00/V05.40 + sdld,  page 16.
Hexadecimal  [32-Bits]

Area                       Addr        Size        Decimal Bytes (Attributes)
--------------------       ----        ----        ------- ----- ------------
_HEADERc               00000000    00000001 =           1. bytes (ABS,CON)

        Value  Global            Value  Global            Value  Global    
        -----  ------            -----  ------            -----  ------    
ASxxxx Linker V03.00/V05.40 + sdld,  page 17.
Hexadecimal  [32-Bits]

Area                       Addr        Size        Decimal Bytes (Attributes)
--------------------       ----        ----        ------- ----- ------------
_HEADERd               00000000    00000002 =           2. bytes (ABS,CON)

        Value  Global            Value  Global            Value  Global    
        -----  ------            -----  ------            -----  ------    
ASxxxx Linker V03.00/V05.40 + sdld,  page 18.
Hexadecimal  [32-Bits]

Area                       Addr        Size        Decimal Bytes (Attributes)
--------------------       ----        ----        ------- ----- ------------
_HEADERe               00000000    00000001 =           1. bytes (ABS,CON)

        Value  Global            Value  Global            Value  Global    
        -----  ------            -----  ------            -----  ------    
ASxxxx Linker V03.00/V05.40 + sdld,  page 19.
Hexadecimal  [32-Bits]

Area                       Addr        Size        Decimal Bytes (Attributes)
--------------------       ----        ----        ------- ----- ------------
_HEADERf               00000000    00000001 =           1. bytes (ABS,CON)

        Value  Global            Value  Global            Value  Global    
        -----  ------            -----  ------            -----  ------    
ASxxxx Linker V03.00/V05.40 + sdld,  page 20.
Hexadecimal  [32-Bits]

Area                       Addr        Size        Decimal Bytes (Attributes)
--------------------       ----        ----        ------- ----- ------------
_HEADER10              00000000    00000002 =           2. bytes (ABS,CON)

        Value  Global            Value  Global            Value  Global    
        -----  ------            -----  ------            -----  ------    
ASxxxx Linker V03.00/V05.40 + sdld,  page 21.
Hexadecimal  [32-Bits]

Area                       Addr        Size        Decimal Bytes (Attributes)
--------------------       ----        ----        ------- ----- ------------
_HEADER11              00000000    000000AB =         171. bytes (ABS,CON)

        Value  Global            Value  Global            Value  Global    
        -----  ------            -----  ------            -----  ------    
     00000150  .reset    |    00000150  _reset    |    00000157  .code_sta
     000001B9  _exit     |    000001BD  .wait_vbl |    000001BD  _vsync   
     000001BD  _wait_vbl |    000001CD  .remove_V |    000001CD  _remove_V
     000001D0  .remove_i |    000001ED  .add_VBL  |    000001ED  _add_VBL 
     000001F0  .add_int 
ASxxxx Linker V03.00/V05.40 + sdld,  page 22.
Hexadecimal  [32-Bits]

Area                       Addr        Size        Decimal Bytes (Attributes)
--------------------       ----        ----        ------- ----- ------------
_HOME                  000032DB    00000857 =        2135. bytes (REL,CON)

        Value  Global            Value  Global            Value  Global    
        -----  ------            -----  ------            -----  ------    
     000032DB  .memset_s |    000032E4  .memcpy_s |    00003301  .display_
     00003301  _display_ |    00003319  _rand     |    00003319  _randw   
     00003344  _initrand |    00003346  .initrand |    0000334F  _set_tile
     00003354  _set_bkg_ |    00003354  _set_win_ |    0000335C  _set_spri
     0000338C  _font_loa |    00003393  font_load |    000033DB  font_copy
     00003411  font_set  |    0000341E  .put_char |    00003436  .out_char
     0000343C  .del_char |    00003492  _putchar  |    0000349B  _setchar 
     000034A4  _font_loa |    000034B2  _font_set |    000034C1  _font_ini
     000034E0  .cls      |    000034E0  _cls      |    00003502  _gotoxy  
     0000350D  _posx     |    0000351E  _posy     |    00003546  .cr_curs 
     0000355B  .adv_curs |    000035B7  .tmode    |    000035D4  .tmode_ou
     000035DD  .padup    |    000035DD  _waitpadu |    000035ED  .jpad    
     000035ED  _joypad   |    00003615  _waitpad  |    00003616  .wait_pad
     0000361D  _color    |    0000361D  _set_1bpp |    0000362C  .drawing_
     00003649  _font_ibm |    00003A2A  .add_LCD  |    00003A2A  _add_LCD 
     00003A30  .remove_L |    00003A30  _remove_L |    00003A36  .delay   
     00003A36  _delay    |    00003A62  _set_bkg_ |    00003A76  _set_bkg_
     00003A76  _set_win_ |    00003A7E  _set_spri |    00003AD6  .set_xy_w
     00003ADF  .set_xy_b |    00003AEE  .set_xy_t
ASxxxx Linker V03.00/V05.40 + sdld,  page 23.
Hexadecimal  [32-Bits]

Area                       Addr        Size        Decimal Bytes (Attributes)
--------------------       ----        ----        ------- ----- ------------
_INITIALIZER           00003B32    00000012 =          18. bytes (REL,CON)

        Value  Global            Value  Global            Value  Global    
        -----  ------            -----  ------            -----  ------    
ASxxxx Linker V03.00/V05.40 + sdld,  page 24.
Hexadecimal  [32-Bits]

Area                       Addr        Size        Decimal Bytes (Attributes)
--------------------       ----        ----        ------- ----- ------------
_GSINIT                00003B44    0000000C =          12. bytes (REL,CON)

        Value  Global            Value  Global            Value  Global    
        -----  ------            -----  ------            -----  ------    
     00003B44  gsinit   
ASxxxx Linker V03.00/V05.40 + sdld,  page 25.
Hexadecimal  [32-Bits]

Area                       Addr        Size        Decimal Bytes (Attributes)
--------------------       ----        ----        ------- ----- ------------
_GSFINAL               00003B50    00000001 =           1. bytes (REL,CON)

        Value  Global            Value  Global            Value  Global    
        -----  ------            -----  ------            -----  ------    
ASxxxx Linker V03.00/V05.40 + sdld,  page 26.
Hexadecimal  [32-Bits]

Area                       Addr        Size        Decimal Bytes (Attributes)
--------------------       ----        ----        ------- ----- ------------
_DATA                  0000C0A0    00000055 =          85. bytes (REL,CON)

        Value  Global            Value  Global            Value  Global    
        -----  ------            -----  ------            -----  ------    
     0000C0A0  __cpu     |    0000C0A1  __is_GBA  |    0000C0A2  .mode    
     0000C0A3  .sys_time |    0000C0A3  _sys_time |    0000C0A5  .int_0x40
     0000C0B1  _player_c |    0000C0B3  _current_ |    0000C0B5  _dungeon 
     0000C0C5  _doors    |    0000C0D5  ___rand_s |    0000C0D7  font_curr
     0000C0DA  font_firs |    0000C0DB  font_tabl |    0000C0ED  .int_0x48
ASxxxx Linker V03.00/V05.40 + sdld,  page 27.
Hexadecimal  [32-Bits]

Area                       Addr        Size        Decimal Bytes (Attributes)
--------------------       ----        ----        ------- ----- ------------
_INITIALIZED           0000C0F5    00000012 =          18. bytes (REL,CON)

        Value  Global            Value  Global            Value  Global    
        -----  ------            -----  ------            -----  ------    
     0000C0F5  _tile_id  |    0000C0F7  _x        |    0000C0F8  _y       
     0000C0F9  _last_joy |    0000C0FA  _current_ |    0000C0FB  _hp      
     0000C0FC  _attack   |    0000C0FD  _defense  |    0000C0FE  _menu_ope
     0000C0FF  _current_ |    0000C100  _current_ |    0000C101  .curx    
     0000C102  .cury     |    0000C103  .fg_colou |    0000C103  __current
     0000C104  .bg_colou |    0000C105  .draw_mod |    0000C106  __map_til
ASxxxx Linker V03.00/V05.40 + sdld,  page 28.
Hexadecimal  [32-Bits]

Area                       Addr        Size        Decimal Bytes (Attributes)
--------------------       ----        ----        ------- ----- ------------
_HRAM                  0000FF80    00000013 =          19. bytes (REL,CON)

        Value  Global            Value  Global            Value  Global    
        -----  ------            -----  ------            -----  ------    
     0000FF80  .refresh_ |    0000FF90  __current |    0000FF91  __vbl_don
     0000FF92  __shadow_
ASxxxx Linker V03.00/V05.40 + sdld,  page 29.
Hexadecimal  [32-Bits]

Area                       Addr        Size        Decimal Bytes (Attributes)
--------------------       ----        ----        ------- ----- ------------
_FONT_HEADER0          00000000    00000003 =           3. bytes (ABS,CON)

        Value  Global            Value  Global            Value  Global    
        -----  ------            -----  ------            -----  ------    
ASxxxx Linker V03.00/V05.40 + sdld,  page 30.
Hexadecimal  [32-Bits]

Area                       Addr        Size        Decimal Bytes (Attributes)
--------------------       ----        ----        ------- ----- ------------
_HEADER_LCD0           00000000    00000003 =           3. bytes (ABS,CON)

        Value  Global            Value  Global            Value  Global    
        -----  ------            -----  ------            -----  ------    
ASxxxx Linker V03.00/V05.40 + sdld,  page 31.

Files Linked                              [ module(s) ]

C:\Users\Utente\Desktop\Tirocinio\gbdk-win64\gbdk\lib/gb/crt0.o
                                          [ Runtime ]
C:\Users\Utente\AppData\Local\Temp/lcc83280.o
                                          [ main ]
C:\Users\Utente\AppData\Local\Temp/lcc83281.o
                                          [ generate_dungeon ]


Libraries Linked                          [ object file ]

C:\Users\Utente\Desktop\Tirocinio\gbdk-win64\gbdk\lib/sm83/sm83.lib
                                          [ rand.o ]
C:\Users\Utente\Desktop\Tirocinio\gbdk-win64\gbdk\lib/sm83/sm83.lib
                                          [ div.o ]
C:\Users\Utente\Desktop\Tirocinio\gbdk-win64\gbdk\lib/gb/gb.lib
                                          [ set_data.o ]
C:\Users\Utente\Desktop\Tirocinio\gbdk-win64\gbdk\lib/gb/gb.lib
                                          [ font.o ]
C:\Users\Utente\Desktop\Tirocinio\gbdk-win64\gbdk\lib/gb/gb.lib
                                          [ pad.o ]
C:\Users\Utente\Desktop\Tirocinio\gbdk-win64\gbdk\lib/sm83/sm83.lib
                                          [ memcpy.o ]
C:\Users\Utente\Desktop\Tirocinio\gbdk-win64\gbdk\lib/gb/gb.lib
                                          [ color.o ]
C:\Users\Utente\Desktop\Tirocinio\gbdk-win64\gbdk\lib/gb/gb.lib
                                          [ drawing_isr.o ]
C:\Users\Utente\Desktop\Tirocinio\gbdk-win64\gbdk\lib/gb/gb.lib
                                          [ f_ibm_sh.o ]
C:\Users\Utente\Desktop\Tirocinio\gbdk-win64\gbdk\lib/gb/gb.lib
                                          [ lcd.o ]
C:\Users\Utente\Desktop\Tirocinio\gbdk-win64\gbdk\lib/gb/gb.lib
                                          [ delay.o ]
C:\Users\Utente\Desktop\Tirocinio\gbdk-win64\gbdk\lib/gb/gb.lib
                                          [ sfr.o ]
C:\Users\Utente\Desktop\Tirocinio\gbdk-win64\gbdk\lib/gb/gb.lib
                                          [ set_bk_t.o ]
C:\Users\Utente\Desktop\Tirocinio\gbdk-win64\gbdk\lib/gb/gb.lib
                                          [ set_1bit_data.o ]
C:\Users\Utente\Desktop\Tirocinio\gbdk-win64\gbdk\lib/gb/gb.lib
                                          [ set_xy_t.o ]

ASxxxx Linker V03.00/V05.40 + sdld,  page 32.

User Base Address Definitions

_DATA=0xC0A0
_CODE=0x0200
_HRAM=0xFF80
ASxxxx Linker V03.00/V05.40 + sdld,  page 33.

User Global Definitions

_shadow_OAM=0xC000
.STACK=0xE000

