                                      1 ;--------------------------------------------------------
                                      2 ; File Created by SDCC : free open source ISO C Compiler
                                      3 ; Version 4.5.1 #15267 (Linux)
                                      4 ;--------------------------------------------------------
                                      5 	.module Arrow
                                      6 	
                                      7 ;--------------------------------------------------------
                                      8 ; Public variables in this module
                                      9 ;--------------------------------------------------------
                                     10 	.globl _arrow
                                     11 ;--------------------------------------------------------
                                     12 ; special function registers
                                     13 ;--------------------------------------------------------
                                     14 	.area _HRAM
                                     15 ;--------------------------------------------------------
                                     16 ; ram data
                                     17 ;--------------------------------------------------------
                                     18 	.area _DATA
                                     19 ;--------------------------------------------------------
                                     20 ; ram data
                                     21 ;--------------------------------------------------------
                                     22 	.area _INITIALIZED
                                     23 ;--------------------------------------------------------
                                     24 ; absolute external ram data
                                     25 ;--------------------------------------------------------
                                     26 	.area _DABS (ABS)
                                     27 ;--------------------------------------------------------
                                     28 ; global & static initialisations
                                     29 ;--------------------------------------------------------
                                     30 	.area _HOME
                                     31 	.area _GSINIT
                                     32 	.area _GSFINAL
                                     33 	.area _GSINIT
                                     34 ;--------------------------------------------------------
                                     35 ; Home
                                     36 ;--------------------------------------------------------
                                     37 	.area _HOME
                                     38 	.area _HOME
                                     39 ;--------------------------------------------------------
                                     40 ; code
                                     41 ;--------------------------------------------------------
                                     42 	.area _CODE_1
                                     43 	.area _CODE_1
    00000000                         44 _arrow:
    00000000 00                      45 	.db #0x00	; 0
    00000001 00                      46 	.db #0x00	; 0
    00000002 30                      47 	.db #0x30	; 48	'0'
    00000003 30                      48 	.db #0x30	; 48	'0'
    00000004 38                      49 	.db #0x38	; 56	'8'
    00000005 38                      50 	.db #0x38	; 56	'8'
    00000006 3C                      51 	.db #0x3c	; 60
    00000007 3C                      52 	.db #0x3c	; 60
    00000008 3C                      53 	.db #0x3c	; 60
    00000009 3C                      54 	.db #0x3c	; 60
    0000000A 38                      55 	.db #0x38	; 56	'8'
    0000000B 38                      56 	.db #0x38	; 56	'8'
    0000000C 30                      57 	.db #0x30	; 48	'0'
    0000000D 30                      58 	.db #0x30	; 48	'0'
    0000000E 00                      59 	.db #0x00	; 0
    0000000F 00                      60 	.db #0x00	; 0
                                     61 	.area _INITIALIZER
                                     62 	.area _CABS (ABS)
