                                      1 ;--------------------------------------------------------
                                      2 ; File Created by SDCC : free open source ISO C Compiler
                                      3 ; Version 4.5.1 #15267 (MINGW64)
                                      4 ;--------------------------------------------------------
                                      5 	.module bosses
                                      6 	
                                      7 ;--------------------------------------------------------
                                      8 ; Public variables in this module
                                      9 ;--------------------------------------------------------
                                     10 	.globl _BossOrb
                                     11 	.globl _BossMantis
                                     12 	.globl _BossDragon
                                     13 	.globl _BossArmored
                                     14 	.globl _EyeBoss
                                     15 ;--------------------------------------------------------
                                     16 ; special function registers
                                     17 ;--------------------------------------------------------
                                     18 	.area _HRAM
                                     19 ;--------------------------------------------------------
                                     20 ; ram data
                                     21 ;--------------------------------------------------------
                                     22 	.area _DATA
                                     23 ;--------------------------------------------------------
                                     24 ; ram data
                                     25 ;--------------------------------------------------------
                                     26 	.area _INITIALIZED
                                     27 ;--------------------------------------------------------
                                     28 ; absolute external ram data
                                     29 ;--------------------------------------------------------
                                     30 	.area _DABS (ABS)
                                     31 ;--------------------------------------------------------
                                     32 ; global & static initialisations
                                     33 ;--------------------------------------------------------
                                     34 	.area _HOME
                                     35 	.area _GSINIT
                                     36 	.area _GSFINAL
                                     37 	.area _GSINIT
                                     38 ;--------------------------------------------------------
                                     39 ; Home
                                     40 ;--------------------------------------------------------
                                     41 	.area _HOME
                                     42 	.area _HOME
                                     43 ;--------------------------------------------------------
                                     44 ; code
                                     45 ;--------------------------------------------------------
                                     46 	.area _CODE_3
                                     47 	.area _CODE_3
    00000000                         48 _EyeBoss:
    00000000 00                      49 	.db #0x00	; 0
    00000001 00                      50 	.db #0x00	; 0
    00000002 03                      51 	.db #0x03	; 3
    00000003 03                      52 	.db #0x03	; 3
    00000004 04                      53 	.db #0x04	; 4
    00000005 07                      54 	.db #0x07	; 7
    00000006 08                      55 	.db #0x08	; 8
    00000007 0F                      56 	.db #0x0f	; 15
    00000008 13                      57 	.db #0x13	; 19
    00000009 1C                      58 	.db #0x1c	; 28
    0000000A 12                      59 	.db #0x12	; 18
    0000000B 1D                      60 	.db #0x1d	; 29
    0000000C 75                      61 	.db #0x75	; 117	'u'
    0000000D 7B                      62 	.db #0x7b	; 123
    0000000E AA                      63 	.db #0xaa	; 170
    0000000F DD                      64 	.db #0xdd	; 221
    00000010 00                      65 	.db #0x00	; 0
    00000011 00                      66 	.db #0x00	; 0
    00000012 F9                      67 	.db #0xf9	; 249
    00000013 F9                      68 	.db #0xf9	; 249
    00000014 06                      69 	.db #0x06	; 6
    00000015 FF                      70 	.db #0xff	; 255
    00000016 25                      71 	.db #0x25	; 37
    00000017 DE                      72 	.db #0xde	; 222
    00000018 DA                      73 	.db #0xda	; 218
    00000019 3D                      74 	.db #0x3d	; 61
    0000001A 3D                      75 	.db #0x3d	; 61
    0000001B E2                      76 	.db #0xe2	; 226
    0000001C D7                      77 	.db #0xd7	; 215
    0000001D EB                      78 	.db #0xeb	; 235
    0000001E ED                      79 	.db #0xed	; 237
    0000001F 16                      80 	.db #0x16	; 22
    00000020 7C                      81 	.db #0x7c	; 124
    00000021 7C                      82 	.db #0x7c	; 124
    00000022 82                      83 	.db #0x82	; 130
    00000023 FE                      84 	.db #0xfe	; 254
    00000024 05                      85 	.db #0x05	; 5
    00000025 FB                      86 	.db #0xfb	; 251
    00000026 C6                      87 	.db #0xc6	; 198
    00000027 3D                      88 	.db #0x3d	; 61
    00000028 6B                      89 	.db #0x6b	; 107	'k'
    00000029 DC                      90 	.db #0xdc	; 220
    0000002A 56                      91 	.db #0x56	; 86	'V'
    0000002B AB                      92 	.db #0xab	; 171
    0000002C EE                      93 	.db #0xee	; 238
    0000002D D3                      94 	.db #0xd3	; 211
    0000002E B2                      95 	.db #0xb2	; 178
    0000002F 6F                      96 	.db #0x6f	; 111	'o'
    00000030 00                      97 	.db #0x00	; 0
    00000031 00                      98 	.db #0x00	; 0
    00000032 00                      99 	.db #0x00	; 0
    00000033 00                     100 	.db #0x00	; 0
    00000034 00                     101 	.db #0x00	; 0
    00000035 00                     102 	.db #0x00	; 0
    00000036 80                     103 	.db #0x80	; 128
    00000037 80                     104 	.db #0x80	; 128
    00000038 40                     105 	.db #0x40	; 64
    00000039 C0                     106 	.db #0xc0	; 192
    0000003A A6                     107 	.db #0xa6	; 166
    0000003B 66                     108 	.db #0x66	; 102	'f'
    0000003C BB                     109 	.db #0xbb	; 187
    0000003D 7D                     110 	.db #0x7d	; 125
    0000003E AD                     111 	.db #0xad	; 173
    0000003F 73                     112 	.db #0x73	; 115	's'
    00000040 EB                     113 	.db #0xeb	; 235
    00000041 9D                     114 	.db #0x9d	; 157
    00000042 7D                     115 	.db #0x7d	; 125
    00000043 7E                     116 	.db #0x7e	; 126
    00000044 33                     117 	.db #0x33	; 51	'3'
    00000045 3E                     118 	.db #0x3e	; 62
    00000046 52                     119 	.db #0x52	; 82	'R'
    00000047 7F                     120 	.db #0x7f	; 127
    00000048 93                     121 	.db #0x93	; 147
    00000049 FE                     122 	.db #0xfe	; 254
    0000004A A2                     123 	.db #0xa2	; 162
    0000004B FF                     124 	.db #0xff	; 255
    0000004C A7                     125 	.db #0xa7	; 167
    0000004D FC                     126 	.db #0xfc	; 252
    0000004E A6                     127 	.db #0xa6	; 166
    0000004F FD                     128 	.db #0xfd	; 253
    00000050 17                     129 	.db #0x17	; 23
    00000051 ED                     130 	.db #0xed	; 237
    00000052 FF                     131 	.db #0xff	; 255
    00000053 BD                     132 	.db #0xbd	; 189
    00000054 5A                     133 	.db #0x5a	; 90	'Z'
    00000055 E7                     134 	.db #0xe7	; 231
    00000056 FF                     135 	.db #0xff	; 255
    00000057 5B                     136 	.db #0x5b	; 91
    00000058 7D                     137 	.db #0x7d	; 125
    00000059 DE                     138 	.db #0xde	; 222
    0000005A DF                     139 	.db #0xdf	; 223
    0000005B 65                     140 	.db #0x65	; 101	'e'
    0000005C 7F                     141 	.db #0x7f	; 127
    0000005D BD                     142 	.db #0xbd	; 189
    0000005E E5                     143 	.db #0xe5	; 229
    0000005F 9E                     144 	.db #0x9e	; 158
    00000060 EE                     145 	.db #0xee	; 238
    00000061 B3                     146 	.db #0xb3	; 179
    00000062 FF                     147 	.db #0xff	; 255
    00000063 BC                     148 	.db #0xbc	; 188
    00000064 5A                     149 	.db #0x5a	; 90	'Z'
    00000065 E7                     150 	.db #0xe7	; 231
    00000066 FF                     151 	.db #0xff	; 255
    00000067 DA                     152 	.db #0xda	; 218
    00000068 BE                     153 	.db #0xbe	; 190
    00000069 7B                     154 	.db #0x7b	; 123
    0000006A FB                     155 	.db #0xfb	; 251
    0000006B A6                     156 	.db #0xa6	; 166
    0000006C FE                     157 	.db #0xfe	; 254
    0000006D BD                     158 	.db #0xbd	; 189
    0000006E A4                     159 	.db #0xa4	; 164
    0000006F 7B                     160 	.db #0x7b	; 123
    00000070 B6                     161 	.db #0xb6	; 182
    00000071 7E                     162 	.db #0x7e	; 126
    00000072 A8                     163 	.db #0xa8	; 168
    00000073 78                     164 	.db #0x78	; 120	'x'
    00000074 28                     165 	.db #0x28	; 40
    00000075 F8                     166 	.db #0xf8	; 248
    00000076 4C                     167 	.db #0x4c	; 76	'L'
    00000077 FC                     168 	.db #0xfc	; 252
    00000078 EA                     169 	.db #0xea	; 234
    00000079 1E                     170 	.db #0x1e	; 30
    0000007A 4A                     171 	.db #0x4a	; 74	'J'
    0000007B FE                     172 	.db #0xfe	; 254
    0000007C 99                     173 	.db #0x99	; 153
    0000007D FF                     174 	.db #0xff	; 255
    0000007E A5                     175 	.db #0xa5	; 165
    0000007F 67                     176 	.db #0x67	; 103	'g'
    00000080 A1                     177 	.db #0xa1	; 161
    00000081 FF                     178 	.db #0xff	; 255
    00000082 B1                     179 	.db #0xb1	; 177
    00000083 FE                     180 	.db #0xfe	; 254
    00000084 AE                     181 	.db #0xae	; 174
    00000085 EF                     182 	.db #0xef	; 239
    00000086 B9                     183 	.db #0xb9	; 185
    00000087 F9                     184 	.db #0xf9	; 249
    00000088 FC                     185 	.db #0xfc	; 252
    00000089 A4                     186 	.db #0xa4	; 164
    0000008A BC                     187 	.db #0xbc	; 188
    0000008B D4                     188 	.db #0xd4	; 212
    0000008C 54                     189 	.db #0x54	; 84	'T'
    0000008D 6C                     190 	.db #0x6c	; 108	'l'
    0000008E 68                     191 	.db #0x68	; 104	'h'
    0000008F 58                     192 	.db #0x58	; 88	'X'
    00000090 5B                     193 	.db #0x5b	; 91
    00000091 A7                     194 	.db #0xa7	; 167
    00000092 B6                     195 	.db #0xb6	; 182
    00000093 69                     196 	.db #0x69	; 105	'i'
    00000094 5B                     197 	.db #0x5b	; 91
    00000095 E4                     198 	.db #0xe4	; 228
    00000096 07                     199 	.db #0x07	; 7
    00000097 FA                     200 	.db #0xfa	; 250
    00000098 E1                     201 	.db #0xe1	; 225
    00000099 FF                     202 	.db #0xff	; 255
    0000009A 3F                     203 	.db #0x3f	; 63
    0000009B 3F                     204 	.db #0x3f	; 63
    0000009C 2A                     205 	.db #0x2a	; 42
    0000009D 3B                     206 	.db #0x3b	; 59
    0000009E 2A                     207 	.db #0x2a	; 42
    0000009F 3B                     208 	.db #0x3b	; 59
    000000A0 CB                     209 	.db #0xcb	; 203
    000000A1 F7                     210 	.db #0xf7	; 247
    000000A2 BC                     211 	.db #0xbc	; 188
    000000A3 4F                     212 	.db #0x4f	; 79	'O'
    000000A4 50                     213 	.db #0x50	; 80	'P'
    000000A5 BF                     214 	.db #0xbf	; 191
    000000A6 B3                     215 	.db #0xb3	; 179
    000000A7 4F                     216 	.db #0x4f	; 79	'O'
    000000A8 0C                     217 	.db #0x0c	; 12
    000000A9 FC                     218 	.db #0xfc	; 252
    000000AA F4                     219 	.db #0xf4	; 244
    000000AB FC                     220 	.db #0xfc	; 252
    000000AC 94                     221 	.db #0x94	; 148
    000000AD 9C                     222 	.db #0x9c	; 156
    000000AE 94                     223 	.db #0x94	; 148
    000000AF 9C                     224 	.db #0x9c	; 156
    000000B0 45                     225 	.db #0x45	; 69	'E'
    000000B1 C7                     226 	.db #0xc7	; 199
    000000B2 9D                     227 	.db #0x9d	; 157
    000000B3 9F                     228 	.db #0x9f	; 159
    000000B4 BD                     229 	.db #0xbd	; 189
    000000B5 A7                     230 	.db #0xa7	; 167
    000000B6 3D                     231 	.db #0x3d	; 61
    000000B7 2F                     232 	.db #0x2f	; 47
    000000B8 3D                     233 	.db #0x3d	; 61
    000000B9 2B                     234 	.db #0x2b	; 43
    000000BA 2A                     235 	.db #0x2a	; 42
    000000BB 36                     236 	.db #0x36	; 54	'6'
    000000BC 16                     237 	.db #0x16	; 22
    000000BD 1A                     238 	.db #0x1a	; 26
    000000BE 0C                     239 	.db #0x0c	; 12
    000000BF 0C                     240 	.db #0x0c	; 12
    000000C0 30                     241 	.db #0x30	; 48	'0'
    000000C1 30                     242 	.db #0x30	; 48	'0'
    000000C2 00                     243 	.db #0x00	; 0
    000000C3 00                     244 	.db #0x00	; 0
    000000C4 00                     245 	.db #0x00	; 0
    000000C5 00                     246 	.db #0x00	; 0
    000000C6 00                     247 	.db #0x00	; 0
    000000C7 00                     248 	.db #0x00	; 0
    000000C8 00                     249 	.db #0x00	; 0
    000000C9 00                     250 	.db #0x00	; 0
    000000CA 00                     251 	.db #0x00	; 0
    000000CB 00                     252 	.db #0x00	; 0
    000000CC 00                     253 	.db #0x00	; 0
    000000CD 00                     254 	.db #0x00	; 0
    000000CE 00                     255 	.db #0x00	; 0
    000000CF 00                     256 	.db #0x00	; 0
    000000D0 2A                     257 	.db #0x2a	; 42
    000000D1 3B                     258 	.db #0x3b	; 59
    000000D2 3A                     259 	.db #0x3a	; 58
    000000D3 2B                     260 	.db #0x2b	; 43
    000000D4 51                     261 	.db #0x51	; 81	'Q'
    000000D5 71                     262 	.db #0x71	; 113	'q'
    000000D6 71                     263 	.db #0x71	; 113	'q'
    000000D7 51                     264 	.db #0x51	; 81	'Q'
    000000D8 51                     265 	.db #0x51	; 81	'Q'
    000000D9 71                     266 	.db #0x71	; 113	'q'
    000000DA 73                     267 	.db #0x73	; 115	's'
    000000DB 52                     268 	.db #0x52	; 82	'R'
    000000DC 73                     269 	.db #0x73	; 115	's'
    000000DD 52                     270 	.db #0x52	; 82	'R'
    000000DE 21                     271 	.db #0x21	; 33
    000000DF 21                     272 	.db #0x21	; 33
    000000E0 9C                     273 	.db #0x9c	; 156
    000000E1 94                     274 	.db #0x94	; 148
    000000E2 4E                     275 	.db #0x4e	; 78	'N'
    000000E3 CA                     276 	.db #0xca	; 202
    000000E4 4A                     277 	.db #0x4a	; 74	'J'
    000000E5 CE                     278 	.db #0xce	; 206
    000000E6 DE                     279 	.db #0xde	; 222
    000000E7 52                     280 	.db #0x52	; 82	'R'
    000000E8 54                     281 	.db #0x54	; 84	'T'
    000000E9 DC                     282 	.db #0xdc	; 220
    000000EA D6                     283 	.db #0xd6	; 214
    000000EB 5E                     284 	.db #0x5e	; 94
    000000EC 9F                     285 	.db #0x9f	; 159
    000000ED 91                     286 	.db #0x91	; 145
    000000EE 0E                     287 	.db #0x0e	; 14
    000000EF 0E                     288 	.db #0x0e	; 14
    000000F0 00                     289 	.db #0x00	; 0
    000000F1 00                     290 	.db #0x00	; 0
    000000F2 00                     291 	.db #0x00	; 0
    000000F3 00                     292 	.db #0x00	; 0
    000000F4 00                     293 	.db #0x00	; 0
    000000F5 00                     294 	.db #0x00	; 0
    000000F6 00                     295 	.db #0x00	; 0
    000000F7 00                     296 	.db #0x00	; 0
    000000F8 00                     297 	.db #0x00	; 0
    000000F9 00                     298 	.db #0x00	; 0
    000000FA 00                     299 	.db #0x00	; 0
    000000FB 00                     300 	.db #0x00	; 0
    000000FC 00                     301 	.db #0x00	; 0
    000000FD 00                     302 	.db #0x00	; 0
    000000FE 00                     303 	.db #0x00	; 0
    000000FF 00                     304 	.db #0x00	; 0
    00000100                        305 _BossArmored:
    00000100 00                     306 	.db #0x00	; 0
    00000101 00                     307 	.db #0x00	; 0
    00000102 00                     308 	.db #0x00	; 0
    00000103 00                     309 	.db #0x00	; 0
    00000104 00                     310 	.db #0x00	; 0
    00000105 00                     311 	.db #0x00	; 0
    00000106 00                     312 	.db #0x00	; 0
    00000107 00                     313 	.db #0x00	; 0
    00000108 01                     314 	.db #0x01	; 1
    00000109 01                     315 	.db #0x01	; 1
    0000010A 01                     316 	.db #0x01	; 1
    0000010B 01                     317 	.db #0x01	; 1
    0000010C 01                     318 	.db #0x01	; 1
    0000010D 01                     319 	.db #0x01	; 1
    0000010E 00                     320 	.db #0x00	; 0
    0000010F 00                     321 	.db #0x00	; 0
    00000110 10                     322 	.db #0x10	; 16
    00000111 10                     323 	.db #0x10	; 16
    00000112 38                     324 	.db #0x38	; 56	'8'
    00000113 28                     325 	.db #0x28	; 40
    00000114 58                     326 	.db #0x58	; 88	'X'
    00000115 68                     327 	.db #0x68	; 104	'h'
    00000116 B0                     328 	.db #0xb0	; 176
    00000117 D0                     329 	.db #0xd0	; 208
    00000118 60                     330 	.db #0x60	; 96
    00000119 A0                     331 	.db #0xa0	; 160
    0000011A E0                     332 	.db #0xe0	; 224
    0000011B 20                     333 	.db #0x20	; 32
    0000011C 63                     334 	.db #0x63	; 99	'c'
    0000011D A3                     335 	.db #0xa3	; 163
    0000011E B4                     336 	.db #0xb4	; 180
    0000011F D7                     337 	.db #0xd7	; 215
    00000120 08                     338 	.db #0x08	; 8
    00000121 08                     339 	.db #0x08	; 8
    00000122 1C                     340 	.db #0x1c	; 28
    00000123 14                     341 	.db #0x14	; 20
    00000124 1A                     342 	.db #0x1a	; 26
    00000125 16                     343 	.db #0x16	; 22
    00000126 0D                     344 	.db #0x0d	; 13
    00000127 0B                     345 	.db #0x0b	; 11
    00000128 06                     346 	.db #0x06	; 6
    00000129 05                     347 	.db #0x05	; 5
    0000012A 07                     348 	.db #0x07	; 7
    0000012B 04                     349 	.db #0x04	; 4
    0000012C C6                     350 	.db #0xc6	; 198
    0000012D C5                     351 	.db #0xc5	; 197
    0000012E 2D                     352 	.db #0x2d	; 45
    0000012F EB                     353 	.db #0xeb	; 235
    00000130 00                     354 	.db #0x00	; 0
    00000131 00                     355 	.db #0x00	; 0
    00000132 00                     356 	.db #0x00	; 0
    00000133 00                     357 	.db #0x00	; 0
    00000134 00                     358 	.db #0x00	; 0
    00000135 00                     359 	.db #0x00	; 0
    00000136 00                     360 	.db #0x00	; 0
    00000137 00                     361 	.db #0x00	; 0
    00000138 80                     362 	.db #0x80	; 128
    00000139 80                     363 	.db #0x80	; 128
    0000013A 80                     364 	.db #0x80	; 128
    0000013B 80                     365 	.db #0x80	; 128
    0000013C 80                     366 	.db #0x80	; 128
    0000013D 80                     367 	.db #0x80	; 128
    0000013E 00                     368 	.db #0x00	; 0
    0000013F 00                     369 	.db #0x00	; 0
    00000140 00                     370 	.db #0x00	; 0
    00000141 00                     371 	.db #0x00	; 0
    00000142 07                     372 	.db #0x07	; 7
    00000143 07                     373 	.db #0x07	; 7
    00000144 1F                     374 	.db #0x1f	; 31
    00000145 18                     375 	.db #0x18	; 24
    00000146 38                     376 	.db #0x38	; 56	'8'
    00000147 27                     377 	.db #0x27	; 39
    00000148 65                     378 	.db #0x65	; 101	'e'
    00000149 5A                     379 	.db #0x5a	; 90	'Z'
    0000014A 6F                     380 	.db #0x6f	; 111	'o'
    0000014B 57                     381 	.db #0x57	; 87	'W'
    0000014C D9                     382 	.db #0xd9	; 217
    0000014D AF                     383 	.db #0xaf	; 175
    0000014E C9                     384 	.db #0xc9	; 201
    0000014F BF                     385 	.db #0xbf	; 191
    00000150 6A                     386 	.db #0x6a	; 106	'j'
    00000151 5D                     387 	.db #0x5d	; 93
    00000152 7F                     388 	.db #0x7f	; 127
    00000153 40                     389 	.db #0x40	; 64
    00000154 BD                     390 	.db #0xbd	; 189
    00000155 CE                     391 	.db #0xce	; 206
    00000156 BE                     392 	.db #0xbe	; 190
    00000157 CF                     393 	.db #0xcf	; 207
    00000158 B7                     394 	.db #0xb7	; 183
    00000159 CF                     395 	.db #0xcf	; 207
    0000015A 5B                     396 	.db #0x5b	; 91
    0000015B E7                     397 	.db #0xe7	; 231
    0000015C 25                     398 	.db #0x25	; 37
    0000015D FB                     399 	.db #0xfb	; 251
    0000015E 1E                     400 	.db #0x1e	; 30
    0000015F FD                     401 	.db #0xfd	; 253
    00000160 56                     402 	.db #0x56	; 86	'V'
    00000161 BA                     403 	.db #0xba	; 186
    00000162 FE                     404 	.db #0xfe	; 254
    00000163 02                     405 	.db #0x02	; 2
    00000164 BD                     406 	.db #0xbd	; 189
    00000165 73                     407 	.db #0x73	; 115	's'
    00000166 7D                     408 	.db #0x7d	; 125
    00000167 F3                     409 	.db #0xf3	; 243
    00000168 ED                     410 	.db #0xed	; 237
    00000169 F3                     411 	.db #0xf3	; 243
    0000016A DA                     412 	.db #0xda	; 218
    0000016B E7                     413 	.db #0xe7	; 231
    0000016C A4                     414 	.db #0xa4	; 164
    0000016D DF                     415 	.db #0xdf	; 223
    0000016E 78                     416 	.db #0x78	; 120	'x'
    0000016F BF                     417 	.db #0xbf	; 191
    00000170 00                     418 	.db #0x00	; 0
    00000171 00                     419 	.db #0x00	; 0
    00000172 E0                     420 	.db #0xe0	; 224
    00000173 E0                     421 	.db #0xe0	; 224
    00000174 F8                     422 	.db #0xf8	; 248
    00000175 18                     423 	.db #0x18	; 24
    00000176 1C                     424 	.db #0x1c	; 28
    00000177 E4                     425 	.db #0xe4	; 228
    00000178 A6                     426 	.db #0xa6	; 166
    00000179 5A                     427 	.db #0x5a	; 90	'Z'
    0000017A F6                     428 	.db #0xf6	; 246
    0000017B EA                     429 	.db #0xea	; 234
    0000017C 9B                     430 	.db #0x9b	; 155
    0000017D F5                     431 	.db #0xf5	; 245
    0000017E 93                     432 	.db #0x93	; 147
    0000017F FD                     433 	.db #0xfd	; 253
    00000180 77                     434 	.db #0x77	; 119	'w'
    00000181 7B                     435 	.db #0x7b	; 123
    00000182 2B                     436 	.db #0x2b	; 43
    00000183 35                     437 	.db #0x35	; 53	'5'
    00000184 5F                     438 	.db #0x5f	; 95
    00000185 61                     439 	.db #0x61	; 97	'a'
    00000186 5F                     440 	.db #0x5f	; 95
    00000187 61                     441 	.db #0x61	; 97	'a'
    00000188 5F                     442 	.db #0x5f	; 95
    00000189 61                     443 	.db #0x61	; 97	'a'
    0000018A 5E                     444 	.db #0x5e	; 94
    0000018B 62                     445 	.db #0x62	; 98	'b'
    0000018C 5E                     446 	.db #0x5e	; 94
    0000018D 62                     447 	.db #0x62	; 98	'b'
    0000018E 2F                     448 	.db #0x2f	; 47
    0000018F 33                     449 	.db #0x33	; 51	'3'
    00000190 3A                     450 	.db #0x3a	; 58
    00000191 C7                     451 	.db #0xc7	; 199
    00000192 7D                     452 	.db #0x7d	; 125
    00000193 83                     453 	.db #0x83	; 131
    00000194 9A                     454 	.db #0x9a	; 154
    00000195 E7                     455 	.db #0xe7	; 231
    00000196 7D                     456 	.db #0x7d	; 125
    00000197 FF                     457 	.db #0xff	; 255
    00000198 BB                     458 	.db #0xbb	; 187
    00000199 CE                     459 	.db #0xce	; 206
    0000019A 5F                     460 	.db #0x5f	; 95
    0000019B 65                     461 	.db #0x65	; 101	'e'
    0000019C 5F                     462 	.db #0x5f	; 95
    0000019D 65                     463 	.db #0x65	; 101	'e'
    0000019E 4F                     464 	.db #0x4f	; 79	'O'
    0000019F 72                     465 	.db #0x72	; 114	'r'
    000001A0 5F                     466 	.db #0x5f	; 95
    000001A1 EF                     467 	.db #0xef	; 239
    000001A2 B8                     468 	.db #0xb8	; 184
    000001A3 CF                     469 	.db #0xcf	; 207
    000001A4 5B                     470 	.db #0x5b	; 91
    000001A5 EC                     471 	.db #0xec	; 236
    000001A6 BB                     472 	.db #0xbb	; 187
    000001A7 FC                     473 	.db #0xfc	; 252
    000001A8 DB                     474 	.db #0xdb	; 219
    000001A9 7C                     475 	.db #0x7c	; 124
    000001AA FB                     476 	.db #0xfb	; 251
    000001AB AC                     477 	.db #0xac	; 172
    000001AC FB                     478 	.db #0xfb	; 251
    000001AD AC                     479 	.db #0xac	; 172
    000001AE FF                     480 	.db #0xff	; 255
    000001AF 7F                     481 	.db #0x7f	; 127
    000001B0 FF                     482 	.db #0xff	; 255
    000001B1 FF                     483 	.db #0xff	; 255
    000001B2 01                     484 	.db #0x01	; 1
    000001B3 FF                     485 	.db #0xff	; 255
    000001B4 FD                     486 	.db #0xfd	; 253
    000001B5 03                     487 	.db #0x03	; 3
    000001B6 FD                     488 	.db #0xfd	; 253
    000001B7 23                     489 	.db #0x23	; 35
    000001B8 FD                     490 	.db #0xfd	; 253
    000001B9 53                     491 	.db #0x53	; 83	'S'
    000001BA FD                     492 	.db #0xfd	; 253
    000001BB 73                     493 	.db #0x73	; 115	's'
    000001BC 8D                     494 	.db #0x8d	; 141
    000001BD FB                     495 	.db #0xfb	; 251
    000001BE 27                     496 	.db #0x27	; 39
    000001BF FF                     497 	.db #0xff	; 255
    000001C0 2F                     498 	.db #0x2f	; 47
    000001C1 30                     499 	.db #0x30	; 48	'0'
    000001C2 17                     500 	.db #0x17	; 23
    000001C3 19                     501 	.db #0x19	; 25
    000001C4 36                     502 	.db #0x36	; 54	'6'
    000001C5 3B                     503 	.db #0x3b	; 59
    000001C6 53                     504 	.db #0x53	; 83	'S'
    000001C7 7D                     505 	.db #0x7d	; 125
    000001C8 3D                     506 	.db #0x3d	; 61
    000001C9 3E                     507 	.db #0x3e	; 62
    000001CA 03                     508 	.db #0x03	; 3
    000001CB 03                     509 	.db #0x03	; 3
    000001CC 01                     510 	.db #0x01	; 1
    000001CD 01                     511 	.db #0x01	; 1
    000001CE 01                     512 	.db #0x01	; 1
    000001CF 01                     513 	.db #0x01	; 1
    000001D0 AF                     514 	.db #0xaf	; 175
    000001D1 F7                     515 	.db #0xf7	; 247
    000001D2 FF                     516 	.db #0xff	; 255
    000001D3 F8                     517 	.db #0xf8	; 248
    000001D4 5F                     518 	.db #0x5f	; 95
    000001D5 A7                     519 	.db #0xa7	; 167
    000001D6 F9                     520 	.db #0xf9	; 249
    000001D7 FE                     521 	.db #0xfe	; 254
    000001D8 87                     522 	.db #0x87	; 135
    000001D9 FB                     523 	.db #0xfb	; 251
    000001DA FC                     524 	.db #0xfc	; 252
    000001DB F4                     525 	.db #0xf4	; 244
    000001DC F8                     526 	.db #0xf8	; 248
    000001DD 08                     527 	.db #0x08	; 8
    000001DE F8                     528 	.db #0xf8	; 248
    000001DF F8                     529 	.db #0xf8	; 248
    000001E0 FF                     530 	.db #0xff	; 255
    000001E1 C1                     531 	.db #0xc1	; 193
    000001E2 FF                     532 	.db #0xff	; 255
    000001E3 3F                     533 	.db #0x3f	; 63
    000001E4 CB                     534 	.db #0xcb	; 203
    000001E5 FC                     535 	.db #0xfc	; 252
    000001E6 8B                     536 	.db #0x8b	; 139
    000001E7 7C                     537 	.db #0x7c	; 124
    000001E8 E5                     538 	.db #0xe5	; 229
    000001E9 DE                     539 	.db #0xde	; 222
    000001EA 3E                     540 	.db #0x3e	; 62
    000001EB 2F                     541 	.db #0x2f	; 47
    000001EC 1F                     542 	.db #0x1f	; 31
    000001ED 11                     543 	.db #0x11	; 17
    000001EE 1F                     544 	.db #0x1f	; 31
    000001EF 1F                     545 	.db #0x1f	; 31
    000001F0 77                     546 	.db #0x77	; 119	'w'
    000001F1 DD                     547 	.db #0xdd	; 221
    000001F2 27                     548 	.db #0x27	; 39
    000001F3 FF                     549 	.db #0xff	; 255
    000001F4 8D                     550 	.db #0x8d	; 141
    000001F5 FB                     551 	.db #0xfb	; 251
    000001F6 FD                     552 	.db #0xfd	; 253
    000001F7 73                     553 	.db #0x73	; 115	's'
    000001F8 FA                     554 	.db #0xfa	; 250
    000001F9 56                     555 	.db #0x56	; 86	'V'
    000001FA 24                     556 	.db #0x24	; 36
    000001FB FC                     557 	.db #0xfc	; 252
    000001FC F8                     558 	.db #0xf8	; 248
    000001FD F8                     559 	.db #0xf8	; 248
    000001FE 80                     560 	.db #0x80	; 128
    000001FF 80                     561 	.db #0x80	; 128
    00000200                        562 _BossDragon:
    00000200 01                     563 	.db #0x01	; 1
    00000201 01                     564 	.db #0x01	; 1
    00000202 02                     565 	.db #0x02	; 2
    00000203 03                     566 	.db #0x03	; 3
    00000204 25                     567 	.db #0x25	; 37
    00000205 26                     568 	.db #0x26	; 38
    00000206 54                     569 	.db #0x54	; 84	'T'
    00000207 77                     570 	.db #0x77	; 119	'w'
    00000208 96                     571 	.db #0x96	; 150
    00000209 F5                     572 	.db #0xf5	; 245
    0000020A 95                     573 	.db #0x95	; 149
    0000020B F7                     574 	.db #0xf7	; 247
    0000020C D2                     575 	.db #0xd2	; 210
    0000020D B2                     576 	.db #0xb2	; 178
    0000020E D0                     577 	.db #0xd0	; 208
    0000020F B0                     578 	.db #0xb0	; 176
    00000210 FC                     579 	.db #0xfc	; 252
    00000211 FC                     580 	.db #0xfc	; 252
    00000212 22                     581 	.db #0x22	; 34
    00000213 DE                     582 	.db #0xde	; 222
    00000214 23                     583 	.db #0x23	; 35
    00000215 DD                     584 	.db #0xdd	; 221
    00000216 FD                     585 	.db #0xfd	; 253
    00000217 7F                     586 	.db #0x7f	; 127
    00000218 BE                     587 	.db #0xbe	; 190
    00000219 A3                     588 	.db #0xa3	; 163
    0000021A 3E                     589 	.db #0x3e	; 62
    0000021B 2B                     590 	.db #0x2b	; 43
    0000021C 7F                     591 	.db #0x7f	; 127
    0000021D 63                     592 	.db #0x63	; 99	'c'
    0000021E DF                     593 	.db #0xdf	; 223
    0000021F BE                     594 	.db #0xbe	; 190
    00000220 3F                     595 	.db #0x3f	; 63
    00000221 3F                     596 	.db #0x3f	; 63
    00000222 44                     597 	.db #0x44	; 68	'D'
    00000223 7B                     598 	.db #0x7b	; 123
    00000224 C4                     599 	.db #0xc4	; 196
    00000225 BB                     600 	.db #0xbb	; 187
    00000226 BF                     601 	.db #0xbf	; 191
    00000227 FE                     602 	.db #0xfe	; 254
    00000228 7D                     603 	.db #0x7d	; 125
    00000229 C5                     604 	.db #0xc5	; 197
    0000022A 7C                     605 	.db #0x7c	; 124
    0000022B D4                     606 	.db #0xd4	; 212
    0000022C FE                     607 	.db #0xfe	; 254
    0000022D C6                     608 	.db #0xc6	; 198
    0000022E FB                     609 	.db #0xfb	; 251
    0000022F 7D                     610 	.db #0x7d	; 125
    00000230 80                     611 	.db #0x80	; 128
    00000231 80                     612 	.db #0x80	; 128
    00000232 40                     613 	.db #0x40	; 64
    00000233 C0                     614 	.db #0xc0	; 192
    00000234 A4                     615 	.db #0xa4	; 164
    00000235 64                     616 	.db #0x64	; 100	'd'
    00000236 2A                     617 	.db #0x2a	; 42
    00000237 EE                     618 	.db #0xee	; 238
    00000238 69                     619 	.db #0x69	; 105	'i'
    00000239 AF                     620 	.db #0xaf	; 175
    0000023A A9                     621 	.db #0xa9	; 169
    0000023B EF                     622 	.db #0xef	; 239
    0000023C 4B                     623 	.db #0x4b	; 75	'K'
    0000023D 4D                     624 	.db #0x4d	; 77	'M'
    0000023E 0B                     625 	.db #0x0b	; 11
    0000023F 0D                     626 	.db #0x0d	; 13
    00000240 E8                     627 	.db #0xe8	; 232
    00000241 98                     628 	.db #0x98	; 152
    00000242 C8                     629 	.db #0xc8	; 200
    00000243 B8                     630 	.db #0xb8	; 184
    00000244 B4                     631 	.db #0xb4	; 180
    00000245 CC                     632 	.db #0xcc	; 204
    00000246 B4                     633 	.db #0xb4	; 180
    00000247 CC                     634 	.db #0xcc	; 204
    00000248 F4                     635 	.db #0xf4	; 244
    00000249 8C                     636 	.db #0x8c	; 140
    0000024A EA                     637 	.db #0xea	; 234
    0000024B 96                     638 	.db #0x96	; 150
    0000024C DD                     639 	.db #0xdd	; 221
    0000024D A3                     640 	.db #0xa3	; 163
    0000024E DA                     641 	.db #0xda	; 218
    0000024F A5                     642 	.db #0xa5	; 165
    00000250 EF                     643 	.db #0xef	; 239
    00000251 BD                     644 	.db #0xbd	; 189
    00000252 FF                     645 	.db #0xff	; 255
    00000253 8D                     646 	.db #0x8d	; 141
    00000254 7B                     647 	.db #0x7b	; 123
    00000255 7E                     648 	.db #0x7e	; 126
    00000256 09                     649 	.db #0x09	; 9
    00000257 0F                     650 	.db #0x0f	; 15
    00000258 1E                     651 	.db #0x1e	; 30
    00000259 15                     652 	.db #0x15	; 21
    0000025A 0F                     653 	.db #0x0f	; 15
    0000025B 0A                     654 	.db #0x0a	; 10
    0000025C BF                     655 	.db #0xbf	; 191
    0000025D BB                     656 	.db #0xbb	; 187
    0000025E 54                     657 	.db #0x54	; 84	'T'
    0000025F FF                     658 	.db #0xff	; 255
    00000260 F7                     659 	.db #0xf7	; 247
    00000261 BD                     660 	.db #0xbd	; 189
    00000262 FF                     661 	.db #0xff	; 255
    00000263 B1                     662 	.db #0xb1	; 177
    00000264 DE                     663 	.db #0xde	; 222
    00000265 7E                     664 	.db #0x7e	; 126
    00000266 90                     665 	.db #0x90	; 144
    00000267 F0                     666 	.db #0xf0	; 240
    00000268 78                     667 	.db #0x78	; 120	'x'
    00000269 A8                     668 	.db #0xa8	; 168
    0000026A F0                     669 	.db #0xf0	; 240
    0000026B 50                     670 	.db #0x50	; 80	'P'
    0000026C FD                     671 	.db #0xfd	; 253
    0000026D DD                     672 	.db #0xdd	; 221
    0000026E 2A                     673 	.db #0x2a	; 42
    0000026F FF                     674 	.db #0xff	; 255
    00000270 17                     675 	.db #0x17	; 23
    00000271 19                     676 	.db #0x19	; 25
    00000272 13                     677 	.db #0x13	; 19
    00000273 1D                     678 	.db #0x1d	; 29
    00000274 2D                     679 	.db #0x2d	; 45
    00000275 33                     680 	.db #0x33	; 51	'3'
    00000276 2D                     681 	.db #0x2d	; 45
    00000277 33                     682 	.db #0x33	; 51	'3'
    00000278 2F                     683 	.db #0x2f	; 47
    00000279 31                     684 	.db #0x31	; 49	'1'
    0000027A 57                     685 	.db #0x57	; 87	'W'
    0000027B 69                     686 	.db #0x69	; 105	'i'
    0000027C BB                     687 	.db #0xbb	; 187
    0000027D C5                     688 	.db #0xc5	; 197
    0000027E 5B                     689 	.db #0x5b	; 91
    0000027F A5                     690 	.db #0xa5	; 165
    00000280 DB                     691 	.db #0xdb	; 219
    00000281 A4                     692 	.db #0xa4	; 164
    00000282 B7                     693 	.db #0xb7	; 183
    00000283 C9                     694 	.db #0xc9	; 201
    00000284 77                     695 	.db #0x77	; 119	'w'
    00000285 49                     696 	.db #0x49	; 73	'I'
    00000286 76                     697 	.db #0x76	; 118	'v'
    00000287 4B                     698 	.db #0x4b	; 75	'K'
    00000288 3C                     699 	.db #0x3c	; 60
    00000289 2F                     700 	.db #0x2f	; 47
    0000028A 3C                     701 	.db #0x3c	; 60
    0000028B 2F                     702 	.db #0x2f	; 47
    0000028C 15                     703 	.db #0x15	; 21
    0000028D 16                     704 	.db #0x16	; 22
    0000028E 04                     705 	.db #0x04	; 4
    0000028F 07                     706 	.db #0x07	; 7
    00000290 8D                     707 	.db #0x8d	; 141
    00000291 FF                     708 	.db #0xff	; 255
    00000292 03                     709 	.db #0x03	; 3
    00000293 FE                     710 	.db #0xfe	; 254
    00000294 09                     711 	.db #0x09	; 9
    00000295 F7                     712 	.db #0xf7	; 247
    00000296 40                     713 	.db #0x40	; 64
    00000297 BF                     714 	.db #0xbf	; 191
    00000298 17                     715 	.db #0x17	; 23
    00000299 FB                     716 	.db #0xfb	; 251
    0000029A 2F                     717 	.db #0x2f	; 47
    0000029B FB                     718 	.db #0xfb	; 251
    0000029C 5F                     719 	.db #0x5f	; 95
    0000029D FD                     720 	.db #0xfd	; 253
    0000029E 5F                     721 	.db #0x5f	; 95
    0000029F FF                     722 	.db #0xff	; 255
    000002A0 B1                     723 	.db #0xb1	; 177
    000002A1 FF                     724 	.db #0xff	; 255
    000002A2 C0                     725 	.db #0xc0	; 192
    000002A3 7F                     726 	.db #0x7f	; 127
    000002A4 90                     727 	.db #0x90	; 144
    000002A5 EF                     728 	.db #0xef	; 239
    000002A6 02                     729 	.db #0x02	; 2
    000002A7 FD                     730 	.db #0xfd	; 253
    000002A8 E8                     731 	.db #0xe8	; 232
    000002A9 DF                     732 	.db #0xdf	; 223
    000002AA F4                     733 	.db #0xf4	; 244
    000002AB DF                     734 	.db #0xdf	; 223
    000002AC FA                     735 	.db #0xfa	; 250
    000002AD BF                     736 	.db #0xbf	; 191
    000002AE FA                     737 	.db #0xfa	; 250
    000002AF FF                     738 	.db #0xff	; 255
    000002B0 DB                     739 	.db #0xdb	; 219
    000002B1 25                     740 	.db #0x25	; 37
    000002B2 ED                     741 	.db #0xed	; 237
    000002B3 93                     742 	.db #0x93	; 147
    000002B4 EE                     743 	.db #0xee	; 238
    000002B5 92                     744 	.db #0x92	; 146
    000002B6 EE                     745 	.db #0xee	; 238
    000002B7 D2                     746 	.db #0xd2	; 210
    000002B8 3C                     747 	.db #0x3c	; 60
    000002B9 F4                     748 	.db #0xf4	; 244
    000002BA 3C                     749 	.db #0x3c	; 60
    000002BB F4                     750 	.db #0xf4	; 244
    000002BC A8                     751 	.db #0xa8	; 168
    000002BD 68                     752 	.db #0x68	; 104	'h'
    000002BE 20                     753 	.db #0x20	; 32
    000002BF E0                     754 	.db #0xe0	; 224
    000002C0 09                     755 	.db #0x09	; 9
    000002C1 0E                     756 	.db #0x0e	; 14
    000002C2 08                     757 	.db #0x08	; 8
    000002C3 0F                     758 	.db #0x0f	; 15
    000002C4 0A                     759 	.db #0x0a	; 10
    000002C5 0D                     760 	.db #0x0d	; 13
    000002C6 11                     761 	.db #0x11	; 17
    000002C7 1E                     762 	.db #0x1e	; 30
    000002C8 15                     763 	.db #0x15	; 21
    000002C9 1A                     764 	.db #0x1a	; 26
    000002CA 09                     765 	.db #0x09	; 9
    000002CB 0F                     766 	.db #0x0f	; 15
    000002CC 1B                     767 	.db #0x1b	; 27
    000002CD 1E                     768 	.db #0x1e	; 30
    000002CE 3B                     769 	.db #0x3b	; 59
    000002CF 2E                     770 	.db #0x2e	; 46
    000002D0 2F                     771 	.db #0x2f	; 47
    000002D1 FD                     772 	.db #0xfd	; 253
    000002D2 27                     773 	.db #0x27	; 39
    000002D3 FB                     774 	.db #0xfb	; 251
    000002D4 B8                     775 	.db #0xb8	; 184
    000002D5 7F                     776 	.db #0x7f	; 127
    000002D6 14                     777 	.db #0x14	; 20
    000002D7 FF                     778 	.db #0xff	; 255
    000002D8 53                     779 	.db #0x53	; 83	'S'
    000002D9 BF                     780 	.db #0xbf	; 191
    000002DA 22                     781 	.db #0x22	; 34
    000002DB FE                     782 	.db #0xfe	; 254
    000002DC B4                     783 	.db #0xb4	; 180
    000002DD FC                     784 	.db #0xfc	; 252
    000002DE BC                     785 	.db #0xbc	; 188
    000002DF EC                     786 	.db #0xec	; 236
    000002E0 F4                     787 	.db #0xf4	; 244
    000002E1 BF                     788 	.db #0xbf	; 191
    000002E2 E4                     789 	.db #0xe4	; 228
    000002E3 DF                     790 	.db #0xdf	; 223
    000002E4 1D                     791 	.db #0x1d	; 29
    000002E5 FE                     792 	.db #0xfe	; 254
    000002E6 28                     793 	.db #0x28	; 40
    000002E7 FF                     794 	.db #0xff	; 255
    000002E8 CA                     795 	.db #0xca	; 202
    000002E9 FD                     796 	.db #0xfd	; 253
    000002EA 44                     797 	.db #0x44	; 68	'D'
    000002EB 7F                     798 	.db #0x7f	; 127
    000002EC 2D                     799 	.db #0x2d	; 45
    000002ED 3F                     800 	.db #0x3f	; 63
    000002EE 3D                     801 	.db #0x3d	; 61
    000002EF 37                     802 	.db #0x37	; 55	'7'
    000002F0 90                     803 	.db #0x90	; 144
    000002F1 70                     804 	.db #0x70	; 112	'p'
    000002F2 10                     805 	.db #0x10	; 16
    000002F3 F0                     806 	.db #0xf0	; 240
    000002F4 50                     807 	.db #0x50	; 80	'P'
    000002F5 B0                     808 	.db #0xb0	; 176
    000002F6 88                     809 	.db #0x88	; 136
    000002F7 78                     810 	.db #0x78	; 120	'x'
    000002F8 A8                     811 	.db #0xa8	; 168
    000002F9 58                     812 	.db #0x58	; 88	'X'
    000002FA 90                     813 	.db #0x90	; 144
    000002FB F0                     814 	.db #0xf0	; 240
    000002FC D8                     815 	.db #0xd8	; 216
    000002FD 78                     816 	.db #0x78	; 120	'x'
    000002FE DC                     817 	.db #0xdc	; 220
    000002FF 74                     818 	.db #0x74	; 116	't'
    00000300                        819 _BossMantis:
    00000300 02                     820 	.db #0x02	; 2
    00000301 02                     821 	.db #0x02	; 2
    00000302 05                     822 	.db #0x05	; 5
    00000303 07                     823 	.db #0x07	; 7
    00000304 04                     824 	.db #0x04	; 4
    00000305 07                     825 	.db #0x07	; 7
    00000306 04                     826 	.db #0x04	; 4
    00000307 07                     827 	.db #0x07	; 7
    00000308 04                     828 	.db #0x04	; 4
    00000309 07                     829 	.db #0x07	; 7
    0000030A 02                     830 	.db #0x02	; 2
    0000030B 03                     831 	.db #0x03	; 3
    0000030C 01                     832 	.db #0x01	; 1
    0000030D 01                     833 	.db #0x01	; 1
    0000030E 00                     834 	.db #0x00	; 0
    0000030F 00                     835 	.db #0x00	; 0
    00000310 00                     836 	.db #0x00	; 0
    00000311 00                     837 	.db #0x00	; 0
    00000312 00                     838 	.db #0x00	; 0
    00000313 00                     839 	.db #0x00	; 0
    00000314 E0                     840 	.db #0xe0	; 224
    00000315 E0                     841 	.db #0xe0	; 224
    00000316 5E                     842 	.db #0x5e	; 94
    00000317 BE                     843 	.db #0xbe	; 190
    00000318 E1                     844 	.db #0xe1	; 225
    00000319 5F                     845 	.db #0x5f	; 95
    0000031A E3                     846 	.db #0xe3	; 227
    0000031B 5E                     847 	.db #0x5e	; 94
    0000031C 47                     848 	.db #0x47	; 71	'G'
    0000031D BD                     849 	.db #0xbd	; 189
    0000031E C7                     850 	.db #0xc7	; 199
    0000031F FD                     851 	.db #0xfd	; 253
    00000320 00                     852 	.db #0x00	; 0
    00000321 00                     853 	.db #0x00	; 0
    00000322 00                     854 	.db #0x00	; 0
    00000323 00                     855 	.db #0x00	; 0
    00000324 07                     856 	.db #0x07	; 7
    00000325 07                     857 	.db #0x07	; 7
    00000326 7A                     858 	.db #0x7a	; 122	'z'
    00000327 7D                     859 	.db #0x7d	; 125
    00000328 87                     860 	.db #0x87	; 135
    00000329 FA                     861 	.db #0xfa	; 250
    0000032A C7                     862 	.db #0xc7	; 199
    0000032B 7A                     863 	.db #0x7a	; 122	'z'
    0000032C E2                     864 	.db #0xe2	; 226
    0000032D BD                     865 	.db #0xbd	; 189
    0000032E E3                     866 	.db #0xe3	; 227
    0000032F BF                     867 	.db #0xbf	; 191
    00000330 40                     868 	.db #0x40	; 64
    00000331 40                     869 	.db #0x40	; 64
    00000332 A0                     870 	.db #0xa0	; 160
    00000333 E0                     871 	.db #0xe0	; 224
    00000334 20                     872 	.db #0x20	; 32
    00000335 E0                     873 	.db #0xe0	; 224
    00000336 20                     874 	.db #0x20	; 32
    00000337 E0                     875 	.db #0xe0	; 224
    00000338 20                     876 	.db #0x20	; 32
    00000339 E0                     877 	.db #0xe0	; 224
    0000033A 40                     878 	.db #0x40	; 64
    0000033B C0                     879 	.db #0xc0	; 192
    0000033C 80                     880 	.db #0x80	; 128
    0000033D 80                     881 	.db #0x80	; 128
    0000033E 00                     882 	.db #0x00	; 0
    0000033F 00                     883 	.db #0x00	; 0
    00000340 00                     884 	.db #0x00	; 0
    00000341 00                     885 	.db #0x00	; 0
    00000342 00                     886 	.db #0x00	; 0
    00000343 00                     887 	.db #0x00	; 0
    00000344 31                     888 	.db #0x31	; 49	'1'
    00000345 31                     889 	.db #0x31	; 49	'1'
    00000346 6F                     890 	.db #0x6f	; 111	'o'
    00000347 5E                     891 	.db #0x5e	; 94
    00000348 53                     892 	.db #0x53	; 83	'S'
    00000349 7F                     893 	.db #0x7f	; 127
    0000034A 7C                     894 	.db #0x7c	; 124
    0000034B 5F                     895 	.db #0x5f	; 95
    0000034C D3                     896 	.db #0xd3	; 211
    0000034D B3                     897 	.db #0xb3	; 179
    0000034E E0                     898 	.db #0xe0	; 224
    0000034F A0                     899 	.db #0xa0	; 160
    00000350 33                     900 	.db #0x33	; 51	'3'
    00000351 3E                     901 	.db #0x3e	; 62
    00000352 0F                     902 	.db #0x0f	; 15
    00000353 0D                     903 	.db #0x0d	; 13
    00000354 C9                     904 	.db #0xc9	; 201
    00000355 CE                     905 	.db #0xce	; 206
    00000356 EA                     906 	.db #0xea	; 234
    00000357 2D                     907 	.db #0x2d	; 45
    00000358 F3                     908 	.db #0xf3	; 243
    00000359 9C                     909 	.db #0x9c	; 156
    0000035A 66                     910 	.db #0x66	; 102	'f'
    0000035B F9                     911 	.db #0xf9	; 249
    0000035C 0D                     912 	.db #0x0d	; 13
    0000035D F2                     913 	.db #0xf2	; 242
    0000035E 8D                     914 	.db #0x8d	; 141
    0000035F F2                     915 	.db #0xf2	; 242
    00000360 CC                     916 	.db #0xcc	; 204
    00000361 7C                     917 	.db #0x7c	; 124
    00000362 F0                     918 	.db #0xf0	; 240
    00000363 B0                     919 	.db #0xb0	; 176
    00000364 93                     920 	.db #0x93	; 147
    00000365 73                     921 	.db #0x73	; 115	's'
    00000366 57                     922 	.db #0x57	; 87	'W'
    00000367 B4                     923 	.db #0xb4	; 180
    00000368 CF                     924 	.db #0xcf	; 207
    00000369 39                     925 	.db #0x39	; 57	'9'
    0000036A 66                     926 	.db #0x66	; 102	'f'
    0000036B 9F                     927 	.db #0x9f	; 159
    0000036C B0                     928 	.db #0xb0	; 176
    0000036D 4F                     929 	.db #0x4f	; 79	'O'
    0000036E B1                     930 	.db #0xb1	; 177
    0000036F 4F                     931 	.db #0x4f	; 79	'O'
    00000370 00                     932 	.db #0x00	; 0
    00000371 00                     933 	.db #0x00	; 0
    00000372 00                     934 	.db #0x00	; 0
    00000373 00                     935 	.db #0x00	; 0
    00000374 8C                     936 	.db #0x8c	; 140
    00000375 8C                     937 	.db #0x8c	; 140
    00000376 F6                     938 	.db #0xf6	; 246
    00000377 7A                     939 	.db #0x7a	; 122	'z'
    00000378 CA                     940 	.db #0xca	; 202
    00000379 FE                     941 	.db #0xfe	; 254
    0000037A 3E                     942 	.db #0x3e	; 62
    0000037B FA                     943 	.db #0xfa	; 250
    0000037C CB                     944 	.db #0xcb	; 203
    0000037D CD                     945 	.db #0xcd	; 205
    0000037E 07                     946 	.db #0x07	; 7
    0000037F 05                     947 	.db #0x05	; 5
    00000380 E1                     948 	.db #0xe1	; 225
    00000381 A1                     949 	.db #0xa1	; 161
    00000382 E3                     950 	.db #0xe3	; 227
    00000383 A2                     951 	.db #0xa2	; 162
    00000384 E3                     952 	.db #0xe3	; 227
    00000385 A2                     953 	.db #0xa2	; 162
    00000386 E3                     954 	.db #0xe3	; 227
    00000387 A2                     955 	.db #0xa2	; 162
    00000388 E1                     956 	.db #0xe1	; 225
    00000389 A1                     957 	.db #0xa1	; 161
    0000038A D0                     958 	.db #0xd0	; 208
    0000038B B0                     959 	.db #0xb0	; 176
    0000038C 70                     960 	.db #0x70	; 112	'p'
    0000038D 50                     961 	.db #0x50	; 80	'P'
    0000038E 68                     962 	.db #0x68	; 104	'h'
    0000038F 58                     963 	.db #0x58	; 88	'X'
    00000390 E6                     964 	.db #0xe6	; 230
    00000391 79                     965 	.db #0x79	; 121	'y'
    00000392 53                     966 	.db #0x53	; 83	'S'
    00000393 BC                     967 	.db #0xbc	; 188
    00000394 33                     968 	.db #0x33	; 51	'3'
    00000395 DC                     969 	.db #0xdc	; 220
    00000396 E9                     970 	.db #0xe9	; 233
    00000397 2E                     971 	.db #0x2e	; 46
    00000398 CA                     972 	.db #0xca	; 202
    00000399 CD                     973 	.db #0xcd	; 205
    0000039A 0B                     974 	.db #0x0b	; 11
    0000039B 0C                     975 	.db #0x0c	; 12
    0000039C 1B                     976 	.db #0x1b	; 27
    0000039D 1C                     977 	.db #0x1c	; 28
    0000039E 29                     978 	.db #0x29	; 41
    0000039F 3E                     979 	.db #0x3e	; 62
    000003A0 67                     980 	.db #0x67	; 103	'g'
    000003A1 9E                     981 	.db #0x9e	; 158
    000003A2 CA                     982 	.db #0xca	; 202
    000003A3 3D                     983 	.db #0x3d	; 61
    000003A4 CC                     984 	.db #0xcc	; 204
    000003A5 3B                     985 	.db #0x3b	; 59
    000003A6 97                     986 	.db #0x97	; 151
    000003A7 74                     987 	.db #0x74	; 116	't'
    000003A8 53                     988 	.db #0x53	; 83	'S'
    000003A9 B3                     989 	.db #0xb3	; 179
    000003AA D0                     990 	.db #0xd0	; 208
    000003AB 30                     991 	.db #0x30	; 48	'0'
    000003AC D8                     992 	.db #0xd8	; 216
    000003AD 38                     993 	.db #0x38	; 56	'8'
    000003AE 94                     994 	.db #0x94	; 148
    000003AF 7C                     995 	.db #0x7c	; 124
    000003B0 87                     996 	.db #0x87	; 135
    000003B1 85                     997 	.db #0x85	; 133
    000003B2 C7                     998 	.db #0xc7	; 199
    000003B3 45                     999 	.db #0x45	; 69	'E'
    000003B4 C7                    1000 	.db #0xc7	; 199
    000003B5 45                    1001 	.db #0x45	; 69	'E'
    000003B6 C7                    1002 	.db #0xc7	; 199
    000003B7 45                    1003 	.db #0x45	; 69	'E'
    000003B8 87                    1004 	.db #0x87	; 135
    000003B9 85                    1005 	.db #0x85	; 133
    000003BA 0B                    1006 	.db #0x0b	; 11
    000003BB 0D                    1007 	.db #0x0d	; 13
    000003BC 0E                    1008 	.db #0x0e	; 14
    000003BD 0A                    1009 	.db #0x0a	; 10
    000003BE 16                    1010 	.db #0x16	; 22
    000003BF 1A                    1011 	.db #0x1a	; 26
    000003C0 38                    1012 	.db #0x38	; 56	'8'
    000003C1 28                    1013 	.db #0x28	; 40
    000003C2 11                    1014 	.db #0x11	; 17
    000003C3 11                    1015 	.db #0x11	; 17
    000003C4 03                    1016 	.db #0x03	; 3
    000003C5 02                    1017 	.db #0x02	; 2
    000003C6 05                    1018 	.db #0x05	; 5
    000003C7 07                    1019 	.db #0x07	; 7
    000003C8 07                    1020 	.db #0x07	; 7
    000003C9 05                    1021 	.db #0x05	; 5
    000003CA 03                    1022 	.db #0x03	; 3
    000003CB 02                    1023 	.db #0x02	; 2
    000003CC 03                    1024 	.db #0x03	; 3
    000003CD 02                    1025 	.db #0x02	; 2
    000003CE 01                    1026 	.db #0x01	; 1
    000003CF 01                    1027 	.db #0x01	; 1
    000003D0 EA                    1028 	.db #0xea	; 234
    000003D1 FD                    1029 	.db #0xfd	; 253
    000003D2 1F                    1030 	.db #0x1f	; 31
    000003D3 FC                    1031 	.db #0xfc	; 252
    000003D4 E3                    1032 	.db #0xe3	; 227
    000003D5 FC                    1033 	.db #0xfc	; 252
    000003D6 1D                    1034 	.db #0x1d	; 29
    000003D7 1E                    1035 	.db #0x1e	; 30
    000003D8 2B                    1036 	.db #0x2b	; 43
    000003D9 3B                    1037 	.db #0x3b	; 59
    000003DA A8                    1038 	.db #0xa8	; 168
    000003DB B8                    1039 	.db #0xb8	; 184
    000003DC A8                    1040 	.db #0xa8	; 168
    000003DD B8                    1041 	.db #0xb8	; 184
    000003DE 10                    1042 	.db #0x10	; 16
    000003DF 10                    1043 	.db #0x10	; 16
    000003E0 57                    1044 	.db #0x57	; 87	'W'
    000003E1 BF                    1045 	.db #0xbf	; 191
    000003E2 F8                    1046 	.db #0xf8	; 248
    000003E3 3F                    1047 	.db #0x3f	; 63
    000003E4 C7                    1048 	.db #0xc7	; 199
    000003E5 3F                    1049 	.db #0x3f	; 63
    000003E6 B8                    1050 	.db #0xb8	; 184
    000003E7 78                    1051 	.db #0x78	; 120	'x'
    000003E8 D4                    1052 	.db #0xd4	; 212
    000003E9 DC                    1053 	.db #0xdc	; 220
    000003EA 15                    1054 	.db #0x15	; 21
    000003EB 1D                    1055 	.db #0x1d	; 29
    000003EC 15                    1056 	.db #0x15	; 21
    000003ED 1D                    1057 	.db #0x1d	; 29
    000003EE 08                    1058 	.db #0x08	; 8
    000003EF 08                    1059 	.db #0x08	; 8
    000003F0 1C                    1060 	.db #0x1c	; 28
    000003F1 14                    1061 	.db #0x14	; 20
    000003F2 88                    1062 	.db #0x88	; 136
    000003F3 88                    1063 	.db #0x88	; 136
    000003F4 C0                    1064 	.db #0xc0	; 192
    000003F5 40                    1065 	.db #0x40	; 64
    000003F6 A0                    1066 	.db #0xa0	; 160
    000003F7 E0                    1067 	.db #0xe0	; 224
    000003F8 E0                    1068 	.db #0xe0	; 224
    000003F9 A0                    1069 	.db #0xa0	; 160
    000003FA C0                    1070 	.db #0xc0	; 192
    000003FB 40                    1071 	.db #0x40	; 64
    000003FC C0                    1072 	.db #0xc0	; 192
    000003FD 40                    1073 	.db #0x40	; 64
    000003FE 80                    1074 	.db #0x80	; 128
    000003FF 80                    1075 	.db #0x80	; 128
    00000400                       1076 _BossOrb:
    00000400 00                    1077 	.db #0x00	; 0
    00000401 00                    1078 	.db #0x00	; 0
    00000402 00                    1079 	.db #0x00	; 0
    00000403 00                    1080 	.db #0x00	; 0
    00000404 01                    1081 	.db #0x01	; 1
    00000405 01                    1082 	.db #0x01	; 1
    00000406 07                    1083 	.db #0x07	; 7
    00000407 06                    1084 	.db #0x06	; 6
    00000408 0E                    1085 	.db #0x0e	; 14
    00000409 09                    1086 	.db #0x09	; 9
    0000040A 18                    1087 	.db #0x18	; 24
    0000040B 17                    1088 	.db #0x17	; 23
    0000040C 19                    1089 	.db #0x19	; 25
    0000040D 17                    1090 	.db #0x17	; 23
    0000040E 33                    1091 	.db #0x33	; 51	'3'
    0000040F 2F                    1092 	.db #0x2f	; 47
    00000410 40                    1093 	.db #0x40	; 64
    00000411 40                    1094 	.db #0x40	; 64
    00000412 E0                    1095 	.db #0xe0	; 224
    00000413 A0                    1096 	.db #0xa0	; 160
    00000414 F0                    1097 	.db #0xf0	; 240
    00000415 F0                    1098 	.db #0xf0	; 240
    00000416 F0                    1099 	.db #0xf0	; 240
    00000417 10                    1100 	.db #0x10	; 16
    00000418 10                    1101 	.db #0x10	; 16
    00000419 F0                    1102 	.db #0xf0	; 240
    0000041A F0                    1103 	.db #0xf0	; 240
    0000041B F0                    1104 	.db #0xf0	; 240
    0000041C A0                    1105 	.db #0xa0	; 160
    0000041D 70                    1106 	.db #0x70	; 112	'p'
    0000041E A0                    1107 	.db #0xa0	; 160
    0000041F 78                    1108 	.db #0x78	; 120	'x'
    00000420 02                    1109 	.db #0x02	; 2
    00000421 02                    1110 	.db #0x02	; 2
    00000422 07                    1111 	.db #0x07	; 7
    00000423 05                    1112 	.db #0x05	; 5
    00000424 0F                    1113 	.db #0x0f	; 15
    00000425 0F                    1114 	.db #0x0f	; 15
    00000426 0F                    1115 	.db #0x0f	; 15
    00000427 08                    1116 	.db #0x08	; 8
    00000428 08                    1117 	.db #0x08	; 8
    00000429 0F                    1118 	.db #0x0f	; 15
    0000042A 0F                    1119 	.db #0x0f	; 15
    0000042B 0F                    1120 	.db #0x0f	; 15
    0000042C 05                    1121 	.db #0x05	; 5
    0000042D 0E                    1122 	.db #0x0e	; 14
    0000042E 05                    1123 	.db #0x05	; 5
    0000042F 1E                    1124 	.db #0x1e	; 30
    00000430 00                    1125 	.db #0x00	; 0
    00000431 00                    1126 	.db #0x00	; 0
    00000432 00                    1127 	.db #0x00	; 0
    00000433 00                    1128 	.db #0x00	; 0
    00000434 80                    1129 	.db #0x80	; 128
    00000435 80                    1130 	.db #0x80	; 128
    00000436 E0                    1131 	.db #0xe0	; 224
    00000437 60                    1132 	.db #0x60	; 96
    00000438 70                    1133 	.db #0x70	; 112	'p'
    00000439 90                    1134 	.db #0x90	; 144
    0000043A 18                    1135 	.db #0x18	; 24
    0000043B E8                    1136 	.db #0xe8	; 232
    0000043C 98                    1137 	.db #0x98	; 152
    0000043D E8                    1138 	.db #0xe8	; 232
    0000043E CC                    1139 	.db #0xcc	; 204
    0000043F F4                    1140 	.db #0xf4	; 244
    00000440 77                    1141 	.db #0x77	; 119	'w'
    00000441 6C                    1142 	.db #0x6c	; 108	'l'
    00000442 F4                    1143 	.db #0xf4	; 244
    00000443 AF                    1144 	.db #0xaf	; 175
    00000444 77                    1145 	.db #0x77	; 119	'w'
    00000445 6F                    1146 	.db #0x6f	; 111	'o'
    00000446 3C                    1147 	.db #0x3c	; 60
    00000447 3F                    1148 	.db #0x3f	; 63
    00000448 00                    1149 	.db #0x00	; 0
    00000449 01                    1150 	.db #0x01	; 1
    0000044A 00                    1151 	.db #0x00	; 0
    0000044B 00                    1152 	.db #0x00	; 0
    0000044C 00                    1153 	.db #0x00	; 0
    0000044D 00                    1154 	.db #0x00	; 0
    0000044E 00                    1155 	.db #0x00	; 0
    0000044F 00                    1156 	.db #0x00	; 0
    00000450 D9                    1157 	.db #0xd9	; 217
    00000451 BD                    1158 	.db #0xbd	; 189
    00000452 EB                    1159 	.db #0xeb	; 235
    00000453 5E                    1160 	.db #0x5e	; 94
    00000454 77                    1161 	.db #0x77	; 119	'w'
    00000455 BE                    1162 	.db #0xbe	; 190
    00000456 BB                    1163 	.db #0xbb	; 187
    00000457 EF                    1164 	.db #0xef	; 239
    00000458 DD                    1165 	.db #0xdd	; 221
    00000459 F6                    1166 	.db #0xf6	; 246
    0000045A 2B                    1167 	.db #0x2b	; 43
    0000045B FC                    1168 	.db #0xfc	; 252
    0000045C 77                    1169 	.db #0x77	; 119	'w'
    0000045D 79                    1170 	.db #0x79	; 121	'y'
    0000045E FF                    1171 	.db #0xff	; 255
    0000045F 93                    1172 	.db #0x93	; 147
    00000460 9B                    1173 	.db #0x9b	; 155
    00000461 BD                    1174 	.db #0xbd	; 189
    00000462 D7                    1175 	.db #0xd7	; 215
    00000463 7A                    1176 	.db #0x7a	; 122	'z'
    00000464 EE                    1177 	.db #0xee	; 238
    00000465 7D                    1178 	.db #0x7d	; 125
    00000466 DD                    1179 	.db #0xdd	; 221
    00000467 F7                    1180 	.db #0xf7	; 247
    00000468 BB                    1181 	.db #0xbb	; 187
    00000469 6F                    1182 	.db #0x6f	; 111	'o'
    0000046A D4                    1183 	.db #0xd4	; 212
    0000046B 3F                    1184 	.db #0x3f	; 63
    0000046C EE                    1185 	.db #0xee	; 238
    0000046D 9E                    1186 	.db #0x9e	; 158
    0000046E FF                    1187 	.db #0xff	; 255
    0000046F C9                    1188 	.db #0xc9	; 201
    00000470 EE                    1189 	.db #0xee	; 238
    00000471 36                    1190 	.db #0x36	; 54	'6'
    00000472 2F                    1191 	.db #0x2f	; 47
    00000473 F5                    1192 	.db #0xf5	; 245
    00000474 EE                    1193 	.db #0xee	; 238
    00000475 F6                    1194 	.db #0xf6	; 246
    00000476 3C                    1195 	.db #0x3c	; 60
    00000477 FC                    1196 	.db #0xfc	; 252
    00000478 00                    1197 	.db #0x00	; 0
    00000479 80                    1198 	.db #0x80	; 128
    0000047A 00                    1199 	.db #0x00	; 0
    0000047B 00                    1200 	.db #0x00	; 0
    0000047C 00                    1201 	.db #0x00	; 0
    0000047D 00                    1202 	.db #0x00	; 0
    0000047E 00                    1203 	.db #0x00	; 0
    0000047F 00                    1204 	.db #0x00	; 0
    00000480 00                    1205 	.db #0x00	; 0
    00000481 00                    1206 	.db #0x00	; 0
    00000482 00                    1207 	.db #0x00	; 0
    00000483 00                    1208 	.db #0x00	; 0
    00000484 00                    1209 	.db #0x00	; 0
    00000485 00                    1210 	.db #0x00	; 0
    00000486 00                    1211 	.db #0x00	; 0
    00000487 01                    1212 	.db #0x01	; 1
    00000488 3C                    1213 	.db #0x3c	; 60
    00000489 3F                    1214 	.db #0x3f	; 63
    0000048A 77                    1215 	.db #0x77	; 119	'w'
    0000048B 6F                    1216 	.db #0x6f	; 111	'o'
    0000048C F4                    1217 	.db #0xf4	; 244
    0000048D AF                    1218 	.db #0xaf	; 175
    0000048E 77                    1219 	.db #0x77	; 119	'w'
    0000048F 6C                    1220 	.db #0x6c	; 108	'l'
    00000490 FF                    1221 	.db #0xff	; 255
    00000491 93                    1222 	.db #0x93	; 147
    00000492 77                    1223 	.db #0x77	; 119	'w'
    00000493 79                    1224 	.db #0x79	; 121	'y'
    00000494 2B                    1225 	.db #0x2b	; 43
    00000495 FC                    1226 	.db #0xfc	; 252
    00000496 DD                    1227 	.db #0xdd	; 221
    00000497 F6                    1228 	.db #0xf6	; 246
    00000498 BB                    1229 	.db #0xbb	; 187
    00000499 EF                    1230 	.db #0xef	; 239
    0000049A 77                    1231 	.db #0x77	; 119	'w'
    0000049B BE                    1232 	.db #0xbe	; 190
    0000049C EB                    1233 	.db #0xeb	; 235
    0000049D 5E                    1234 	.db #0x5e	; 94
    0000049E D9                    1235 	.db #0xd9	; 217
    0000049F BD                    1236 	.db #0xbd	; 189
    000004A0 FF                    1237 	.db #0xff	; 255
    000004A1 C9                    1238 	.db #0xc9	; 201
    000004A2 EE                    1239 	.db #0xee	; 238
    000004A3 9E                    1240 	.db #0x9e	; 158
    000004A4 D4                    1241 	.db #0xd4	; 212
    000004A5 3F                    1242 	.db #0x3f	; 63
    000004A6 BB                    1243 	.db #0xbb	; 187
    000004A7 6F                    1244 	.db #0x6f	; 111	'o'
    000004A8 DD                    1245 	.db #0xdd	; 221
    000004A9 F7                    1246 	.db #0xf7	; 247
    000004AA EE                    1247 	.db #0xee	; 238
    000004AB 7D                    1248 	.db #0x7d	; 125
    000004AC D7                    1249 	.db #0xd7	; 215
    000004AD 7A                    1250 	.db #0x7a	; 122	'z'
    000004AE 9B                    1251 	.db #0x9b	; 155
    000004AF BD                    1252 	.db #0xbd	; 189
    000004B0 00                    1253 	.db #0x00	; 0
    000004B1 00                    1254 	.db #0x00	; 0
    000004B2 00                    1255 	.db #0x00	; 0
    000004B3 00                    1256 	.db #0x00	; 0
    000004B4 00                    1257 	.db #0x00	; 0
    000004B5 00                    1258 	.db #0x00	; 0
    000004B6 00                    1259 	.db #0x00	; 0
    000004B7 80                    1260 	.db #0x80	; 128
    000004B8 3C                    1261 	.db #0x3c	; 60
    000004B9 FC                    1262 	.db #0xfc	; 252
    000004BA EE                    1263 	.db #0xee	; 238
    000004BB F6                    1264 	.db #0xf6	; 246
    000004BC 2F                    1265 	.db #0x2f	; 47
    000004BD F5                    1266 	.db #0xf5	; 245
    000004BE EE                    1267 	.db #0xee	; 238
    000004BF 36                    1268 	.db #0x36	; 54	'6'
    000004C0 33                    1269 	.db #0x33	; 51	'3'
    000004C1 2F                    1270 	.db #0x2f	; 47
    000004C2 19                    1271 	.db #0x19	; 25
    000004C3 17                    1272 	.db #0x17	; 23
    000004C4 18                    1273 	.db #0x18	; 24
    000004C5 17                    1274 	.db #0x17	; 23
    000004C6 0E                    1275 	.db #0x0e	; 14
    000004C7 09                    1276 	.db #0x09	; 9
    000004C8 07                    1277 	.db #0x07	; 7
    000004C9 06                    1278 	.db #0x06	; 6
    000004CA 01                    1279 	.db #0x01	; 1
    000004CB 01                    1280 	.db #0x01	; 1
    000004CC 00                    1281 	.db #0x00	; 0
    000004CD 00                    1282 	.db #0x00	; 0
    000004CE 00                    1283 	.db #0x00	; 0
    000004CF 00                    1284 	.db #0x00	; 0
    000004D0 A0                    1285 	.db #0xa0	; 160
    000004D1 78                    1286 	.db #0x78	; 120	'x'
    000004D2 A0                    1287 	.db #0xa0	; 160
    000004D3 70                    1288 	.db #0x70	; 112	'p'
    000004D4 F0                    1289 	.db #0xf0	; 240
    000004D5 F0                    1290 	.db #0xf0	; 240
    000004D6 10                    1291 	.db #0x10	; 16
    000004D7 F0                    1292 	.db #0xf0	; 240
    000004D8 F0                    1293 	.db #0xf0	; 240
    000004D9 10                    1294 	.db #0x10	; 16
    000004DA F0                    1295 	.db #0xf0	; 240
    000004DB F0                    1296 	.db #0xf0	; 240
    000004DC E0                    1297 	.db #0xe0	; 224
    000004DD A0                    1298 	.db #0xa0	; 160
    000004DE 40                    1299 	.db #0x40	; 64
    000004DF 40                    1300 	.db #0x40	; 64
    000004E0 05                    1301 	.db #0x05	; 5
    000004E1 1E                    1302 	.db #0x1e	; 30
    000004E2 05                    1303 	.db #0x05	; 5
    000004E3 0E                    1304 	.db #0x0e	; 14
    000004E4 0F                    1305 	.db #0x0f	; 15
    000004E5 0F                    1306 	.db #0x0f	; 15
    000004E6 08                    1307 	.db #0x08	; 8
    000004E7 0F                    1308 	.db #0x0f	; 15
    000004E8 0F                    1309 	.db #0x0f	; 15
    000004E9 08                    1310 	.db #0x08	; 8
    000004EA 0F                    1311 	.db #0x0f	; 15
    000004EB 0F                    1312 	.db #0x0f	; 15
    000004EC 07                    1313 	.db #0x07	; 7
    000004ED 05                    1314 	.db #0x05	; 5
    000004EE 02                    1315 	.db #0x02	; 2
    000004EF 02                    1316 	.db #0x02	; 2
    000004F0 CC                    1317 	.db #0xcc	; 204
    000004F1 F4                    1318 	.db #0xf4	; 244
    000004F2 98                    1319 	.db #0x98	; 152
    000004F3 E8                    1320 	.db #0xe8	; 232
    000004F4 18                    1321 	.db #0x18	; 24
    000004F5 E8                    1322 	.db #0xe8	; 232
    000004F6 70                    1323 	.db #0x70	; 112	'p'
    000004F7 90                    1324 	.db #0x90	; 144
    000004F8 E0                    1325 	.db #0xe0	; 224
    000004F9 60                    1326 	.db #0x60	; 96
    000004FA 80                    1327 	.db #0x80	; 128
    000004FB 80                    1328 	.db #0x80	; 128
    000004FC 00                    1329 	.db #0x00	; 0
    000004FD 00                    1330 	.db #0x00	; 0
    000004FE 00                    1331 	.db #0x00	; 0
    000004FF 00                    1332 	.db #0x00	; 0
                                   1333 	.area _INITIALIZER
                                   1334 	.area _CABS (ABS)
