                                      1 ;--------------------------------------------------------
                                      2 ; File Created by SDCC : free open source ISO C Compiler
                                      3 ; Version 4.5.1 #15267 (Linux)
                                      4 ;--------------------------------------------------------
                                      5 	.module character
                                      6 	
                                      7 ;--------------------------------------------------------
                                      8 ; Public variables in this module
                                      9 ;--------------------------------------------------------
                                     10 	.globl _MC_walk_up
                                     11 	.globl _MC_walk_right
                                     12 	.globl _MC_walk_left
                                     13 	.globl _MC_walk_down
                                     14 	.globl _MC_attack_left
                                     15 	.globl _MC_attack_up
                                     16 	.globl _MC_attack_right
                                     17 	.globl _MC_attack_down
                                     18 	.globl _MC_left
                                     19 	.globl _MC_up
                                     20 	.globl _MC_right
                                     21 	.globl _MC_down
                                     22 ;--------------------------------------------------------
                                     23 ; special function registers
                                     24 ;--------------------------------------------------------
                                     25 	.area _HRAM
                                     26 ;--------------------------------------------------------
                                     27 ; ram data
                                     28 ;--------------------------------------------------------
                                     29 	.area _DATA
                                     30 ;--------------------------------------------------------
                                     31 ; ram data
                                     32 ;--------------------------------------------------------
                                     33 	.area _INITIALIZED
                                     34 ;--------------------------------------------------------
                                     35 ; absolute external ram data
                                     36 ;--------------------------------------------------------
                                     37 	.area _DABS (ABS)
                                     38 ;--------------------------------------------------------
                                     39 ; global & static initialisations
                                     40 ;--------------------------------------------------------
                                     41 	.area _HOME
                                     42 	.area _GSINIT
                                     43 	.area _GSFINAL
                                     44 	.area _GSINIT
                                     45 ;--------------------------------------------------------
                                     46 ; Home
                                     47 ;--------------------------------------------------------
                                     48 	.area _HOME
                                     49 	.area _HOME
                                     50 ;--------------------------------------------------------
                                     51 ; code
                                     52 ;--------------------------------------------------------
                                     53 	.area _CODE_1
                                     54 	.area _CODE_1
    00000000                         55 _MC_down:
    00000000 0F                      56 	.db #0x0f	; 15
    00000001 0F                      57 	.db #0x0f	; 15
    00000002 12                      58 	.db #0x12	; 18
    00000003 1D                      59 	.db #0x1d	; 29
    00000004 20                      60 	.db #0x20	; 32
    00000005 3F                      61 	.db #0x3f	; 63
    00000006 20                      62 	.db #0x20	; 32
    00000007 3F                      63 	.db #0x3f	; 63
    00000008 6B                      64 	.db #0x6b	; 107	'k'
    00000009 5E                      65 	.db #0x5e	; 94
    0000000A 3F                      66 	.db #0x3f	; 63
    0000000B 35                      67 	.db #0x35	; 53	'5'
    0000000C 1D                      68 	.db #0x1d	; 29
    0000000D 12                      69 	.db #0x12	; 18
    0000000E 1D                      70 	.db #0x1d	; 29
    0000000F 12                      71 	.db #0x12	; 18
    00000010 F0                      72 	.db #0xf0	; 240
    00000011 F0                      73 	.db #0xf0	; 240
    00000012 A8                      74 	.db #0xa8	; 168
    00000013 58                      75 	.db #0x58	; 88	'X'
    00000014 04                      76 	.db #0x04	; 4
    00000015 FC                      77 	.db #0xfc	; 252
    00000016 06                      78 	.db #0x06	; 6
    00000017 FA                      79 	.db #0xfa	; 250
    00000018 E2                      80 	.db #0xe2	; 226
    00000019 DE                      81 	.db #0xde	; 222
    0000001A F4                      82 	.db #0xf4	; 244
    0000001B 2C                      83 	.db #0x2c	; 44
    0000001C BC                      84 	.db #0xbc	; 188
    0000001D 54                      85 	.db #0x54	; 84	'T'
    0000001E B8                      86 	.db #0xb8	; 184
    0000001F 48                      87 	.db #0x48	; 72	'H'
    00000020 0F                      88 	.db #0x0f	; 15
    00000021 09                      89 	.db #0x09	; 9
    00000022 37                      90 	.db #0x37	; 55	'7'
    00000023 3F                      91 	.db #0x3f	; 63
    00000024 6C                      92 	.db #0x6c	; 108	'l'
    00000025 5B                      93 	.db #0x5b	; 91
    00000026 4C                      94 	.db #0x4c	; 76	'L'
    00000027 7F                      95 	.db #0x7f	; 127
    00000028 7B                      96 	.db #0x7b	; 123
    00000029 7F                      97 	.db #0x7f	; 127
    0000002A 77                      98 	.db #0x77	; 119	'w'
    0000002B 4C                      99 	.db #0x4c	; 76	'L'
    0000002C 79                     100 	.db #0x79	; 121	'y'
    0000002D 7F                     101 	.db #0x7f	; 127
    0000002E 0F                     102 	.db #0x0f	; 15
    0000002F 0F                     103 	.db #0x0f	; 15
    00000030 F0                     104 	.db #0xf0	; 240
    00000031 90                     105 	.db #0x90	; 144
    00000032 E8                     106 	.db #0xe8	; 232
    00000033 F8                     107 	.db #0xf8	; 248
    00000034 7E                     108 	.db #0x7e	; 126
    00000035 BE                     109 	.db #0xbe	; 190
    00000036 32                     110 	.db #0x32	; 50	'2'
    00000037 EE                     111 	.db #0xee	; 238
    00000038 FE                     112 	.db #0xfe	; 254
    00000039 FA                     113 	.db #0xfa	; 250
    0000003A FE                     114 	.db #0xfe	; 254
    0000003B 06                     115 	.db #0x06	; 6
    0000003C 9C                     116 	.db #0x9c	; 156
    0000003D FC                     117 	.db #0xfc	; 252
    0000003E F0                     118 	.db #0xf0	; 240
    0000003F F0                     119 	.db #0xf0	; 240
    00000040                        120 _MC_right:
    00000040 0F                     121 	.db #0x0f	; 15
    00000041 0F                     122 	.db #0x0f	; 15
    00000042 12                     123 	.db #0x12	; 18
    00000043 1D                     124 	.db #0x1d	; 29
    00000044 20                     125 	.db #0x20	; 32
    00000045 3F                     126 	.db #0x3f	; 63
    00000046 20                     127 	.db #0x20	; 32
    00000047 3F                     128 	.db #0x3f	; 63
    00000048 50                     129 	.db #0x50	; 80	'P'
    00000049 6F                     130 	.db #0x6f	; 111	'o'
    0000004A 51                     131 	.db #0x51	; 81	'Q'
    0000004B 6F                     132 	.db #0x6f	; 111	'o'
    0000004C 43                     133 	.db #0x43	; 67	'C'
    0000004D 7E                     134 	.db #0x7e	; 126
    0000004E 27                     135 	.db #0x27	; 39
    0000004F 3C                     136 	.db #0x3c	; 60
    00000050 F0                     137 	.db #0xf0	; 240
    00000051 F0                     138 	.db #0xf0	; 240
    00000052 28                     139 	.db #0x28	; 40
    00000053 D8                     140 	.db #0xd8	; 216
    00000054 04                     141 	.db #0x04	; 4
    00000055 FC                     142 	.db #0xfc	; 252
    00000056 04                     143 	.db #0x04	; 4
    00000057 FC                     144 	.db #0xfc	; 252
    00000058 34                     145 	.db #0x34	; 52	'4'
    00000059 FC                     146 	.db #0xfc	; 252
    0000005A 78                     147 	.db #0x78	; 120	'x'
    0000005B C8                     148 	.db #0xc8	; 200
    0000005C D8                     149 	.db #0xd8	; 216
    0000005D A8                     150 	.db #0xa8	; 168
    0000005E D8                     151 	.db #0xd8	; 216
    0000005F A8                     152 	.db #0xa8	; 168
    00000060 1F                     153 	.db #0x1f	; 31
    00000061 16                     154 	.db #0x16	; 22
    00000062 0F                     155 	.db #0x0f	; 15
    00000063 0F                     156 	.db #0x0f	; 15
    00000064 0F                     157 	.db #0x0f	; 15
    00000065 0A                     158 	.db #0x0a	; 10
    00000066 0A                     159 	.db #0x0a	; 10
    00000067 0F                     160 	.db #0x0f	; 15
    00000068 0B                     161 	.db #0x0b	; 11
    00000069 0F                     162 	.db #0x0f	; 15
    0000006A 0B                     163 	.db #0x0b	; 11
    0000006B 0E                     164 	.db #0x0e	; 14
    0000006C 07                     165 	.db #0x07	; 7
    0000006D 07                     166 	.db #0x07	; 7
    0000006E 04                     167 	.db #0x04	; 4
    0000006F 07                     168 	.db #0x07	; 7
    00000070 F0                     169 	.db #0xf0	; 240
    00000071 10                     170 	.db #0x10	; 16
    00000072 E8                     171 	.db #0xe8	; 232
    00000073 F8                     172 	.db #0xf8	; 248
    00000074 74                     173 	.db #0x74	; 116	't'
    00000075 DC                     174 	.db #0xdc	; 220
    00000076 D4                     175 	.db #0xd4	; 212
    00000077 FC                     176 	.db #0xfc	; 252
    00000078 BE                     177 	.db #0xbe	; 190
    00000079 FE                     178 	.db #0xfe	; 254
    0000007A 7F                     179 	.db #0x7f	; 127
    0000007B C1                     180 	.db #0xc1	; 193
    0000007C BE                     181 	.db #0xbe	; 190
    0000007D FE                     182 	.db #0xfe	; 254
    0000007E 50                     183 	.db #0x50	; 80	'P'
    0000007F F0                     184 	.db #0xf0	; 240
    00000080                        185 _MC_up:
    00000080 0F                     186 	.db #0x0f	; 15
    00000081 0F                     187 	.db #0x0f	; 15
    00000082 11                     188 	.db #0x11	; 17
    00000083 1E                     189 	.db #0x1e	; 30
    00000084 20                     190 	.db #0x20	; 32
    00000085 3F                     191 	.db #0x3f	; 63
    00000086 48                     192 	.db #0x48	; 72	'H'
    00000087 77                     193 	.db #0x77	; 119	'w'
    00000088 42                     194 	.db #0x42	; 66	'B'
    00000089 7D                     195 	.db #0x7d	; 125
    0000008A 20                     196 	.db #0x20	; 32
    0000008B 3F                     197 	.db #0x3f	; 63
    0000008C 20                     198 	.db #0x20	; 32
    0000008D 3F                     199 	.db #0x3f	; 63
    0000008E 10                     200 	.db #0x10	; 16
    0000008F 1F                     201 	.db #0x1f	; 31
    00000090 F0                     202 	.db #0xf0	; 240
    00000091 F0                     203 	.db #0xf0	; 240
    00000092 08                     204 	.db #0x08	; 8
    00000093 F8                     205 	.db #0xf8	; 248
    00000094 04                     206 	.db #0x04	; 4
    00000095 FC                     207 	.db #0xfc	; 252
    00000096 14                     208 	.db #0x14	; 20
    00000097 EC                     209 	.db #0xec	; 236
    00000098 C2                     210 	.db #0xc2	; 194
    00000099 3E                     211 	.db #0x3e	; 62
    0000009A 04                     212 	.db #0x04	; 4
    0000009B FC                     213 	.db #0xfc	; 252
    0000009C 08                     214 	.db #0x08	; 8
    0000009D F8                     215 	.db #0xf8	; 248
    0000009E 08                     216 	.db #0x08	; 8
    0000009F F8                     217 	.db #0xf8	; 248
    000000A0 08                     218 	.db #0x08	; 8
    000000A1 0F                     219 	.db #0x0f	; 15
    000000A2 17                     220 	.db #0x17	; 23
    000000A3 1F                     221 	.db #0x1f	; 31
    000000A4 7E                     222 	.db #0x7e	; 126
    000000A5 7D                     223 	.db #0x7d	; 125
    000000A6 5C                     224 	.db #0x5c	; 92
    000000A7 77                     225 	.db #0x77	; 119	'w'
    000000A8 77                     226 	.db #0x77	; 119	'w'
    000000A9 5F                     227 	.db #0x5f	; 95
    000000AA 74                     228 	.db #0x74	; 116	't'
    000000AB 7F                     229 	.db #0x7f	; 127
    000000AC 39                     230 	.db #0x39	; 57	'9'
    000000AD 3F                     231 	.db #0x3f	; 63
    000000AE 0F                     232 	.db #0x0f	; 15
    000000AF 0F                     233 	.db #0x0f	; 15
    000000B0 10                     234 	.db #0x10	; 16
    000000B1 F0                     235 	.db #0xf0	; 240
    000000B2 EC                     236 	.db #0xec	; 236
    000000B3 FC                     237 	.db #0xfc	; 252
    000000B4 36                     238 	.db #0x36	; 54	'6'
    000000B5 DA                     239 	.db #0xda	; 218
    000000B6 32                     240 	.db #0x32	; 50	'2'
    000000B7 FE                     241 	.db #0xfe	; 254
    000000B8 FE                     242 	.db #0xfe	; 254
    000000B9 FE                     243 	.db #0xfe	; 254
    000000BA 1E                     244 	.db #0x1e	; 30
    000000BB F2                     245 	.db #0xf2	; 242
    000000BC 9E                     246 	.db #0x9e	; 158
    000000BD FE                     247 	.db #0xfe	; 254
    000000BE F0                     248 	.db #0xf0	; 240
    000000BF F0                     249 	.db #0xf0	; 240
    000000C0                        250 _MC_left:
    000000C0 0F                     251 	.db #0x0f	; 15
    000000C1 0F                     252 	.db #0x0f	; 15
    000000C2 14                     253 	.db #0x14	; 20
    000000C3 1B                     254 	.db #0x1b	; 27
    000000C4 20                     255 	.db #0x20	; 32
    000000C5 3F                     256 	.db #0x3f	; 63
    000000C6 21                     257 	.db #0x21	; 33
    000000C7 3F                     258 	.db #0x3f	; 63
    000000C8 28                     259 	.db #0x28	; 40
    000000C9 3F                     260 	.db #0x3f	; 63
    000000CA 1C                     261 	.db #0x1c	; 28
    000000CB 17                     262 	.db #0x17	; 23
    000000CC 1B                     263 	.db #0x1b	; 27
    000000CD 17                     264 	.db #0x17	; 23
    000000CE 1B                     265 	.db #0x1b	; 27
    000000CF 15                     266 	.db #0x15	; 21
    000000D0 F0                     267 	.db #0xf0	; 240
    000000D1 F0                     268 	.db #0xf0	; 240
    000000D2 48                     269 	.db #0x48	; 72	'H'
    000000D3 B8                     270 	.db #0xb8	; 184
    000000D4 04                     271 	.db #0x04	; 4
    000000D5 FC                     272 	.db #0xfc	; 252
    000000D6 04                     273 	.db #0x04	; 4
    000000D7 FC                     274 	.db #0xfc	; 252
    000000D8 8A                     275 	.db #0x8a	; 138
    000000D9 F6                     276 	.db #0xf6	; 246
    000000DA 8A                     277 	.db #0x8a	; 138
    000000DB F6                     278 	.db #0xf6	; 246
    000000DC C2                     279 	.db #0xc2	; 194
    000000DD 7E                     280 	.db #0x7e	; 126
    000000DE E4                     281 	.db #0xe4	; 228
    000000DF 3C                     282 	.db #0x3c	; 60
    000000E0 0F                     283 	.db #0x0f	; 15
    000000E1 08                     284 	.db #0x08	; 8
    000000E2 17                     285 	.db #0x17	; 23
    000000E3 17                     286 	.db #0x17	; 23
    000000E4 2A                     287 	.db #0x2a	; 42
    000000E5 3F                     288 	.db #0x3f	; 63
    000000E6 36                     289 	.db #0x36	; 54	'6'
    000000E7 2F                     290 	.db #0x2f	; 47
    000000E8 7F                     291 	.db #0x7f	; 127
    000000E9 65                     292 	.db #0x65	; 101	'e'
    000000EA BE                     293 	.db #0xbe	; 190
    000000EB E5                     294 	.db #0xe5	; 229
    000000EC 67                     295 	.db #0x67	; 103	'g'
    000000ED 7F                     296 	.db #0x7f	; 127
    000000EE 1A                     297 	.db #0x1a	; 26
    000000EF 1F                     298 	.db #0x1f	; 31
    000000F0 F8                     299 	.db #0xf8	; 248
    000000F1 68                     300 	.db #0x68	; 104	'h'
    000000F2 F0                     301 	.db #0xf0	; 240
    000000F3 F0                     302 	.db #0xf0	; 240
    000000F4 F0                     303 	.db #0xf0	; 240
    000000F5 50                     304 	.db #0x50	; 80	'P'
    000000F6 50                     305 	.db #0x50	; 80	'P'
    000000F7 F0                     306 	.db #0xf0	; 240
    000000F8 90                     307 	.db #0x90	; 144
    000000F9 F0                     308 	.db #0xf0	; 240
    000000FA F0                     309 	.db #0xf0	; 240
    000000FB F0                     310 	.db #0xf0	; 240
    000000FC A0                     311 	.db #0xa0	; 160
    000000FD E0                     312 	.db #0xe0	; 224
    000000FE 20                     313 	.db #0x20	; 32
    000000FF E0                     314 	.db #0xe0	; 224
    00000100                        315 _MC_attack_down:
    00000100 00                     316 	.db #0x00	; 0
    00000101 00                     317 	.db #0x00	; 0
    00000102 0F                     318 	.db #0x0f	; 15
    00000103 0F                     319 	.db #0x0f	; 15
    00000104 12                     320 	.db #0x12	; 18
    00000105 1D                     321 	.db #0x1d	; 29
    00000106 20                     322 	.db #0x20	; 32
    00000107 3F                     323 	.db #0x3f	; 63
    00000108 20                     324 	.db #0x20	; 32
    00000109 3F                     325 	.db #0x3f	; 63
    0000010A 6B                     326 	.db #0x6b	; 107	'k'
    0000010B 5E                     327 	.db #0x5e	; 94
    0000010C 3F                     328 	.db #0x3f	; 63
    0000010D 35                     329 	.db #0x35	; 53	'5'
    0000010E 1D                     330 	.db #0x1d	; 29
    0000010F 12                     331 	.db #0x12	; 18
    00000110 00                     332 	.db #0x00	; 0
    00000111 00                     333 	.db #0x00	; 0
    00000112 F0                     334 	.db #0xf0	; 240
    00000113 F0                     335 	.db #0xf0	; 240
    00000114 A8                     336 	.db #0xa8	; 168
    00000115 58                     337 	.db #0x58	; 88	'X'
    00000116 04                     338 	.db #0x04	; 4
    00000117 FC                     339 	.db #0xfc	; 252
    00000118 06                     340 	.db #0x06	; 6
    00000119 FA                     341 	.db #0xfa	; 250
    0000011A E2                     342 	.db #0xe2	; 226
    0000011B DE                     343 	.db #0xde	; 222
    0000011C F4                     344 	.db #0xf4	; 244
    0000011D 2C                     345 	.db #0x2c	; 44
    0000011E BC                     346 	.db #0xbc	; 188
    0000011F 54                     347 	.db #0x54	; 84	'T'
    00000120 1D                     348 	.db #0x1d	; 29
    00000121 12                     349 	.db #0x12	; 18
    00000122 3F                     350 	.db #0x3f	; 63
    00000123 39                     351 	.db #0x39	; 57	'9'
    00000124 3F                     352 	.db #0x3f	; 63
    00000125 2F                     353 	.db #0x2f	; 47
    00000126 24                     354 	.db #0x24	; 36
    00000127 3F                     355 	.db #0x3f	; 63
    00000128 3E                     356 	.db #0x3e	; 62
    00000129 3F                     357 	.db #0x3f	; 63
    0000012A 3F                     358 	.db #0x3f	; 63
    0000012B 33                     359 	.db #0x33	; 51	'3'
    0000012C 1A                     360 	.db #0x1a	; 26
    0000012D 17                     361 	.db #0x17	; 23
    0000012E 0B                     362 	.db #0x0b	; 11
    0000012F 0F                     363 	.db #0x0f	; 15
    00000130 B8                     364 	.db #0xb8	; 184
    00000131 48                     365 	.db #0x48	; 72	'H'
    00000132 FF                     366 	.db #0xff	; 255
    00000133 9F                     367 	.db #0x9f	; 159
    00000134 FD                     368 	.db #0xfd	; 253
    00000135 EB                     369 	.db #0xeb	; 235
    00000136 2D                     370 	.db #0x2d	; 45
    00000137 FB                     371 	.db #0xfb	; 251
    00000138 3D                     372 	.db #0x3d	; 61
    00000139 FB                     373 	.db #0xfb	; 251
    0000013A EE                     374 	.db #0xee	; 238
    0000013B FE                     375 	.db #0xfe	; 254
    0000013C C8                     376 	.db #0xc8	; 200
    0000013D F8                     377 	.db #0xf8	; 248
    0000013E 30                     378 	.db #0x30	; 48	'0'
    0000013F 30                     379 	.db #0x30	; 48	'0'
    00000140 00                     380 	.db #0x00	; 0
    00000141 00                     381 	.db #0x00	; 0
    00000142 0F                     382 	.db #0x0f	; 15
    00000143 0F                     383 	.db #0x0f	; 15
    00000144 12                     384 	.db #0x12	; 18
    00000145 1D                     385 	.db #0x1d	; 29
    00000146 20                     386 	.db #0x20	; 32
    00000147 3F                     387 	.db #0x3f	; 63
    00000148 20                     388 	.db #0x20	; 32
    00000149 3F                     389 	.db #0x3f	; 63
    0000014A 6B                     390 	.db #0x6b	; 107	'k'
    0000014B 5E                     391 	.db #0x5e	; 94
    0000014C 3F                     392 	.db #0x3f	; 63
    0000014D 35                     393 	.db #0x35	; 53	'5'
    0000014E 19                     394 	.db #0x19	; 25
    0000014F 16                     395 	.db #0x16	; 22
    00000150 00                     396 	.db #0x00	; 0
    00000151 00                     397 	.db #0x00	; 0
    00000152 F0                     398 	.db #0xf0	; 240
    00000153 F0                     399 	.db #0xf0	; 240
    00000154 A8                     400 	.db #0xa8	; 168
    00000155 58                     401 	.db #0x58	; 88	'X'
    00000156 04                     402 	.db #0x04	; 4
    00000157 FC                     403 	.db #0xfc	; 252
    00000158 06                     404 	.db #0x06	; 6
    00000159 FA                     405 	.db #0xfa	; 250
    0000015A E2                     406 	.db #0xe2	; 226
    0000015B DE                     407 	.db #0xde	; 222
    0000015C F4                     408 	.db #0xf4	; 244
    0000015D 2C                     409 	.db #0x2c	; 44
    0000015E 9C                     410 	.db #0x9c	; 156
    0000015F 74                     411 	.db #0x74	; 116	't'
    00000160 1D                     412 	.db #0x1d	; 29
    00000161 12                     413 	.db #0x12	; 18
    00000162 3F                     414 	.db #0x3f	; 63
    00000163 39                     415 	.db #0x39	; 57	'9'
    00000164 3F                     416 	.db #0x3f	; 63
    00000165 2F                     417 	.db #0x2f	; 47
    00000166 24                     418 	.db #0x24	; 36
    00000167 3F                     419 	.db #0x3f	; 63
    00000168 12                     420 	.db #0x12	; 18
    00000169 1F                     421 	.db #0x1f	; 31
    0000016A 1F                     422 	.db #0x1f	; 31
    0000016B 1F                     423 	.db #0x1f	; 31
    0000016C 2F                     424 	.db #0x2f	; 47
    0000016D 39                     425 	.db #0x39	; 57	'9'
    0000016E 1D                     426 	.db #0x1d	; 29
    0000016F 1B                     427 	.db #0x1b	; 27
    00000170 B8                     428 	.db #0xb8	; 184
    00000171 48                     429 	.db #0x48	; 72	'H'
    00000172 FF                     430 	.db #0xff	; 255
    00000173 9F                     431 	.db #0x9f	; 159
    00000174 FD                     432 	.db #0xfd	; 253
    00000175 EB                     433 	.db #0xeb	; 235
    00000176 2D                     434 	.db #0x2d	; 45
    00000177 FB                     435 	.db #0xfb	; 251
    00000178 3D                     436 	.db #0x3d	; 61
    00000179 FB                     437 	.db #0xfb	; 251
    0000017A EE                     438 	.db #0xee	; 238
    0000017B FE                     439 	.db #0xfe	; 254
    0000017C E4                     440 	.db #0xe4	; 228
    0000017D FC                     441 	.db #0xfc	; 252
    0000017E 1C                     442 	.db #0x1c	; 28
    0000017F 1C                     443 	.db #0x1c	; 28
    00000180                        444 _MC_attack_right:
    00000180 07                     445 	.db #0x07	; 7
    00000181 07                     446 	.db #0x07	; 7
    00000182 09                     447 	.db #0x09	; 9
    00000183 0E                     448 	.db #0x0e	; 14
    00000184 10                     449 	.db #0x10	; 16
    00000185 1F                     450 	.db #0x1f	; 31
    00000186 10                     451 	.db #0x10	; 16
    00000187 1F                     452 	.db #0x1f	; 31
    00000188 28                     453 	.db #0x28	; 40
    00000189 37                     454 	.db #0x37	; 55	'7'
    0000018A 28                     455 	.db #0x28	; 40
    0000018B 37                     456 	.db #0x37	; 55	'7'
    0000018C 21                     457 	.db #0x21	; 33
    0000018D 3F                     458 	.db #0x3f	; 63
    0000018E 13                     459 	.db #0x13	; 19
    0000018F 1E                     460 	.db #0x1e	; 30
    00000190 F8                     461 	.db #0xf8	; 248
    00000191 F8                     462 	.db #0xf8	; 248
    00000192 14                     463 	.db #0x14	; 20
    00000193 EC                     464 	.db #0xec	; 236
    00000194 02                     465 	.db #0x02	; 2
    00000195 FE                     466 	.db #0xfe	; 254
    00000196 02                     467 	.db #0x02	; 2
    00000197 FE                     468 	.db #0xfe	; 254
    00000198 1A                     469 	.db #0x1a	; 26
    00000199 FE                     470 	.db #0xfe	; 254
    0000019A BC                     471 	.db #0xbc	; 188
    0000019B E4                     472 	.db #0xe4	; 228
    0000019C EC                     473 	.db #0xec	; 236
    0000019D 54                     474 	.db #0x54	; 84	'T'
    0000019E EC                     475 	.db #0xec	; 236
    0000019F 54                     476 	.db #0x54	; 84	'T'
    000001A0 0F                     477 	.db #0x0f	; 15
    000001A1 0B                     478 	.db #0x0b	; 11
    000001A2 07                     479 	.db #0x07	; 7
    000001A3 07                     480 	.db #0x07	; 7
    000001A4 07                     481 	.db #0x07	; 7
    000001A5 05                     482 	.db #0x05	; 5
    000001A6 0A                     483 	.db #0x0a	; 10
    000001A7 0F                     484 	.db #0x0f	; 15
    000001A8 0A                     485 	.db #0x0a	; 10
    000001A9 0F                     486 	.db #0x0f	; 15
    000001AA 0B                     487 	.db #0x0b	; 11
    000001AB 0F                     488 	.db #0x0f	; 15
    000001AC 0E                     489 	.db #0x0e	; 14
    000001AD 0F                     490 	.db #0x0f	; 15
    000001AE 08                     491 	.db #0x08	; 8
    000001AF 0F                     492 	.db #0x0f	; 15
    000001B0 F8                     493 	.db #0xf8	; 248
    000001B1 08                     494 	.db #0x08	; 8
    000001B2 E8                     495 	.db #0xe8	; 232
    000001B3 F8                     496 	.db #0xf8	; 248
    000001B4 79                     497 	.db #0x79	; 121	'y'
    000001B5 D9                     498 	.db #0xd9	; 217
    000001B6 BE                     499 	.db #0xbe	; 190
    000001B7 FF                     500 	.db #0xff	; 255
    000001B8 59                     501 	.db #0x59	; 89	'Y'
    000001B9 F7                     502 	.db #0xf7	; 247
    000001BA FE                     503 	.db #0xfe	; 254
    000001BB E7                     504 	.db #0xe7	; 231
    000001BC DD                     505 	.db #0xdd	; 221
    000001BD FD                     506 	.db #0xfd	; 253
    000001BE A4                     507 	.db #0xa4	; 164
    000001BF BC                     508 	.db #0xbc	; 188
    000001C0 07                     509 	.db #0x07	; 7
    000001C1 07                     510 	.db #0x07	; 7
    000001C2 09                     511 	.db #0x09	; 9
    000001C3 0E                     512 	.db #0x0e	; 14
    000001C4 10                     513 	.db #0x10	; 16
    000001C5 1F                     514 	.db #0x1f	; 31
    000001C6 10                     515 	.db #0x10	; 16
    000001C7 1F                     516 	.db #0x1f	; 31
    000001C8 28                     517 	.db #0x28	; 40
    000001C9 37                     518 	.db #0x37	; 55	'7'
    000001CA 28                     519 	.db #0x28	; 40
    000001CB 37                     520 	.db #0x37	; 55	'7'
    000001CC 21                     521 	.db #0x21	; 33
    000001CD 3F                     522 	.db #0x3f	; 63
    000001CE 13                     523 	.db #0x13	; 19
    000001CF 1E                     524 	.db #0x1e	; 30
    000001D0 F8                     525 	.db #0xf8	; 248
    000001D1 F8                     526 	.db #0xf8	; 248
    000001D2 14                     527 	.db #0x14	; 20
    000001D3 EC                     528 	.db #0xec	; 236
    000001D4 02                     529 	.db #0x02	; 2
    000001D5 FE                     530 	.db #0xfe	; 254
    000001D6 02                     531 	.db #0x02	; 2
    000001D7 FE                     532 	.db #0xfe	; 254
    000001D8 1A                     533 	.db #0x1a	; 26
    000001D9 FE                     534 	.db #0xfe	; 254
    000001DA BC                     535 	.db #0xbc	; 188
    000001DB E4                     536 	.db #0xe4	; 228
    000001DC EC                     537 	.db #0xec	; 236
    000001DD 54                     538 	.db #0x54	; 84	'T'
    000001DE EC                     539 	.db #0xec	; 236
    000001DF 54                     540 	.db #0x54	; 84	'T'
    000001E0 0F                     541 	.db #0x0f	; 15
    000001E1 0B                     542 	.db #0x0b	; 11
    000001E2 07                     543 	.db #0x07	; 7
    000001E3 07                     544 	.db #0x07	; 7
    000001E4 07                     545 	.db #0x07	; 7
    000001E5 05                     546 	.db #0x05	; 5
    000001E6 0A                     547 	.db #0x0a	; 10
    000001E7 0F                     548 	.db #0x0f	; 15
    000001E8 0A                     549 	.db #0x0a	; 10
    000001E9 0F                     550 	.db #0x0f	; 15
    000001EA 0B                     551 	.db #0x0b	; 11
    000001EB 0F                     552 	.db #0x0f	; 15
    000001EC 0E                     553 	.db #0x0e	; 14
    000001ED 0F                     554 	.db #0x0f	; 15
    000001EE 11                     555 	.db #0x11	; 17
    000001EF 1F                     556 	.db #0x1f	; 31
    000001F0 F8                     557 	.db #0xf8	; 248
    000001F1 08                     558 	.db #0x08	; 8
    000001F2 E8                     559 	.db #0xe8	; 232
    000001F3 F8                     560 	.db #0xf8	; 248
    000001F4 78                     561 	.db #0x78	; 120	'x'
    000001F5 D8                     562 	.db #0xd8	; 216
    000001F6 9E                     563 	.db #0x9e	; 158
    000001F7 FE                     564 	.db #0xfe	; 254
    000001F8 47                     565 	.db #0x47	; 71	'G'
    000001F9 FD                     566 	.db #0xfd	; 253
    000001FA F6                     567 	.db #0xf6	; 246
    000001FB F9                     568 	.db #0xf9	; 249
    000001FC CF                     569 	.db #0xcf	; 207
    000001FD FF                     570 	.db #0xff	; 255
    000001FE 24                     571 	.db #0x24	; 36
    000001FF 3C                     572 	.db #0x3c	; 60
    00000200                        573 _MC_attack_up:
    00000200 0F                     574 	.db #0x0f	; 15
    00000201 0F                     575 	.db #0x0f	; 15
    00000202 11                     576 	.db #0x11	; 17
    00000203 1E                     577 	.db #0x1e	; 30
    00000204 20                     578 	.db #0x20	; 32
    00000205 3F                     579 	.db #0x3f	; 63
    00000206 48                     580 	.db #0x48	; 72	'H'
    00000207 77                     581 	.db #0x77	; 119	'w'
    00000208 42                     582 	.db #0x42	; 66	'B'
    00000209 7D                     583 	.db #0x7d	; 125
    0000020A 20                     584 	.db #0x20	; 32
    0000020B 3F                     585 	.db #0x3f	; 63
    0000020C 20                     586 	.db #0x20	; 32
    0000020D 3F                     587 	.db #0x3f	; 63
    0000020E 10                     588 	.db #0x10	; 16
    0000020F 1F                     589 	.db #0x1f	; 31
    00000210 F4                     590 	.db #0xf4	; 244
    00000211 FC                     591 	.db #0xfc	; 252
    00000212 08                     592 	.db #0x08	; 8
    00000213 F8                     593 	.db #0xf8	; 248
    00000214 04                     594 	.db #0x04	; 4
    00000215 FC                     595 	.db #0xfc	; 252
    00000216 14                     596 	.db #0x14	; 20
    00000217 EC                     597 	.db #0xec	; 236
    00000218 C2                     598 	.db #0xc2	; 194
    00000219 3E                     599 	.db #0x3e	; 62
    0000021A 04                     600 	.db #0x04	; 4
    0000021B FC                     601 	.db #0xfc	; 252
    0000021C 0C                     602 	.db #0x0c	; 12
    0000021D FC                     603 	.db #0xfc	; 252
    0000021E 0C                     604 	.db #0x0c	; 12
    0000021F FC                     605 	.db #0xfc	; 252
    00000220 08                     606 	.db #0x08	; 8
    00000221 0F                     607 	.db #0x0f	; 15
    00000222 17                     608 	.db #0x17	; 23
    00000223 1F                     609 	.db #0x1f	; 31
    00000224 3E                     610 	.db #0x3e	; 62
    00000225 3D                     611 	.db #0x3d	; 61
    00000226 3C                     612 	.db #0x3c	; 60
    00000227 37                     613 	.db #0x37	; 55	'7'
    00000228 33                     614 	.db #0x33	; 51	'3'
    00000229 3F                     615 	.db #0x3f	; 63
    0000022A 3C                     616 	.db #0x3c	; 60
    0000022B 37                     617 	.db #0x37	; 55	'7'
    0000022C 19                     618 	.db #0x19	; 25
    0000022D 1F                     619 	.db #0x1f	; 31
    0000022E 0F                     620 	.db #0x0f	; 15
    0000022F 0F                     621 	.db #0x0f	; 15
    00000230 14                     622 	.db #0x14	; 20
    00000231 FC                     623 	.db #0xfc	; 252
    00000232 F4                     624 	.db #0xf4	; 244
    00000233 EC                     625 	.db #0xec	; 236
    00000234 28                     626 	.db #0x28	; 40
    00000235 D8                     627 	.db #0xd8	; 216
    00000236 30                     628 	.db #0x30	; 48	'0'
    00000237 F0                     629 	.db #0xf0	; 240
    00000238 F0                     630 	.db #0xf0	; 240
    00000239 F0                     631 	.db #0xf0	; 240
    0000023A 10                     632 	.db #0x10	; 16
    0000023B F0                     633 	.db #0xf0	; 240
    0000023C C8                     634 	.db #0xc8	; 200
    0000023D F8                     635 	.db #0xf8	; 248
    0000023E 78                     636 	.db #0x78	; 120	'x'
    0000023F 78                     637 	.db #0x78	; 120	'x'
    00000240 0F                     638 	.db #0x0f	; 15
    00000241 0F                     639 	.db #0x0f	; 15
    00000242 11                     640 	.db #0x11	; 17
    00000243 1E                     641 	.db #0x1e	; 30
    00000244 20                     642 	.db #0x20	; 32
    00000245 3F                     643 	.db #0x3f	; 63
    00000246 48                     644 	.db #0x48	; 72	'H'
    00000247 77                     645 	.db #0x77	; 119	'w'
    00000248 42                     646 	.db #0x42	; 66	'B'
    00000249 7D                     647 	.db #0x7d	; 125
    0000024A 20                     648 	.db #0x20	; 32
    0000024B 3F                     649 	.db #0x3f	; 63
    0000024C 20                     650 	.db #0x20	; 32
    0000024D 3F                     651 	.db #0x3f	; 63
    0000024E 10                     652 	.db #0x10	; 16
    0000024F 1F                     653 	.db #0x1f	; 31
    00000250 F0                     654 	.db #0xf0	; 240
    00000251 F0                     655 	.db #0xf0	; 240
    00000252 08                     656 	.db #0x08	; 8
    00000253 F8                     657 	.db #0xf8	; 248
    00000254 04                     658 	.db #0x04	; 4
    00000255 FC                     659 	.db #0xfc	; 252
    00000256 14                     660 	.db #0x14	; 20
    00000257 EC                     661 	.db #0xec	; 236
    00000258 C2                     662 	.db #0xc2	; 194
    00000259 3E                     663 	.db #0x3e	; 62
    0000025A 04                     664 	.db #0x04	; 4
    0000025B FC                     665 	.db #0xfc	; 252
    0000025C 08                     666 	.db #0x08	; 8
    0000025D F8                     667 	.db #0xf8	; 248
    0000025E 08                     668 	.db #0x08	; 8
    0000025F F8                     669 	.db #0xf8	; 248
    00000260 08                     670 	.db #0x08	; 8
    00000261 0F                     671 	.db #0x0f	; 15
    00000262 17                     672 	.db #0x17	; 23
    00000263 1F                     673 	.db #0x1f	; 31
    00000264 3E                     674 	.db #0x3e	; 62
    00000265 3D                     675 	.db #0x3d	; 61
    00000266 3C                     676 	.db #0x3c	; 60
    00000267 37                     677 	.db #0x37	; 55	'7'
    00000268 33                     678 	.db #0x33	; 51	'3'
    00000269 3F                     679 	.db #0x3f	; 63
    0000026A 3C                     680 	.db #0x3c	; 60
    0000026B 37                     681 	.db #0x37	; 55	'7'
    0000026C 1B                     682 	.db #0x1b	; 27
    0000026D 1F                     683 	.db #0x1f	; 31
    0000026E 12                     684 	.db #0x12	; 18
    0000026F 1E                     685 	.db #0x1e	; 30
    00000270 18                     686 	.db #0x18	; 24
    00000271 F8                     687 	.db #0xf8	; 248
    00000272 F8                     688 	.db #0xf8	; 248
    00000273 E8                     689 	.db #0xe8	; 232
    00000274 28                     690 	.db #0x28	; 40
    00000275 D8                     691 	.db #0xd8	; 216
    00000276 30                     692 	.db #0x30	; 48	'0'
    00000277 F0                     693 	.db #0xf0	; 240
    00000278 F0                     694 	.db #0xf0	; 240
    00000279 F0                     695 	.db #0xf0	; 240
    0000027A 10                     696 	.db #0x10	; 16
    0000027B F0                     697 	.db #0xf0	; 240
    0000027C C8                     698 	.db #0xc8	; 200
    0000027D F8                     699 	.db #0xf8	; 248
    0000027E 38                     700 	.db #0x38	; 56	'8'
    0000027F 38                     701 	.db #0x38	; 56	'8'
    00000280                        702 _MC_attack_left:
    00000280 1F                     703 	.db #0x1f	; 31
    00000281 1F                     704 	.db #0x1f	; 31
    00000282 28                     705 	.db #0x28	; 40
    00000283 37                     706 	.db #0x37	; 55	'7'
    00000284 40                     707 	.db #0x40	; 64
    00000285 7F                     708 	.db #0x7f	; 127
    00000286 42                     709 	.db #0x42	; 66	'B'
    00000287 7F                     710 	.db #0x7f	; 127
    00000288 51                     711 	.db #0x51	; 81	'Q'
    00000289 7F                     712 	.db #0x7f	; 127
    0000028A 39                     713 	.db #0x39	; 57	'9'
    0000028B 2F                     714 	.db #0x2f	; 47
    0000028C 37                     715 	.db #0x37	; 55	'7'
    0000028D 2E                     716 	.db #0x2e	; 46
    0000028E 37                     717 	.db #0x37	; 55	'7'
    0000028F 2A                     718 	.db #0x2a	; 42
    00000290 E0                     719 	.db #0xe0	; 224
    00000291 E0                     720 	.db #0xe0	; 224
    00000292 90                     721 	.db #0x90	; 144
    00000293 70                     722 	.db #0x70	; 112	'p'
    00000294 08                     723 	.db #0x08	; 8
    00000295 F8                     724 	.db #0xf8	; 248
    00000296 08                     725 	.db #0x08	; 8
    00000297 F8                     726 	.db #0xf8	; 248
    00000298 14                     727 	.db #0x14	; 20
    00000299 EC                     728 	.db #0xec	; 236
    0000029A 14                     729 	.db #0x14	; 20
    0000029B EC                     730 	.db #0xec	; 236
    0000029C 84                     731 	.db #0x84	; 132
    0000029D FC                     732 	.db #0xfc	; 252
    0000029E C8                     733 	.db #0xc8	; 200
    0000029F 78                     734 	.db #0x78	; 120	'x'
    000002A0 1F                     735 	.db #0x1f	; 31
    000002A1 10                     736 	.db #0x10	; 16
    000002A2 0F                     737 	.db #0x0f	; 15
    000002A3 0F                     738 	.db #0x0f	; 15
    000002A4 56                     739 	.db #0x56	; 86	'V'
    000002A5 5F                     740 	.db #0x5f	; 95
    000002A6 BB                     741 	.db #0xbb	; 187
    000002A7 F7                     742 	.db #0xf7	; 247
    000002A8 DF                     743 	.db #0xdf	; 223
    000002A9 72                     744 	.db #0x72	; 114	'r'
    000002AA BF                     745 	.db #0xbf	; 191
    000002AB F2                     746 	.db #0xf2	; 242
    000002AC 53                     747 	.db #0x53	; 83	'S'
    000002AD 5F                     748 	.db #0x5f	; 95
    000002AE 2F                     749 	.db #0x2f	; 47
    000002AF 3F                     750 	.db #0x3f	; 63
    000002B0 F0                     751 	.db #0xf0	; 240
    000002B1 D0                     752 	.db #0xd0	; 208
    000002B2 E0                     753 	.db #0xe0	; 224
    000002B3 E0                     754 	.db #0xe0	; 224
    000002B4 F0                     755 	.db #0xf0	; 240
    000002B5 50                     756 	.db #0x50	; 80	'P'
    000002B6 50                     757 	.db #0x50	; 80	'P'
    000002B7 F0                     758 	.db #0xf0	; 240
    000002B8 90                     759 	.db #0x90	; 144
    000002B9 F0                     760 	.db #0xf0	; 240
    000002BA F0                     761 	.db #0xf0	; 240
    000002BB F0                     762 	.db #0xf0	; 240
    000002BC A0                     763 	.db #0xa0	; 160
    000002BD E0                     764 	.db #0xe0	; 224
    000002BE 10                     765 	.db #0x10	; 16
    000002BF F0                     766 	.db #0xf0	; 240
    000002C0 1F                     767 	.db #0x1f	; 31
    000002C1 1F                     768 	.db #0x1f	; 31
    000002C2 28                     769 	.db #0x28	; 40
    000002C3 37                     770 	.db #0x37	; 55	'7'
    000002C4 40                     771 	.db #0x40	; 64
    000002C5 7F                     772 	.db #0x7f	; 127
    000002C6 42                     773 	.db #0x42	; 66	'B'
    000002C7 7F                     774 	.db #0x7f	; 127
    000002C8 51                     775 	.db #0x51	; 81	'Q'
    000002C9 7F                     776 	.db #0x7f	; 127
    000002CA 39                     777 	.db #0x39	; 57	'9'
    000002CB 2F                     778 	.db #0x2f	; 47
    000002CC 37                     779 	.db #0x37	; 55	'7'
    000002CD 2E                     780 	.db #0x2e	; 46
    000002CE 37                     781 	.db #0x37	; 55	'7'
    000002CF 2A                     782 	.db #0x2a	; 42
    000002D0 E0                     783 	.db #0xe0	; 224
    000002D1 E0                     784 	.db #0xe0	; 224
    000002D2 90                     785 	.db #0x90	; 144
    000002D3 70                     786 	.db #0x70	; 112	'p'
    000002D4 08                     787 	.db #0x08	; 8
    000002D5 F8                     788 	.db #0xf8	; 248
    000002D6 08                     789 	.db #0x08	; 8
    000002D7 F8                     790 	.db #0xf8	; 248
    000002D8 14                     791 	.db #0x14	; 20
    000002D9 EC                     792 	.db #0xec	; 236
    000002DA 14                     793 	.db #0x14	; 20
    000002DB EC                     794 	.db #0xec	; 236
    000002DC 84                     795 	.db #0x84	; 132
    000002DD FC                     796 	.db #0xfc	; 252
    000002DE C8                     797 	.db #0xc8	; 200
    000002DF 78                     798 	.db #0x78	; 120	'x'
    000002E0 1F                     799 	.db #0x1f	; 31
    000002E1 10                     800 	.db #0x10	; 16
    000002E2 0F                     801 	.db #0x0f	; 15
    000002E3 0F                     802 	.db #0x0f	; 15
    000002E4 16                     803 	.db #0x16	; 22
    000002E5 1F                     804 	.db #0x1f	; 31
    000002E6 BB                     805 	.db #0xbb	; 187
    000002E7 B7                     806 	.db #0xb7	; 183
    000002E8 7F                     807 	.db #0x7f	; 127
    000002E9 F2                     808 	.db #0xf2	; 242
    000002EA 9E                     809 	.db #0x9e	; 158
    000002EB F3                     810 	.db #0xf3	; 243
    000002EC 73                     811 	.db #0x73	; 115	's'
    000002ED FF                     812 	.db #0xff	; 255
    000002EE AF                     813 	.db #0xaf	; 175
    000002EF BF                     814 	.db #0xbf	; 191
    000002F0 F0                     815 	.db #0xf0	; 240
    000002F1 D0                     816 	.db #0xd0	; 208
    000002F2 E0                     817 	.db #0xe0	; 224
    000002F3 E0                     818 	.db #0xe0	; 224
    000002F4 E0                     819 	.db #0xe0	; 224
    000002F5 A0                     820 	.db #0xa0	; 160
    000002F6 50                     821 	.db #0x50	; 80	'P'
    000002F7 F0                     822 	.db #0xf0	; 240
    000002F8 B0                     823 	.db #0xb0	; 176
    000002F9 F0                     824 	.db #0xf0	; 240
    000002FA F0                     825 	.db #0xf0	; 240
    000002FB F0                     826 	.db #0xf0	; 240
    000002FC 90                     827 	.db #0x90	; 144
    000002FD F0                     828 	.db #0xf0	; 240
    000002FE 48                     829 	.db #0x48	; 72	'H'
    000002FF 78                     830 	.db #0x78	; 120	'x'
    00000300                        831 _MC_walk_down:
    00000300 00                     832 	.db #0x00	; 0
    00000301 00                     833 	.db #0x00	; 0
    00000302 1F                     834 	.db #0x1f	; 31
    00000303 1F                     835 	.db #0x1f	; 31
    00000304 25                     836 	.db #0x25	; 37
    00000305 3A                     837 	.db #0x3a	; 58
    00000306 40                     838 	.db #0x40	; 64
    00000307 7F                     839 	.db #0x7f	; 127
    00000308 40                     840 	.db #0x40	; 64
    00000309 7F                     841 	.db #0x7f	; 127
    0000030A D7                     842 	.db #0xd7	; 215
    0000030B BD                     843 	.db #0xbd	; 189
    0000030C 7F                     844 	.db #0x7f	; 127
    0000030D 6A                     845 	.db #0x6a	; 106	'j'
    0000030E 3B                     846 	.db #0x3b	; 59
    0000030F 24                     847 	.db #0x24	; 36
    00000310 00                     848 	.db #0x00	; 0
    00000311 00                     849 	.db #0x00	; 0
    00000312 E0                     850 	.db #0xe0	; 224
    00000313 E0                     851 	.db #0xe0	; 224
    00000314 50                     852 	.db #0x50	; 80	'P'
    00000315 B0                     853 	.db #0xb0	; 176
    00000316 08                     854 	.db #0x08	; 8
    00000317 F8                     855 	.db #0xf8	; 248
    00000318 0C                     856 	.db #0x0c	; 12
    00000319 F4                     857 	.db #0xf4	; 244
    0000031A C4                     858 	.db #0xc4	; 196
    0000031B BC                     859 	.db #0xbc	; 188
    0000031C E8                     860 	.db #0xe8	; 232
    0000031D 58                     861 	.db #0x58	; 88	'X'
    0000031E 78                     862 	.db #0x78	; 120	'x'
    0000031F A8                     863 	.db #0xa8	; 168
    00000320 3B                     864 	.db #0x3b	; 59
    00000321 24                     865 	.db #0x24	; 36
    00000322 7F                     866 	.db #0x7f	; 127
    00000323 73                     867 	.db #0x73	; 115	's'
    00000324 DF                     868 	.db #0xdf	; 223
    00000325 BF                     869 	.db #0xbf	; 191
    00000326 98                     870 	.db #0x98	; 152
    00000327 F7                     871 	.db #0xf7	; 247
    00000328 4C                     872 	.db #0x4c	; 76	'L'
    00000329 7F                     873 	.db #0x7f	; 127
    0000032A 7B                     874 	.db #0x7b	; 123
    0000032B 7F                     875 	.db #0x7f	; 127
    0000032C 77                     876 	.db #0x77	; 119	'w'
    0000032D 4C                     877 	.db #0x4c	; 76	'L'
    0000032E BB                     878 	.db #0xbb	; 187
    0000032F FF                     879 	.db #0xff	; 255
    00000330 70                     880 	.db #0x70	; 112	'p'
    00000331 90                     881 	.db #0x90	; 144
    00000332 FE                     882 	.db #0xfe	; 254
    00000333 3E                     883 	.db #0x3e	; 62
    00000334 F2                     884 	.db #0xf2	; 242
    00000335 EE                     885 	.db #0xee	; 238
    00000336 66                     886 	.db #0x66	; 102	'f'
    00000337 BA                     887 	.db #0xba	; 186
    00000338 22                     888 	.db #0x22	; 34
    00000339 FE                     889 	.db #0xfe	; 254
    0000033A FC                     890 	.db #0xfc	; 252
    0000033B FC                     891 	.db #0xfc	; 252
    0000033C FC                     892 	.db #0xfc	; 252
    0000033D 04                     893 	.db #0x04	; 4
    0000033E F8                     894 	.db #0xf8	; 248
    0000033F F8                     895 	.db #0xf8	; 248
    00000340 00                     896 	.db #0x00	; 0
    00000341 00                     897 	.db #0x00	; 0
    00000342 07                     898 	.db #0x07	; 7
    00000343 07                     899 	.db #0x07	; 7
    00000344 09                     900 	.db #0x09	; 9
    00000345 0E                     901 	.db #0x0e	; 14
    00000346 10                     902 	.db #0x10	; 16
    00000347 1F                     903 	.db #0x1f	; 31
    00000348 10                     904 	.db #0x10	; 16
    00000349 1F                     905 	.db #0x1f	; 31
    0000034A 35                     906 	.db #0x35	; 53	'5'
    0000034B 2F                     907 	.db #0x2f	; 47
    0000034C 1F                     908 	.db #0x1f	; 31
    0000034D 1A                     909 	.db #0x1a	; 26
    0000034E 0E                     910 	.db #0x0e	; 14
    0000034F 09                     911 	.db #0x09	; 9
    00000350 00                     912 	.db #0x00	; 0
    00000351 00                     913 	.db #0x00	; 0
    00000352 F8                     914 	.db #0xf8	; 248
    00000353 F8                     915 	.db #0xf8	; 248
    00000354 54                     916 	.db #0x54	; 84	'T'
    00000355 AC                     917 	.db #0xac	; 172
    00000356 02                     918 	.db #0x02	; 2
    00000357 FE                     919 	.db #0xfe	; 254
    00000358 03                     920 	.db #0x03	; 3
    00000359 FD                     921 	.db #0xfd	; 253
    0000035A F1                     922 	.db #0xf1	; 241
    0000035B 6F                     923 	.db #0x6f	; 111	'o'
    0000035C FA                     924 	.db #0xfa	; 250
    0000035D 96                     925 	.db #0x96	; 150
    0000035E DE                     926 	.db #0xde	; 222
    0000035F 2A                     927 	.db #0x2a	; 42
    00000360 0E                     928 	.db #0x0e	; 14
    00000361 09                     929 	.db #0x09	; 9
    00000362 1F                     930 	.db #0x1f	; 31
    00000363 1C                     931 	.db #0x1c	; 28
    00000364 3F                     932 	.db #0x3f	; 63
    00000365 2F                     933 	.db #0x2f	; 47
    00000366 7B                     934 	.db #0x7b	; 123
    00000367 7F                     935 	.db #0x7f	; 127
    00000368 74                     936 	.db #0x74	; 116	't'
    00000369 4F                     937 	.db #0x4f	; 79	'O'
    0000036A 7B                     938 	.db #0x7b	; 123
    0000036B 7F                     939 	.db #0x7f	; 127
    0000036C 0F                     940 	.db #0x0f	; 15
    0000036D 0F                     941 	.db #0x0f	; 15
    0000036E 00                     942 	.db #0x00	; 0
    0000036F 00                     943 	.db #0x00	; 0
    00000370 DC                     944 	.db #0xdc	; 220
    00000371 24                     945 	.db #0x24	; 36
    00000372 FE                     946 	.db #0xfe	; 254
    00000373 CE                     947 	.db #0xce	; 206
    00000374 F9                     948 	.db #0xf9	; 249
    00000375 F7                     949 	.db #0xf7	; 247
    00000376 FF                     950 	.db #0xff	; 255
    00000377 FF                     951 	.db #0xff	; 255
    00000378 F3                     952 	.db #0xf3	; 243
    00000379 2F                     953 	.db #0x2f	; 47
    0000037A E6                     954 	.db #0xe6	; 230
    0000037B FA                     955 	.db #0xfa	; 250
    0000037C B2                     956 	.db #0xb2	; 178
    0000037D EE                     957 	.db #0xee	; 238
    0000037E 7C                     958 	.db #0x7c	; 124
    0000037F 7C                     959 	.db #0x7c	; 124
    00000380                        960 _MC_walk_left:
    00000380 00                     961 	.db #0x00	; 0
    00000381 00                     962 	.db #0x00	; 0
    00000382 1F                     963 	.db #0x1f	; 31
    00000383 1F                     964 	.db #0x1f	; 31
    00000384 28                     965 	.db #0x28	; 40
    00000385 37                     966 	.db #0x37	; 55	'7'
    00000386 40                     967 	.db #0x40	; 64
    00000387 7F                     968 	.db #0x7f	; 127
    00000388 42                     969 	.db #0x42	; 66	'B'
    00000389 7F                     970 	.db #0x7f	; 127
    0000038A 51                     971 	.db #0x51	; 81	'Q'
    0000038B 7F                     972 	.db #0x7f	; 127
    0000038C 39                     973 	.db #0x39	; 57	'9'
    0000038D 2F                     974 	.db #0x2f	; 47
    0000038E 37                     975 	.db #0x37	; 55	'7'
    0000038F 2E                     976 	.db #0x2e	; 46
    00000390 00                     977 	.db #0x00	; 0
    00000391 00                     978 	.db #0x00	; 0
    00000392 E0                     979 	.db #0xe0	; 224
    00000393 E0                     980 	.db #0xe0	; 224
    00000394 90                     981 	.db #0x90	; 144
    00000395 70                     982 	.db #0x70	; 112	'p'
    00000396 08                     983 	.db #0x08	; 8
    00000397 F8                     984 	.db #0xf8	; 248
    00000398 08                     985 	.db #0x08	; 8
    00000399 F8                     986 	.db #0xf8	; 248
    0000039A 14                     987 	.db #0x14	; 20
    0000039B EC                     988 	.db #0xec	; 236
    0000039C 14                     989 	.db #0x14	; 20
    0000039D EC                     990 	.db #0xec	; 236
    0000039E 84                     991 	.db #0x84	; 132
    0000039F FC                     992 	.db #0xfc	; 252
    000003A0 37                     993 	.db #0x37	; 55	'7'
    000003A1 2A                     994 	.db #0x2a	; 42
    000003A2 1F                     995 	.db #0x1f	; 31
    000003A3 14                     996 	.db #0x14	; 20
    000003A4 0B                     997 	.db #0x0b	; 11
    000003A5 0F                     998 	.db #0x0f	; 15
    000003A6 0D                     999 	.db #0x0d	; 13
    000003A7 0B                    1000 	.db #0x0b	; 11
    000003A8 7F                    1001 	.db #0x7f	; 127
    000003A9 79                    1002 	.db #0x79	; 121	'y'
    000003AA EF                    1003 	.db #0xef	; 239
    000003AB 99                    1004 	.db #0x99	; 153
    000003AC 79                    1005 	.db #0x79	; 121	'y'
    000003AD 7F                    1006 	.db #0x7f	; 127
    000003AE 26                    1007 	.db #0x26	; 38
    000003AF 3E                    1008 	.db #0x3e	; 62
    000003B0 C8                    1009 	.db #0xc8	; 200
    000003B1 78                    1010 	.db #0x78	; 120	'x'
    000003B2 F0                    1011 	.db #0xf0	; 240
    000003B3 D0                    1012 	.db #0xd0	; 208
    000003B4 F0                    1013 	.db #0xf0	; 240
    000003B5 70                    1014 	.db #0x70	; 112	'p'
    000003B6 E8                    1015 	.db #0xe8	; 232
    000003B7 B8                    1016 	.db #0xb8	; 184
    000003B8 28                    1017 	.db #0x28	; 40
    000003B9 F8                    1018 	.db #0xf8	; 248
    000003BA F0                    1019 	.db #0xf0	; 240
    000003BB 70                    1020 	.db #0x70	; 112	'p'
    000003BC A8                    1021 	.db #0xa8	; 168
    000003BD F8                    1022 	.db #0xf8	; 248
    000003BE 48                    1023 	.db #0x48	; 72	'H'
    000003BF 78                    1024 	.db #0x78	; 120	'x'
    000003C0                       1025 _MC_walk_right:
    000003C0 00                    1026 	.db #0x00	; 0
    000003C1 00                    1027 	.db #0x00	; 0
    000003C2 07                    1028 	.db #0x07	; 7
    000003C3 07                    1029 	.db #0x07	; 7
    000003C4 09                    1030 	.db #0x09	; 9
    000003C5 0E                    1031 	.db #0x0e	; 14
    000003C6 10                    1032 	.db #0x10	; 16
    000003C7 1F                    1033 	.db #0x1f	; 31
    000003C8 10                    1034 	.db #0x10	; 16
    000003C9 1F                    1035 	.db #0x1f	; 31
    000003CA 28                    1036 	.db #0x28	; 40
    000003CB 37                    1037 	.db #0x37	; 55	'7'
    000003CC 28                    1038 	.db #0x28	; 40
    000003CD 37                    1039 	.db #0x37	; 55	'7'
    000003CE 21                    1040 	.db #0x21	; 33
    000003CF 3F                    1041 	.db #0x3f	; 63
    000003D0 00                    1042 	.db #0x00	; 0
    000003D1 00                    1043 	.db #0x00	; 0
    000003D2 F8                    1044 	.db #0xf8	; 248
    000003D3 F8                    1045 	.db #0xf8	; 248
    000003D4 14                    1046 	.db #0x14	; 20
    000003D5 EC                    1047 	.db #0xec	; 236
    000003D6 02                    1048 	.db #0x02	; 2
    000003D7 FE                    1049 	.db #0xfe	; 254
    000003D8 02                    1050 	.db #0x02	; 2
    000003D9 FE                    1051 	.db #0xfe	; 254
    000003DA 1A                    1052 	.db #0x1a	; 26
    000003DB FE                    1053 	.db #0xfe	; 254
    000003DC BC                    1054 	.db #0xbc	; 188
    000003DD E4                    1055 	.db #0xe4	; 228
    000003DE EC                    1056 	.db #0xec	; 236
    000003DF 54                    1057 	.db #0x54	; 84	'T'
    000003E0 13                    1058 	.db #0x13	; 19
    000003E1 1E                    1059 	.db #0x1e	; 30
    000003E2 0F                    1060 	.db #0x0f	; 15
    000003E3 0B                    1061 	.db #0x0b	; 11
    000003E4 0E                    1062 	.db #0x0e	; 14
    000003E5 0F                    1063 	.db #0x0f	; 15
    000003E6 1C                    1064 	.db #0x1c	; 28
    000003E7 17                    1065 	.db #0x17	; 23
    000003E8 13                    1066 	.db #0x13	; 19
    000003E9 1F                    1067 	.db #0x1f	; 31
    000003EA 0E                    1068 	.db #0x0e	; 14
    000003EB 09                    1069 	.db #0x09	; 9
    000003EC 17                    1070 	.db #0x17	; 23
    000003ED 1F                    1071 	.db #0x1f	; 31
    000003EE 12                    1072 	.db #0x12	; 18
    000003EF 1E                    1073 	.db #0x1e	; 30
    000003F0 EC                    1074 	.db #0xec	; 236
    000003F1 54                    1075 	.db #0x54	; 84	'T'
    000003F2 FC                    1076 	.db #0xfc	; 252
    000003F3 0C                    1077 	.db #0x0c	; 12
    000003F4 F6                    1078 	.db #0xf6	; 246
    000003F5 FA                    1079 	.db #0xfa	; 250
    000003F6 96                    1080 	.db #0x96	; 150
    000003F7 FA                    1081 	.db #0xfa	; 250
    000003F8 7E                    1082 	.db #0x7e	; 126
    000003F9 FE                    1083 	.db #0xfe	; 254
    000003FA FE                    1084 	.db #0xfe	; 254
    000003FB 82                    1085 	.db #0x82	; 130
    000003FC 7C                    1086 	.db #0x7c	; 124
    000003FD FC                    1087 	.db #0xfc	; 252
    000003FE A4                    1088 	.db #0xa4	; 164
    000003FF BC                    1089 	.db #0xbc	; 188
    00000400                       1090 _MC_walk_up:
    00000400 00                    1091 	.db #0x00	; 0
    00000401 00                    1092 	.db #0x00	; 0
    00000402 0F                    1093 	.db #0x0f	; 15
    00000403 0F                    1094 	.db #0x0f	; 15
    00000404 11                    1095 	.db #0x11	; 17
    00000405 1E                    1096 	.db #0x1e	; 30
    00000406 20                    1097 	.db #0x20	; 32
    00000407 3F                    1098 	.db #0x3f	; 63
    00000408 48                    1099 	.db #0x48	; 72	'H'
    00000409 77                    1100 	.db #0x77	; 119	'w'
    0000040A 42                    1101 	.db #0x42	; 66	'B'
    0000040B 7D                    1102 	.db #0x7d	; 125
    0000040C 20                    1103 	.db #0x20	; 32
    0000040D 3F                    1104 	.db #0x3f	; 63
    0000040E 20                    1105 	.db #0x20	; 32
    0000040F 3F                    1106 	.db #0x3f	; 63
    00000410 00                    1107 	.db #0x00	; 0
    00000411 00                    1108 	.db #0x00	; 0
    00000412 F0                    1109 	.db #0xf0	; 240
    00000413 F0                    1110 	.db #0xf0	; 240
    00000414 08                    1111 	.db #0x08	; 8
    00000415 F8                    1112 	.db #0xf8	; 248
    00000416 04                    1113 	.db #0x04	; 4
    00000417 FC                    1114 	.db #0xfc	; 252
    00000418 14                    1115 	.db #0x14	; 20
    00000419 EC                    1116 	.db #0xec	; 236
    0000041A C2                    1117 	.db #0xc2	; 194
    0000041B 3E                    1118 	.db #0x3e	; 62
    0000041C 04                    1119 	.db #0x04	; 4
    0000041D FC                    1120 	.db #0xfc	; 252
    0000041E 08                    1121 	.db #0x08	; 8
    0000041F F8                    1122 	.db #0xf8	; 248
    00000420 10                    1123 	.db #0x10	; 16
    00000421 1F                    1124 	.db #0x1f	; 31
    00000422 18                    1125 	.db #0x18	; 24
    00000423 1F                    1126 	.db #0x1f	; 31
    00000424 1F                    1127 	.db #0x1f	; 31
    00000425 1F                    1128 	.db #0x1f	; 31
    00000426 7E                    1129 	.db #0x7e	; 126
    00000427 75                    1130 	.db #0x75	; 117	'u'
    00000428 57                    1131 	.db #0x57	; 87	'W'
    00000429 7F                    1132 	.db #0x7f	; 127
    0000042A 74                    1133 	.db #0x74	; 116	't'
    0000042B 6F                    1134 	.db #0x6f	; 111	'o'
    0000042C 79                    1135 	.db #0x79	; 121	'y'
    0000042D 7F                    1136 	.db #0x7f	; 127
    0000042E 1E                    1137 	.db #0x1e	; 30
    0000042F 1E                    1138 	.db #0x1e	; 30
    00000430 08                    1139 	.db #0x08	; 8
    00000431 F8                    1140 	.db #0xf8	; 248
    00000432 18                    1141 	.db #0x18	; 24
    00000433 F8                    1142 	.db #0xf8	; 248
    00000434 F4                    1143 	.db #0xf4	; 244
    00000435 FC                    1144 	.db #0xfc	; 252
    00000436 36                    1145 	.db #0x36	; 54	'6'
    00000437 FE                    1146 	.db #0xfe	; 254
    00000438 7F                    1147 	.db #0x7f	; 127
    00000439 B9                    1148 	.db #0xb9	; 185
    0000043A DA                    1149 	.db #0xda	; 218
    0000043B FE                    1150 	.db #0xfe	; 254
    0000043C D4                    1151 	.db #0xd4	; 212
    0000043D F4                    1152 	.db #0xf4	; 244
    0000043E 20                    1153 	.db #0x20	; 32
    0000043F 20                    1154 	.db #0x20	; 32
    00000440 00                    1155 	.db #0x00	; 0
    00000441 00                    1156 	.db #0x00	; 0
    00000442 07                    1157 	.db #0x07	; 7
    00000443 07                    1158 	.db #0x07	; 7
    00000444 08                    1159 	.db #0x08	; 8
    00000445 0F                    1160 	.db #0x0f	; 15
    00000446 10                    1161 	.db #0x10	; 16
    00000447 1F                    1162 	.db #0x1f	; 31
    00000448 24                    1163 	.db #0x24	; 36
    00000449 3B                    1164 	.db #0x3b	; 59
    0000044A 21                    1165 	.db #0x21	; 33
    0000044B 3E                    1166 	.db #0x3e	; 62
    0000044C 10                    1167 	.db #0x10	; 16
    0000044D 1F                    1168 	.db #0x1f	; 31
    0000044E 10                    1169 	.db #0x10	; 16
    0000044F 1F                    1170 	.db #0x1f	; 31
    00000450 00                    1171 	.db #0x00	; 0
    00000451 00                    1172 	.db #0x00	; 0
    00000452 F8                    1173 	.db #0xf8	; 248
    00000453 F8                    1174 	.db #0xf8	; 248
    00000454 84                    1175 	.db #0x84	; 132
    00000455 7C                    1176 	.db #0x7c	; 124
    00000456 02                    1177 	.db #0x02	; 2
    00000457 FE                    1178 	.db #0xfe	; 254
    00000458 0A                    1179 	.db #0x0a	; 10
    00000459 F6                    1180 	.db #0xf6	; 246
    0000045A 61                    1181 	.db #0x61	; 97	'a'
    0000045B 9F                    1182 	.db #0x9f	; 159
    0000045C 02                    1183 	.db #0x02	; 2
    0000045D FE                    1184 	.db #0xfe	; 254
    0000045E 04                    1185 	.db #0x04	; 4
    0000045F FC                    1186 	.db #0xfc	; 252
    00000460 08                    1187 	.db #0x08	; 8
    00000461 0F                    1188 	.db #0x0f	; 15
    00000462 7C                    1189 	.db #0x7c	; 124
    00000463 7F                    1190 	.db #0x7f	; 127
    00000464 4F                    1191 	.db #0x4f	; 79	'O'
    00000465 7F                    1192 	.db #0x7f	; 127
    00000466 7E                    1193 	.db #0x7e	; 126
    00000467 5B                    1194 	.db #0x5b	; 91
    00000468 73                    1195 	.db #0x73	; 115	's'
    00000469 6E                    1196 	.db #0x6e	; 110	'n'
    0000046A 3D                    1197 	.db #0x3d	; 61
    0000046B 3F                    1198 	.db #0x3f	; 63
    0000046C 1D                    1199 	.db #0x1d	; 29
    0000046D 1F                    1200 	.db #0x1f	; 31
    0000046E 02                    1201 	.db #0x02	; 2
    0000046F 02                    1202 	.db #0x02	; 2
    00000470 04                    1203 	.db #0x04	; 4
    00000471 FC                    1204 	.db #0xfc	; 252
    00000472 0C                    1205 	.db #0x0c	; 12
    00000473 FC                    1206 	.db #0xfc	; 252
    00000474 FA                    1207 	.db #0xfa	; 250
    00000475 FE                    1208 	.db #0xfe	; 254
    00000476 3E                    1209 	.db #0x3e	; 62
    00000477 DE                    1210 	.db #0xde	; 222
    00000478 7A                    1211 	.db #0x7a	; 122	'z'
    00000479 FE                    1212 	.db #0xfe	; 254
    0000047A 8C                    1213 	.db #0x8c	; 140
    0000047B FC                    1214 	.db #0xfc	; 252
    0000047C C8                    1215 	.db #0xc8	; 200
    0000047D F8                    1216 	.db #0xf8	; 248
    0000047E 38                    1217 	.db #0x38	; 56	'8'
    0000047F 38                    1218 	.db #0x38	; 56	'8'
                                   1219 	.area _INITIALIZER
                                   1220 	.area _CABS (ABS)
