                                      1 ;--------------------------------------------------------
                                      2 ; File Created by SDCC : free open source ISO C Compiler
                                      3 ; Version 4.5.1 #15267 (MINGW64)
                                      4 ;--------------------------------------------------------
                                      5 	.module DungeonTiles2
                                      6 	
                                      7 ;--------------------------------------------------------
                                      8 ; Public variables in this module
                                      9 ;--------------------------------------------------------
                                     10 	.globl _DungeonTiles2
                                     11 ;--------------------------------------------------------
                                     12 ; special function registers
                                     13 ;--------------------------------------------------------
                                     14 	.area _HRAM
                                     15 ;--------------------------------------------------------
                                     16 ; ram data
                                     17 ;--------------------------------------------------------
                                     18 	.area _DATA
                                     19 ;--------------------------------------------------------
                                     20 ; ram data
                                     21 ;--------------------------------------------------------
                                     22 	.area _INITIALIZED
                                     23 ;--------------------------------------------------------
                                     24 ; absolute external ram data
                                     25 ;--------------------------------------------------------
                                     26 	.area _DABS (ABS)
                                     27 ;--------------------------------------------------------
                                     28 ; global & static initialisations
                                     29 ;--------------------------------------------------------
                                     30 	.area _HOME
                                     31 	.area _GSINIT
                                     32 	.area _GSFINAL
                                     33 	.area _GSINIT
                                     34 ;--------------------------------------------------------
                                     35 ; Home
                                     36 ;--------------------------------------------------------
                                     37 	.area _HOME
                                     38 	.area _HOME
                                     39 ;--------------------------------------------------------
                                     40 ; code
                                     41 ;--------------------------------------------------------
                                     42 	.area _CODE_2
                                     43 	.area _CODE_2
    00000000                         44 _DungeonTiles2:
    00000000 FF                      45 	.db #0xff	; 255
    00000001 00                      46 	.db #0x00	; 0
    00000002 E1                      47 	.db #0xe1	; 225
    00000003 00                      48 	.db #0x00	; 0
    00000004 C2                      49 	.db #0xc2	; 194
    00000005 00                      50 	.db #0x00	; 0
    00000006 E0                      51 	.db #0xe0	; 224
    00000007 00                      52 	.db #0x00	; 0
    00000008 F0                      53 	.db #0xf0	; 240
    00000009 00                      54 	.db #0x00	; 0
    0000000A BC                      55 	.db #0xbc	; 188
    0000000B 00                      56 	.db #0x00	; 0
    0000000C FE                      57 	.db #0xfe	; 254
    0000000D 00                      58 	.db #0x00	; 0
    0000000E C7                      59 	.db #0xc7	; 199
    0000000F 00                      60 	.db #0x00	; 0
    00000010 FF                      61 	.db #0xff	; 255
    00000011 00                      62 	.db #0x00	; 0
    00000012 FF                      63 	.db #0xff	; 255
    00000013 00                      64 	.db #0x00	; 0
    00000014 F7                      65 	.db #0xf7	; 247
    00000015 00                      66 	.db #0x00	; 0
    00000016 7F                      67 	.db #0x7f	; 127
    00000017 00                      68 	.db #0x00	; 0
    00000018 7F                      69 	.db #0x7f	; 127
    00000019 00                      70 	.db #0x00	; 0
    0000001A 6F                      71 	.db #0x6f	; 111	'o'
    0000001B 00                      72 	.db #0x00	; 0
    0000001C C7                      73 	.db #0xc7	; 199
    0000001D 00                      74 	.db #0x00	; 0
    0000001E C7                      75 	.db #0xc7	; 199
    0000001F 00                      76 	.db #0x00	; 0
    00000020 83                      77 	.db #0x83	; 131
    00000021 00                      78 	.db #0x00	; 0
    00000022 81                      79 	.db #0x81	; 129
    00000023 00                      80 	.db #0x00	; 0
    00000024 C1                      81 	.db #0xc1	; 193
    00000025 00                      82 	.db #0x00	; 0
    00000026 E9                      83 	.db #0xe9	; 233
    00000027 00                      84 	.db #0x00	; 0
    00000028 E0                      85 	.db #0xe0	; 224
    00000029 00                      86 	.db #0x00	; 0
    0000002A E1                      87 	.db #0xe1	; 225
    0000002B 00                      88 	.db #0x00	; 0
    0000002C B3                      89 	.db #0xb3	; 179
    0000002D 00                      90 	.db #0x00	; 0
    0000002E FF                      91 	.db #0xff	; 255
    0000002F 00                      92 	.db #0x00	; 0
    00000030 C7                      93 	.db #0xc7	; 199
    00000031 00                      94 	.db #0x00	; 0
    00000032 C3                      95 	.db #0xc3	; 195
    00000033 00                      96 	.db #0x00	; 0
    00000034 D1                      97 	.db #0xd1	; 209
    00000035 00                      98 	.db #0x00	; 0
    00000036 C1                      99 	.db #0xc1	; 193
    00000037 00                     100 	.db #0x00	; 0
    00000038 E3                     101 	.db #0xe3	; 227
    00000039 00                     102 	.db #0x00	; 0
    0000003A FF                     103 	.db #0xff	; 255
    0000003B 00                     104 	.db #0x00	; 0
    0000003C EF                     105 	.db #0xef	; 239
    0000003D 00                     106 	.db #0x00	; 0
    0000003E FF                     107 	.db #0xff	; 255
    0000003F 00                     108 	.db #0x00	; 0
    00000040 FF                     109 	.db #0xff	; 255
    00000041 7E                     110 	.db #0x7e	; 126
    00000042 9D                     111 	.db #0x9d	; 157
    00000043 F7                     112 	.db #0xf7	; 247
    00000044 88                     113 	.db #0x88	; 136
    00000045 FF                     114 	.db #0xff	; 255
    00000046 C5                     115 	.db #0xc5	; 197
    00000047 7A                     116 	.db #0x7a	; 122	'z'
    00000048 CF                     117 	.db #0xcf	; 207
    00000049 70                     118 	.db #0x70	; 112	'p'
    0000004A 87                     119 	.db #0x87	; 135
    0000004B FB                     120 	.db #0xfb	; 251
    0000004C DF                     121 	.db #0xdf	; 223
    0000004D EF                     122 	.db #0xef	; 239
    0000004E FD                     123 	.db #0xfd	; 253
    0000004F B0                     124 	.db #0xb0	; 176
    00000050 FF                     125 	.db #0xff	; 255
    00000051 BD                     126 	.db #0xbd	; 189
    00000052 4E                     127 	.db #0x4e	; 78	'N'
    00000053 FB                     128 	.db #0xfb	; 251
    00000054 0E                     129 	.db #0x0e	; 14
    00000055 FB                     130 	.db #0xfb	; 251
    00000056 5B                     131 	.db #0x5b	; 91
    00000057 A9                     132 	.db #0xa9	; 169
    00000058 FD                     133 	.db #0xfd	; 253
    00000059 05                     134 	.db #0x05	; 5
    0000005A FF                     135 	.db #0xff	; 255
    0000005B 9D                     136 	.db #0x9d	; 157
    0000005C FD                     137 	.db #0xfd	; 253
    0000005D E5                     138 	.db #0xe5	; 229
    0000005E 79                     139 	.db #0x79	; 121	'y'
    0000005F 49                     140 	.db #0x49	; 73	'I'
    00000060 FB                     141 	.db #0xfb	; 251
    00000061 FF                     142 	.db #0xff	; 255
    00000062 0A                     143 	.db #0x0a	; 10
    00000063 FB                     144 	.db #0xfb	; 251
    00000064 0A                     145 	.db #0x0a	; 10
    00000065 FB                     146 	.db #0xfb	; 251
    00000066 5B                     147 	.db #0x5b	; 91
    00000067 AA                     148 	.db #0xaa	; 170
    00000068 F7                     149 	.db #0xf7	; 247
    00000069 14                     150 	.db #0x14	; 20
    0000006A F7                     151 	.db #0xf7	; 247
    0000006B B7                     152 	.db #0xb7	; 183
    0000006C B7                     153 	.db #0xb7	; 183
    0000006D 54                     154 	.db #0x54	; 84	'T'
    0000006E F7                     155 	.db #0xf7	; 247
    0000006F 14                     156 	.db #0x14	; 20
    00000070 FF                     157 	.db #0xff	; 255
    00000071 F7                     158 	.db #0xf7	; 247
    00000072 78                     159 	.db #0x78	; 120	'x'
    00000073 DF                     160 	.db #0xdf	; 223
    00000074 70                     161 	.db #0x70	; 112	'p'
    00000075 DF                     162 	.db #0xdf	; 223
    00000076 7D                     163 	.db #0x7d	; 125
    00000077 AA                     164 	.db #0xaa	; 170
    00000078 F7                     165 	.db #0xf7	; 247
    00000079 14                     166 	.db #0x14	; 20
    0000007A FF                     167 	.db #0xff	; 255
    0000007B 6B                     168 	.db #0x6b	; 107	'k'
    0000007C 7B                     169 	.db #0x7b	; 123
    0000007D 9A                     170 	.db #0x9a	; 154
    0000007E FB                     171 	.db #0xfb	; 251
    0000007F 32                     172 	.db #0x32	; 50	'2'
    00000080 8F                     173 	.db #0x8f	; 143
    00000081 F4                     174 	.db #0xf4	; 244
    00000082 47                     175 	.db #0x47	; 71	'G'
    00000083 FC                     176 	.db #0xfc	; 252
    00000084 2F                     177 	.db #0x2f	; 47
    00000085 F2                     178 	.db #0xf2	; 242
    00000086 57                     179 	.db #0x57	; 87	'W'
    00000087 BE                     180 	.db #0xbe	; 190
    00000088 EB                     181 	.db #0xeb	; 235
    00000089 1D                     182 	.db #0x1d	; 29
    0000008A F5                     183 	.db #0xf5	; 245
    0000008B 7F                     184 	.db #0x7f	; 127
    0000008C 7A                     185 	.db #0x7a	; 122	'z'
    0000008D B7                     186 	.db #0xb7	; 183
    0000008E FD                     187 	.db #0xfd	; 253
    0000008F 0F                     188 	.db #0x0f	; 15
    00000090 34                     189 	.db #0x34	; 52	'4'
    00000091 20                     190 	.db #0x20	; 32
    00000092 B8                     191 	.db #0xb8	; 184
    00000093 20                     192 	.db #0x20	; 32
    00000094 30                     193 	.db #0x30	; 48	'0'
    00000095 20                     194 	.db #0x20	; 32
    00000096 B4                     195 	.db #0xb4	; 180
    00000097 20                     196 	.db #0x20	; 32
    00000098 D8                     197 	.db #0xd8	; 216
    00000099 10                     198 	.db #0x10	; 16
    0000009A 9C                     199 	.db #0x9c	; 156
    0000009B 10                     200 	.db #0x10	; 16
    0000009C F0                     201 	.db #0xf0	; 240
    0000009D 20                     202 	.db #0x20	; 32
    0000009E 34                     203 	.db #0x34	; 52	'4'
    0000009F E0                     204 	.db #0xe0	; 224
    000000A0 00                     205 	.db #0x00	; 0
    000000A1 00                     206 	.db #0x00	; 0
    000000A2 40                     207 	.db #0x40	; 64
    000000A3 00                     208 	.db #0x00	; 0
    000000A4 16                     209 	.db #0x16	; 22
    000000A5 00                     210 	.db #0x00	; 0
    000000A6 2F                     211 	.db #0x2f	; 47
    000000A7 06                     212 	.db #0x06	; 6
    000000A8 19                     213 	.db #0x19	; 25
    000000A9 0F                     214 	.db #0x0f	; 15
    000000AA 34                     215 	.db #0x34	; 52	'4'
    000000AB 1F                     216 	.db #0x1f	; 31
    000000AC 32                     217 	.db #0x32	; 50	'2'
    000000AD 1F                     218 	.db #0x1f	; 31
    000000AE 19                     219 	.db #0x19	; 25
    000000AF 0F                     220 	.db #0x0f	; 15
    000000B0 00                     221 	.db #0x00	; 0
    000000B1 00                     222 	.db #0x00	; 0
    000000B2 00                     223 	.db #0x00	; 0
    000000B3 00                     224 	.db #0x00	; 0
    000000B4 A9                     225 	.db #0xa9	; 169
    000000B5 00                     226 	.db #0x00	; 0
    000000B6 92                     227 	.db #0x92	; 146
    000000B7 00                     228 	.db #0x00	; 0
    000000B8 FF                     229 	.db #0xff	; 255
    000000B9 92                     230 	.db #0x92	; 146
    000000BA ED                     231 	.db #0xed	; 237
    000000BB 6D                     232 	.db #0x6d	; 109	'm'
    000000BC 00                     233 	.db #0x00	; 0
    000000BD 80                     234 	.db #0x80	; 128
    000000BE 75                     235 	.db #0x75	; 117	'u'
    000000BF 80                     236 	.db #0x80	; 128
    000000C0 00                     237 	.db #0x00	; 0
    000000C1 00                     238 	.db #0x00	; 0
    000000C2 00                     239 	.db #0x00	; 0
    000000C3 00                     240 	.db #0x00	; 0
    000000C4 52                     241 	.db #0x52	; 82	'R'
    000000C5 00                     242 	.db #0x00	; 0
    000000C6 2C                     243 	.db #0x2c	; 44
    000000C7 00                     244 	.db #0x00	; 0
    000000C8 FF                     245 	.db #0xff	; 255
    000000C9 2C                     246 	.db #0x2c	; 44
    000000CA D3                     247 	.db #0xd3	; 211
    000000CB D3                     248 	.db #0xd3	; 211
    000000CC 1C                     249 	.db #0x1c	; 28
    000000CD 1C                     250 	.db #0x1c	; 28
    000000CE 67                     251 	.db #0x67	; 103	'g'
    000000CF 22                     252 	.db #0x22	; 34
    000000D0 00                     253 	.db #0x00	; 0
    000000D1 00                     254 	.db #0x00	; 0
    000000D2 00                     255 	.db #0x00	; 0
    000000D3 00                     256 	.db #0x00	; 0
    000000D4 AA                     257 	.db #0xaa	; 170
    000000D5 00                     258 	.db #0x00	; 0
    000000D6 3F                     259 	.db #0x3f	; 63
    000000D7 08                     260 	.db #0x08	; 8
    000000D8 FF                     261 	.db #0xff	; 255
    000000D9 37                     262 	.db #0x37	; 55	'7'
    000000DA D4                     263 	.db #0xd4	; 212
    000000DB D4                     264 	.db #0xd4	; 212
    000000DC 14                     265 	.db #0x14	; 20
    000000DD 14                     266 	.db #0x14	; 20
    000000DE E5                     267 	.db #0xe5	; 229
    000000DF 24                     268 	.db #0x24	; 36
    000000E0 2C                     269 	.db #0x2c	; 44
    000000E1 04                     270 	.db #0x04	; 4
    000000E2 59                     271 	.db #0x59	; 89	'Y'
    000000E3 08                     272 	.db #0x08	; 8
    000000E4 AC                     273 	.db #0xac	; 172
    000000E5 04                     274 	.db #0x04	; 4
    000000E6 2D                     275 	.db #0x2d	; 45
    000000E7 04                     276 	.db #0x04	; 4
    000000E8 FE                     277 	.db #0xfe	; 254
    000000E9 26                     278 	.db #0x26	; 38
    000000EA FD                     279 	.db #0xfd	; 253
    000000EB D9                     280 	.db #0xd9	; 217
    000000EC 55                     281 	.db #0x55	; 85	'U'
    000000ED 55                     282 	.db #0x55	; 85	'U'
    000000EE 5C                     283 	.db #0x5c	; 92
    000000EF 54                     284 	.db #0x54	; 84	'T'
    000000F0 B9                     285 	.db #0xb9	; 185
    000000F1 67                     286 	.db #0x67	; 103	'g'
    000000F2 F3                     287 	.db #0xf3	; 243
    000000F3 2E                     288 	.db #0x2e	; 46
    000000F4 FF                     289 	.db #0xff	; 255
    000000F5 4E                     290 	.db #0x4e	; 78	'N'
    000000F6 FF                     291 	.db #0xff	; 255
    000000F7 52                     292 	.db #0x52	; 82	'R'
    000000F8 FF                     293 	.db #0xff	; 255
    000000F9 2E                     294 	.db #0x2e	; 46
    000000FA B9                     295 	.db #0xb9	; 185
    000000FB 67                     296 	.db #0x67	; 103	'g'
    000000FC ED                     297 	.db #0xed	; 237
    000000FD 3F                     298 	.db #0x3f	; 63
    000000FE FF                     299 	.db #0xff	; 255
    000000FF F3                     300 	.db #0xf3	; 243
    00000100 FD                     301 	.db #0xfd	; 253
    00000101 0F                     302 	.db #0x0f	; 15
    00000102 FA                     303 	.db #0xfa	; 250
    00000103 37                     304 	.db #0x37	; 55	'7'
    00000104 F5                     305 	.db #0xf5	; 245
    00000105 DF                     306 	.db #0xdf	; 223
    00000106 AB                     307 	.db #0xab	; 171
    00000107 5D                     308 	.db #0x5d	; 93
    00000108 17                     309 	.db #0x17	; 23
    00000109 FE                     310 	.db #0xfe	; 254
    0000010A 2F                     311 	.db #0x2f	; 47
    0000010B F6                     312 	.db #0xf6	; 246
    0000010C 5F                     313 	.db #0x5f	; 95
    0000010D E4                     314 	.db #0xe4	; 228
    0000010E 8D                     315 	.db #0x8d	; 141
    0000010F F2                     316 	.db #0xf2	; 242
    00000110 3C                     317 	.db #0x3c	; 60
    00000111 D0                     318 	.db #0xd0	; 208
    00000112 B0                     319 	.db #0xb0	; 176
    00000113 20                     320 	.db #0x20	; 32
    00000114 B4                     321 	.db #0xb4	; 180
    00000115 20                     322 	.db #0x20	; 32
    00000116 98                     323 	.db #0x98	; 152
    00000117 10                     324 	.db #0x10	; 16
    00000118 34                     325 	.db #0x34	; 52	'4'
    00000119 20                     326 	.db #0x20	; 32
    0000011A B0                     327 	.db #0xb0	; 176
    0000011B 20                     328 	.db #0x20	; 32
    0000011C 18                     329 	.db #0x18	; 24
    0000011D 10                     330 	.db #0x10	; 16
    0000011E B4                     331 	.db #0xb4	; 180
    0000011F 20                     332 	.db #0x20	; 32
    00000120 56                     333 	.db #0x56	; 86	'V'
    00000121 06                     334 	.db #0x06	; 6
    00000122 08                     335 	.db #0x08	; 8
    00000123 08                     336 	.db #0x08	; 8
    00000124 BF                     337 	.db #0xbf	; 191
    00000125 BB                     338 	.db #0xbb	; 187
    00000126 FD                     339 	.db #0xfd	; 253
    00000127 44                     340 	.db #0x44	; 68	'D'
    00000128 4F                     341 	.db #0x4f	; 79	'O'
    00000129 07                     342 	.db #0x07	; 7
    0000012A BC                     343 	.db #0xbc	; 188
    0000012B 08                     344 	.db #0x08	; 8
    0000012C 4F                     345 	.db #0x4f	; 79	'O'
    0000012D 07                     346 	.db #0x07	; 7
    0000012E 2C                     347 	.db #0x2c	; 44
    0000012F 04                     348 	.db #0x04	; 4
    00000130 71                     349 	.db #0x71	; 113	'q'
    00000131 6F                     350 	.db #0x6f	; 111	'o'
    00000132 FB                     351 	.db #0xfb	; 251
    00000133 C6                     352 	.db #0xc6	; 198
    00000134 F1                     353 	.db #0xf1	; 241
    00000135 4F                     354 	.db #0x4f	; 79	'O'
    00000136 F9                     355 	.db #0xf9	; 249
    00000137 27                     356 	.db #0x27	; 39
    00000138 FF                     357 	.db #0xff	; 255
    00000139 AF                     358 	.db #0xaf	; 175
    0000013A 77                     359 	.db #0x77	; 119	'w'
    0000013B 71                     360 	.db #0x71	; 113	'q'
    0000013C 2F                     361 	.db #0x2f	; 47
    0000013D 06                     362 	.db #0x06	; 6
    0000013E F9                     363 	.db #0xf9	; 249
    0000013F FF                     364 	.db #0xff	; 255
    00000140 FF                     365 	.db #0xff	; 255
    00000141 CF                     366 	.db #0xcf	; 207
    00000142 B7                     367 	.db #0xb7	; 183
    00000143 FC                     368 	.db #0xfc	; 252
    00000144 9D                     369 	.db #0x9d	; 157
    00000145 E6                     370 	.db #0xe6	; 230
    00000146 FF                     371 	.db #0xff	; 255
    00000147 74                     372 	.db #0x74	; 116	't'
    00000148 FF                     373 	.db #0xff	; 255
    00000149 4A                     374 	.db #0x4a	; 74	'J'
    0000014A FF                     375 	.db #0xff	; 255
    0000014B 72                     376 	.db #0x72	; 114	'r'
    0000014C CF                     377 	.db #0xcf	; 207
    0000014D 74                     378 	.db #0x74	; 116	't'
    0000014E 9D                     379 	.db #0x9d	; 157
    0000014F E6                     380 	.db #0xe6	; 230
    00000150 3A                     381 	.db #0x3a	; 58
    00000151 2A                     382 	.db #0x2a	; 42
    00000152 AA                     383 	.db #0xaa	; 170
    00000153 AA                     384 	.db #0xaa	; 170
    00000154 BF                     385 	.db #0xbf	; 191
    00000155 9B                     386 	.db #0x9b	; 155
    00000156 7F                     387 	.db #0x7f	; 127
    00000157 64                     388 	.db #0x64	; 100	'd'
    00000158 B4                     389 	.db #0xb4	; 180
    00000159 20                     390 	.db #0x20	; 32
    0000015A 35                     391 	.db #0x35	; 53	'5'
    0000015B 20                     392 	.db #0x20	; 32
    0000015C 9A                     393 	.db #0x9a	; 154
    0000015D 10                     394 	.db #0x10	; 16
    0000015E 34                     395 	.db #0x34	; 52	'4'
    0000015F 20                     396 	.db #0x20	; 32
    00000160 A7                     397 	.db #0xa7	; 167
    00000161 24                     398 	.db #0x24	; 36
    00000162 28                     399 	.db #0x28	; 40
    00000163 28                     400 	.db #0x28	; 40
    00000164 2B                     401 	.db #0x2b	; 43
    00000165 2B                     402 	.db #0x2b	; 43
    00000166 FF                     403 	.db #0xff	; 255
    00000167 EC                     404 	.db #0xec	; 236
    00000168 FC                     405 	.db #0xfc	; 252
    00000169 10                     406 	.db #0x10	; 16
    0000016A 55                     407 	.db #0x55	; 85	'U'
    0000016B 00                     408 	.db #0x00	; 0
    0000016C 00                     409 	.db #0x00	; 0
    0000016D 00                     410 	.db #0x00	; 0
    0000016E 00                     411 	.db #0x00	; 0
    0000016F 00                     412 	.db #0x00	; 0
    00000170 E6                     413 	.db #0xe6	; 230
    00000171 44                     414 	.db #0x44	; 68	'D'
    00000172 38                     415 	.db #0x38	; 56	'8'
    00000173 38                     416 	.db #0x38	; 56	'8'
    00000174 CB                     417 	.db #0xcb	; 203
    00000175 CB                     418 	.db #0xcb	; 203
    00000176 FF                     419 	.db #0xff	; 255
    00000177 34                     420 	.db #0x34	; 52	'4'
    00000178 34                     421 	.db #0x34	; 52	'4'
    00000179 00                     422 	.db #0x00	; 0
    0000017A 4A                     423 	.db #0x4a	; 74	'J'
    0000017B 00                     424 	.db #0x00	; 0
    0000017C 00                     425 	.db #0x00	; 0
    0000017D 00                     426 	.db #0x00	; 0
    0000017E 00                     427 	.db #0x00	; 0
    0000017F 00                     428 	.db #0x00	; 0
    00000180 AE                     429 	.db #0xae	; 174
    00000181 01                     430 	.db #0x01	; 1
    00000182 00                     431 	.db #0x00	; 0
    00000183 01                     432 	.db #0x01	; 1
    00000184 B7                     433 	.db #0xb7	; 183
    00000185 B6                     434 	.db #0xb6	; 182
    00000186 FF                     435 	.db #0xff	; 255
    00000187 49                     436 	.db #0x49	; 73	'I'
    00000188 49                     437 	.db #0x49	; 73	'I'
    00000189 00                     438 	.db #0x00	; 0
    0000018A 95                     439 	.db #0x95	; 149
    0000018B 00                     440 	.db #0x00	; 0
    0000018C 00                     441 	.db #0x00	; 0
    0000018D 00                     442 	.db #0x00	; 0
    0000018E 00                     443 	.db #0x00	; 0
    0000018F 00                     444 	.db #0x00	; 0
    00000190 98                     445 	.db #0x98	; 152
    00000191 F0                     446 	.db #0xf0	; 240
    00000192 4C                     447 	.db #0x4c	; 76	'L'
    00000193 F8                     448 	.db #0xf8	; 248
    00000194 2C                     449 	.db #0x2c	; 44
    00000195 F8                     450 	.db #0xf8	; 248
    00000196 98                     451 	.db #0x98	; 152
    00000197 F0                     452 	.db #0xf0	; 240
    00000198 F4                     453 	.db #0xf4	; 244
    00000199 60                     454 	.db #0x60	; 96
    0000019A 68                     455 	.db #0x68	; 104	'h'
    0000019B 00                     456 	.db #0x00	; 0
    0000019C 02                     457 	.db #0x02	; 2
    0000019D 00                     458 	.db #0x00	; 0
    0000019E 00                     459 	.db #0x00	; 0
    0000019F 00                     460 	.db #0x00	; 0
    000001A0 2C                     461 	.db #0x2c	; 44
    000001A1 07                     462 	.db #0x07	; 7
    000001A2 0F                     463 	.db #0x0f	; 15
    000001A3 04                     464 	.db #0x04	; 4
    000001A4 39                     465 	.db #0x39	; 57	'9'
    000001A5 08                     466 	.db #0x08	; 8
    000001A6 1B                     467 	.db #0x1b	; 27
    000001A7 08                     468 	.db #0x08	; 8
    000001A8 2D                     469 	.db #0x2d	; 45
    000001A9 04                     470 	.db #0x04	; 4
    000001AA 0C                     471 	.db #0x0c	; 12
    000001AB 04                     472 	.db #0x04	; 4
    000001AC 1D                     473 	.db #0x1d	; 29
    000001AD 04                     474 	.db #0x04	; 4
    000001AE 2C                     475 	.db #0x2c	; 44
    000001AF 04                     476 	.db #0x04	; 4
    000001B0 BF                     477 	.db #0xbf	; 191
    000001B1 F0                     478 	.db #0xf0	; 240
    000001B2 5E                     479 	.db #0x5e	; 94
    000001B3 ED                     480 	.db #0xed	; 237
    000001B4 AF                     481 	.db #0xaf	; 175
    000001B5 FE                     482 	.db #0xfe	; 254
    000001B6 D7                     483 	.db #0xd7	; 215
    000001B7 B8                     484 	.db #0xb8	; 184
    000001B8 EA                     485 	.db #0xea	; 234
    000001B9 7D                     486 	.db #0x7d	; 125
    000001BA F4                     487 	.db #0xf4	; 244
    000001BB 4F                     488 	.db #0x4f	; 79	'O'
    000001BC E2                     489 	.db #0xe2	; 226
    000001BD 3F                     490 	.db #0x3f	; 63
    000001BE F1                     491 	.db #0xf1	; 241
    000001BF 2F                     492 	.db #0x2f	; 47
    000001C0 DF                     493 	.db #0xdf	; 223
    000001C1 4C                     494 	.db #0x4c	; 76	'L'
    000001C2 DE                     495 	.db #0xde	; 222
    000001C3 59                     496 	.db #0x59	; 89	'Y'
    000001C4 FF                     497 	.db #0xff	; 255
    000001C5 D6                     498 	.db #0xd6	; 214
    000001C6 EF                     499 	.db #0xef	; 239
    000001C7 28                     500 	.db #0x28	; 40
    000001C8 BE                     501 	.db #0xbe	; 190
    000001C9 55                     502 	.db #0x55	; 85	'U'
    000001CA 0E                     503 	.db #0x0e	; 14
    000001CB FB                     504 	.db #0xfb	; 251
    000001CC 1E                     505 	.db #0x1e	; 30
    000001CD FB                     506 	.db #0xfb	; 251
    000001CE FF                     507 	.db #0xff	; 255
    000001CF EF                     508 	.db #0xef	; 239
    000001D0 EF                     509 	.db #0xef	; 239
    000001D1 28                     510 	.db #0x28	; 40
    000001D2 ED                     511 	.db #0xed	; 237
    000001D3 2A                     512 	.db #0x2a	; 42
    000001D4 EF                     513 	.db #0xef	; 239
    000001D5 ED                     514 	.db #0xed	; 237
    000001D6 EF                     515 	.db #0xef	; 239
    000001D7 28                     516 	.db #0x28	; 40
    000001D8 DA                     517 	.db #0xda	; 218
    000001D9 55                     518 	.db #0x55	; 85	'U'
    000001DA 50                     519 	.db #0x50	; 80	'P'
    000001DB DF                     520 	.db #0xdf	; 223
    000001DC 50                     521 	.db #0x50	; 80	'P'
    000001DD DF                     522 	.db #0xdf	; 223
    000001DE DF                     523 	.db #0xdf	; 223
    000001DF FF                     524 	.db #0xff	; 255
    000001E0 9E                     525 	.db #0x9e	; 158
    000001E1 92                     526 	.db #0x92	; 146
    000001E2 BF                     527 	.db #0xbf	; 191
    000001E3 A7                     528 	.db #0xa7	; 167
    000001E4 FF                     529 	.db #0xff	; 255
    000001E5 B9                     530 	.db #0xb9	; 185
    000001E6 BF                     531 	.db #0xbf	; 191
    000001E7 A0                     532 	.db #0xa0	; 160
    000001E8 DA                     533 	.db #0xda	; 218
    000001E9 95                     534 	.db #0x95	; 149
    000001EA 70                     535 	.db #0x70	; 112	'p'
    000001EB DF                     536 	.db #0xdf	; 223
    000001EC 72                     537 	.db #0x72	; 114	'r'
    000001ED DF                     538 	.db #0xdf	; 223
    000001EE FF                     539 	.db #0xff	; 255
    000001EF BD                     540 	.db #0xbd	; 189
    000001F0 BF                     541 	.db #0xbf	; 191
    000001F1 0D                     542 	.db #0x0d	; 13
    000001F2 FB                     543 	.db #0xfb	; 251
    000001F3 F7                     544 	.db #0xf7	; 247
    000001F4 E1                     545 	.db #0xe1	; 225
    000001F5 DF                     546 	.db #0xdf	; 223
    000001F6 F3                     547 	.db #0xf3	; 243
    000001F7 0E                     548 	.db #0x0e	; 14
    000001F8 A3                     549 	.db #0xa3	; 163
    000001F9 5E                     550 	.db #0x5e	; 94
    000001FA 11                     551 	.db #0x11	; 17
    000001FB FF                     552 	.db #0xff	; 255
    000001FC B9                     553 	.db #0xb9	; 185
    000001FD EF                     554 	.db #0xef	; 239
    000001FE FF                     555 	.db #0xff	; 255
    000001FF 7E                     556 	.db #0x7e	; 126
    00000200 9F                     557 	.db #0x9f	; 159
    00000201 E4                     558 	.db #0xe4	; 228
    00000202 8F                     559 	.db #0x8f	; 143
    00000203 F7                     560 	.db #0xf7	; 247
    00000204 9C                     561 	.db #0x9c	; 156
    00000205 E8                     562 	.db #0xe8	; 232
    00000206 D7                     563 	.db #0xd7	; 215
    00000207 76                     564 	.db #0x76	; 118	'v'
    00000208 FF                     565 	.db #0xff	; 255
    00000209 EB                     566 	.db #0xeb	; 235
    0000020A FF                     567 	.db #0xff	; 255
    0000020B 95                     568 	.db #0x95	; 149
    0000020C FF                     569 	.db #0xff	; 255
    0000020D E4                     570 	.db #0xe4	; 228
    0000020E 8D                     571 	.db #0x8d	; 141
    0000020F F2                     572 	.db #0xf2	; 242
    00000210 30                     573 	.db #0x30	; 48	'0'
    00000211 20                     574 	.db #0x20	; 32
    00000212 B4                     575 	.db #0xb4	; 180
    00000213 20                     576 	.db #0x20	; 32
    00000214 98                     577 	.db #0x98	; 152
    00000215 90                     578 	.db #0x90	; 144
    00000216 74                     579 	.db #0x74	; 116	't'
    00000217 60                     580 	.db #0x60	; 96
    00000218 58                     581 	.db #0x58	; 88	'X'
    00000219 50                     582 	.db #0x50	; 80	'P'
    0000021A D8                     583 	.db #0xd8	; 216
    0000021B 50                     584 	.db #0x50	; 80	'P'
    0000021C B4                     585 	.db #0xb4	; 180
    0000021D A0                     586 	.db #0xa0	; 160
    0000021E B0                     587 	.db #0xb0	; 176
    0000021F 20                     588 	.db #0x20	; 32
    00000220 19                     589 	.db #0x19	; 25
    00000221 08                     590 	.db #0x08	; 8
    00000222 38                     591 	.db #0x38	; 56	'8'
    00000223 08                     592 	.db #0x08	; 8
    00000224 1F                     593 	.db #0x1f	; 31
    00000225 0F                     594 	.db #0x0f	; 15
    00000226 38                     595 	.db #0x38	; 56	'8'
    00000227 10                     596 	.db #0x10	; 16
    00000228 1E                     597 	.db #0x1e	; 30
    00000229 0E                     598 	.db #0x0e	; 14
    0000022A 39                     599 	.db #0x39	; 57	'9'
    0000022B 09                     600 	.db #0x09	; 9
    0000022C 0D                     601 	.db #0x0d	; 13
    0000022D 04                     602 	.db #0x04	; 4
    0000022E 2D                     603 	.db #0x2d	; 45
    0000022F 04                     604 	.db #0x04	; 4
    00000230 F1                     605 	.db #0xf1	; 241
    00000231 2F                     606 	.db #0x2f	; 47
    00000232 B9                     607 	.db #0xb9	; 185
    00000233 47                     608 	.db #0x47	; 71	'G'
    00000234 F1                     609 	.db #0xf1	; 241
    00000235 2F                     610 	.db #0x2f	; 47
    00000236 F9                     611 	.db #0xf9	; 249
    00000237 F7                     612 	.db #0xf7	; 247
    00000238 0F                     613 	.db #0x0f	; 15
    00000239 0F                     614 	.db #0x0f	; 15
    0000023A F0                     615 	.db #0xf0	; 240
    0000023B F1                     616 	.db #0xf1	; 241
    0000023C FF                     617 	.db #0xff	; 255
    0000023D 2F                     618 	.db #0x2f	; 47
    0000023E F9                     619 	.db #0xf9	; 249
    0000023F 27                     620 	.db #0x27	; 39
    00000240 9F                     621 	.db #0x9f	; 159
    00000241 FF                     622 	.db #0xff	; 255
    00000242 F4                     623 	.db #0xf4	; 244
    00000243 60                     624 	.db #0x60	; 96
    00000244 EE                     625 	.db #0xee	; 238
    00000245 8E                     626 	.db #0x8e	; 142
    00000246 FF                     627 	.db #0xff	; 255
    00000247 F5                     628 	.db #0xf5	; 245
    00000248 9F                     629 	.db #0x9f	; 159
    00000249 E4                     630 	.db #0xe4	; 228
    0000024A 8F                     631 	.db #0x8f	; 143
    0000024B F2                     632 	.db #0xf2	; 242
    0000024C DF                     633 	.db #0xdf	; 223
    0000024D 63                     634 	.db #0x63	; 99	'c'
    0000024E 8E                     635 	.db #0x8e	; 142
    0000024F F6                     636 	.db #0xf6	; 246
    00000250 34                     637 	.db #0x34	; 52	'4'
    00000251 20                     638 	.db #0x20	; 32
    00000252 F2                     639 	.db #0xf2	; 242
    00000253 E0                     640 	.db #0xe0	; 224
    00000254 3D                     641 	.db #0x3d	; 61
    00000255 10                     642 	.db #0x10	; 16
    00000256 F2                     643 	.db #0xf2	; 242
    00000257 E0                     644 	.db #0xe0	; 224
    00000258 BF                     645 	.db #0xbf	; 191
    00000259 22                     646 	.db #0x22	; 34
    0000025A FD                     647 	.db #0xfd	; 253
    0000025B DD                     648 	.db #0xdd	; 221
    0000025C 10                     649 	.db #0x10	; 16
    0000025D 10                     650 	.db #0x10	; 16
    0000025E 6A                     651 	.db #0x6a	; 106	'j'
    0000025F 60                     652 	.db #0x60	; 96
    00000260 2D                     653 	.db #0x2d	; 45
    00000261 04                     654 	.db #0x04	; 4
    00000262 18                     655 	.db #0x18	; 24
    00000263 08                     656 	.db #0x08	; 8
    00000264 0D                     657 	.db #0x0d	; 13
    00000265 04                     658 	.db #0x04	; 4
    00000266 2C                     659 	.db #0x2c	; 44
    00000267 04                     660 	.db #0x04	; 4
    00000268 19                     661 	.db #0x19	; 25
    00000269 08                     662 	.db #0x08	; 8
    0000026A 2D                     663 	.db #0x2d	; 45
    0000026B 04                     664 	.db #0x04	; 4
    0000026C 0D                     665 	.db #0x0d	; 13
    0000026D 04                     666 	.db #0x04	; 4
    0000026E 3C                     667 	.db #0x3c	; 60
    0000026F 0B                     668 	.db #0x0b	; 11
    00000270 B1                     669 	.db #0xb1	; 177
    00000271 4F                     670 	.db #0x4f	; 79	'O'
    00000272 FA                     671 	.db #0xfa	; 250
    00000273 27                     672 	.db #0x27	; 39
    00000274 F4                     673 	.db #0xf4	; 244
    00000275 6F                     674 	.db #0x6f	; 111	'o'
    00000276 E8                     675 	.db #0xe8	; 232
    00000277 7F                     676 	.db #0x7f	; 127
    00000278 D5                     677 	.db #0xd5	; 213
    00000279 BA                     678 	.db #0xba	; 186
    0000027A AF                     679 	.db #0xaf	; 175
    0000027B FB                     680 	.db #0xfb	; 251
    0000027C 5F                     681 	.db #0x5f	; 95
    0000027D EC                     682 	.db #0xec	; 236
    0000027E BF                     683 	.db #0xbf	; 191
    0000027F F0                     684 	.db #0xf0	; 240
    00000280 00                     685 	.db #0x00	; 0
    00000281 00                     686 	.db #0x00	; 0
    00000282 00                     687 	.db #0x00	; 0
    00000283 00                     688 	.db #0x00	; 0
    00000284 95                     689 	.db #0x95	; 149
    00000285 00                     690 	.db #0x00	; 0
    00000286 4C                     691 	.db #0x4c	; 76	'L'
    00000287 00                     692 	.db #0x00	; 0
    00000288 FF                     693 	.db #0xff	; 255
    00000289 0C                     694 	.db #0x0c	; 12
    0000028A F3                     695 	.db #0xf3	; 243
    0000028B F3                     696 	.db #0xf3	; 243
    0000028C 0A                     697 	.db #0x0a	; 10
    0000028D 01                     698 	.db #0x01	; 1
    0000028E 5E                     699 	.db #0x5e	; 94
    0000028F 01                     700 	.db #0x01	; 1
    00000290 00                     701 	.db #0x00	; 0
    00000291 00                     702 	.db #0x00	; 0
    00000292 02                     703 	.db #0x02	; 2
    00000293 00                     704 	.db #0x00	; 0
    00000294 68                     705 	.db #0x68	; 104	'h'
    00000295 00                     706 	.db #0x00	; 0
    00000296 F4                     707 	.db #0xf4	; 244
    00000297 60                     708 	.db #0x60	; 96
    00000298 98                     709 	.db #0x98	; 152
    00000299 F0                     710 	.db #0xf0	; 240
    0000029A 2C                     711 	.db #0x2c	; 44
    0000029B F8                     712 	.db #0xf8	; 248
    0000029C 4C                     713 	.db #0x4c	; 76	'L'
    0000029D F8                     714 	.db #0xf8	; 248
    0000029E 98                     715 	.db #0x98	; 152
    0000029F F0                     716 	.db #0xf0	; 240
    000002A0 19                     717 	.db #0x19	; 25
    000002A1 0F                     718 	.db #0x0f	; 15
    000002A2 32                     719 	.db #0x32	; 50	'2'
    000002A3 1F                     720 	.db #0x1f	; 31
    000002A4 34                     721 	.db #0x34	; 52	'4'
    000002A5 1F                     722 	.db #0x1f	; 31
    000002A6 19                     723 	.db #0x19	; 25
    000002A7 0F                     724 	.db #0x0f	; 15
    000002A8 2F                     725 	.db #0x2f	; 47
    000002A9 06                     726 	.db #0x06	; 6
    000002AA 16                     727 	.db #0x16	; 22
    000002AB 00                     728 	.db #0x00	; 0
    000002AC 40                     729 	.db #0x40	; 64
    000002AD 00                     730 	.db #0x00	; 0
    000002AE 00                     731 	.db #0x00	; 0
    000002AF 00                     732 	.db #0x00	; 0
    000002B0 7A                     733 	.db #0x7a	; 122	'z'
    000002B1 80                     734 	.db #0x80	; 128
    000002B2 50                     735 	.db #0x50	; 80	'P'
    000002B3 80                     736 	.db #0x80	; 128
    000002B4 CF                     737 	.db #0xcf	; 207
    000002B5 CF                     738 	.db #0xcf	; 207
    000002B6 FF                     739 	.db #0xff	; 255
    000002B7 30                     740 	.db #0x30	; 48	'0'
    000002B8 32                     741 	.db #0x32	; 50	'2'
    000002B9 00                     742 	.db #0x00	; 0
    000002BA A9                     743 	.db #0xa9	; 169
    000002BB 00                     744 	.db #0x00	; 0
    000002BC 00                     745 	.db #0x00	; 0
    000002BD 00                     746 	.db #0x00	; 0
    000002BE 00                     747 	.db #0x00	; 0
    000002BF 00                     748 	.db #0x00	; 0
    000002C0 FF                     749 	.db #0xff	; 255
    000002C1 87                     750 	.db #0x87	; 135
    000002C2 79                     751 	.db #0x79	; 121	'y'
    000002C3 FF                     752 	.db #0xff	; 255
    000002C4 3B                     753 	.db #0x3b	; 59
    000002C5 EE                     754 	.db #0xee	; 238
    000002C6 BF                     755 	.db #0xbf	; 191
    000002C7 6A                     756 	.db #0x6a	; 106	'j'
    000002C8 FD                     757 	.db #0xfd	; 253
    000002C9 13                     758 	.db #0x13	; 19
    000002CA FF                     759 	.db #0xff	; 255
    000002CB CF                     760 	.db #0xcf	; 207
    000002CC 7B                     761 	.db #0x7b	; 123
    000002CD B5                     762 	.db #0xb5	; 181
    000002CE FF                     763 	.db #0xff	; 255
    000002CF 01                     764 	.db #0x01	; 1
    000002D0 FF                     765 	.db #0xff	; 255
    000002D1 E6                     766 	.db #0xe6	; 230
    000002D2 D9                     767 	.db #0xd9	; 217
    000002D3 7F                     768 	.db #0x7f	; 127
    000002D4 81                     769 	.db #0x81	; 129
    000002D5 FF                     770 	.db #0xff	; 255
    000002D6 C3                     771 	.db #0xc3	; 195
    000002D7 BF                     772 	.db #0xbf	; 191
    000002D8 D7                     773 	.db #0xd7	; 215
    000002D9 6D                     774 	.db #0x6d	; 109	'm'
    000002DA FB                     775 	.db #0xfb	; 251
    000002DB 47                     776 	.db #0x47	; 71	'G'
    000002DC 71                     777 	.db #0x71	; 113	'q'
    000002DD 6F                     778 	.db #0x6f	; 111	'o'
    000002DE FB                     779 	.db #0xfb	; 251
    000002DF 66                     780 	.db #0x66	; 102	'f'
    000002E0 DF                     781 	.db #0xdf	; 223
    000002E1 66                     782 	.db #0x66	; 102	'f'
    000002E2 8E                     783 	.db #0x8e	; 142
    000002E3 F6                     784 	.db #0xf6	; 246
    000002E4 DF                     785 	.db #0xdf	; 223
    000002E5 E2                     786 	.db #0xe2	; 226
    000002E6 EB                     787 	.db #0xeb	; 235
    000002E7 B6                     788 	.db #0xb6	; 182
    000002E8 C3                     789 	.db #0xc3	; 195
    000002E9 FD                     790 	.db #0xfd	; 253
    000002EA 81                     791 	.db #0x81	; 129
    000002EB FF                     792 	.db #0xff	; 255
    000002EC 9B                     793 	.db #0x9b	; 155
    000002ED FE                     794 	.db #0xfe	; 254
    000002EE FF                     795 	.db #0xff	; 255
    000002EF 67                     796 	.db #0x67	; 103	'g'
    000002F0 FF                     797 	.db #0xff	; 255
    000002F1 80                     798 	.db #0x80	; 128
    000002F2 DE                     799 	.db #0xde	; 222
    000002F3 AD                     800 	.db #0xad	; 173
    000002F4 FF                     801 	.db #0xff	; 255
    000002F5 F3                     802 	.db #0xf3	; 243
    000002F6 BF                     803 	.db #0xbf	; 191
    000002F7 C8                     804 	.db #0xc8	; 200
    000002F8 FD                     805 	.db #0xfd	; 253
    000002F9 56                     806 	.db #0x56	; 86	'V'
    000002FA DC                     807 	.db #0xdc	; 220
    000002FB 77                     808 	.db #0x77	; 119	'w'
    000002FC 9E                     809 	.db #0x9e	; 158
    000002FD FF                     810 	.db #0xff	; 255
    000002FE FF                     811 	.db #0xff	; 255
    000002FF E1                     812 	.db #0xe1	; 225
    00000300 9F                     813 	.db #0x9f	; 159
    00000301 E4                     814 	.db #0xe4	; 228
    00000302 FF                     815 	.db #0xff	; 255
    00000303 F4                     816 	.db #0xf4	; 244
    00000304 0F                     817 	.db #0x0f	; 15
    00000305 8F                     818 	.db #0x8f	; 143
    00000306 F0                     819 	.db #0xf0	; 240
    00000307 F0                     820 	.db #0xf0	; 240
    00000308 9F                     821 	.db #0x9f	; 159
    00000309 EF                     822 	.db #0xef	; 239
    0000030A 8F                     823 	.db #0x8f	; 143
    0000030B F4                     824 	.db #0xf4	; 244
    0000030C 9D                     825 	.db #0x9d	; 157
    0000030D E2                     826 	.db #0xe2	; 226
    0000030E 8F                     827 	.db #0x8f	; 143
    0000030F F4                     828 	.db #0xf4	; 244
    00000310 B4                     829 	.db #0xb4	; 180
    00000311 20                     830 	.db #0x20	; 32
    00000312 B0                     831 	.db #0xb0	; 176
    00000313 20                     832 	.db #0x20	; 32
    00000314 9C                     833 	.db #0x9c	; 156
    00000315 90                     834 	.db #0x90	; 144
    00000316 78                     835 	.db #0x78	; 120	'x'
    00000317 70                     836 	.db #0x70	; 112	'p'
    00000318 1C                     837 	.db #0x1c	; 28
    00000319 08                     838 	.db #0x08	; 8
    0000031A F8                     839 	.db #0xf8	; 248
    0000031B F0                     840 	.db #0xf0	; 240
    0000031C 1C                     841 	.db #0x1c	; 28
    0000031D 10                     842 	.db #0x10	; 16
    0000031E 98                     843 	.db #0x98	; 152
    0000031F 10                     844 	.db #0x10	; 16
    00000320 0D                     845 	.db #0x0d	; 13
    00000321 04                     846 	.db #0x04	; 4
    00000322 2D                     847 	.db #0x2d	; 45
    00000323 05                     848 	.db #0x05	; 5
    00000324 1B                     849 	.db #0x1b	; 27
    00000325 0A                     850 	.db #0x0a	; 10
    00000326 1A                     851 	.db #0x1a	; 26
    00000327 0A                     852 	.db #0x0a	; 10
    00000328 2E                     853 	.db #0x2e	; 46
    00000329 06                     854 	.db #0x06	; 6
    0000032A 19                     855 	.db #0x19	; 25
    0000032B 09                     856 	.db #0x09	; 9
    0000032C 2D                     857 	.db #0x2d	; 45
    0000032D 04                     858 	.db #0x04	; 4
    0000032E 0C                     859 	.db #0x0c	; 12
    0000032F 04                     860 	.db #0x04	; 4
    00000330 B1                     861 	.db #0xb1	; 177
    00000331 4F                     862 	.db #0x4f	; 79	'O'
    00000332 FF                     863 	.db #0xff	; 255
    00000333 27                     864 	.db #0x27	; 39
    00000334 FF                     865 	.db #0xff	; 255
    00000335 A9                     866 	.db #0xa9	; 169
    00000336 FF                     867 	.db #0xff	; 255
    00000337 D7                     868 	.db #0xd7	; 215
    00000338 EB                     869 	.db #0xeb	; 235
    00000339 6E                     870 	.db #0x6e	; 110	'n'
    0000033A 39                     871 	.db #0x39	; 57	'9'
    0000033B 17                     872 	.db #0x17	; 23
    0000033C F1                     873 	.db #0xf1	; 241
    0000033D EF                     874 	.db #0xef	; 239
    0000033E F9                     875 	.db #0xf9	; 249
    0000033F 27                     876 	.db #0x27	; 39
    00000340 00                     877 	.db #0x00	; 0
    00000341 00                     878 	.db #0x00	; 0
    00000342 00                     879 	.db #0x00	; 0
    00000343 00                     880 	.db #0x00	; 0
    00000344 00                     881 	.db #0x00	; 0
    00000345 00                     882 	.db #0x00	; 0
    00000346 00                     883 	.db #0x00	; 0
    00000347 00                     884 	.db #0x00	; 0
    00000348 00                     885 	.db #0x00	; 0
    00000349 00                     886 	.db #0x00	; 0
    0000034A 00                     887 	.db #0x00	; 0
    0000034B 00                     888 	.db #0x00	; 0
    0000034C 00                     889 	.db #0x00	; 0
    0000034D 00                     890 	.db #0x00	; 0
    0000034E 00                     891 	.db #0x00	; 0
    0000034F 00                     892 	.db #0x00	; 0
                                    893 	.area _INITIALIZER
                                    894 	.area _CABS (ABS)
