                                      1 ;--------------------------------------------------------
                                      2 ; File Created by SDCC : free open source ISO C Compiler
                                      3 ; Version 4.5.1 #15267 (MINGW64)
                                      4 ;--------------------------------------------------------
                                      5 	.module DungeonTiles3
                                      6 	
                                      7 ;--------------------------------------------------------
                                      8 ; Public variables in this module
                                      9 ;--------------------------------------------------------
                                     10 	.globl _DungeonTiles3
                                     11 ;--------------------------------------------------------
                                     12 ; special function registers
                                     13 ;--------------------------------------------------------
                                     14 	.area _HRAM
                                     15 ;--------------------------------------------------------
                                     16 ; ram data
                                     17 ;--------------------------------------------------------
                                     18 	.area _DATA
                                     19 ;--------------------------------------------------------
                                     20 ; ram data
                                     21 ;--------------------------------------------------------
                                     22 	.area _INITIALIZED
                                     23 ;--------------------------------------------------------
                                     24 ; absolute external ram data
                                     25 ;--------------------------------------------------------
                                     26 	.area _DABS (ABS)
                                     27 ;--------------------------------------------------------
                                     28 ; global & static initialisations
                                     29 ;--------------------------------------------------------
                                     30 	.area _HOME
                                     31 	.area _GSINIT
                                     32 	.area _GSFINAL
                                     33 	.area _GSINIT
                                     34 ;--------------------------------------------------------
                                     35 ; Home
                                     36 ;--------------------------------------------------------
                                     37 	.area _HOME
                                     38 	.area _HOME
                                     39 ;--------------------------------------------------------
                                     40 ; code
                                     41 ;--------------------------------------------------------
                                     42 	.area _CODE_5
                                     43 	.area _CODE_5
    00000000                         44 _DungeonTiles3:
    00000000 7E                      45 	.db #0x7e	; 126
    00000001 00                      46 	.db #0x00	; 0
    00000002 BD                      47 	.db #0xbd	; 189
    00000003 00                      48 	.db #0x00	; 0
    00000004 DB                      49 	.db #0xdb	; 219
    00000005 00                      50 	.db #0x00	; 0
    00000006 E7                      51 	.db #0xe7	; 231
    00000007 00                      52 	.db #0x00	; 0
    00000008 E7                      53 	.db #0xe7	; 231
    00000009 00                      54 	.db #0x00	; 0
    0000000A DB                      55 	.db #0xdb	; 219
    0000000B 00                      56 	.db #0x00	; 0
    0000000C BD                      57 	.db #0xbd	; 189
    0000000D 00                      58 	.db #0x00	; 0
    0000000E 7E                      59 	.db #0x7e	; 126
    0000000F 00                      60 	.db #0x00	; 0
    00000010 7E                      61 	.db #0x7e	; 126
    00000011 00                      62 	.db #0x00	; 0
    00000012 BD                      63 	.db #0xbd	; 189
    00000013 00                      64 	.db #0x00	; 0
    00000014 DB                      65 	.db #0xdb	; 219
    00000015 00                      66 	.db #0x00	; 0
    00000016 E7                      67 	.db #0xe7	; 231
    00000017 00                      68 	.db #0x00	; 0
    00000018 E7                      69 	.db #0xe7	; 231
    00000019 00                      70 	.db #0x00	; 0
    0000001A DB                      71 	.db #0xdb	; 219
    0000001B 00                      72 	.db #0x00	; 0
    0000001C BD                      73 	.db #0xbd	; 189
    0000001D 00                      74 	.db #0x00	; 0
    0000001E 7E                      75 	.db #0x7e	; 126
    0000001F 00                      76 	.db #0x00	; 0
    00000020 7E                      77 	.db #0x7e	; 126
    00000021 00                      78 	.db #0x00	; 0
    00000022 BD                      79 	.db #0xbd	; 189
    00000023 00                      80 	.db #0x00	; 0
    00000024 DB                      81 	.db #0xdb	; 219
    00000025 00                      82 	.db #0x00	; 0
    00000026 E7                      83 	.db #0xe7	; 231
    00000027 00                      84 	.db #0x00	; 0
    00000028 E7                      85 	.db #0xe7	; 231
    00000029 00                      86 	.db #0x00	; 0
    0000002A DB                      87 	.db #0xdb	; 219
    0000002B 00                      88 	.db #0x00	; 0
    0000002C BD                      89 	.db #0xbd	; 189
    0000002D 00                      90 	.db #0x00	; 0
    0000002E 7E                      91 	.db #0x7e	; 126
    0000002F 00                      92 	.db #0x00	; 0
    00000030 7E                      93 	.db #0x7e	; 126
    00000031 00                      94 	.db #0x00	; 0
    00000032 BD                      95 	.db #0xbd	; 189
    00000033 00                      96 	.db #0x00	; 0
    00000034 DB                      97 	.db #0xdb	; 219
    00000035 00                      98 	.db #0x00	; 0
    00000036 E7                      99 	.db #0xe7	; 231
    00000037 00                     100 	.db #0x00	; 0
    00000038 E7                     101 	.db #0xe7	; 231
    00000039 00                     102 	.db #0x00	; 0
    0000003A DB                     103 	.db #0xdb	; 219
    0000003B 00                     104 	.db #0x00	; 0
    0000003C BD                     105 	.db #0xbd	; 189
    0000003D 00                     106 	.db #0x00	; 0
    0000003E 7E                     107 	.db #0x7e	; 126
    0000003F 00                     108 	.db #0x00	; 0
    00000040 FF                     109 	.db #0xff	; 255
    00000041 7E                     110 	.db #0x7e	; 126
    00000042 C1                     111 	.db #0xc1	; 193
    00000043 FF                     112 	.db #0xff	; 255
    00000044 E6                     113 	.db #0xe6	; 230
    00000045 B9                     114 	.db #0xb9	; 185
    00000046 DB                     115 	.db #0xdb	; 219
    00000047 74                     116 	.db #0x74	; 116	't'
    00000048 CD                     117 	.db #0xcd	; 205
    00000049 7A                     118 	.db #0x7a	; 122	'z'
    0000004A 9F                     119 	.db #0x9f	; 159
    0000004B E7                     120 	.db #0xe7	; 231
    0000004C BE                     121 	.db #0xbe	; 190
    0000004D C7                     122 	.db #0xc7	; 199
    0000004E AD                     123 	.db #0xad	; 173
    0000004F D7                     124 	.db #0xd7	; 215
    00000050 FF                     125 	.db #0xff	; 255
    00000051 BC                     126 	.db #0xbc	; 188
    00000052 43                     127 	.db #0x43	; 67	'C'
    00000053 FF                     128 	.db #0xff	; 255
    00000054 35                     129 	.db #0x35	; 53	'5'
    00000055 CE                     130 	.db #0xce	; 206
    00000056 FA                     131 	.db #0xfa	; 250
    00000057 0D                     132 	.db #0x0d	; 13
    00000058 ED                     133 	.db #0xed	; 237
    00000059 56                     134 	.db #0x56	; 86	'V'
    0000005A BF                     135 	.db #0xbf	; 191
    0000005B FF                     136 	.db #0xff	; 255
    0000005C 04                     137 	.db #0x04	; 4
    0000005D FF                     138 	.db #0xff	; 255
    0000005E 5D                     139 	.db #0x5d	; 93
    0000005F AA                     140 	.db #0xaa	; 170
    00000060 FF                     141 	.db #0xff	; 255
    00000061 F9                     142 	.db #0xf9	; 249
    00000062 1E                     143 	.db #0x1e	; 30
    00000063 FF                     144 	.db #0xff	; 255
    00000064 65                     145 	.db #0x65	; 101	'e'
    00000065 BE                     146 	.db #0xbe	; 190
    00000066 FE                     147 	.db #0xfe	; 254
    00000067 27                     148 	.db #0x27	; 39
    00000068 FF                     149 	.db #0xff	; 255
    00000069 42                     150 	.db #0x42	; 66	'B'
    0000006A DB                     151 	.db #0xdb	; 219
    0000006B BD                     152 	.db #0xbd	; 189
    0000006C BD                     153 	.db #0xbd	; 189
    0000006D A5                     154 	.db #0xa5	; 165
    0000006E 43                     155 	.db #0x43	; 67	'C'
    0000006F E6                     156 	.db #0xe6	; 230
    00000070 FF                     157 	.db #0xff	; 255
    00000071 F7                     158 	.db #0xf7	; 247
    00000072 08                     159 	.db #0x08	; 8
    00000073 FF                     160 	.db #0xff	; 255
    00000074 55                     161 	.db #0x55	; 85	'U'
    00000075 AE                     162 	.db #0xae	; 174
    00000076 E5                     163 	.db #0xe5	; 229
    00000077 1E                     164 	.db #0x1e	; 30
    00000078 EB                     165 	.db #0xeb	; 235
    00000079 5C                     166 	.db #0x5c	; 92
    0000007A BF                     167 	.db #0xbf	; 191
    0000007B FF                     168 	.db #0xff	; 255
    0000007C 04                     169 	.db #0x04	; 4
    0000007D FF                     170 	.db #0xff	; 255
    0000007E 56                     171 	.db #0x56	; 86	'V'
    0000007F AD                     172 	.db #0xad	; 173
    00000080 9D                     173 	.db #0x9d	; 157
    00000081 E6                     174 	.db #0xe6	; 230
    00000082 5E                     175 	.db #0x5e	; 94
    00000083 E3                     176 	.db #0xe3	; 227
    00000084 AD                     177 	.db #0xad	; 173
    00000085 76                     178 	.db #0x76	; 118	'v'
    00000086 94                     179 	.db #0x94	; 148
    00000087 7F                     180 	.db #0x7f	; 127
    00000088 CD                     181 	.db #0xcd	; 205
    00000089 3E                     182 	.db #0x3e	; 62
    0000008A FD                     183 	.db #0xfd	; 253
    0000008B FE                     184 	.db #0xfe	; 254
    0000008C 02                     185 	.db #0x02	; 2
    0000008D FF                     186 	.db #0xff	; 255
    0000008E AD                     187 	.db #0xad	; 173
    0000008F 53                     188 	.db #0x53	; 83	'S'
    00000090 70                     189 	.db #0x70	; 112	'p'
    00000091 20                     190 	.db #0x20	; 32
    00000092 B8                     191 	.db #0xb8	; 184
    00000093 20                     192 	.db #0x20	; 32
    00000094 30                     193 	.db #0x30	; 48	'0'
    00000095 20                     194 	.db #0x20	; 32
    00000096 B8                     195 	.db #0xb8	; 184
    00000097 20                     196 	.db #0x20	; 32
    00000098 70                     197 	.db #0x70	; 112	'p'
    00000099 20                     198 	.db #0x20	; 32
    0000009A F8                     199 	.db #0xf8	; 248
    0000009B 20                     200 	.db #0x20	; 32
    0000009C 70                     201 	.db #0x70	; 112	'p'
    0000009D A0                     202 	.db #0xa0	; 160
    0000009E 38                     203 	.db #0x38	; 56	'8'
    0000009F E0                     204 	.db #0xe0	; 224
    000000A0 00                     205 	.db #0x00	; 0
    000000A1 00                     206 	.db #0x00	; 0
    000000A2 00                     207 	.db #0x00	; 0
    000000A3 00                     208 	.db #0x00	; 0
    000000A4 10                     209 	.db #0x10	; 16
    000000A5 00                     210 	.db #0x00	; 0
    000000A6 2A                     211 	.db #0x2a	; 42
    000000A7 00                     212 	.db #0x00	; 0
    000000A8 1F                     213 	.db #0x1f	; 31
    000000A9 00                     214 	.db #0x00	; 0
    000000AA 0F                     215 	.db #0x0f	; 15
    000000AB 07                     216 	.db #0x07	; 7
    000000AC 1E                     217 	.db #0x1e	; 30
    000000AD 07                     218 	.db #0x07	; 7
    000000AE 0D                     219 	.db #0x0d	; 13
    000000AF 07                     220 	.db #0x07	; 7
    000000B0 00                     221 	.db #0x00	; 0
    000000B1 00                     222 	.db #0x00	; 0
    000000B2 00                     223 	.db #0x00	; 0
    000000B3 00                     224 	.db #0x00	; 0
    000000B4 00                     225 	.db #0x00	; 0
    000000B5 00                     226 	.db #0x00	; 0
    000000B6 AA                     227 	.db #0xaa	; 170
    000000B7 00                     228 	.db #0x00	; 0
    000000B8 FF                     229 	.db #0xff	; 255
    000000B9 00                     230 	.db #0x00	; 0
    000000BA FF                     231 	.db #0xff	; 255
    000000BB FF                     232 	.db #0xff	; 255
    000000BC 71                     233 	.db #0x71	; 113	'q'
    000000BD 80                     234 	.db #0x80	; 128
    000000BE 2A                     235 	.db #0x2a	; 42
    000000BF C0                     236 	.db #0xc0	; 192
    000000C0 00                     237 	.db #0x00	; 0
    000000C1 00                     238 	.db #0x00	; 0
    000000C2 00                     239 	.db #0x00	; 0
    000000C3 00                     240 	.db #0x00	; 0
    000000C4 00                     241 	.db #0x00	; 0
    000000C5 00                     242 	.db #0x00	; 0
    000000C6 AA                     243 	.db #0xaa	; 170
    000000C7 00                     244 	.db #0x00	; 0
    000000C8 FF                     245 	.db #0xff	; 255
    000000C9 00                     246 	.db #0x00	; 0
    000000CA FF                     247 	.db #0xff	; 255
    000000CB F7                     248 	.db #0xf7	; 247
    000000CC F8                     249 	.db #0xf8	; 248
    000000CD 28                     250 	.db #0x28	; 40
    000000CE F5                     251 	.db #0xf5	; 245
    000000CF 40                     252 	.db #0x40	; 64
    000000D0 00                     253 	.db #0x00	; 0
    000000D1 00                     254 	.db #0x00	; 0
    000000D2 00                     255 	.db #0x00	; 0
    000000D3 00                     256 	.db #0x00	; 0
    000000D4 00                     257 	.db #0x00	; 0
    000000D5 00                     258 	.db #0x00	; 0
    000000D6 AA                     259 	.db #0xaa	; 170
    000000D7 00                     260 	.db #0x00	; 0
    000000D8 FF                     261 	.db #0xff	; 255
    000000D9 00                     262 	.db #0x00	; 0
    000000DA FF                     263 	.db #0xff	; 255
    000000DB FD                     264 	.db #0xfd	; 253
    000000DC FB                     265 	.db #0xfb	; 251
    000000DD 12                     266 	.db #0x12	; 18
    000000DE 70                     267 	.db #0x70	; 112	'p'
    000000DF 20                     268 	.db #0x20	; 32
    000000E0 1C                     269 	.db #0x1c	; 28
    000000E1 04                     270 	.db #0x04	; 4
    000000E2 0F                     271 	.db #0x0f	; 15
    000000E3 04                     272 	.db #0x04	; 4
    000000E4 1F                     273 	.db #0x1f	; 31
    000000E5 07                     274 	.db #0x07	; 7
    000000E6 AF                     275 	.db #0xaf	; 175
    000000E7 04                     276 	.db #0x04	; 4
    000000E8 FC                     277 	.db #0xfc	; 252
    000000E9 04                     278 	.db #0x04	; 4
    000000EA FE                     279 	.db #0xfe	; 254
    000000EB FC                     280 	.db #0xfc	; 252
    000000EC 6F                     281 	.db #0x6f	; 111	'o'
    000000ED 22                     282 	.db #0x22	; 34
    000000EE E7                     283 	.db #0xe7	; 231
    000000EF 21                     284 	.db #0x21	; 33
    000000F0 B9                     285 	.db #0xb9	; 185
    000000F1 67                     286 	.db #0x67	; 103	'g'
    000000F2 3B                     287 	.db #0x3b	; 59
    000000F3 EE                     288 	.db #0xee	; 238
    000000F4 F7                     289 	.db #0xf7	; 247
    000000F5 7E                     290 	.db #0x7e	; 126
    000000F6 B3                     291 	.db #0xb3	; 179
    000000F7 EE                     292 	.db #0xee	; 238
    000000F8 BB                     293 	.db #0xbb	; 187
    000000F9 66                     294 	.db #0x66	; 102	'f'
    000000FA 71                     295 	.db #0x71	; 113	'q'
    000000FB CF                     296 	.db #0xcf	; 207
    000000FC BB                     297 	.db #0xbb	; 187
    000000FD 66                     298 	.db #0x66	; 102	'f'
    000000FE 39                     299 	.db #0x39	; 57	'9'
    000000FF E7                     300 	.db #0xe7	; 231
    00000100 AD                     301 	.db #0xad	; 173
    00000101 53                     302 	.db #0x53	; 83	'S'
    00000102 42                     303 	.db #0x42	; 66	'B'
    00000103 FF                     304 	.db #0xff	; 255
    00000104 FD                     305 	.db #0xfd	; 253
    00000105 BE                     306 	.db #0xbe	; 190
    00000106 ED                     307 	.db #0xed	; 237
    00000107 1E                     308 	.db #0x1e	; 30
    00000108 D4                     309 	.db #0xd4	; 212
    00000109 3F                     310 	.db #0x3f	; 63
    0000010A 25                     311 	.db #0x25	; 37
    0000010B FE                     312 	.db #0xfe	; 254
    0000010C 4C                     313 	.db #0x4c	; 76	'L'
    0000010D F7                     314 	.db #0xf7	; 247
    0000010E BD                     315 	.db #0xbd	; 189
    0000010F C6                     316 	.db #0xc6	; 198
    00000110 38                     317 	.db #0x38	; 56	'8'
    00000111 E0                     318 	.db #0xe0	; 224
    00000112 70                     319 	.db #0x70	; 112	'p'
    00000113 A0                     320 	.db #0xa0	; 160
    00000114 F8                     321 	.db #0xf8	; 248
    00000115 20                     322 	.db #0x20	; 32
    00000116 70                     323 	.db #0x70	; 112	'p'
    00000117 20                     324 	.db #0x20	; 32
    00000118 B8                     325 	.db #0xb8	; 184
    00000119 20                     326 	.db #0x20	; 32
    0000011A 30                     327 	.db #0x30	; 48	'0'
    0000011B 20                     328 	.db #0x20	; 32
    0000011C B8                     329 	.db #0xb8	; 184
    0000011D 20                     330 	.db #0x20	; 32
    0000011E 70                     331 	.db #0x70	; 112	'p'
    0000011F 20                     332 	.db #0x20	; 32
    00000120 73                     333 	.db #0x73	; 115	's'
    00000121 21                     334 	.db #0x21	; 33
    00000122 77                     335 	.db #0x77	; 119	'w'
    00000123 22                     336 	.db #0x22	; 34
    00000124 FF                     337 	.db #0xff	; 255
    00000125 FC                     338 	.db #0xfc	; 252
    00000126 FE                     339 	.db #0xfe	; 254
    00000127 04                     340 	.db #0x04	; 4
    00000128 AC                     341 	.db #0xac	; 172
    00000129 04                     342 	.db #0x04	; 4
    0000012A 1F                     343 	.db #0x1f	; 31
    0000012B 07                     344 	.db #0x07	; 7
    0000012C 0F                     345 	.db #0x0f	; 15
    0000012D 04                     346 	.db #0x04	; 4
    0000012E 1D                     347 	.db #0x1d	; 29
    0000012F 04                     348 	.db #0x04	; 4
    00000130 39                     349 	.db #0x39	; 57	'9'
    00000131 E7                     350 	.db #0xe7	; 231
    00000132 9B                     351 	.db #0x9b	; 155
    00000133 76                     352 	.db #0x76	; 118	'v'
    00000134 3D                     353 	.db #0x3d	; 61
    00000135 E3                     354 	.db #0xe3	; 227
    00000136 AD                     355 	.db #0xad	; 173
    00000137 73                     356 	.db #0x73	; 115	's'
    00000138 B9                     357 	.db #0xb9	; 185
    00000139 EF                     358 	.db #0xef	; 239
    0000013A F5                     359 	.db #0xf5	; 245
    0000013B 7F                     360 	.db #0x7f	; 127
    0000013C 2B                     361 	.db #0x2b	; 43
    0000013D F6                     362 	.db #0xf6	; 246
    0000013E B7                     363 	.db #0xb7	; 183
    0000013F 6A                     364 	.db #0x6a	; 106	'j'
    00000140 9C                     365 	.db #0x9c	; 156
    00000141 E7                     366 	.db #0xe7	; 231
    00000142 DD                     367 	.db #0xdd	; 221
    00000143 66                     368 	.db #0x66	; 102	'f'
    00000144 8E                     369 	.db #0x8e	; 142
    00000145 F3                     370 	.db #0xf3	; 243
    00000146 DD                     371 	.db #0xdd	; 221
    00000147 66                     372 	.db #0x66	; 102	'f'
    00000148 CD                     373 	.db #0xcd	; 205
    00000149 77                     374 	.db #0x77	; 119	'w'
    0000014A EF                     375 	.db #0xef	; 239
    0000014B 7E                     376 	.db #0x7e	; 126
    0000014C DC                     377 	.db #0xdc	; 220
    0000014D 77                     378 	.db #0x77	; 119	'w'
    0000014E 9D                     379 	.db #0x9d	; 157
    0000014F E6                     380 	.db #0xe6	; 230
    00000150 E7                     381 	.db #0xe7	; 231
    00000151 84                     382 	.db #0x84	; 132
    00000152 F6                     383 	.db #0xf6	; 246
    00000153 44                     384 	.db #0x44	; 68	'D'
    00000154 7F                     385 	.db #0x7f	; 127
    00000155 3F                     386 	.db #0x3f	; 63
    00000156 3F                     387 	.db #0x3f	; 63
    00000157 20                     388 	.db #0x20	; 32
    00000158 F5                     389 	.db #0xf5	; 245
    00000159 20                     390 	.db #0x20	; 32
    0000015A F8                     391 	.db #0xf8	; 248
    0000015B E0                     392 	.db #0xe0	; 224
    0000015C F0                     393 	.db #0xf0	; 240
    0000015D 20                     394 	.db #0x20	; 32
    0000015E 38                     395 	.db #0x38	; 56	'8'
    0000015F 20                     396 	.db #0x20	; 32
    00000160 0E                     397 	.db #0x0e	; 14
    00000161 04                     398 	.db #0x04	; 4
    00000162 DF                     399 	.db #0xdf	; 223
    00000163 48                     400 	.db #0x48	; 72	'H'
    00000164 FF                     401 	.db #0xff	; 255
    00000165 BF                     402 	.db #0xbf	; 191
    00000166 FF                     403 	.db #0xff	; 255
    00000167 00                     404 	.db #0x00	; 0
    00000168 55                     405 	.db #0x55	; 85	'U'
    00000169 00                     406 	.db #0x00	; 0
    0000016A 00                     407 	.db #0x00	; 0
    0000016B 00                     408 	.db #0x00	; 0
    0000016C 00                     409 	.db #0x00	; 0
    0000016D 00                     410 	.db #0x00	; 0
    0000016E 00                     411 	.db #0x00	; 0
    0000016F 00                     412 	.db #0x00	; 0
    00000170 AF                     413 	.db #0xaf	; 175
    00000171 02                     414 	.db #0x02	; 2
    00000172 1F                     415 	.db #0x1f	; 31
    00000173 14                     416 	.db #0x14	; 20
    00000174 FF                     417 	.db #0xff	; 255
    00000175 EF                     418 	.db #0xef	; 239
    00000176 FF                     419 	.db #0xff	; 255
    00000177 00                     420 	.db #0x00	; 0
    00000178 55                     421 	.db #0x55	; 85	'U'
    00000179 00                     422 	.db #0x00	; 0
    0000017A 00                     423 	.db #0x00	; 0
    0000017B 00                     424 	.db #0x00	; 0
    0000017C 00                     425 	.db #0x00	; 0
    0000017D 00                     426 	.db #0x00	; 0
    0000017E 00                     427 	.db #0x00	; 0
    0000017F 00                     428 	.db #0x00	; 0
    00000180 54                     429 	.db #0x54	; 84	'T'
    00000181 03                     430 	.db #0x03	; 3
    00000182 8E                     431 	.db #0x8e	; 142
    00000183 01                     432 	.db #0x01	; 1
    00000184 FF                     433 	.db #0xff	; 255
    00000185 FF                     434 	.db #0xff	; 255
    00000186 FF                     435 	.db #0xff	; 255
    00000187 00                     436 	.db #0x00	; 0
    00000188 55                     437 	.db #0x55	; 85	'U'
    00000189 00                     438 	.db #0x00	; 0
    0000018A 00                     439 	.db #0x00	; 0
    0000018B 00                     440 	.db #0x00	; 0
    0000018C 00                     441 	.db #0x00	; 0
    0000018D 00                     442 	.db #0x00	; 0
    0000018E 00                     443 	.db #0x00	; 0
    0000018F 00                     444 	.db #0x00	; 0
    00000190 B0                     445 	.db #0xb0	; 176
    00000191 E0                     446 	.db #0xe0	; 224
    00000192 78                     447 	.db #0x78	; 120	'x'
    00000193 E0                     448 	.db #0xe0	; 224
    00000194 F0                     449 	.db #0xf0	; 240
    00000195 E0                     450 	.db #0xe0	; 224
    00000196 F8                     451 	.db #0xf8	; 248
    00000197 00                     452 	.db #0x00	; 0
    00000198 54                     453 	.db #0x54	; 84	'T'
    00000199 00                     454 	.db #0x00	; 0
    0000019A 08                     455 	.db #0x08	; 8
    0000019B 00                     456 	.db #0x00	; 0
    0000019C 00                     457 	.db #0x00	; 0
    0000019D 00                     458 	.db #0x00	; 0
    0000019E 00                     459 	.db #0x00	; 0
    0000019F 00                     460 	.db #0x00	; 0
    000001A0 1C                     461 	.db #0x1c	; 28
    000001A1 07                     462 	.db #0x07	; 7
    000001A2 0E                     463 	.db #0x0e	; 14
    000001A3 05                     464 	.db #0x05	; 5
    000001A4 1F                     465 	.db #0x1f	; 31
    000001A5 04                     466 	.db #0x04	; 4
    000001A6 0E                     467 	.db #0x0e	; 14
    000001A7 04                     468 	.db #0x04	; 4
    000001A8 1D                     469 	.db #0x1d	; 29
    000001A9 04                     470 	.db #0x04	; 4
    000001AA 0C                     471 	.db #0x0c	; 12
    000001AB 04                     472 	.db #0x04	; 4
    000001AC 1D                     473 	.db #0x1d	; 29
    000001AD 04                     474 	.db #0x04	; 4
    000001AE 0E                     475 	.db #0x0e	; 14
    000001AF 04                     476 	.db #0x04	; 4
    000001B0 B5                     477 	.db #0xb5	; 181
    000001B1 CA                     478 	.db #0xca	; 202
    000001B2 40                     479 	.db #0x40	; 64
    000001B3 FF                     480 	.db #0xff	; 255
    000001B4 BF                     481 	.db #0xbf	; 191
    000001B5 7F                     482 	.db #0x7f	; 127
    000001B6 B3                     483 	.db #0xb3	; 179
    000001B7 7C                     484 	.db #0x7c	; 124
    000001B8 29                     485 	.db #0x29	; 41
    000001B9 FE                     486 	.db #0xfe	; 254
    000001BA B5                     487 	.db #0xb5	; 181
    000001BB 6E                     488 	.db #0x6e	; 110	'n'
    000001BC 7A                     489 	.db #0x7a	; 122	'z'
    000001BD C7                     490 	.db #0xc7	; 199
    000001BE B9                     491 	.db #0xb9	; 185
    000001BF 67                     492 	.db #0x67	; 103	'g'
    000001C0 6A                     493 	.db #0x6a	; 106	'j'
    000001C1 B5                     494 	.db #0xb5	; 181
    000001C2 20                     495 	.db #0x20	; 32
    000001C3 FF                     496 	.db #0xff	; 255
    000001C4 FD                     497 	.db #0xfd	; 253
    000001C5 FF                     498 	.db #0xff	; 255
    000001C6 D7                     499 	.db #0xd7	; 215
    000001C7 3A                     500 	.db #0x3a	; 58
    000001C8 A7                     501 	.db #0xa7	; 167
    000001C9 78                     502 	.db #0x78	; 120	'x'
    000001CA AA                     503 	.db #0xaa	; 170
    000001CB 75                     504 	.db #0x75	; 117	'u'
    000001CC 10                     505 	.db #0x10	; 16
    000001CD FF                     506 	.db #0xff	; 255
    000001CE FF                     507 	.db #0xff	; 255
    000001CF EF                     508 	.db #0xef	; 239
    000001D0 C2                     509 	.db #0xc2	; 194
    000001D1 67                     510 	.db #0x67	; 103	'g'
    000001D2 BD                     511 	.db #0xbd	; 189
    000001D3 A5                     512 	.db #0xa5	; 165
    000001D4 DB                     513 	.db #0xdb	; 219
    000001D5 BD                     514 	.db #0xbd	; 189
    000001D6 FF                     515 	.db #0xff	; 255
    000001D7 42                     516 	.db #0x42	; 66	'B'
    000001D8 7F                     517 	.db #0x7f	; 127
    000001D9 E4                     518 	.db #0xe4	; 228
    000001DA A6                     519 	.db #0xa6	; 166
    000001DB 7D                     520 	.db #0x7d	; 125
    000001DC 78                     521 	.db #0x78	; 120	'x'
    000001DD FF                     522 	.db #0xff	; 255
    000001DE FF                     523 	.db #0xff	; 255
    000001DF 9F                     524 	.db #0x9f	; 159
    000001E0 BA                     525 	.db #0xba	; 186
    000001E1 55                     526 	.db #0x55	; 85	'U'
    000001E2 20                     527 	.db #0x20	; 32
    000001E3 FF                     528 	.db #0xff	; 255
    000001E4 FD                     529 	.db #0xfd	; 253
    000001E5 FF                     530 	.db #0xff	; 255
    000001E6 B7                     531 	.db #0xb7	; 183
    000001E7 6A                     532 	.db #0x6a	; 106	'j'
    000001E8 5F                     533 	.db #0x5f	; 95
    000001E9 B0                     534 	.db #0xb0	; 176
    000001EA AC                     535 	.db #0xac	; 172
    000001EB 73                     536 	.db #0x73	; 115	's'
    000001EC C2                     537 	.db #0xc2	; 194
    000001ED FF                     538 	.db #0xff	; 255
    000001EE FF                     539 	.db #0xff	; 255
    000001EF 3D                     540 	.db #0x3d	; 61
    000001F0 B5                     541 	.db #0xb5	; 181
    000001F1 EB                     542 	.db #0xeb	; 235
    000001F2 7D                     543 	.db #0x7d	; 125
    000001F3 E3                     544 	.db #0xe3	; 227
    000001F4 F9                     545 	.db #0xf9	; 249
    000001F5 E7                     546 	.db #0xe7	; 231
    000001F6 B3                     547 	.db #0xb3	; 179
    000001F7 5E                     548 	.db #0x5e	; 94
    000001F8 DB                     549 	.db #0xdb	; 219
    000001F9 2E                     550 	.db #0x2e	; 46
    000001FA 67                     551 	.db #0x67	; 103	'g'
    000001FB 9D                     552 	.db #0x9d	; 157
    000001FC 83                     553 	.db #0x83	; 131
    000001FD FF                     554 	.db #0xff	; 255
    000001FE FF                     555 	.db #0xff	; 255
    000001FF 7E                     556 	.db #0x7e	; 126
    00000200 BC                     557 	.db #0xbc	; 188
    00000201 C7                     558 	.db #0xc7	; 199
    00000202 8D                     559 	.db #0x8d	; 141
    00000203 F6                     560 	.db #0xf6	; 246
    00000204 B7                     561 	.db #0xb7	; 183
    00000205 FF                     562 	.db #0xff	; 255
    00000206 CC                     563 	.db #0xcc	; 204
    00000207 7F                     564 	.db #0x7f	; 127
    00000208 A5                     565 	.db #0xa5	; 165
    00000209 DE                     566 	.db #0xde	; 222
    0000020A 9C                     567 	.db #0x9c	; 156
    0000020B E7                     568 	.db #0xe7	; 231
    0000020C B9                     569 	.db #0xb9	; 185
    0000020D CE                     570 	.db #0xce	; 206
    0000020E 9C                     571 	.db #0x9c	; 156
    0000020F E7                     572 	.db #0xe7	; 231
    00000210 F8                     573 	.db #0xf8	; 248
    00000211 20                     574 	.db #0x20	; 32
    00000212 F0                     575 	.db #0xf0	; 240
    00000213 A0                     576 	.db #0xa0	; 160
    00000214 F8                     577 	.db #0xf8	; 248
    00000215 60                     578 	.db #0x60	; 96
    00000216 F0                     579 	.db #0xf0	; 240
    00000217 20                     580 	.db #0x20	; 32
    00000218 78                     581 	.db #0x78	; 120	'x'
    00000219 40                     582 	.db #0x40	; 64
    0000021A B0                     583 	.db #0xb0	; 176
    0000021B 20                     584 	.db #0x20	; 32
    0000021C 38                     585 	.db #0x38	; 56	'8'
    0000021D 20                     586 	.db #0x20	; 32
    0000021E B0                     587 	.db #0xb0	; 176
    0000021F 20                     588 	.db #0x20	; 32
    00000220 0E                     589 	.db #0x0e	; 14
    00000221 04                     590 	.db #0x04	; 4
    00000222 1E                     591 	.db #0x1e	; 30
    00000223 02                     592 	.db #0x02	; 2
    00000224 0C                     593 	.db #0x0c	; 12
    00000225 04                     594 	.db #0x04	; 4
    00000226 1E                     595 	.db #0x1e	; 30
    00000227 04                     596 	.db #0x04	; 4
    00000228 0F                     597 	.db #0x0f	; 15
    00000229 06                     598 	.db #0x06	; 6
    0000022A 1F                     599 	.db #0x1f	; 31
    0000022B 05                     600 	.db #0x05	; 5
    0000022C 0F                     601 	.db #0x0f	; 15
    0000022D 04                     602 	.db #0x04	; 4
    0000022E 1E                     603 	.db #0x1e	; 30
    0000022F 04                     604 	.db #0x04	; 4
    00000230 79                     605 	.db #0x79	; 121	'y'
    00000231 E7                     606 	.db #0xe7	; 231
    00000232 BD                     607 	.db #0xbd	; 189
    00000233 93                     608 	.db #0x93	; 147
    00000234 5D                     609 	.db #0x5d	; 93
    00000235 EF                     610 	.db #0xef	; 239
    00000236 7B                     611 	.db #0x7b	; 123
    00000237 27                     612 	.db #0x27	; 39
    00000238 7B                     613 	.db #0x7b	; 123
    00000239 27                     614 	.db #0x27	; 39
    0000023A 5F                     615 	.db #0x5f	; 95
    0000023B EE                     616 	.db #0xee	; 238
    0000023C BB                     617 	.db #0xbb	; 187
    0000023D 9E                     618 	.db #0x9e	; 158
    0000023E F5                     619 	.db #0xf5	; 245
    0000023F 6B                     620 	.db #0x6b	; 107	'k'
    00000240 ED                     621 	.db #0xed	; 237
    00000241 56                     622 	.db #0x56	; 86	'V'
    00000242 D4                     623 	.db #0xd4	; 212
    00000243 6F                     624 	.db #0x6f	; 111	'o'
    00000244 AF                     625 	.db #0xaf	; 175
    00000245 FE                     626 	.db #0xfe	; 254
    00000246 9D                     627 	.db #0x9d	; 157
    00000247 F7                     628 	.db #0xf7	; 247
    00000248 B5                     629 	.db #0xb5	; 181
    00000249 CE                     630 	.db #0xce	; 206
    0000024A BC                     631 	.db #0xbc	; 188
    0000024B C7                     632 	.db #0xc7	; 199
    0000024C D9                     633 	.db #0xd9	; 217
    0000024D 6E                     634 	.db #0x6e	; 110	'n'
    0000024E 9C                     635 	.db #0x9c	; 156
    0000024F E7                     636 	.db #0xe7	; 231
    00000250 B8                     637 	.db #0xb8	; 184
    00000251 20                     638 	.db #0x20	; 32
    00000252 F0                     639 	.db #0xf0	; 240
    00000253 20                     640 	.db #0x20	; 32
    00000254 F8                     641 	.db #0xf8	; 248
    00000255 E0                     642 	.db #0xe0	; 224
    00000256 35                     643 	.db #0x35	; 53	'5'
    00000257 20                     644 	.db #0x20	; 32
    00000258 7F                     645 	.db #0x7f	; 127
    00000259 20                     646 	.db #0x20	; 32
    0000025A FF                     647 	.db #0xff	; 255
    0000025B 3F                     648 	.db #0x3f	; 63
    0000025C EE                     649 	.db #0xee	; 238
    0000025D 44                     650 	.db #0x44	; 68	'D'
    0000025E CE                     651 	.db #0xce	; 206
    0000025F 84                     652 	.db #0x84	; 132
    00000260 0E                     653 	.db #0x0e	; 14
    00000261 04                     654 	.db #0x04	; 4
    00000262 1D                     655 	.db #0x1d	; 29
    00000263 04                     656 	.db #0x04	; 4
    00000264 0C                     657 	.db #0x0c	; 12
    00000265 04                     658 	.db #0x04	; 4
    00000266 1D                     659 	.db #0x1d	; 29
    00000267 04                     660 	.db #0x04	; 4
    00000268 0E                     661 	.db #0x0e	; 14
    00000269 04                     662 	.db #0x04	; 4
    0000026A 1F                     663 	.db #0x1f	; 31
    0000026B 04                     664 	.db #0x04	; 4
    0000026C 0E                     665 	.db #0x0e	; 14
    0000026D 05                     666 	.db #0x05	; 5
    0000026E 1C                     667 	.db #0x1c	; 28
    0000026F 07                     668 	.db #0x07	; 7
    00000270 BD                     669 	.db #0xbd	; 189
    00000271 63                     670 	.db #0x63	; 99	'c'
    00000272 32                     671 	.db #0x32	; 50	'2'
    00000273 EF                     672 	.db #0xef	; 239
    00000274 A4                     673 	.db #0xa4	; 164
    00000275 7F                     674 	.db #0x7f	; 127
    00000276 2B                     675 	.db #0x2b	; 43
    00000277 FC                     676 	.db #0xfc	; 252
    00000278 B7                     677 	.db #0xb7	; 183
    00000279 78                     678 	.db #0x78	; 120	'x'
    0000027A BF                     679 	.db #0xbf	; 191
    0000027B 7D                     680 	.db #0x7d	; 125
    0000027C 42                     681 	.db #0x42	; 66	'B'
    0000027D FF                     682 	.db #0xff	; 255
    0000027E B5                     683 	.db #0xb5	; 181
    0000027F CA                     684 	.db #0xca	; 202
    00000280 00                     685 	.db #0x00	; 0
    00000281 00                     686 	.db #0x00	; 0
    00000282 00                     687 	.db #0x00	; 0
    00000283 00                     688 	.db #0x00	; 0
    00000284 00                     689 	.db #0x00	; 0
    00000285 00                     690 	.db #0x00	; 0
    00000286 55                     691 	.db #0x55	; 85	'U'
    00000287 00                     692 	.db #0x00	; 0
    00000288 FF                     693 	.db #0xff	; 255
    00000289 00                     694 	.db #0x00	; 0
    0000028A FF                     695 	.db #0xff	; 255
    0000028B FF                     696 	.db #0xff	; 255
    0000028C 8E                     697 	.db #0x8e	; 142
    0000028D 01                     698 	.db #0x01	; 1
    0000028E 54                     699 	.db #0x54	; 84	'T'
    0000028F 03                     700 	.db #0x03	; 3
    00000290 00                     701 	.db #0x00	; 0
    00000291 00                     702 	.db #0x00	; 0
    00000292 00                     703 	.db #0x00	; 0
    00000293 00                     704 	.db #0x00	; 0
    00000294 08                     705 	.db #0x08	; 8
    00000295 00                     706 	.db #0x00	; 0
    00000296 54                     707 	.db #0x54	; 84	'T'
    00000297 00                     708 	.db #0x00	; 0
    00000298 F8                     709 	.db #0xf8	; 248
    00000299 00                     710 	.db #0x00	; 0
    0000029A F0                     711 	.db #0xf0	; 240
    0000029B E0                     712 	.db #0xe0	; 224
    0000029C 78                     713 	.db #0x78	; 120	'x'
    0000029D E0                     714 	.db #0xe0	; 224
    0000029E B0                     715 	.db #0xb0	; 176
    0000029F E0                     716 	.db #0xe0	; 224
    000002A0 0D                     717 	.db #0x0d	; 13
    000002A1 07                     718 	.db #0x07	; 7
    000002A2 1E                     719 	.db #0x1e	; 30
    000002A3 07                     720 	.db #0x07	; 7
    000002A4 0F                     721 	.db #0x0f	; 15
    000002A5 07                     722 	.db #0x07	; 7
    000002A6 1F                     723 	.db #0x1f	; 31
    000002A7 00                     724 	.db #0x00	; 0
    000002A8 2A                     725 	.db #0x2a	; 42
    000002A9 00                     726 	.db #0x00	; 0
    000002AA 10                     727 	.db #0x10	; 16
    000002AB 00                     728 	.db #0x00	; 0
    000002AC 00                     729 	.db #0x00	; 0
    000002AD 00                     730 	.db #0x00	; 0
    000002AE 00                     731 	.db #0x00	; 0
    000002AF 00                     732 	.db #0x00	; 0
    000002B0 2A                     733 	.db #0x2a	; 42
    000002B1 C0                     734 	.db #0xc0	; 192
    000002B2 71                     735 	.db #0x71	; 113	'q'
    000002B3 80                     736 	.db #0x80	; 128
    000002B4 FF                     737 	.db #0xff	; 255
    000002B5 FF                     738 	.db #0xff	; 255
    000002B6 FF                     739 	.db #0xff	; 255
    000002B7 00                     740 	.db #0x00	; 0
    000002B8 AA                     741 	.db #0xaa	; 170
    000002B9 00                     742 	.db #0x00	; 0
    000002BA 00                     743 	.db #0x00	; 0
    000002BB 00                     744 	.db #0x00	; 0
    000002BC 00                     745 	.db #0x00	; 0
    000002BD 00                     746 	.db #0x00	; 0
    000002BE 00                     747 	.db #0x00	; 0
    000002BF 00                     748 	.db #0x00	; 0
    000002C0 FF                     749 	.db #0xff	; 255
    000002C1 85                     750 	.db #0x85	; 133
    000002C2 7A                     751 	.db #0x7a	; 122	'z'
    000002C3 FF                     752 	.db #0xff	; 255
    000002C4 20                     753 	.db #0x20	; 32
    000002C5 FF                     754 	.db #0xff	; 255
    000002C6 CB                     755 	.db #0xcb	; 203
    000002C7 74                     756 	.db #0x74	; 116	't'
    000002C8 FF                     757 	.db #0xff	; 255
    000002C9 20                     758 	.db #0x20	; 32
    000002CA FF                     759 	.db #0xff	; 255
    000002CB FB                     760 	.db #0xfb	; 251
    000002CC 24                     761 	.db #0x24	; 36
    000002CD FF                     762 	.db #0xff	; 255
    000002CE BA                     763 	.db #0xba	; 186
    000002CF 55                     764 	.db #0x55	; 85	'U'
    000002D0 FF                     765 	.db #0xff	; 255
    000002D1 E6                     766 	.db #0xe6	; 230
    000002D2 1F                     767 	.db #0x1f	; 31
    000002D3 FB                     768 	.db #0xfb	; 251
    000002D4 C5                     769 	.db #0xc5	; 197
    000002D5 3F                     770 	.db #0x3f	; 63
    000002D6 69                     771 	.db #0x69	; 105	'i'
    000002D7 9F                     772 	.db #0x9f	; 159
    000002D8 F9                     773 	.db #0xf9	; 249
    000002D9 17                     774 	.db #0x17	; 23
    000002DA F5                     775 	.db #0xf5	; 245
    000002DB EB                     776 	.db #0xeb	; 235
    000002DC 6D                     777 	.db #0x6d	; 109	'm'
    000002DD F3                     778 	.db #0xf3	; 243
    000002DE BB                     779 	.db #0xbb	; 187
    000002DF E6                     780 	.db #0xe6	; 230
    000002E0 DD                     781 	.db #0xdd	; 221
    000002E1 67                     782 	.db #0x67	; 103	'g'
    000002E2 B6                     783 	.db #0xb6	; 182
    000002E3 CF                     784 	.db #0xcf	; 207
    000002E4 AF                     785 	.db #0xaf	; 175
    000002E5 D7                     786 	.db #0xd7	; 215
    000002E6 9F                     787 	.db #0x9f	; 159
    000002E7 E8                     788 	.db #0xe8	; 232
    000002E8 96                     789 	.db #0x96	; 150
    000002E9 F9                     790 	.db #0xf9	; 249
    000002EA A3                     791 	.db #0xa3	; 163
    000002EB FC                     792 	.db #0xfc	; 252
    000002EC F8                     793 	.db #0xf8	; 248
    000002ED DF                     794 	.db #0xdf	; 223
    000002EE FF                     795 	.db #0xff	; 255
    000002EF 67                     796 	.db #0x67	; 103	'g'
    000002F0 5D                     797 	.db #0x5d	; 93
    000002F1 AA                     798 	.db #0xaa	; 170
    000002F2 24                     799 	.db #0x24	; 36
    000002F3 FF                     800 	.db #0xff	; 255
    000002F4 FF                     801 	.db #0xff	; 255
    000002F5 DF                     802 	.db #0xdf	; 223
    000002F6 FF                     803 	.db #0xff	; 255
    000002F7 04                     804 	.db #0x04	; 4
    000002F8 D3                     805 	.db #0xd3	; 211
    000002F9 2E                     806 	.db #0x2e	; 46
    000002FA 04                     807 	.db #0x04	; 4
    000002FB FF                     808 	.db #0xff	; 255
    000002FC 5E                     809 	.db #0x5e	; 94
    000002FD FF                     810 	.db #0xff	; 255
    000002FE FF                     811 	.db #0xff	; 255
    000002FF A1                     812 	.db #0xa1	; 161
    00000300 AF                     813 	.db #0xaf	; 175
    00000301 D6                     814 	.db #0xd6	; 214
    00000302 DD                     815 	.db #0xdd	; 221
    00000303 79                     816 	.db #0x79	; 121	'y'
    00000304 FA                     817 	.db #0xfa	; 250
    00000305 77                     818 	.db #0x77	; 119	'w'
    00000306 DE                     819 	.db #0xde	; 222
    00000307 E4                     820 	.db #0xe4	; 228
    00000308 DE                     821 	.db #0xde	; 222
    00000309 E4                     822 	.db #0xe4	; 228
    0000030A BA                     823 	.db #0xba	; 186
    0000030B F7                     824 	.db #0xf7	; 247
    0000030C BD                     825 	.db #0xbd	; 189
    0000030D C9                     826 	.db #0xc9	; 201
    0000030E 9E                     827 	.db #0x9e	; 158
    0000030F E7                     828 	.db #0xe7	; 231
    00000310 78                     829 	.db #0x78	; 120	'x'
    00000311 20                     830 	.db #0x20	; 32
    00000312 F0                     831 	.db #0xf0	; 240
    00000313 20                     832 	.db #0x20	; 32
    00000314 F8                     833 	.db #0xf8	; 248
    00000315 A0                     834 	.db #0xa0	; 160
    00000316 F0                     835 	.db #0xf0	; 240
    00000317 60                     836 	.db #0x60	; 96
    00000318 78                     837 	.db #0x78	; 120	'x'
    00000319 20                     838 	.db #0x20	; 32
    0000031A 30                     839 	.db #0x30	; 48	'0'
    0000031B 20                     840 	.db #0x20	; 32
    0000031C 78                     841 	.db #0x78	; 120	'x'
    0000031D 40                     842 	.db #0x40	; 64
    0000031E 70                     843 	.db #0x70	; 112	'p'
    0000031F 20                     844 	.db #0x20	; 32
    00000320 0D                     845 	.db #0x0d	; 13
    00000321 04                     846 	.db #0x04	; 4
    00000322 1C                     847 	.db #0x1c	; 28
    00000323 04                     848 	.db #0x04	; 4
    00000324 0D                     849 	.db #0x0d	; 13
    00000325 04                     850 	.db #0x04	; 4
    00000326 1E                     851 	.db #0x1e	; 30
    00000327 02                     852 	.db #0x02	; 2
    00000328 0F                     853 	.db #0x0f	; 15
    00000329 04                     854 	.db #0x04	; 4
    0000032A 1F                     855 	.db #0x1f	; 31
    0000032B 06                     856 	.db #0x06	; 6
    0000032C 0F                     857 	.db #0x0f	; 15
    0000032D 05                     858 	.db #0x05	; 5
    0000032E 1F                     859 	.db #0x1f	; 31
    0000032F 04                     860 	.db #0x04	; 4
    00000330 39                     861 	.db #0x39	; 57	'9'
    00000331 E7                     862 	.db #0xe7	; 231
    00000332 9D                     863 	.db #0x9d	; 157
    00000333 73                     864 	.db #0x73	; 115	's'
    00000334 39                     865 	.db #0x39	; 57	'9'
    00000335 E7                     866 	.db #0xe7	; 231
    00000336 A5                     867 	.db #0xa5	; 165
    00000337 7B                     868 	.db #0x7b	; 123
    00000338 33                     869 	.db #0x33	; 51	'3'
    00000339 FE                     870 	.db #0xfe	; 254
    0000033A ED                     871 	.db #0xed	; 237
    0000033B FF                     872 	.db #0xff	; 255
    0000033C B1                     873 	.db #0xb1	; 177
    0000033D 6F                     874 	.db #0x6f	; 111	'o'
    0000033E 3D                     875 	.db #0x3d	; 61
    0000033F E3                     876 	.db #0xe3	; 227
    00000340 00                     877 	.db #0x00	; 0
    00000341 00                     878 	.db #0x00	; 0
    00000342 00                     879 	.db #0x00	; 0
    00000343 00                     880 	.db #0x00	; 0
    00000344 00                     881 	.db #0x00	; 0
    00000345 00                     882 	.db #0x00	; 0
    00000346 00                     883 	.db #0x00	; 0
    00000347 00                     884 	.db #0x00	; 0
    00000348 00                     885 	.db #0x00	; 0
    00000349 00                     886 	.db #0x00	; 0
    0000034A 00                     887 	.db #0x00	; 0
    0000034B 00                     888 	.db #0x00	; 0
    0000034C 00                     889 	.db #0x00	; 0
    0000034D 00                     890 	.db #0x00	; 0
    0000034E 00                     891 	.db #0x00	; 0
    0000034F 00                     892 	.db #0x00	; 0
                                    893 	.area _INITIALIZER
                                    894 	.area _CABS (ABS)
