                                      1 ;--------------------------------------------------------
                                      2 ; File Created by SDCC : free open source ISO C Compiler
                                      3 ; Version 4.5.1 #15267 (MINGW64)
                                      4 ;--------------------------------------------------------
                                      5 	.module DungeonTiles4
                                      6 	
                                      7 ;--------------------------------------------------------
                                      8 ; Public variables in this module
                                      9 ;--------------------------------------------------------
                                     10 	.globl _DungeonTiles4
                                     11 ;--------------------------------------------------------
                                     12 ; special function registers
                                     13 ;--------------------------------------------------------
                                     14 	.area _HRAM
                                     15 ;--------------------------------------------------------
                                     16 ; ram data
                                     17 ;--------------------------------------------------------
                                     18 	.area _DATA
                                     19 ;--------------------------------------------------------
                                     20 ; ram data
                                     21 ;--------------------------------------------------------
                                     22 	.area _INITIALIZED
                                     23 ;--------------------------------------------------------
                                     24 ; absolute external ram data
                                     25 ;--------------------------------------------------------
                                     26 	.area _DABS (ABS)
                                     27 ;--------------------------------------------------------
                                     28 ; global & static initialisations
                                     29 ;--------------------------------------------------------
                                     30 	.area _HOME
                                     31 	.area _GSINIT
                                     32 	.area _GSFINAL
                                     33 	.area _GSINIT
                                     34 ;--------------------------------------------------------
                                     35 ; Home
                                     36 ;--------------------------------------------------------
                                     37 	.area _HOME
                                     38 	.area _HOME
                                     39 ;--------------------------------------------------------
                                     40 ; code
                                     41 ;--------------------------------------------------------
                                     42 	.area _CODE_5
                                     43 	.area _CODE_5
    00000000                         44 _DungeonTiles4:
    00000000 FF                      45 	.db #0xff	; 255
    00000001 00                      46 	.db #0x00	; 0
    00000002 BE                      47 	.db #0xbe	; 190
    00000003 00                      48 	.db #0x00	; 0
    00000004 F7                      49 	.db #0xf7	; 247
    00000005 00                      50 	.db #0x00	; 0
    00000006 E3                      51 	.db #0xe3	; 227
    00000007 00                      52 	.db #0x00	; 0
    00000008 C9                      53 	.db #0xc9	; 201
    00000009 00                      54 	.db #0x00	; 0
    0000000A E3                      55 	.db #0xe3	; 227
    0000000B 00                      56 	.db #0x00	; 0
    0000000C F7                      57 	.db #0xf7	; 247
    0000000D 00                      58 	.db #0x00	; 0
    0000000E BE                      59 	.db #0xbe	; 190
    0000000F 00                      60 	.db #0x00	; 0
    00000010 FF                      61 	.db #0xff	; 255
    00000011 00                      62 	.db #0x00	; 0
    00000012 FF                      63 	.db #0xff	; 255
    00000013 00                      64 	.db #0x00	; 0
    00000014 C7                      65 	.db #0xc7	; 199
    00000015 00                      66 	.db #0x00	; 0
    00000016 83                      67 	.db #0x83	; 131
    00000017 00                      68 	.db #0x00	; 0
    00000018 AB                      69 	.db #0xab	; 171
    00000019 00                      70 	.db #0x00	; 0
    0000001A 83                      71 	.db #0x83	; 131
    0000001B 00                      72 	.db #0x00	; 0
    0000001C C7                      73 	.db #0xc7	; 199
    0000001D 00                      74 	.db #0x00	; 0
    0000001E FF                      75 	.db #0xff	; 255
    0000001F 00                      76 	.db #0x00	; 0
    00000020 FF                      77 	.db #0xff	; 255
    00000021 00                      78 	.db #0x00	; 0
    00000022 E3                      79 	.db #0xe3	; 227
    00000023 00                      80 	.db #0x00	; 0
    00000024 C1                      81 	.db #0xc1	; 193
    00000025 00                      82 	.db #0x00	; 0
    00000026 D5                      83 	.db #0xd5	; 213
    00000027 00                      84 	.db #0x00	; 0
    00000028 C1                      85 	.db #0xc1	; 193
    00000029 00                      86 	.db #0x00	; 0
    0000002A E3                      87 	.db #0xe3	; 227
    0000002B 00                      88 	.db #0x00	; 0
    0000002C FF                      89 	.db #0xff	; 255
    0000002D 00                      90 	.db #0x00	; 0
    0000002E FF                      91 	.db #0xff	; 255
    0000002F 00                      92 	.db #0x00	; 0
    00000030 7D                      93 	.db #0x7d	; 125
    00000031 00                      94 	.db #0x00	; 0
    00000032 EF                      95 	.db #0xef	; 239
    00000033 00                      96 	.db #0x00	; 0
    00000034 C7                      97 	.db #0xc7	; 199
    00000035 00                      98 	.db #0x00	; 0
    00000036 93                      99 	.db #0x93	; 147
    00000037 00                     100 	.db #0x00	; 0
    00000038 C7                     101 	.db #0xc7	; 199
    00000039 00                     102 	.db #0x00	; 0
    0000003A EF                     103 	.db #0xef	; 239
    0000003B 00                     104 	.db #0x00	; 0
    0000003C 7D                     105 	.db #0x7d	; 125
    0000003D 00                     106 	.db #0x00	; 0
    0000003E FF                     107 	.db #0xff	; 255
    0000003F 00                     108 	.db #0x00	; 0
    00000040 FF                     109 	.db #0xff	; 255
    00000041 7E                     110 	.db #0x7e	; 126
    00000042 81                     111 	.db #0x81	; 129
    00000043 FF                     112 	.db #0xff	; 255
    00000044 80                     113 	.db #0x80	; 128
    00000045 FF                     114 	.db #0xff	; 255
    00000046 CA                     115 	.db #0xca	; 202
    00000047 75                     116 	.db #0x75	; 117	'u'
    00000048 D5                     117 	.db #0xd5	; 213
    00000049 6A                     118 	.db #0x6a	; 106	'j'
    0000004A 8F                     119 	.db #0x8f	; 143
    0000004B F7                     120 	.db #0xf7	; 247
    0000004C 94                     121 	.db #0x94	; 148
    0000004D EF                     122 	.db #0xef	; 239
    0000004E 8D                     123 	.db #0x8d	; 141
    0000004F F6                     124 	.db #0xf6	; 246
    00000050 FF                     125 	.db #0xff	; 255
    00000051 BD                     126 	.db #0xbd	; 189
    00000052 5A                     127 	.db #0x5a	; 90	'Z'
    00000053 E7                     128 	.db #0xe7	; 231
    00000054 3C                     129 	.db #0x3c	; 60
    00000055 DB                     130 	.db #0xdb	; 219
    00000056 DB                     131 	.db #0xdb	; 219
    00000057 18                     132 	.db #0x18	; 24
    00000058 7E                     133 	.db #0x7e	; 126
    00000059 81                     134 	.db #0x81	; 129
    0000005A FF                     135 	.db #0xff	; 255
    0000005B FF                     136 	.db #0xff	; 255
    0000005C DD                     137 	.db #0xdd	; 221
    0000005D 22                     138 	.db #0x22	; 34
    0000005E E3                     139 	.db #0xe3	; 227
    0000005F 14                     140 	.db #0x14	; 20
    00000060 FF                     141 	.db #0xff	; 255
    00000061 F9                     142 	.db #0xf9	; 249
    00000062 1E                     143 	.db #0x1e	; 30
    00000063 E7                     144 	.db #0xe7	; 231
    00000064 3C                     145 	.db #0x3c	; 60
    00000065 DB                     146 	.db #0xdb	; 219
    00000066 5A                     147 	.db #0x5a	; 90	'Z'
    00000067 99                     148 	.db #0x99	; 153
    00000068 BD                     149 	.db #0xbd	; 189
    00000069 42                     150 	.db #0x42	; 66	'B'
    0000006A FF                     151 	.db #0xff	; 255
    0000006B FF                     152 	.db #0xff	; 255
    0000006C BB                     153 	.db #0xbb	; 187
    0000006D 44                     154 	.db #0x44	; 68	'D'
    0000006E C3                     155 	.db #0xc3	; 195
    0000006F 28                     156 	.db #0x28	; 40
    00000070 FF                     157 	.db #0xff	; 255
    00000071 FF                     158 	.db #0xff	; 255
    00000072 18                     159 	.db #0x18	; 24
    00000073 E7                     160 	.db #0xe7	; 231
    00000074 3C                     161 	.db #0x3c	; 60
    00000075 DB                     162 	.db #0xdb	; 219
    00000076 5A                     163 	.db #0x5a	; 90	'Z'
    00000077 99                     164 	.db #0x99	; 153
    00000078 BD                     165 	.db #0xbd	; 189
    00000079 42                     166 	.db #0x42	; 66	'B'
    0000007A FF                     167 	.db #0xff	; 255
    0000007B FF                     168 	.db #0xff	; 255
    0000007C 5D                     169 	.db #0x5d	; 93
    0000007D A2                     170 	.db #0xa2	; 162
    0000007E E3                     171 	.db #0xe3	; 227
    0000007F 14                     172 	.db #0x14	; 20
    00000080 97                     173 	.db #0x97	; 151
    00000081 EC                     174 	.db #0xec	; 236
    00000082 4D                     175 	.db #0x4d	; 77	'M'
    00000083 F6                     176 	.db #0xf6	; 246
    00000084 36                     177 	.db #0x36	; 54	'6'
    00000085 ED                     178 	.db #0xed	; 237
    00000086 B7                     179 	.db #0xb7	; 183
    00000087 5C                     180 	.db #0x5c	; 92
    00000088 4E                     181 	.db #0x4e	; 78	'N'
    00000089 BD                     182 	.db #0xbd	; 189
    0000008A FD                     183 	.db #0xfd	; 253
    0000008B FE                     184 	.db #0xfe	; 254
    0000008C BA                     185 	.db #0xba	; 186
    0000008D 47                     186 	.db #0x47	; 71	'G'
    0000008E D5                     187 	.db #0xd5	; 213
    0000008F 2B                     188 	.db #0x2b	; 43
    00000090 B0                     189 	.db #0xb0	; 176
    00000091 20                     190 	.db #0x20	; 32
    00000092 38                     191 	.db #0x38	; 56	'8'
    00000093 E0                     192 	.db #0xe0	; 224
    00000094 70                     193 	.db #0x70	; 112	'p'
    00000095 20                     194 	.db #0x20	; 32
    00000096 38                     195 	.db #0x38	; 56	'8'
    00000097 E0                     196 	.db #0xe0	; 224
    00000098 70                     197 	.db #0x70	; 112	'p'
    00000099 20                     198 	.db #0x20	; 32
    0000009A 38                     199 	.db #0x38	; 56	'8'
    0000009B E0                     200 	.db #0xe0	; 224
    0000009C B0                     201 	.db #0xb0	; 176
    0000009D 60                     202 	.db #0x60	; 96
    0000009E 38                     203 	.db #0x38	; 56	'8'
    0000009F E0                     204 	.db #0xe0	; 224
    000000A0 00                     205 	.db #0x00	; 0
    000000A1 00                     206 	.db #0x00	; 0
    000000A2 00                     207 	.db #0x00	; 0
    000000A3 00                     208 	.db #0x00	; 0
    000000A4 10                     209 	.db #0x10	; 16
    000000A5 00                     210 	.db #0x00	; 0
    000000A6 2A                     211 	.db #0x2a	; 42
    000000A7 00                     212 	.db #0x00	; 0
    000000A8 1F                     213 	.db #0x1f	; 31
    000000A9 00                     214 	.db #0x00	; 0
    000000AA 0F                     215 	.db #0x0f	; 15
    000000AB 07                     216 	.db #0x07	; 7
    000000AC 1E                     217 	.db #0x1e	; 30
    000000AD 07                     218 	.db #0x07	; 7
    000000AE 0D                     219 	.db #0x0d	; 13
    000000AF 07                     220 	.db #0x07	; 7
    000000B0 00                     221 	.db #0x00	; 0
    000000B1 00                     222 	.db #0x00	; 0
    000000B2 00                     223 	.db #0x00	; 0
    000000B3 00                     224 	.db #0x00	; 0
    000000B4 00                     225 	.db #0x00	; 0
    000000B5 00                     226 	.db #0x00	; 0
    000000B6 AA                     227 	.db #0xaa	; 170
    000000B7 00                     228 	.db #0x00	; 0
    000000B8 FF                     229 	.db #0xff	; 255
    000000B9 00                     230 	.db #0x00	; 0
    000000BA FF                     231 	.db #0xff	; 255
    000000BB FF                     232 	.db #0xff	; 255
    000000BC 15                     233 	.db #0x15	; 21
    000000BD EA                     234 	.db #0xea	; 234
    000000BE 41                     235 	.db #0x41	; 65	'A'
    000000BF AA                     236 	.db #0xaa	; 170
    000000C0 00                     237 	.db #0x00	; 0
    000000C1 00                     238 	.db #0x00	; 0
    000000C2 00                     239 	.db #0x00	; 0
    000000C3 00                     240 	.db #0x00	; 0
    000000C4 00                     241 	.db #0x00	; 0
    000000C5 00                     242 	.db #0x00	; 0
    000000C6 AA                     243 	.db #0xaa	; 170
    000000C7 00                     244 	.db #0x00	; 0
    000000C8 FF                     245 	.db #0xff	; 255
    000000C9 00                     246 	.db #0x00	; 0
    000000CA FF                     247 	.db #0xff	; 255
    000000CB FF                     248 	.db #0xff	; 255
    000000CC 2B                     249 	.db #0x2b	; 43
    000000CD 54                     250 	.db #0x54	; 84	'T'
    000000CE 83                     251 	.db #0x83	; 131
    000000CF 54                     252 	.db #0x54	; 84	'T'
    000000D0 00                     253 	.db #0x00	; 0
    000000D1 00                     254 	.db #0x00	; 0
    000000D2 00                     255 	.db #0x00	; 0
    000000D3 00                     256 	.db #0x00	; 0
    000000D4 00                     257 	.db #0x00	; 0
    000000D5 00                     258 	.db #0x00	; 0
    000000D6 AA                     259 	.db #0xaa	; 170
    000000D7 00                     260 	.db #0x00	; 0
    000000D8 FF                     261 	.db #0xff	; 255
    000000D9 00                     262 	.db #0x00	; 0
    000000DA FF                     263 	.db #0xff	; 255
    000000DB FF                     264 	.db #0xff	; 255
    000000DC 55                     265 	.db #0x55	; 85	'U'
    000000DD 2A                     266 	.db #0x2a	; 42
    000000DE C1                     267 	.db #0xc1	; 193
    000000DF 2A                     268 	.db #0x2a	; 42
    000000E0 1D                     269 	.db #0x1d	; 29
    000000E1 04                     270 	.db #0x04	; 4
    000000E2 0C                     271 	.db #0x0c	; 12
    000000E3 07                     272 	.db #0x07	; 7
    000000E4 1E                     273 	.db #0x1e	; 30
    000000E5 04                     274 	.db #0x04	; 4
    000000E6 AC                     275 	.db #0xac	; 172
    000000E7 07                     276 	.db #0x07	; 7
    000000E8 FE                     277 	.db #0xfe	; 254
    000000E9 04                     278 	.db #0x04	; 4
    000000EA FC                     279 	.db #0xfc	; 252
    000000EB FF                     280 	.db #0xff	; 255
    000000EC 29                     281 	.db #0x29	; 41
    000000ED 54                     282 	.db #0x54	; 84	'T'
    000000EE 83                     283 	.db #0x83	; 131
    000000EF 54                     284 	.db #0x54	; 84	'T'
    000000F0 E1                     285 	.db #0xe1	; 225
    000000F1 3F                     286 	.db #0x3f	; 63
    000000F2 AB                     287 	.db #0xab	; 171
    000000F3 76                     288 	.db #0x76	; 118	'v'
    000000F4 77                     289 	.db #0x77	; 119	'w'
    000000F5 A2                     290 	.db #0xa2	; 162
    000000F6 7F                     291 	.db #0x7f	; 127
    000000F7 2D                     292 	.db #0x2d	; 45
    000000F8 7F                     293 	.db #0x7f	; 127
    000000F9 AD                     294 	.db #0xad	; 173
    000000FA B5                     295 	.db #0xb5	; 181
    000000FB 63                     296 	.db #0x63	; 99	'c'
    000000FC E9                     297 	.db #0xe9	; 233
    000000FD 37                     298 	.db #0x37	; 55	'7'
    000000FE F1                     299 	.db #0xf1	; 241
    000000FF 2F                     300 	.db #0x2f	; 47
    00000100 D5                     301 	.db #0xd5	; 213
    00000101 2B                     302 	.db #0x2b	; 43
    00000102 BA                     303 	.db #0xba	; 186
    00000103 47                     304 	.db #0x47	; 71	'G'
    00000104 FD                     305 	.db #0xfd	; 253
    00000105 FE                     306 	.db #0xfe	; 254
    00000106 4E                     307 	.db #0x4e	; 78	'N'
    00000107 BD                     308 	.db #0xbd	; 189
    00000108 B7                     309 	.db #0xb7	; 183
    00000109 5C                     310 	.db #0x5c	; 92
    0000010A 36                     311 	.db #0x36	; 54	'6'
    0000010B ED                     312 	.db #0xed	; 237
    0000010C 4D                     313 	.db #0x4d	; 77	'M'
    0000010D F6                     314 	.db #0xf6	; 246
    0000010E 97                     315 	.db #0x97	; 151
    0000010F EC                     316 	.db #0xec	; 236
    00000110 38                     317 	.db #0x38	; 56	'8'
    00000111 E0                     318 	.db #0xe0	; 224
    00000112 B0                     319 	.db #0xb0	; 176
    00000113 60                     320 	.db #0x60	; 96
    00000114 38                     321 	.db #0x38	; 56	'8'
    00000115 E0                     322 	.db #0xe0	; 224
    00000116 70                     323 	.db #0x70	; 112	'p'
    00000117 20                     324 	.db #0x20	; 32
    00000118 38                     325 	.db #0x38	; 56	'8'
    00000119 E0                     326 	.db #0xe0	; 224
    0000011A 70                     327 	.db #0x70	; 112	'p'
    0000011B 20                     328 	.db #0x20	; 32
    0000011C 38                     329 	.db #0x38	; 56	'8'
    0000011D E0                     330 	.db #0xe0	; 224
    0000011E F0                     331 	.db #0xf0	; 240
    0000011F 20                     332 	.db #0x20	; 32
    00000120 83                     333 	.db #0x83	; 131
    00000121 54                     334 	.db #0x54	; 84	'T'
    00000122 29                     335 	.db #0x29	; 41
    00000123 54                     336 	.db #0x54	; 84	'T'
    00000124 FC                     337 	.db #0xfc	; 252
    00000125 FF                     338 	.db #0xff	; 255
    00000126 FE                     339 	.db #0xfe	; 254
    00000127 04                     340 	.db #0x04	; 4
    00000128 AC                     341 	.db #0xac	; 172
    00000129 07                     342 	.db #0x07	; 7
    0000012A 1E                     343 	.db #0x1e	; 30
    0000012B 04                     344 	.db #0x04	; 4
    0000012C 0C                     345 	.db #0x0c	; 12
    0000012D 07                     346 	.db #0x07	; 7
    0000012E 1D                     347 	.db #0x1d	; 29
    0000012F 04                     348 	.db #0x04	; 4
    00000130 E9                     349 	.db #0xe9	; 233
    00000131 37                     350 	.db #0x37	; 55	'7'
    00000132 FB                     351 	.db #0xfb	; 251
    00000133 26                     352 	.db #0x26	; 38
    00000134 B5                     353 	.db #0xb5	; 181
    00000135 63                     354 	.db #0x63	; 99	'c'
    00000136 7F                     355 	.db #0x7f	; 127
    00000137 AD                     356 	.db #0xad	; 173
    00000138 7F                     357 	.db #0x7f	; 127
    00000139 2D                     358 	.db #0x2d	; 45
    0000013A 75                     359 	.db #0x75	; 117	'u'
    0000013B A3                     360 	.db #0xa3	; 163
    0000013C BB                     361 	.db #0xbb	; 187
    0000013D 66                     362 	.db #0x66	; 102	'f'
    0000013E E9                     363 	.db #0xe9	; 233
    0000013F 37                     364 	.db #0x37	; 55	'7'
    00000140 8F                     365 	.db #0x8f	; 143
    00000141 F4                     366 	.db #0xf4	; 244
    00000142 97                     367 	.db #0x97	; 151
    00000143 EC                     368 	.db #0xec	; 236
    00000144 AD                     369 	.db #0xad	; 173
    00000145 C6                     370 	.db #0xc6	; 198
    00000146 FE                     371 	.db #0xfe	; 254
    00000147 B5                     372 	.db #0xb5	; 181
    00000148 FE                     373 	.db #0xfe	; 254
    00000149 B4                     374 	.db #0xb4	; 180
    0000014A EE                     375 	.db #0xee	; 238
    0000014B 45                     376 	.db #0x45	; 69	'E'
    0000014C D5                     377 	.db #0xd5	; 213
    0000014D 6E                     378 	.db #0x6e	; 110	'n'
    0000014E 87                     379 	.db #0x87	; 135
    0000014F FC                     380 	.db #0xfc	; 252
    00000150 C1                     381 	.db #0xc1	; 193
    00000151 2A                     382 	.db #0x2a	; 42
    00000152 94                     383 	.db #0x94	; 148
    00000153 2A                     384 	.db #0x2a	; 42
    00000154 3F                     385 	.db #0x3f	; 63
    00000155 FF                     386 	.db #0xff	; 255
    00000156 7F                     387 	.db #0x7f	; 127
    00000157 20                     388 	.db #0x20	; 32
    00000158 35                     389 	.db #0x35	; 53	'5'
    00000159 E0                     390 	.db #0xe0	; 224
    0000015A 78                     391 	.db #0x78	; 120	'x'
    0000015B 20                     392 	.db #0x20	; 32
    0000015C 30                     393 	.db #0x30	; 48	'0'
    0000015D E0                     394 	.db #0xe0	; 224
    0000015E B8                     395 	.db #0xb8	; 184
    0000015F 20                     396 	.db #0x20	; 32
    00000160 83                     397 	.db #0x83	; 131
    00000161 54                     398 	.db #0x54	; 84	'T'
    00000162 AA                     399 	.db #0xaa	; 170
    00000163 54                     400 	.db #0x54	; 84	'T'
    00000164 FF                     401 	.db #0xff	; 255
    00000165 FF                     402 	.db #0xff	; 255
    00000166 FF                     403 	.db #0xff	; 255
    00000167 00                     404 	.db #0x00	; 0
    00000168 55                     405 	.db #0x55	; 85	'U'
    00000169 00                     406 	.db #0x00	; 0
    0000016A 00                     407 	.db #0x00	; 0
    0000016B 00                     408 	.db #0x00	; 0
    0000016C 00                     409 	.db #0x00	; 0
    0000016D 00                     410 	.db #0x00	; 0
    0000016E 00                     411 	.db #0x00	; 0
    0000016F 00                     412 	.db #0x00	; 0
    00000170 C1                     413 	.db #0xc1	; 193
    00000171 2A                     414 	.db #0x2a	; 42
    00000172 D4                     415 	.db #0xd4	; 212
    00000173 2A                     416 	.db #0x2a	; 42
    00000174 FF                     417 	.db #0xff	; 255
    00000175 FF                     418 	.db #0xff	; 255
    00000176 FF                     419 	.db #0xff	; 255
    00000177 00                     420 	.db #0x00	; 0
    00000178 55                     421 	.db #0x55	; 85	'U'
    00000179 00                     422 	.db #0x00	; 0
    0000017A 00                     423 	.db #0x00	; 0
    0000017B 00                     424 	.db #0x00	; 0
    0000017C 00                     425 	.db #0x00	; 0
    0000017D 00                     426 	.db #0x00	; 0
    0000017E 00                     427 	.db #0x00	; 0
    0000017F 00                     428 	.db #0x00	; 0
    00000180 82                     429 	.db #0x82	; 130
    00000181 55                     430 	.db #0x55	; 85	'U'
    00000182 A8                     431 	.db #0xa8	; 168
    00000183 57                     432 	.db #0x57	; 87	'W'
    00000184 FF                     433 	.db #0xff	; 255
    00000185 FF                     434 	.db #0xff	; 255
    00000186 FF                     435 	.db #0xff	; 255
    00000187 00                     436 	.db #0x00	; 0
    00000188 55                     437 	.db #0x55	; 85	'U'
    00000189 00                     438 	.db #0x00	; 0
    0000018A 00                     439 	.db #0x00	; 0
    0000018B 00                     440 	.db #0x00	; 0
    0000018C 00                     441 	.db #0x00	; 0
    0000018D 00                     442 	.db #0x00	; 0
    0000018E 00                     443 	.db #0x00	; 0
    0000018F 00                     444 	.db #0x00	; 0
    00000190 B0                     445 	.db #0xb0	; 176
    00000191 E0                     446 	.db #0xe0	; 224
    00000192 78                     447 	.db #0x78	; 120	'x'
    00000193 E0                     448 	.db #0xe0	; 224
    00000194 F0                     449 	.db #0xf0	; 240
    00000195 E0                     450 	.db #0xe0	; 224
    00000196 F8                     451 	.db #0xf8	; 248
    00000197 00                     452 	.db #0x00	; 0
    00000198 54                     453 	.db #0x54	; 84	'T'
    00000199 00                     454 	.db #0x00	; 0
    0000019A 08                     455 	.db #0x08	; 8
    0000019B 00                     456 	.db #0x00	; 0
    0000019C 00                     457 	.db #0x00	; 0
    0000019D 00                     458 	.db #0x00	; 0
    0000019E 00                     459 	.db #0x00	; 0
    0000019F 00                     460 	.db #0x00	; 0
    000001A0 1C                     461 	.db #0x1c	; 28
    000001A1 07                     462 	.db #0x07	; 7
    000001A2 0D                     463 	.db #0x0d	; 13
    000001A3 06                     464 	.db #0x06	; 6
    000001A4 1C                     465 	.db #0x1c	; 28
    000001A5 07                     466 	.db #0x07	; 7
    000001A6 0E                     467 	.db #0x0e	; 14
    000001A7 04                     468 	.db #0x04	; 4
    000001A8 1C                     469 	.db #0x1c	; 28
    000001A9 07                     470 	.db #0x07	; 7
    000001AA 0E                     471 	.db #0x0e	; 14
    000001AB 04                     472 	.db #0x04	; 4
    000001AC 1C                     473 	.db #0x1c	; 28
    000001AD 07                     474 	.db #0x07	; 7
    000001AE 0D                     475 	.db #0x0d	; 13
    000001AF 04                     476 	.db #0x04	; 4
    000001B0 AB                     477 	.db #0xab	; 171
    000001B1 D4                     478 	.db #0xd4	; 212
    000001B2 5D                     479 	.db #0x5d	; 93
    000001B3 E2                     480 	.db #0xe2	; 226
    000001B4 BF                     481 	.db #0xbf	; 191
    000001B5 7F                     482 	.db #0x7f	; 127
    000001B6 72                     483 	.db #0x72	; 114	'r'
    000001B7 BD                     484 	.db #0xbd	; 189
    000001B8 ED                     485 	.db #0xed	; 237
    000001B9 3A                     486 	.db #0x3a	; 58
    000001BA 6C                     487 	.db #0x6c	; 108	'l'
    000001BB B7                     488 	.db #0xb7	; 183
    000001BC B2                     489 	.db #0xb2	; 178
    000001BD 6F                     490 	.db #0x6f	; 111	'o'
    000001BE E9                     491 	.db #0xe9	; 233
    000001BF 37                     492 	.db #0x37	; 55	'7'
    000001C0 C7                     493 	.db #0xc7	; 199
    000001C1 28                     494 	.db #0x28	; 40
    000001C2 BA                     495 	.db #0xba	; 186
    000001C3 45                     496 	.db #0x45	; 69	'E'
    000001C4 FF                     497 	.db #0xff	; 255
    000001C5 FF                     498 	.db #0xff	; 255
    000001C6 BD                     499 	.db #0xbd	; 189
    000001C7 42                     500 	.db #0x42	; 66	'B'
    000001C8 5A                     501 	.db #0x5a	; 90	'Z'
    000001C9 99                     502 	.db #0x99	; 153
    000001CA 3C                     503 	.db #0x3c	; 60
    000001CB DB                     504 	.db #0xdb	; 219
    000001CC 18                     505 	.db #0x18	; 24
    000001CD E7                     506 	.db #0xe7	; 231
    000001CE FF                     507 	.db #0xff	; 255
    000001CF FF                     508 	.db #0xff	; 255
    000001D0 C3                     509 	.db #0xc3	; 195
    000001D1 14                     510 	.db #0x14	; 20
    000001D2 DD                     511 	.db #0xdd	; 221
    000001D3 22                     512 	.db #0x22	; 34
    000001D4 FF                     513 	.db #0xff	; 255
    000001D5 FF                     514 	.db #0xff	; 255
    000001D6 BD                     515 	.db #0xbd	; 189
    000001D7 42                     516 	.db #0x42	; 66	'B'
    000001D8 5A                     517 	.db #0x5a	; 90	'Z'
    000001D9 99                     518 	.db #0x99	; 153
    000001DA 3C                     519 	.db #0x3c	; 60
    000001DB DB                     520 	.db #0xdb	; 219
    000001DC 78                     521 	.db #0x78	; 120	'x'
    000001DD E7                     522 	.db #0xe7	; 231
    000001DE FF                     523 	.db #0xff	; 255
    000001DF 9F                     524 	.db #0x9f	; 159
    000001E0 C7                     525 	.db #0xc7	; 199
    000001E1 28                     526 	.db #0x28	; 40
    000001E2 BB                     527 	.db #0xbb	; 187
    000001E3 44                     528 	.db #0x44	; 68	'D'
    000001E4 FF                     529 	.db #0xff	; 255
    000001E5 FF                     530 	.db #0xff	; 255
    000001E6 7E                     531 	.db #0x7e	; 126
    000001E7 81                     532 	.db #0x81	; 129
    000001E8 DB                     533 	.db #0xdb	; 219
    000001E9 18                     534 	.db #0x18	; 24
    000001EA 3C                     535 	.db #0x3c	; 60
    000001EB DB                     536 	.db #0xdb	; 219
    000001EC 5A                     537 	.db #0x5a	; 90	'Z'
    000001ED E7                     538 	.db #0xe7	; 231
    000001EE FF                     539 	.db #0xff	; 255
    000001EF BD                     540 	.db #0xbd	; 189
    000001F0 B1                     541 	.db #0xb1	; 177
    000001F1 6F                     542 	.db #0x6f	; 111	'o'
    000001F2 29                     543 	.db #0x29	; 41
    000001F3 F7                     544 	.db #0xf7	; 247
    000001F4 F1                     545 	.db #0xf1	; 241
    000001F5 EF                     546 	.db #0xef	; 239
    000001F6 AB                     547 	.db #0xab	; 171
    000001F7 56                     548 	.db #0x56	; 86	'V'
    000001F8 53                     549 	.db #0x53	; 83	'S'
    000001F9 AE                     550 	.db #0xae	; 174
    000001FA 01                     551 	.db #0x01	; 1
    000001FB FF                     552 	.db #0xff	; 255
    000001FC 81                     553 	.db #0x81	; 129
    000001FD FF                     554 	.db #0xff	; 255
    000001FE FF                     555 	.db #0xff	; 255
    000001FF 7E                     556 	.db #0x7e	; 126
    00000200 8F                     557 	.db #0x8f	; 143
    00000201 F4                     558 	.db #0xf4	; 244
    00000202 95                     559 	.db #0x95	; 149
    00000203 EE                     560 	.db #0xee	; 238
    00000204 AE                     561 	.db #0xae	; 174
    00000205 C5                     562 	.db #0xc5	; 197
    00000206 FE                     563 	.db #0xfe	; 254
    00000207 B4                     564 	.db #0xb4	; 180
    00000208 FE                     565 	.db #0xfe	; 254
    00000209 B5                     566 	.db #0xb5	; 181
    0000020A AD                     567 	.db #0xad	; 173
    0000020B C6                     568 	.db #0xc6	; 198
    0000020C 97                     569 	.db #0x97	; 151
    0000020D EC                     570 	.db #0xec	; 236
    0000020E 8D                     571 	.db #0x8d	; 141
    0000020F F6                     572 	.db #0xf6	; 246
    00000210 B8                     573 	.db #0xb8	; 184
    00000211 20                     574 	.db #0x20	; 32
    00000212 30                     575 	.db #0x30	; 48	'0'
    00000213 E0                     576 	.db #0xe0	; 224
    00000214 78                     577 	.db #0x78	; 120	'x'
    00000215 20                     578 	.db #0x20	; 32
    00000216 30                     579 	.db #0x30	; 48	'0'
    00000217 E0                     580 	.db #0xe0	; 224
    00000218 78                     581 	.db #0x78	; 120	'x'
    00000219 20                     582 	.db #0x20	; 32
    0000021A 30                     583 	.db #0x30	; 48	'0'
    0000021B E0                     584 	.db #0xe0	; 224
    0000021C F8                     585 	.db #0xf8	; 248
    0000021D 20                     586 	.db #0x20	; 32
    0000021E F0                     587 	.db #0xf0	; 240
    0000021F 20                     588 	.db #0x20	; 32
    00000220 0F                     589 	.db #0x0f	; 15
    00000221 04                     590 	.db #0x04	; 4
    00000222 1C                     591 	.db #0x1c	; 28
    00000223 07                     592 	.db #0x07	; 7
    00000224 0E                     593 	.db #0x0e	; 14
    00000225 04                     594 	.db #0x04	; 4
    00000226 1C                     595 	.db #0x1c	; 28
    00000227 07                     596 	.db #0x07	; 7
    00000228 0E                     597 	.db #0x0e	; 14
    00000229 04                     598 	.db #0x04	; 4
    0000022A 1C                     599 	.db #0x1c	; 28
    0000022B 07                     600 	.db #0x07	; 7
    0000022C 0F                     601 	.db #0x0f	; 15
    0000022D 04                     602 	.db #0x04	; 4
    0000022E 1D                     603 	.db #0x1d	; 29
    0000022F 04                     604 	.db #0x04	; 4
    00000230 F1                     605 	.db #0xf1	; 241
    00000231 2F                     606 	.db #0x2f	; 47
    00000232 A9                     607 	.db #0xa9	; 169
    00000233 77                     608 	.db #0x77	; 119	'w'
    00000234 75                     609 	.db #0x75	; 117	'u'
    00000235 A3                     610 	.db #0xa3	; 163
    00000236 7F                     611 	.db #0x7f	; 127
    00000237 2D                     612 	.db #0x2d	; 45
    00000238 7F                     613 	.db #0x7f	; 127
    00000239 AD                     614 	.db #0xad	; 173
    0000023A 37                     615 	.db #0x37	; 55	'7'
    0000023B 62                     616 	.db #0x62	; 98	'b'
    0000023C EB                     617 	.db #0xeb	; 235
    0000023D 36                     618 	.db #0x36	; 54	'6'
    0000023E F1                     619 	.db #0xf1	; 241
    0000023F 2F                     620 	.db #0x2f	; 47
    00000240 97                     621 	.db #0x97	; 151
    00000241 EC                     622 	.db #0xec	; 236
    00000242 DD                     623 	.db #0xdd	; 221
    00000243 66                     624 	.db #0x66	; 102	'f'
    00000244 AE                     625 	.db #0xae	; 174
    00000245 C5                     626 	.db #0xc5	; 197
    00000246 FE                     627 	.db #0xfe	; 254
    00000247 B4                     628 	.db #0xb4	; 180
    00000248 FE                     629 	.db #0xfe	; 254
    00000249 B5                     630 	.db #0xb5	; 181
    0000024A AD                     631 	.db #0xad	; 173
    0000024B C6                     632 	.db #0xc6	; 198
    0000024C DF                     633 	.db #0xdf	; 223
    0000024D 64                     634 	.db #0x64	; 100	'd'
    0000024E 97                     635 	.db #0x97	; 151
    0000024F EC                     636 	.db #0xec	; 236
    00000250 B8                     637 	.db #0xb8	; 184
    00000251 20                     638 	.db #0x20	; 32
    00000252 30                     639 	.db #0x30	; 48	'0'
    00000253 E0                     640 	.db #0xe0	; 224
    00000254 78                     641 	.db #0x78	; 120	'x'
    00000255 20                     642 	.db #0x20	; 32
    00000256 35                     643 	.db #0x35	; 53	'5'
    00000257 E0                     644 	.db #0xe0	; 224
    00000258 7F                     645 	.db #0x7f	; 127
    00000259 20                     646 	.db #0x20	; 32
    0000025A 3F                     647 	.db #0x3f	; 63
    0000025B FF                     648 	.db #0xff	; 255
    0000025C 94                     649 	.db #0x94	; 148
    0000025D 2A                     650 	.db #0x2a	; 42
    0000025E C1                     651 	.db #0xc1	; 193
    0000025F 2A                     652 	.db #0x2a	; 42
    00000260 0F                     653 	.db #0x0f	; 15
    00000261 04                     654 	.db #0x04	; 4
    00000262 1C                     655 	.db #0x1c	; 28
    00000263 07                     656 	.db #0x07	; 7
    00000264 0E                     657 	.db #0x0e	; 14
    00000265 04                     658 	.db #0x04	; 4
    00000266 1C                     659 	.db #0x1c	; 28
    00000267 07                     660 	.db #0x07	; 7
    00000268 0E                     661 	.db #0x0e	; 14
    00000269 04                     662 	.db #0x04	; 4
    0000026A 1C                     663 	.db #0x1c	; 28
    0000026B 07                     664 	.db #0x07	; 7
    0000026C 0D                     665 	.db #0x0d	; 13
    0000026D 06                     666 	.db #0x06	; 6
    0000026E 1C                     667 	.db #0x1c	; 28
    0000026F 07                     668 	.db #0x07	; 7
    00000270 E9                     669 	.db #0xe9	; 233
    00000271 37                     670 	.db #0x37	; 55	'7'
    00000272 B2                     671 	.db #0xb2	; 178
    00000273 6F                     672 	.db #0x6f	; 111	'o'
    00000274 6C                     673 	.db #0x6c	; 108	'l'
    00000275 B7                     674 	.db #0xb7	; 183
    00000276 ED                     675 	.db #0xed	; 237
    00000277 3A                     676 	.db #0x3a	; 58
    00000278 72                     677 	.db #0x72	; 114	'r'
    00000279 BD                     678 	.db #0xbd	; 189
    0000027A BF                     679 	.db #0xbf	; 191
    0000027B 7F                     680 	.db #0x7f	; 127
    0000027C 5D                     681 	.db #0x5d	; 93
    0000027D E2                     682 	.db #0xe2	; 226
    0000027E AB                     683 	.db #0xab	; 171
    0000027F D4                     684 	.db #0xd4	; 212
    00000280 00                     685 	.db #0x00	; 0
    00000281 00                     686 	.db #0x00	; 0
    00000282 00                     687 	.db #0x00	; 0
    00000283 00                     688 	.db #0x00	; 0
    00000284 00                     689 	.db #0x00	; 0
    00000285 00                     690 	.db #0x00	; 0
    00000286 55                     691 	.db #0x55	; 85	'U'
    00000287 00                     692 	.db #0x00	; 0
    00000288 FF                     693 	.db #0xff	; 255
    00000289 00                     694 	.db #0x00	; 0
    0000028A FF                     695 	.db #0xff	; 255
    0000028B FF                     696 	.db #0xff	; 255
    0000028C 28                     697 	.db #0x28	; 40
    0000028D 57                     698 	.db #0x57	; 87	'W'
    0000028E 82                     699 	.db #0x82	; 130
    0000028F 55                     700 	.db #0x55	; 85	'U'
    00000290 00                     701 	.db #0x00	; 0
    00000291 00                     702 	.db #0x00	; 0
    00000292 00                     703 	.db #0x00	; 0
    00000293 00                     704 	.db #0x00	; 0
    00000294 08                     705 	.db #0x08	; 8
    00000295 00                     706 	.db #0x00	; 0
    00000296 54                     707 	.db #0x54	; 84	'T'
    00000297 00                     708 	.db #0x00	; 0
    00000298 F8                     709 	.db #0xf8	; 248
    00000299 00                     710 	.db #0x00	; 0
    0000029A F0                     711 	.db #0xf0	; 240
    0000029B E0                     712 	.db #0xe0	; 224
    0000029C 78                     713 	.db #0x78	; 120	'x'
    0000029D E0                     714 	.db #0xe0	; 224
    0000029E B0                     715 	.db #0xb0	; 176
    0000029F E0                     716 	.db #0xe0	; 224
    000002A0 0D                     717 	.db #0x0d	; 13
    000002A1 07                     718 	.db #0x07	; 7
    000002A2 1E                     719 	.db #0x1e	; 30
    000002A3 07                     720 	.db #0x07	; 7
    000002A4 0F                     721 	.db #0x0f	; 15
    000002A5 07                     722 	.db #0x07	; 7
    000002A6 1F                     723 	.db #0x1f	; 31
    000002A7 00                     724 	.db #0x00	; 0
    000002A8 2A                     725 	.db #0x2a	; 42
    000002A9 00                     726 	.db #0x00	; 0
    000002AA 10                     727 	.db #0x10	; 16
    000002AB 00                     728 	.db #0x00	; 0
    000002AC 00                     729 	.db #0x00	; 0
    000002AD 00                     730 	.db #0x00	; 0
    000002AE 00                     731 	.db #0x00	; 0
    000002AF 00                     732 	.db #0x00	; 0
    000002B0 41                     733 	.db #0x41	; 65	'A'
    000002B1 AA                     734 	.db #0xaa	; 170
    000002B2 14                     735 	.db #0x14	; 20
    000002B3 EA                     736 	.db #0xea	; 234
    000002B4 FF                     737 	.db #0xff	; 255
    000002B5 FF                     738 	.db #0xff	; 255
    000002B6 FF                     739 	.db #0xff	; 255
    000002B7 00                     740 	.db #0x00	; 0
    000002B8 AA                     741 	.db #0xaa	; 170
    000002B9 00                     742 	.db #0x00	; 0
    000002BA 00                     743 	.db #0x00	; 0
    000002BB 00                     744 	.db #0x00	; 0
    000002BC 00                     745 	.db #0x00	; 0
    000002BD 00                     746 	.db #0x00	; 0
    000002BE 00                     747 	.db #0x00	; 0
    000002BF 00                     748 	.db #0x00	; 0
    000002C0 FF                     749 	.db #0xff	; 255
    000002C1 9F                     750 	.db #0x9f	; 159
    000002C2 78                     751 	.db #0x78	; 120	'x'
    000002C3 E7                     752 	.db #0xe7	; 231
    000002C4 3C                     753 	.db #0x3c	; 60
    000002C5 DB                     754 	.db #0xdb	; 219
    000002C6 5A                     755 	.db #0x5a	; 90	'Z'
    000002C7 99                     756 	.db #0x99	; 153
    000002C8 3D                     757 	.db #0x3d	; 61
    000002C9 C2                     758 	.db #0xc2	; 194
    000002CA FF                     759 	.db #0xff	; 255
    000002CB FF                     760 	.db #0xff	; 255
    000002CC BB                     761 	.db #0xbb	; 187
    000002CD 44                     762 	.db #0x44	; 68	'D'
    000002CE C7                     763 	.db #0xc7	; 199
    000002CF 28                     764 	.db #0x28	; 40
    000002D0 FF                     765 	.db #0xff	; 255
    000002D1 E6                     766 	.db #0xe6	; 230
    000002D2 19                     767 	.db #0x19	; 25
    000002D3 FF                     768 	.db #0xff	; 255
    000002D4 01                     769 	.db #0x01	; 1
    000002D5 FF                     770 	.db #0xff	; 255
    000002D6 51                     771 	.db #0x51	; 81	'Q'
    000002D7 AF                     772 	.db #0xaf	; 175
    000002D8 A9                     773 	.db #0xa9	; 169
    000002D9 57                     774 	.db #0x57	; 87	'W'
    000002DA F1                     775 	.db #0xf1	; 241
    000002DB EF                     776 	.db #0xef	; 239
    000002DC 29                     777 	.db #0x29	; 41
    000002DD F7                     778 	.db #0xf7	; 247
    000002DE B3                     779 	.db #0xb3	; 179
    000002DF 6E                     780 	.db #0x6e	; 110	'n'
    000002E0 CD                     781 	.db #0xcd	; 205
    000002E1 76                     782 	.db #0x76	; 118	'v'
    000002E2 94                     783 	.db #0x94	; 148
    000002E3 EF                     784 	.db #0xef	; 239
    000002E4 8F                     785 	.db #0x8f	; 143
    000002E5 F7                     786 	.db #0xf7	; 247
    000002E6 95                     787 	.db #0x95	; 149
    000002E7 EA                     788 	.db #0xea	; 234
    000002E8 8A                     789 	.db #0x8a	; 138
    000002E9 F5                     790 	.db #0xf5	; 245
    000002EA 80                     791 	.db #0x80	; 128
    000002EB FF                     792 	.db #0xff	; 255
    000002EC 98                     793 	.db #0x98	; 152
    000002ED FF                     794 	.db #0xff	; 255
    000002EE FF                     795 	.db #0xff	; 255
    000002EF 67                     796 	.db #0x67	; 103	'g'
    000002F0 E3                     797 	.db #0xe3	; 227
    000002F1 14                     798 	.db #0x14	; 20
    000002F2 DD                     799 	.db #0xdd	; 221
    000002F3 22                     800 	.db #0x22	; 34
    000002F4 FF                     801 	.db #0xff	; 255
    000002F5 FF                     802 	.db #0xff	; 255
    000002F6 BC                     803 	.db #0xbc	; 188
    000002F7 43                     804 	.db #0x43	; 67	'C'
    000002F8 5A                     805 	.db #0x5a	; 90	'Z'
    000002F9 99                     806 	.db #0x99	; 153
    000002FA 3C                     807 	.db #0x3c	; 60
    000002FB DB                     808 	.db #0xdb	; 219
    000002FC 1E                     809 	.db #0x1e	; 30
    000002FD E7                     810 	.db #0xe7	; 231
    000002FE FF                     811 	.db #0xff	; 255
    000002FF F9                     812 	.db #0xf9	; 249
    00000300 8F                     813 	.db #0x8f	; 143
    00000301 F4                     814 	.db #0xf4	; 244
    00000302 D7                     815 	.db #0xd7	; 215
    00000303 6C                     816 	.db #0x6c	; 108	'l'
    00000304 EC                     817 	.db #0xec	; 236
    00000305 46                     818 	.db #0x46	; 70	'F'
    00000306 FE                     819 	.db #0xfe	; 254
    00000307 B5                     820 	.db #0xb5	; 181
    00000308 FE                     821 	.db #0xfe	; 254
    00000309 B4                     822 	.db #0xb4	; 180
    0000030A AE                     823 	.db #0xae	; 174
    0000030B C5                     824 	.db #0xc5	; 197
    0000030C 95                     825 	.db #0x95	; 149
    0000030D EE                     826 	.db #0xee	; 238
    0000030E 8F                     827 	.db #0x8f	; 143
    0000030F F4                     828 	.db #0xf4	; 244
    00000310 B8                     829 	.db #0xb8	; 184
    00000311 20                     830 	.db #0x20	; 32
    00000312 F0                     831 	.db #0xf0	; 240
    00000313 20                     832 	.db #0x20	; 32
    00000314 38                     833 	.db #0x38	; 56	'8'
    00000315 E0                     834 	.db #0xe0	; 224
    00000316 70                     835 	.db #0x70	; 112	'p'
    00000317 20                     836 	.db #0x20	; 32
    00000318 38                     837 	.db #0x38	; 56	'8'
    00000319 E0                     838 	.db #0xe0	; 224
    0000031A 70                     839 	.db #0x70	; 112	'p'
    0000031B 20                     840 	.db #0x20	; 32
    0000031C 38                     841 	.db #0x38	; 56	'8'
    0000031D E0                     842 	.db #0xe0	; 224
    0000031E F0                     843 	.db #0xf0	; 240
    0000031F 20                     844 	.db #0x20	; 32
    00000320 0F                     845 	.db #0x0f	; 15
    00000321 04                     846 	.db #0x04	; 4
    00000322 1F                     847 	.db #0x1f	; 31
    00000323 04                     848 	.db #0x04	; 4
    00000324 0C                     849 	.db #0x0c	; 12
    00000325 07                     850 	.db #0x07	; 7
    00000326 1E                     851 	.db #0x1e	; 30
    00000327 04                     852 	.db #0x04	; 4
    00000328 0C                     853 	.db #0x0c	; 12
    00000329 07                     854 	.db #0x07	; 7
    0000032A 1E                     855 	.db #0x1e	; 30
    0000032B 04                     856 	.db #0x04	; 4
    0000032C 0C                     857 	.db #0x0c	; 12
    0000032D 07                     858 	.db #0x07	; 7
    0000032E 1D                     859 	.db #0x1d	; 29
    0000032F 04                     860 	.db #0x04	; 4
    00000330 B1                     861 	.db #0xb1	; 177
    00000331 6F                     862 	.db #0x6f	; 111	'o'
    00000332 E9                     863 	.db #0xe9	; 233
    00000333 37                     864 	.db #0x37	; 55	'7'
    00000334 B5                     865 	.db #0xb5	; 181
    00000335 63                     866 	.db #0x63	; 99	'c'
    00000336 7F                     867 	.db #0x7f	; 127
    00000337 AD                     868 	.db #0xad	; 173
    00000338 7F                     869 	.db #0x7f	; 127
    00000339 2D                     870 	.db #0x2d	; 45
    0000033A 75                     871 	.db #0x75	; 117	'u'
    0000033B A3                     872 	.db #0xa3	; 163
    0000033C A9                     873 	.db #0xa9	; 169
    0000033D 77                     874 	.db #0x77	; 119	'w'
    0000033E F1                     875 	.db #0xf1	; 241
    0000033F 2F                     876 	.db #0x2f	; 47
    00000340 00                     877 	.db #0x00	; 0
    00000341 00                     878 	.db #0x00	; 0
    00000342 00                     879 	.db #0x00	; 0
    00000343 00                     880 	.db #0x00	; 0
    00000344 00                     881 	.db #0x00	; 0
    00000345 00                     882 	.db #0x00	; 0
    00000346 00                     883 	.db #0x00	; 0
    00000347 00                     884 	.db #0x00	; 0
    00000348 00                     885 	.db #0x00	; 0
    00000349 00                     886 	.db #0x00	; 0
    0000034A 00                     887 	.db #0x00	; 0
    0000034B 00                     888 	.db #0x00	; 0
    0000034C 00                     889 	.db #0x00	; 0
    0000034D 00                     890 	.db #0x00	; 0
    0000034E 00                     891 	.db #0x00	; 0
    0000034F 00                     892 	.db #0x00	; 0
                                    893 	.area _INITIALIZER
                                    894 	.area _CABS (ABS)
