                                      1 ;--------------------------------------------------------
                                      2 ; File Created by SDCC : free open source ISO C Compiler
                                      3 ; Version 4.5.1 #15267 (MINGW64)
                                      4 ;--------------------------------------------------------
                                      5 	.module DungeonTiles5
                                      6 	
                                      7 ;--------------------------------------------------------
                                      8 ; Public variables in this module
                                      9 ;--------------------------------------------------------
                                     10 	.globl _DungeonTiles5
                                     11 ;--------------------------------------------------------
                                     12 ; special function registers
                                     13 ;--------------------------------------------------------
                                     14 	.area _HRAM
                                     15 ;--------------------------------------------------------
                                     16 ; ram data
                                     17 ;--------------------------------------------------------
                                     18 	.area _DATA
                                     19 ;--------------------------------------------------------
                                     20 ; ram data
                                     21 ;--------------------------------------------------------
                                     22 	.area _INITIALIZED
                                     23 ;--------------------------------------------------------
                                     24 ; absolute external ram data
                                     25 ;--------------------------------------------------------
                                     26 	.area _DABS (ABS)
                                     27 ;--------------------------------------------------------
                                     28 ; global & static initialisations
                                     29 ;--------------------------------------------------------
                                     30 	.area _HOME
                                     31 	.area _GSINIT
                                     32 	.area _GSFINAL
                                     33 	.area _GSINIT
                                     34 ;--------------------------------------------------------
                                     35 ; Home
                                     36 ;--------------------------------------------------------
                                     37 	.area _HOME
                                     38 	.area _HOME
                                     39 ;--------------------------------------------------------
                                     40 ; code
                                     41 ;--------------------------------------------------------
                                     42 	.area _CODE_5
                                     43 	.area _CODE_5
    00000000                         44 _DungeonTiles5:
    00000000 81                      45 	.db #0x81	; 129
    00000001 7E                      46 	.db #0x7e	; 126
    00000002 42                      47 	.db #0x42	; 66	'B'
    00000003 BD                      48 	.db #0xbd	; 189
    00000004 24                      49 	.db #0x24	; 36
    00000005 DB                      50 	.db #0xdb	; 219
    00000006 18                      51 	.db #0x18	; 24
    00000007 E7                      52 	.db #0xe7	; 231
    00000008 18                      53 	.db #0x18	; 24
    00000009 E7                      54 	.db #0xe7	; 231
    0000000A 24                      55 	.db #0x24	; 36
    0000000B DB                      56 	.db #0xdb	; 219
    0000000C 42                      57 	.db #0x42	; 66	'B'
    0000000D BD                      58 	.db #0xbd	; 189
    0000000E 81                      59 	.db #0x81	; 129
    0000000F 7E                      60 	.db #0x7e	; 126
    00000010 00                      61 	.db #0x00	; 0
    00000011 FF                      62 	.db #0xff	; 255
    00000012 3C                      63 	.db #0x3c	; 60
    00000013 C3                      64 	.db #0xc3	; 195
    00000014 66                      65 	.db #0x66	; 102	'f'
    00000015 99                      66 	.db #0x99	; 153
    00000016 C3                      67 	.db #0xc3	; 195
    00000017 18                      68 	.db #0x18	; 24
    00000018 C3                      69 	.db #0xc3	; 195
    00000019 18                      70 	.db #0x18	; 24
    0000001A 66                      71 	.db #0x66	; 102	'f'
    0000001B 99                      72 	.db #0x99	; 153
    0000001C 3C                      73 	.db #0x3c	; 60
    0000001D C3                      74 	.db #0xc3	; 195
    0000001E 00                      75 	.db #0x00	; 0
    0000001F FF                      76 	.db #0xff	; 255
    00000020 00                      77 	.db #0x00	; 0
    00000021 FF                      78 	.db #0xff	; 255
    00000022 3C                      79 	.db #0x3c	; 60
    00000023 C3                      80 	.db #0xc3	; 195
    00000024 66                      81 	.db #0x66	; 102	'f'
    00000025 99                      82 	.db #0x99	; 153
    00000026 C3                      83 	.db #0xc3	; 195
    00000027 18                      84 	.db #0x18	; 24
    00000028 C3                      85 	.db #0xc3	; 195
    00000029 18                      86 	.db #0x18	; 24
    0000002A 66                      87 	.db #0x66	; 102	'f'
    0000002B 99                      88 	.db #0x99	; 153
    0000002C 3C                      89 	.db #0x3c	; 60
    0000002D C3                      90 	.db #0xc3	; 195
    0000002E 00                      91 	.db #0x00	; 0
    0000002F FF                      92 	.db #0xff	; 255
    00000030 81                      93 	.db #0x81	; 129
    00000031 7E                      94 	.db #0x7e	; 126
    00000032 42                      95 	.db #0x42	; 66	'B'
    00000033 BD                      96 	.db #0xbd	; 189
    00000034 24                      97 	.db #0x24	; 36
    00000035 DB                      98 	.db #0xdb	; 219
    00000036 18                      99 	.db #0x18	; 24
    00000037 E7                     100 	.db #0xe7	; 231
    00000038 18                     101 	.db #0x18	; 24
    00000039 E7                     102 	.db #0xe7	; 231
    0000003A 24                     103 	.db #0x24	; 36
    0000003B DB                     104 	.db #0xdb	; 219
    0000003C 42                     105 	.db #0x42	; 66	'B'
    0000003D BD                     106 	.db #0xbd	; 189
    0000003E 81                     107 	.db #0x81	; 129
    0000003F 7E                     108 	.db #0x7e	; 126
    00000040 FF                     109 	.db #0xff	; 255
    00000041 7E                     110 	.db #0x7e	; 126
    00000042 81                     111 	.db #0x81	; 129
    00000043 FF                     112 	.db #0xff	; 255
    00000044 80                     113 	.db #0x80	; 128
    00000045 FF                     114 	.db #0xff	; 255
    00000046 C0                     115 	.db #0xc0	; 192
    00000047 7F                     116 	.db #0x7f	; 127
    00000048 C3                     117 	.db #0xc3	; 195
    00000049 7C                     118 	.db #0x7c	; 124
    0000004A 85                     119 	.db #0x85	; 133
    0000004B FA                     120 	.db #0xfa	; 250
    0000004C 8A                     121 	.db #0x8a	; 138
    0000004D F5                     122 	.db #0xf5	; 245
    0000004E 8D                     123 	.db #0x8d	; 141
    0000004F F2                     124 	.db #0xf2	; 242
    00000050 FF                     125 	.db #0xff	; 255
    00000051 BD                     126 	.db #0xbd	; 189
    00000052 42                     127 	.db #0x42	; 66	'B'
    00000053 FF                     128 	.db #0xff	; 255
    00000054 18                     129 	.db #0x18	; 24
    00000055 FF                     130 	.db #0xff	; 255
    00000056 3C                     131 	.db #0x3c	; 60
    00000057 E7                     132 	.db #0xe7	; 231
    00000058 FF                     133 	.db #0xff	; 255
    00000059 5A                     134 	.db #0x5a	; 90	'Z'
    0000005A DB                     135 	.db #0xdb	; 219
    0000005B 5A                     136 	.db #0x5a	; 90	'Z'
    0000005C 24                     137 	.db #0x24	; 36
    0000005D E7                     138 	.db #0xe7	; 231
    0000005E 18                     139 	.db #0x18	; 24
    0000005F FF                     140 	.db #0xff	; 255
    00000060 FF                     141 	.db #0xff	; 255
    00000061 F9                     142 	.db #0xf9	; 249
    00000062 06                     143 	.db #0x06	; 6
    00000063 FF                     144 	.db #0xff	; 255
    00000064 18                     145 	.db #0x18	; 24
    00000065 FF                     146 	.db #0xff	; 255
    00000066 3C                     147 	.db #0x3c	; 60
    00000067 E7                     148 	.db #0xe7	; 231
    00000068 FF                     149 	.db #0xff	; 255
    00000069 5A                     150 	.db #0x5a	; 90	'Z'
    0000006A DB                     151 	.db #0xdb	; 219
    0000006B 5A                     152 	.db #0x5a	; 90	'Z'
    0000006C 24                     153 	.db #0x24	; 36
    0000006D E7                     154 	.db #0xe7	; 231
    0000006E 18                     155 	.db #0x18	; 24
    0000006F FF                     156 	.db #0xff	; 255
    00000070 FF                     157 	.db #0xff	; 255
    00000071 F7                     158 	.db #0xf7	; 247
    00000072 08                     159 	.db #0x08	; 8
    00000073 FF                     160 	.db #0xff	; 255
    00000074 18                     161 	.db #0x18	; 24
    00000075 FF                     162 	.db #0xff	; 255
    00000076 3C                     163 	.db #0x3c	; 60
    00000077 E7                     164 	.db #0xe7	; 231
    00000078 FF                     165 	.db #0xff	; 255
    00000079 5A                     166 	.db #0x5a	; 90	'Z'
    0000007A DB                     167 	.db #0xdb	; 219
    0000007B 5A                     168 	.db #0x5a	; 90	'Z'
    0000007C 24                     169 	.db #0x24	; 36
    0000007D E7                     170 	.db #0xe7	; 231
    0000007E 18                     171 	.db #0x18	; 24
    0000007F FF                     172 	.db #0xff	; 255
    00000080 8C                     173 	.db #0x8c	; 140
    00000081 F3                     174 	.db #0xf3	; 243
    00000082 44                     175 	.db #0x44	; 68	'D'
    00000083 FB                     176 	.db #0xfb	; 251
    00000084 28                     177 	.db #0x28	; 40
    00000085 F7                     178 	.db #0xf7	; 247
    00000086 10                     179 	.db #0x10	; 16
    00000087 FF                     180 	.db #0xff	; 255
    00000088 AA                     181 	.db #0xaa	; 170
    00000089 5F                     182 	.db #0x5f	; 95
    0000008A C5                     183 	.db #0xc5	; 197
    0000008B 3F                     184 	.db #0x3f	; 63
    0000008C 0A                     185 	.db #0x0a	; 10
    0000008D FF                     186 	.db #0xff	; 255
    0000008E 05                     187 	.db #0x05	; 5
    0000008F FF                     188 	.db #0xff	; 255
    00000090 31                     189 	.db #0x31	; 49	'1'
    00000091 EE                     190 	.db #0xee	; 238
    00000092 38                     191 	.db #0x38	; 56	'8'
    00000093 E7                     192 	.db #0xe7	; 231
    00000094 30                     193 	.db #0x30	; 48	'0'
    00000095 EF                     194 	.db #0xef	; 239
    00000096 79                     195 	.db #0x79	; 121	'y'
    00000097 E6                     196 	.db #0xe6	; 230
    00000098 B1                     197 	.db #0xb1	; 177
    00000099 EE                     198 	.db #0xee	; 238
    0000009A 78                     199 	.db #0x78	; 120	'x'
    0000009B E7                     200 	.db #0xe7	; 231
    0000009C B0                     201 	.db #0xb0	; 176
    0000009D EF                     202 	.db #0xef	; 239
    0000009E F9                     203 	.db #0xf9	; 249
    0000009F E6                     204 	.db #0xe6	; 230
    000000A0 99                     205 	.db #0x99	; 153
    000000A1 66                     206 	.db #0x66	; 102	'f'
    000000A2 00                     207 	.db #0x00	; 0
    000000A3 FF                     208 	.db #0xff	; 255
    000000A4 10                     209 	.db #0x10	; 16
    000000A5 EF                     210 	.db #0xef	; 239
    000000A6 AA                     211 	.db #0xaa	; 170
    000000A7 55                     212 	.db #0x55	; 85	'U'
    000000A8 9F                     213 	.db #0x9f	; 159
    000000A9 60                     214 	.db #0x60	; 96
    000000AA 0F                     215 	.db #0x0f	; 15
    000000AB F7                     216 	.db #0xf7	; 247
    000000AC 1F                     217 	.db #0x1f	; 31
    000000AD E7                     218 	.db #0xe7	; 231
    000000AE 8F                     219 	.db #0x8f	; 143
    000000AF 77                     220 	.db #0x77	; 119	'w'
    000000B0 99                     221 	.db #0x99	; 153
    000000B1 66                     222 	.db #0x66	; 102	'f'
    000000B2 00                     223 	.db #0x00	; 0
    000000B3 FF                     224 	.db #0xff	; 255
    000000B4 00                     225 	.db #0x00	; 0
    000000B5 FF                     226 	.db #0xff	; 255
    000000B6 AA                     227 	.db #0xaa	; 170
    000000B7 55                     228 	.db #0x55	; 85	'U'
    000000B8 FF                     229 	.db #0xff	; 255
    000000B9 00                     230 	.db #0x00	; 0
    000000BA FF                     231 	.db #0xff	; 255
    000000BB FF                     232 	.db #0xff	; 255
    000000BC AD                     233 	.db #0xad	; 173
    000000BD FA                     234 	.db #0xfa	; 250
    000000BE D0                     235 	.db #0xd0	; 208
    000000BF FF                     236 	.db #0xff	; 255
    000000C0 99                     237 	.db #0x99	; 153
    000000C1 66                     238 	.db #0x66	; 102	'f'
    000000C2 00                     239 	.db #0x00	; 0
    000000C3 FF                     240 	.db #0xff	; 255
    000000C4 00                     241 	.db #0x00	; 0
    000000C5 FF                     242 	.db #0xff	; 255
    000000C6 AA                     243 	.db #0xaa	; 170
    000000C7 55                     244 	.db #0x55	; 85	'U'
    000000C8 FF                     245 	.db #0xff	; 255
    000000C9 00                     246 	.db #0x00	; 0
    000000CA FF                     247 	.db #0xff	; 255
    000000CB FF                     248 	.db #0xff	; 255
    000000CC 55                     249 	.db #0x55	; 85	'U'
    000000CD AA                     250 	.db #0xaa	; 170
    000000CE 00                     251 	.db #0x00	; 0
    000000CF FF                     252 	.db #0xff	; 255
    000000D0 99                     253 	.db #0x99	; 153
    000000D1 66                     254 	.db #0x66	; 102	'f'
    000000D2 00                     255 	.db #0x00	; 0
    000000D3 FF                     256 	.db #0xff	; 255
    000000D4 00                     257 	.db #0x00	; 0
    000000D5 FF                     258 	.db #0xff	; 255
    000000D6 AA                     259 	.db #0xaa	; 170
    000000D7 55                     260 	.db #0x55	; 85	'U'
    000000D8 FF                     261 	.db #0xff	; 255
    000000D9 00                     262 	.db #0x00	; 0
    000000DA FF                     263 	.db #0xff	; 255
    000000DB FF                     264 	.db #0xff	; 255
    000000DC 55                     265 	.db #0x55	; 85	'U'
    000000DD AA                     266 	.db #0xaa	; 170
    000000DE 00                     267 	.db #0x00	; 0
    000000DF FF                     268 	.db #0xff	; 255
    000000E0 9C                     269 	.db #0x9c	; 156
    000000E1 67                     270 	.db #0x67	; 103	'g'
    000000E2 0E                     271 	.db #0x0e	; 14
    000000E3 F5                     272 	.db #0xf5	; 245
    000000E4 1C                     273 	.db #0x1c	; 28
    000000E5 E7                     274 	.db #0xe7	; 231
    000000E6 AE                     275 	.db #0xae	; 174
    000000E7 55                     276 	.db #0x55	; 85	'U'
    000000E8 FC                     277 	.db #0xfc	; 252
    000000E9 07                     278 	.db #0x07	; 7
    000000EA FE                     279 	.db #0xfe	; 254
    000000EB FD                     280 	.db #0xfd	; 253
    000000EC 54                     281 	.db #0x54	; 84	'T'
    000000ED AB                     282 	.db #0xab	; 171
    000000EE 00                     283 	.db #0x00	; 0
    000000EF FF                     284 	.db #0xff	; 255
    000000F0 31                     285 	.db #0x31	; 49	'1'
    000000F1 CF                     286 	.db #0xcf	; 207
    000000F2 33                     287 	.db #0x33	; 51	'3'
    000000F3 FE                     288 	.db #0xfe	; 254
    000000F4 5B                     289 	.db #0x5b	; 91
    000000F5 CE                     290 	.db #0xce	; 206
    000000F6 BF                     291 	.db #0xbf	; 191
    000000F7 B6                     292 	.db #0xb6	; 182
    000000F8 BF                     293 	.db #0xbf	; 191
    000000F9 B6                     294 	.db #0xb6	; 182
    000000FA 59                     295 	.db #0x59	; 89	'Y'
    000000FB CF                     296 	.db #0xcf	; 207
    000000FC 31                     297 	.db #0x31	; 49	'1'
    000000FD FF                     298 	.db #0xff	; 255
    000000FE 31                     299 	.db #0x31	; 49	'1'
    000000FF CF                     300 	.db #0xcf	; 207
    00000100 05                     301 	.db #0x05	; 5
    00000101 FF                     302 	.db #0xff	; 255
    00000102 0A                     303 	.db #0x0a	; 10
    00000103 FF                     304 	.db #0xff	; 255
    00000104 C5                     305 	.db #0xc5	; 197
    00000105 3F                     306 	.db #0x3f	; 63
    00000106 AA                     307 	.db #0xaa	; 170
    00000107 5F                     308 	.db #0x5f	; 95
    00000108 10                     309 	.db #0x10	; 16
    00000109 FF                     310 	.db #0xff	; 255
    0000010A 28                     311 	.db #0x28	; 40
    0000010B F7                     312 	.db #0xf7	; 247
    0000010C 44                     313 	.db #0x44	; 68	'D'
    0000010D FB                     314 	.db #0xfb	; 251
    0000010E 8C                     315 	.db #0x8c	; 140
    0000010F F3                     316 	.db #0xf3	; 243
    00000110 F9                     317 	.db #0xf9	; 249
    00000111 E6                     318 	.db #0xe6	; 230
    00000112 B0                     319 	.db #0xb0	; 176
    00000113 EF                     320 	.db #0xef	; 239
    00000114 78                     321 	.db #0x78	; 120	'x'
    00000115 E7                     322 	.db #0xe7	; 231
    00000116 B1                     323 	.db #0xb1	; 177
    00000117 EE                     324 	.db #0xee	; 238
    00000118 79                     325 	.db #0x79	; 121	'y'
    00000119 E6                     326 	.db #0xe6	; 230
    0000011A 70                     327 	.db #0x70	; 112	'p'
    0000011B AF                     328 	.db #0xaf	; 175
    0000011C 38                     329 	.db #0x38	; 56	'8'
    0000011D E7                     330 	.db #0xe7	; 231
    0000011E 71                     331 	.db #0x71	; 113	'q'
    0000011F AE                     332 	.db #0xae	; 174
    00000120 00                     333 	.db #0x00	; 0
    00000121 FF                     334 	.db #0xff	; 255
    00000122 54                     335 	.db #0x54	; 84	'T'
    00000123 AB                     336 	.db #0xab	; 171
    00000124 FE                     337 	.db #0xfe	; 254
    00000125 FD                     338 	.db #0xfd	; 253
    00000126 FC                     339 	.db #0xfc	; 252
    00000127 07                     340 	.db #0x07	; 7
    00000128 AE                     341 	.db #0xae	; 174
    00000129 55                     342 	.db #0x55	; 85	'U'
    0000012A 1C                     343 	.db #0x1c	; 28
    0000012B E7                     344 	.db #0xe7	; 231
    0000012C 0E                     345 	.db #0x0e	; 14
    0000012D F5                     346 	.db #0xf5	; 245
    0000012E 9C                     347 	.db #0x9c	; 156
    0000012F 67                     348 	.db #0x67	; 103	'g'
    00000130 31                     349 	.db #0x31	; 49	'1'
    00000131 CF                     350 	.db #0xcf	; 207
    00000132 33                     351 	.db #0x33	; 51	'3'
    00000133 FE                     352 	.db #0xfe	; 254
    00000134 59                     353 	.db #0x59	; 89	'Y'
    00000135 CF                     354 	.db #0xcf	; 207
    00000136 BD                     355 	.db #0xbd	; 189
    00000137 B7                     356 	.db #0xb7	; 183
    00000138 BD                     357 	.db #0xbd	; 189
    00000139 B7                     358 	.db #0xb7	; 183
    0000013A 59                     359 	.db #0x59	; 89	'Y'
    0000013B CF                     360 	.db #0xcf	; 207
    0000013C 33                     361 	.db #0x33	; 51	'3'
    0000013D FE                     362 	.db #0xfe	; 254
    0000013E 31                     363 	.db #0x31	; 49	'1'
    0000013F CF                     364 	.db #0xcf	; 207
    00000140 8C                     365 	.db #0x8c	; 140
    00000141 F3                     366 	.db #0xf3	; 243
    00000142 8C                     367 	.db #0x8c	; 140
    00000143 FF                     368 	.db #0xff	; 255
    00000144 9A                     369 	.db #0x9a	; 154
    00000145 F3                     370 	.db #0xf3	; 243
    00000146 FD                     371 	.db #0xfd	; 253
    00000147 6D                     372 	.db #0x6d	; 109	'm'
    00000148 FD                     373 	.db #0xfd	; 253
    00000149 6D                     374 	.db #0x6d	; 109	'm'
    0000014A DA                     375 	.db #0xda	; 218
    0000014B 73                     376 	.db #0x73	; 115	's'
    0000014C CC                     377 	.db #0xcc	; 204
    0000014D 7F                     378 	.db #0x7f	; 127
    0000014E 8C                     379 	.db #0x8c	; 140
    0000014F F3                     380 	.db #0xf3	; 243
    00000150 00                     381 	.db #0x00	; 0
    00000151 FF                     382 	.db #0xff	; 255
    00000152 2A                     383 	.db #0x2a	; 42
    00000153 D5                     384 	.db #0xd5	; 213
    00000154 7F                     385 	.db #0x7f	; 127
    00000155 BF                     386 	.db #0xbf	; 191
    00000156 3F                     387 	.db #0x3f	; 63
    00000157 E0                     388 	.db #0xe0	; 224
    00000158 75                     389 	.db #0x75	; 117	'u'
    00000159 AA                     390 	.db #0xaa	; 170
    0000015A 38                     391 	.db #0x38	; 56	'8'
    0000015B E7                     392 	.db #0xe7	; 231
    0000015C 70                     393 	.db #0x70	; 112	'p'
    0000015D AF                     394 	.db #0xaf	; 175
    0000015E 39                     395 	.db #0x39	; 57	'9'
    0000015F E6                     396 	.db #0xe6	; 230
    00000160 00                     397 	.db #0x00	; 0
    00000161 FF                     398 	.db #0xff	; 255
    00000162 AA                     399 	.db #0xaa	; 170
    00000163 55                     400 	.db #0x55	; 85	'U'
    00000164 FF                     401 	.db #0xff	; 255
    00000165 FF                     402 	.db #0xff	; 255
    00000166 FF                     403 	.db #0xff	; 255
    00000167 00                     404 	.db #0x00	; 0
    00000168 55                     405 	.db #0x55	; 85	'U'
    00000169 AA                     406 	.db #0xaa	; 170
    0000016A 00                     407 	.db #0x00	; 0
    0000016B FF                     408 	.db #0xff	; 255
    0000016C 00                     409 	.db #0x00	; 0
    0000016D FF                     410 	.db #0xff	; 255
    0000016E 99                     411 	.db #0x99	; 153
    0000016F 66                     412 	.db #0x66	; 102	'f'
    00000170 00                     413 	.db #0x00	; 0
    00000171 FF                     414 	.db #0xff	; 255
    00000172 AA                     415 	.db #0xaa	; 170
    00000173 55                     416 	.db #0x55	; 85	'U'
    00000174 FF                     417 	.db #0xff	; 255
    00000175 FF                     418 	.db #0xff	; 255
    00000176 FF                     419 	.db #0xff	; 255
    00000177 00                     420 	.db #0x00	; 0
    00000178 55                     421 	.db #0x55	; 85	'U'
    00000179 AA                     422 	.db #0xaa	; 170
    0000017A 00                     423 	.db #0x00	; 0
    0000017B FF                     424 	.db #0xff	; 255
    0000017C 00                     425 	.db #0x00	; 0
    0000017D FF                     426 	.db #0xff	; 255
    0000017E 99                     427 	.db #0x99	; 153
    0000017F 66                     428 	.db #0x66	; 102	'f'
    00000180 0B                     429 	.db #0x0b	; 11
    00000181 FF                     430 	.db #0xff	; 255
    00000182 B5                     431 	.db #0xb5	; 181
    00000183 5F                     432 	.db #0x5f	; 95
    00000184 FF                     433 	.db #0xff	; 255
    00000185 FF                     434 	.db #0xff	; 255
    00000186 FF                     435 	.db #0xff	; 255
    00000187 00                     436 	.db #0x00	; 0
    00000188 55                     437 	.db #0x55	; 85	'U'
    00000189 AA                     438 	.db #0xaa	; 170
    0000018A 00                     439 	.db #0x00	; 0
    0000018B FF                     440 	.db #0xff	; 255
    0000018C 00                     441 	.db #0x00	; 0
    0000018D FF                     442 	.db #0xff	; 255
    0000018E 99                     443 	.db #0x99	; 153
    0000018F 66                     444 	.db #0x66	; 102	'f'
    00000190 F1                     445 	.db #0xf1	; 241
    00000191 EE                     446 	.db #0xee	; 238
    00000192 F8                     447 	.db #0xf8	; 248
    00000193 E7                     448 	.db #0xe7	; 231
    00000194 F0                     449 	.db #0xf0	; 240
    00000195 EF                     450 	.db #0xef	; 239
    00000196 F9                     451 	.db #0xf9	; 249
    00000197 06                     452 	.db #0x06	; 6
    00000198 55                     453 	.db #0x55	; 85	'U'
    00000199 AA                     454 	.db #0xaa	; 170
    0000019A 08                     455 	.db #0x08	; 8
    0000019B F7                     456 	.db #0xf7	; 247
    0000019C 00                     457 	.db #0x00	; 0
    0000019D FF                     458 	.db #0xff	; 255
    0000019E 99                     459 	.db #0x99	; 153
    0000019F 66                     460 	.db #0x66	; 102	'f'
    000001A0 9F                     461 	.db #0x9f	; 159
    000001A1 67                     462 	.db #0x67	; 103	'g'
    000001A2 0D                     463 	.db #0x0d	; 13
    000001A3 F7                     464 	.db #0xf7	; 247
    000001A4 1E                     465 	.db #0x1e	; 30
    000001A5 E7                     466 	.db #0xe7	; 231
    000001A6 8D                     467 	.db #0x8d	; 141
    000001A7 77                     468 	.db #0x77	; 119	'w'
    000001A8 9E                     469 	.db #0x9e	; 158
    000001A9 67                     470 	.db #0x67	; 103	'g'
    000001AA 0C                     471 	.db #0x0c	; 12
    000001AB F7                     472 	.db #0xf7	; 247
    000001AC 1C                     473 	.db #0x1c	; 28
    000001AD E7                     474 	.db #0xe7	; 231
    000001AE 8C                     475 	.db #0x8c	; 140
    000001AF 77                     476 	.db #0x77	; 119	'w'
    000001B0 A0                     477 	.db #0xa0	; 160
    000001B1 FF                     478 	.db #0xff	; 255
    000001B2 50                     479 	.db #0x50	; 80	'P'
    000001B3 FF                     480 	.db #0xff	; 255
    000001B4 A3                     481 	.db #0xa3	; 163
    000001B5 FC                     482 	.db #0xfc	; 252
    000001B6 55                     483 	.db #0x55	; 85	'U'
    000001B7 FA                     484 	.db #0xfa	; 250
    000001B8 08                     485 	.db #0x08	; 8
    000001B9 FF                     486 	.db #0xff	; 255
    000001BA 14                     487 	.db #0x14	; 20
    000001BB EF                     488 	.db #0xef	; 239
    000001BC 22                     489 	.db #0x22	; 34
    000001BD DF                     490 	.db #0xdf	; 223
    000001BE 31                     491 	.db #0x31	; 49	'1'
    000001BF CF                     492 	.db #0xcf	; 207
    000001C0 18                     493 	.db #0x18	; 24
    000001C1 FF                     494 	.db #0xff	; 255
    000001C2 24                     495 	.db #0x24	; 36
    000001C3 E7                     496 	.db #0xe7	; 231
    000001C4 DB                     497 	.db #0xdb	; 219
    000001C5 5A                     498 	.db #0x5a	; 90	'Z'
    000001C6 FF                     499 	.db #0xff	; 255
    000001C7 5A                     500 	.db #0x5a	; 90	'Z'
    000001C8 3C                     501 	.db #0x3c	; 60
    000001C9 E7                     502 	.db #0xe7	; 231
    000001CA 18                     503 	.db #0x18	; 24
    000001CB FF                     504 	.db #0xff	; 255
    000001CC 10                     505 	.db #0x10	; 16
    000001CD FF                     506 	.db #0xff	; 255
    000001CE FF                     507 	.db #0xff	; 255
    000001CF EF                     508 	.db #0xef	; 239
    000001D0 18                     509 	.db #0x18	; 24
    000001D1 FF                     510 	.db #0xff	; 255
    000001D2 24                     511 	.db #0x24	; 36
    000001D3 E7                     512 	.db #0xe7	; 231
    000001D4 DB                     513 	.db #0xdb	; 219
    000001D5 5A                     514 	.db #0x5a	; 90	'Z'
    000001D6 FF                     515 	.db #0xff	; 255
    000001D7 5A                     516 	.db #0x5a	; 90	'Z'
    000001D8 3C                     517 	.db #0x3c	; 60
    000001D9 E7                     518 	.db #0xe7	; 231
    000001DA 18                     519 	.db #0x18	; 24
    000001DB FF                     520 	.db #0xff	; 255
    000001DC 60                     521 	.db #0x60	; 96
    000001DD FF                     522 	.db #0xff	; 255
    000001DE FF                     523 	.db #0xff	; 255
    000001DF 9F                     524 	.db #0x9f	; 159
    000001E0 18                     525 	.db #0x18	; 24
    000001E1 FF                     526 	.db #0xff	; 255
    000001E2 24                     527 	.db #0x24	; 36
    000001E3 E7                     528 	.db #0xe7	; 231
    000001E4 DB                     529 	.db #0xdb	; 219
    000001E5 5A                     530 	.db #0x5a	; 90	'Z'
    000001E6 FF                     531 	.db #0xff	; 255
    000001E7 5A                     532 	.db #0x5a	; 90	'Z'
    000001E8 3C                     533 	.db #0x3c	; 60
    000001E9 E7                     534 	.db #0xe7	; 231
    000001EA 18                     535 	.db #0x18	; 24
    000001EB FF                     536 	.db #0xff	; 255
    000001EC 42                     537 	.db #0x42	; 66	'B'
    000001ED FF                     538 	.db #0xff	; 255
    000001EE FF                     539 	.db #0xff	; 255
    000001EF BD                     540 	.db #0xbd	; 189
    000001F0 B1                     541 	.db #0xb1	; 177
    000001F1 4F                     542 	.db #0x4f	; 79	'O'
    000001F2 51                     543 	.db #0x51	; 81	'Q'
    000001F3 AF                     544 	.db #0xaf	; 175
    000001F4 A1                     545 	.db #0xa1	; 161
    000001F5 5F                     546 	.db #0x5f	; 95
    000001F6 C3                     547 	.db #0xc3	; 195
    000001F7 3E                     548 	.db #0x3e	; 62
    000001F8 03                     549 	.db #0x03	; 3
    000001F9 FE                     550 	.db #0xfe	; 254
    000001FA 01                     551 	.db #0x01	; 1
    000001FB FF                     552 	.db #0xff	; 255
    000001FC 81                     553 	.db #0x81	; 129
    000001FD FF                     554 	.db #0xff	; 255
    000001FE FF                     555 	.db #0xff	; 255
    000001FF 7E                     556 	.db #0x7e	; 126
    00000200 8C                     557 	.db #0x8c	; 140
    00000201 F3                     558 	.db #0xf3	; 243
    00000202 8C                     559 	.db #0x8c	; 140
    00000203 FF                     560 	.db #0xff	; 255
    00000204 9A                     561 	.db #0x9a	; 154
    00000205 F3                     562 	.db #0xf3	; 243
    00000206 FD                     563 	.db #0xfd	; 253
    00000207 6D                     564 	.db #0x6d	; 109	'm'
    00000208 BD                     565 	.db #0xbd	; 189
    00000209 ED                     566 	.db #0xed	; 237
    0000020A 9A                     567 	.db #0x9a	; 154
    0000020B F3                     568 	.db #0xf3	; 243
    0000020C 8C                     569 	.db #0x8c	; 140
    0000020D FF                     570 	.db #0xff	; 255
    0000020E 8C                     571 	.db #0x8c	; 140
    0000020F F3                     572 	.db #0xf3	; 243
    00000210 39                     573 	.db #0x39	; 57	'9'
    00000211 E6                     574 	.db #0xe6	; 230
    00000212 70                     575 	.db #0x70	; 112	'p'
    00000213 AF                     576 	.db #0xaf	; 175
    00000214 38                     577 	.db #0x38	; 56	'8'
    00000215 E7                     578 	.db #0xe7	; 231
    00000216 71                     579 	.db #0x71	; 113	'q'
    00000217 AE                     580 	.db #0xae	; 174
    00000218 39                     581 	.db #0x39	; 57	'9'
    00000219 E6                     582 	.db #0xe6	; 230
    0000021A 70                     583 	.db #0x70	; 112	'p'
    0000021B AF                     584 	.db #0xaf	; 175
    0000021C 38                     585 	.db #0x38	; 56	'8'
    0000021D E7                     586 	.db #0xe7	; 231
    0000021E 71                     587 	.db #0x71	; 113	'q'
    0000021F AE                     588 	.db #0xae	; 174
    00000220 8E                     589 	.db #0x8e	; 142
    00000221 75                     590 	.db #0x75	; 117	'u'
    00000222 1C                     591 	.db #0x1c	; 28
    00000223 E7                     592 	.db #0xe7	; 231
    00000224 0E                     593 	.db #0x0e	; 14
    00000225 F5                     594 	.db #0xf5	; 245
    00000226 9C                     595 	.db #0x9c	; 156
    00000227 67                     596 	.db #0x67	; 103	'g'
    00000228 8E                     597 	.db #0x8e	; 142
    00000229 75                     598 	.db #0x75	; 117	'u'
    0000022A 1C                     599 	.db #0x1c	; 28
    0000022B E7                     600 	.db #0xe7	; 231
    0000022C 0E                     601 	.db #0x0e	; 14
    0000022D F5                     602 	.db #0xf5	; 245
    0000022E 9C                     603 	.db #0x9c	; 156
    0000022F 67                     604 	.db #0x67	; 103	'g'
    00000230 31                     605 	.db #0x31	; 49	'1'
    00000231 CF                     606 	.db #0xcf	; 207
    00000232 31                     607 	.db #0x31	; 49	'1'
    00000233 FF                     608 	.db #0xff	; 255
    00000234 59                     609 	.db #0x59	; 89	'Y'
    00000235 CF                     610 	.db #0xcf	; 207
    00000236 BD                     611 	.db #0xbd	; 189
    00000237 B7                     612 	.db #0xb7	; 183
    00000238 BD                     613 	.db #0xbd	; 189
    00000239 B7                     614 	.db #0xb7	; 183
    0000023A 5B                     615 	.db #0x5b	; 91
    0000023B CE                     616 	.db #0xce	; 206
    0000023C 33                     617 	.db #0x33	; 51	'3'
    0000023D FE                     618 	.db #0xfe	; 254
    0000023E 31                     619 	.db #0x31	; 49	'1'
    0000023F CF                     620 	.db #0xcf	; 207
    00000240 8C                     621 	.db #0x8c	; 140
    00000241 F3                     622 	.db #0xf3	; 243
    00000242 CC                     623 	.db #0xcc	; 204
    00000243 7F                     624 	.db #0x7f	; 127
    00000244 9A                     625 	.db #0x9a	; 154
    00000245 F3                     626 	.db #0xf3	; 243
    00000246 BD                     627 	.db #0xbd	; 189
    00000247 ED                     628 	.db #0xed	; 237
    00000248 BD                     629 	.db #0xbd	; 189
    00000249 ED                     630 	.db #0xed	; 237
    0000024A 9A                     631 	.db #0x9a	; 154
    0000024B F3                     632 	.db #0xf3	; 243
    0000024C CC                     633 	.db #0xcc	; 204
    0000024D 7F                     634 	.db #0x7f	; 127
    0000024E 8C                     635 	.db #0x8c	; 140
    0000024F F3                     636 	.db #0xf3	; 243
    00000250 39                     637 	.db #0x39	; 57	'9'
    00000251 E6                     638 	.db #0xe6	; 230
    00000252 70                     639 	.db #0x70	; 112	'p'
    00000253 AF                     640 	.db #0xaf	; 175
    00000254 38                     641 	.db #0x38	; 56	'8'
    00000255 E7                     642 	.db #0xe7	; 231
    00000256 75                     643 	.db #0x75	; 117	'u'
    00000257 AA                     644 	.db #0xaa	; 170
    00000258 3F                     645 	.db #0x3f	; 63
    00000259 E0                     646 	.db #0xe0	; 224
    0000025A 7F                     647 	.db #0x7f	; 127
    0000025B BF                     648 	.db #0xbf	; 191
    0000025C 2A                     649 	.db #0x2a	; 42
    0000025D D5                     650 	.db #0xd5	; 213
    0000025E 00                     651 	.db #0x00	; 0
    0000025F FF                     652 	.db #0xff	; 255
    00000260 8E                     653 	.db #0x8e	; 142
    00000261 75                     654 	.db #0x75	; 117	'u'
    00000262 1C                     655 	.db #0x1c	; 28
    00000263 E7                     656 	.db #0xe7	; 231
    00000264 0E                     657 	.db #0x0e	; 14
    00000265 F5                     658 	.db #0xf5	; 245
    00000266 9E                     659 	.db #0x9e	; 158
    00000267 67                     660 	.db #0x67	; 103	'g'
    00000268 8D                     661 	.db #0x8d	; 141
    00000269 77                     662 	.db #0x77	; 119	'w'
    0000026A 1E                     663 	.db #0x1e	; 30
    0000026B E7                     664 	.db #0xe7	; 231
    0000026C 0D                     665 	.db #0x0d	; 13
    0000026D F7                     666 	.db #0xf7	; 247
    0000026E 9F                     667 	.db #0x9f	; 159
    0000026F 67                     668 	.db #0x67	; 103	'g'
    00000270 31                     669 	.db #0x31	; 49	'1'
    00000271 CF                     670 	.db #0xcf	; 207
    00000272 22                     671 	.db #0x22	; 34
    00000273 DF                     672 	.db #0xdf	; 223
    00000274 14                     673 	.db #0x14	; 20
    00000275 EF                     674 	.db #0xef	; 239
    00000276 08                     675 	.db #0x08	; 8
    00000277 FF                     676 	.db #0xff	; 255
    00000278 55                     677 	.db #0x55	; 85	'U'
    00000279 FA                     678 	.db #0xfa	; 250
    0000027A A3                     679 	.db #0xa3	; 163
    0000027B FC                     680 	.db #0xfc	; 252
    0000027C 50                     681 	.db #0x50	; 80	'P'
    0000027D FF                     682 	.db #0xff	; 255
    0000027E A0                     683 	.db #0xa0	; 160
    0000027F FF                     684 	.db #0xff	; 255
    00000280 99                     685 	.db #0x99	; 153
    00000281 66                     686 	.db #0x66	; 102	'f'
    00000282 00                     687 	.db #0x00	; 0
    00000283 FF                     688 	.db #0xff	; 255
    00000284 00                     689 	.db #0x00	; 0
    00000285 FF                     690 	.db #0xff	; 255
    00000286 55                     691 	.db #0x55	; 85	'U'
    00000287 AA                     692 	.db #0xaa	; 170
    00000288 FF                     693 	.db #0xff	; 255
    00000289 00                     694 	.db #0x00	; 0
    0000028A FF                     695 	.db #0xff	; 255
    0000028B FF                     696 	.db #0xff	; 255
    0000028C 15                     697 	.db #0x15	; 21
    0000028D FF                     698 	.db #0xff	; 255
    0000028E 0B                     699 	.db #0x0b	; 11
    0000028F FF                     700 	.db #0xff	; 255
    00000290 99                     701 	.db #0x99	; 153
    00000291 66                     702 	.db #0x66	; 102	'f'
    00000292 00                     703 	.db #0x00	; 0
    00000293 FF                     704 	.db #0xff	; 255
    00000294 08                     705 	.db #0x08	; 8
    00000295 F7                     706 	.db #0xf7	; 247
    00000296 55                     707 	.db #0x55	; 85	'U'
    00000297 AA                     708 	.db #0xaa	; 170
    00000298 F9                     709 	.db #0xf9	; 249
    00000299 06                     710 	.db #0x06	; 6
    0000029A F0                     711 	.db #0xf0	; 240
    0000029B EF                     712 	.db #0xef	; 239
    0000029C F8                     713 	.db #0xf8	; 248
    0000029D E7                     714 	.db #0xe7	; 231
    0000029E F1                     715 	.db #0xf1	; 241
    0000029F EE                     716 	.db #0xee	; 238
    000002A0 8F                     717 	.db #0x8f	; 143
    000002A1 77                     718 	.db #0x77	; 119	'w'
    000002A2 1F                     719 	.db #0x1f	; 31
    000002A3 E7                     720 	.db #0xe7	; 231
    000002A4 0F                     721 	.db #0x0f	; 15
    000002A5 F7                     722 	.db #0xf7	; 247
    000002A6 9F                     723 	.db #0x9f	; 159
    000002A7 60                     724 	.db #0x60	; 96
    000002A8 AA                     725 	.db #0xaa	; 170
    000002A9 55                     726 	.db #0x55	; 85	'U'
    000002AA 10                     727 	.db #0x10	; 16
    000002AB EF                     728 	.db #0xef	; 239
    000002AC 00                     729 	.db #0x00	; 0
    000002AD FF                     730 	.db #0xff	; 255
    000002AE 99                     731 	.db #0x99	; 153
    000002AF 66                     732 	.db #0x66	; 102	'f'
    000002B0 D0                     733 	.db #0xd0	; 208
    000002B1 FF                     734 	.db #0xff	; 255
    000002B2 A8                     735 	.db #0xa8	; 168
    000002B3 FF                     736 	.db #0xff	; 255
    000002B4 FF                     737 	.db #0xff	; 255
    000002B5 FF                     738 	.db #0xff	; 255
    000002B6 FF                     739 	.db #0xff	; 255
    000002B7 00                     740 	.db #0x00	; 0
    000002B8 AA                     741 	.db #0xaa	; 170
    000002B9 55                     742 	.db #0x55	; 85	'U'
    000002BA 00                     743 	.db #0x00	; 0
    000002BB FF                     744 	.db #0xff	; 255
    000002BC 00                     745 	.db #0x00	; 0
    000002BD FF                     746 	.db #0xff	; 255
    000002BE 99                     747 	.db #0x99	; 153
    000002BF 66                     748 	.db #0x66	; 102	'f'
    000002C0 FF                     749 	.db #0xff	; 255
    000002C1 87                     750 	.db #0x87	; 135
    000002C2 78                     751 	.db #0x78	; 120	'x'
    000002C3 FF                     752 	.db #0xff	; 255
    000002C4 18                     753 	.db #0x18	; 24
    000002C5 FF                     754 	.db #0xff	; 255
    000002C6 3C                     755 	.db #0x3c	; 60
    000002C7 E7                     756 	.db #0xe7	; 231
    000002C8 FF                     757 	.db #0xff	; 255
    000002C9 5A                     758 	.db #0x5a	; 90	'Z'
    000002CA DB                     759 	.db #0xdb	; 219
    000002CB 5A                     760 	.db #0x5a	; 90	'Z'
    000002CC 24                     761 	.db #0x24	; 36
    000002CD E7                     762 	.db #0xe7	; 231
    000002CE 18                     763 	.db #0x18	; 24
    000002CF FF                     764 	.db #0xff	; 255
    000002D0 FF                     765 	.db #0xff	; 255
    000002D1 E6                     766 	.db #0xe6	; 230
    000002D2 19                     767 	.db #0x19	; 25
    000002D3 FF                     768 	.db #0xff	; 255
    000002D4 01                     769 	.db #0x01	; 1
    000002D5 FF                     770 	.db #0xff	; 255
    000002D6 01                     771 	.db #0x01	; 1
    000002D7 FF                     772 	.db #0xff	; 255
    000002D8 C1                     773 	.db #0xc1	; 193
    000002D9 3F                     774 	.db #0x3f	; 63
    000002DA A1                     775 	.db #0xa1	; 161
    000002DB 5F                     776 	.db #0x5f	; 95
    000002DC 51                     777 	.db #0x51	; 81	'Q'
    000002DD AF                     778 	.db #0xaf	; 175
    000002DE B3                     779 	.db #0xb3	; 179
    000002DF 4E                     780 	.db #0x4e	; 78	'N'
    000002E0 CD                     781 	.db #0xcd	; 205
    000002E1 72                     782 	.db #0x72	; 114	'r'
    000002E2 8A                     783 	.db #0x8a	; 138
    000002E3 F5                     784 	.db #0xf5	; 245
    000002E4 85                     785 	.db #0x85	; 133
    000002E5 FA                     786 	.db #0xfa	; 250
    000002E6 83                     787 	.db #0x83	; 131
    000002E7 FC                     788 	.db #0xfc	; 252
    000002E8 80                     789 	.db #0x80	; 128
    000002E9 FF                     790 	.db #0xff	; 255
    000002EA 80                     791 	.db #0x80	; 128
    000002EB FF                     792 	.db #0xff	; 255
    000002EC 98                     793 	.db #0x98	; 152
    000002ED FF                     794 	.db #0xff	; 255
    000002EE FF                     795 	.db #0xff	; 255
    000002EF 67                     796 	.db #0x67	; 103	'g'
    000002F0 18                     797 	.db #0x18	; 24
    000002F1 FF                     798 	.db #0xff	; 255
    000002F2 24                     799 	.db #0x24	; 36
    000002F3 E7                     800 	.db #0xe7	; 231
    000002F4 DB                     801 	.db #0xdb	; 219
    000002F5 5A                     802 	.db #0x5a	; 90	'Z'
    000002F6 FF                     803 	.db #0xff	; 255
    000002F7 5A                     804 	.db #0x5a	; 90	'Z'
    000002F8 3C                     805 	.db #0x3c	; 60
    000002F9 E7                     806 	.db #0xe7	; 231
    000002FA 18                     807 	.db #0x18	; 24
    000002FB FF                     808 	.db #0xff	; 255
    000002FC 1E                     809 	.db #0x1e	; 30
    000002FD FF                     810 	.db #0xff	; 255
    000002FE FF                     811 	.db #0xff	; 255
    000002FF E1                     812 	.db #0xe1	; 225
    00000300 8C                     813 	.db #0x8c	; 140
    00000301 F3                     814 	.db #0xf3	; 243
    00000302 CC                     815 	.db #0xcc	; 204
    00000303 7F                     816 	.db #0x7f	; 127
    00000304 DA                     817 	.db #0xda	; 218
    00000305 73                     818 	.db #0x73	; 115	's'
    00000306 BD                     819 	.db #0xbd	; 189
    00000307 ED                     820 	.db #0xed	; 237
    00000308 BD                     821 	.db #0xbd	; 189
    00000309 ED                     822 	.db #0xed	; 237
    0000030A 9A                     823 	.db #0x9a	; 154
    0000030B F3                     824 	.db #0xf3	; 243
    0000030C 8C                     825 	.db #0x8c	; 140
    0000030D FF                     826 	.db #0xff	; 255
    0000030E 8C                     827 	.db #0x8c	; 140
    0000030F F3                     828 	.db #0xf3	; 243
    00000310 39                     829 	.db #0x39	; 57	'9'
    00000311 E6                     830 	.db #0xe6	; 230
    00000312 70                     831 	.db #0x70	; 112	'p'
    00000313 AF                     832 	.db #0xaf	; 175
    00000314 38                     833 	.db #0x38	; 56	'8'
    00000315 E7                     834 	.db #0xe7	; 231
    00000316 71                     835 	.db #0x71	; 113	'q'
    00000317 AE                     836 	.db #0xae	; 174
    00000318 39                     837 	.db #0x39	; 57	'9'
    00000319 E6                     838 	.db #0xe6	; 230
    0000031A 70                     839 	.db #0x70	; 112	'p'
    0000031B AF                     840 	.db #0xaf	; 175
    0000031C 38                     841 	.db #0x38	; 56	'8'
    0000031D E7                     842 	.db #0xe7	; 231
    0000031E 71                     843 	.db #0x71	; 113	'q'
    0000031F AE                     844 	.db #0xae	; 174
    00000320 8E                     845 	.db #0x8e	; 142
    00000321 75                     846 	.db #0x75	; 117	'u'
    00000322 1C                     847 	.db #0x1c	; 28
    00000323 E7                     848 	.db #0xe7	; 231
    00000324 0E                     849 	.db #0x0e	; 14
    00000325 F5                     850 	.db #0xf5	; 245
    00000326 9C                     851 	.db #0x9c	; 156
    00000327 67                     852 	.db #0x67	; 103	'g'
    00000328 8E                     853 	.db #0x8e	; 142
    00000329 75                     854 	.db #0x75	; 117	'u'
    0000032A 1C                     855 	.db #0x1c	; 28
    0000032B E7                     856 	.db #0xe7	; 231
    0000032C 0E                     857 	.db #0x0e	; 14
    0000032D F5                     858 	.db #0xf5	; 245
    0000032E 9C                     859 	.db #0x9c	; 156
    0000032F 67                     860 	.db #0x67	; 103	'g'
    00000330 31                     861 	.db #0x31	; 49	'1'
    00000331 CF                     862 	.db #0xcf	; 207
    00000332 31                     863 	.db #0x31	; 49	'1'
    00000333 FF                     864 	.db #0xff	; 255
    00000334 59                     865 	.db #0x59	; 89	'Y'
    00000335 CF                     866 	.db #0xcf	; 207
    00000336 BD                     867 	.db #0xbd	; 189
    00000337 B7                     868 	.db #0xb7	; 183
    00000338 BF                     869 	.db #0xbf	; 191
    00000339 B6                     870 	.db #0xb6	; 182
    0000033A 59                     871 	.db #0x59	; 89	'Y'
    0000033B CF                     872 	.db #0xcf	; 207
    0000033C 31                     873 	.db #0x31	; 49	'1'
    0000033D FF                     874 	.db #0xff	; 255
    0000033E 31                     875 	.db #0x31	; 49	'1'
    0000033F CF                     876 	.db #0xcf	; 207
    00000340 00                     877 	.db #0x00	; 0
    00000341 00                     878 	.db #0x00	; 0
    00000342 00                     879 	.db #0x00	; 0
    00000343 00                     880 	.db #0x00	; 0
    00000344 00                     881 	.db #0x00	; 0
    00000345 00                     882 	.db #0x00	; 0
    00000346 00                     883 	.db #0x00	; 0
    00000347 00                     884 	.db #0x00	; 0
    00000348 00                     885 	.db #0x00	; 0
    00000349 00                     886 	.db #0x00	; 0
    0000034A 00                     887 	.db #0x00	; 0
    0000034B 00                     888 	.db #0x00	; 0
    0000034C 00                     889 	.db #0x00	; 0
    0000034D 00                     890 	.db #0x00	; 0
    0000034E 00                     891 	.db #0x00	; 0
    0000034F 00                     892 	.db #0x00	; 0
                                    893 	.area _INITIALIZER
                                    894 	.area _CABS (ABS)
