                                      1 ;--------------------------------------------------------
                                      2 ; File Created by SDCC : free open source ISO C Compiler
                                      3 ; Version 4.5.1 #15267 (Linux)
                                      4 ;--------------------------------------------------------
                                      5 	.module DungeonTiles
                                      6 	
                                      7 ;--------------------------------------------------------
                                      8 ; Public variables in this module
                                      9 ;--------------------------------------------------------
                                     10 	.globl _DungeonTiles
                                     11 ;--------------------------------------------------------
                                     12 ; special function registers
                                     13 ;--------------------------------------------------------
                                     14 	.area _HRAM
                                     15 ;--------------------------------------------------------
                                     16 ; ram data
                                     17 ;--------------------------------------------------------
                                     18 	.area _DATA
                                     19 ;--------------------------------------------------------
                                     20 ; ram data
                                     21 ;--------------------------------------------------------
                                     22 	.area _INITIALIZED
                                     23 ;--------------------------------------------------------
                                     24 ; absolute external ram data
                                     25 ;--------------------------------------------------------
                                     26 	.area _DABS (ABS)
                                     27 ;--------------------------------------------------------
                                     28 ; global & static initialisations
                                     29 ;--------------------------------------------------------
                                     30 	.area _HOME
                                     31 	.area _GSINIT
                                     32 	.area _GSFINAL
                                     33 	.area _GSINIT
                                     34 ;--------------------------------------------------------
                                     35 ; Home
                                     36 ;--------------------------------------------------------
                                     37 	.area _HOME
                                     38 	.area _HOME
                                     39 ;--------------------------------------------------------
                                     40 ; code
                                     41 ;--------------------------------------------------------
                                     42 	.area _CODE_2
                                     43 	.area _CODE_2
    00000000                         44 _DungeonTiles:
    00000000 41                      45 	.db #0x41	; 65	'A'
    00000001 00                      46 	.db #0x00	; 0
    00000002 41                      47 	.db #0x41	; 65	'A'
    00000003 00                      48 	.db #0x00	; 0
    00000004 45                      49 	.db #0x45	; 69	'E'
    00000005 00                      50 	.db #0x00	; 0
    00000006 C1                      51 	.db #0xc1	; 193
    00000007 00                      52 	.db #0x00	; 0
    00000008 E3                      53 	.db #0xe3	; 227
    00000009 00                      54 	.db #0x00	; 0
    0000000A FC                      55 	.db #0xfc	; 252
    0000000B 00                      56 	.db #0x00	; 0
    0000000C 38                      57 	.db #0x38	; 56	'8'
    0000000D 00                      58 	.db #0x00	; 0
    0000000E 12                      59 	.db #0x12	; 18
    0000000F 00                      60 	.db #0x00	; 0
    00000010 F8                      61 	.db #0xf8	; 248
    00000011 00                      62 	.db #0x00	; 0
    00000012 18                      63 	.db #0x18	; 24
    00000013 00                      64 	.db #0x00	; 0
    00000014 0C                      65 	.db #0x0c	; 12
    00000015 00                      66 	.db #0x00	; 0
    00000016 04                      67 	.db #0x04	; 4
    00000017 00                      68 	.db #0x00	; 0
    00000018 87                      69 	.db #0x87	; 135
    00000019 00                      70 	.db #0x00	; 0
    0000001A C7                      71 	.db #0xc7	; 199
    0000001B 00                      72 	.db #0x00	; 0
    0000001C 44                      73 	.db #0x44	; 68	'D'
    0000001D 00                      74 	.db #0x00	; 0
    0000001E 6C                      75 	.db #0x6c	; 108	'l'
    0000001F 00                      76 	.db #0x00	; 0
    00000020 50                      77 	.db #0x50	; 80	'P'
    00000021 00                      78 	.db #0x00	; 0
    00000022 10                      79 	.db #0x10	; 16
    00000023 00                      80 	.db #0x00	; 0
    00000024 91                      81 	.db #0x91	; 145
    00000025 00                      82 	.db #0x00	; 0
    00000026 18                      83 	.db #0x18	; 24
    00000027 00                      84 	.db #0x00	; 0
    00000028 3C                      85 	.db #0x3c	; 60
    00000029 00                      86 	.db #0x00	; 0
    0000002A E3                      87 	.db #0xe3	; 227
    0000002B 00                      88 	.db #0x00	; 0
    0000002C C1                      89 	.db #0xc1	; 193
    0000002D 00                      90 	.db #0x00	; 0
    0000002E C9                      91 	.db #0xc9	; 201
    0000002F 00                      92 	.db #0x00	; 0
    00000030 38                      93 	.db #0x38	; 56	'8'
    00000031 00                      94 	.db #0x00	; 0
    00000032 3A                      95 	.db #0x3a	; 58
    00000033 00                      96 	.db #0x00	; 0
    00000034 38                      97 	.db #0x38	; 56	'8'
    00000035 00                      98 	.db #0x00	; 0
    00000036 64                      99 	.db #0x64	; 100	'd'
    00000037 00                     100 	.db #0x00	; 0
    00000038 C6                     101 	.db #0xc6	; 198
    00000039 00                     102 	.db #0x00	; 0
    0000003A 93                     103 	.db #0x93	; 147
    0000003B 00                     104 	.db #0x00	; 0
    0000003C 83                     105 	.db #0x83	; 131
    0000003D 00                     106 	.db #0x00	; 0
    0000003E FF                     107 	.db #0xff	; 255
    0000003F 00                     108 	.db #0x00	; 0
    00000040 FF                     109 	.db #0xff	; 255
    00000041 77                     110 	.db #0x77	; 119	'w'
    00000042 C8                     111 	.db #0xc8	; 200
    00000043 FF                     112 	.db #0xff	; 255
    00000044 A2                     113 	.db #0xa2	; 162
    00000045 DD                     114 	.db #0xdd	; 221
    00000046 94                     115 	.db #0x94	; 148
    00000047 EB                     116 	.db #0xeb	; 235
    00000048 AB                     117 	.db #0xab	; 171
    00000049 D4                     118 	.db #0xd4	; 212
    0000004A 95                     119 	.db #0x95	; 149
    0000004B EB                     120 	.db #0xeb	; 235
    0000004C BA                     121 	.db #0xba	; 186
    0000004D C7                     122 	.db #0xc7	; 199
    0000004E 9C                     123 	.db #0x9c	; 156
    0000004F E6                     124 	.db #0xe6	; 230
    00000050 FF                     125 	.db #0xff	; 255
    00000051 EF                     126 	.db #0xef	; 239
    00000052 10                     127 	.db #0x10	; 16
    00000053 FF                     128 	.db #0xff	; 255
    00000054 08                     129 	.db #0x08	; 8
    00000055 F7                     130 	.db #0xf7	; 247
    00000056 BB                     131 	.db #0xbb	; 187
    00000057 44                     132 	.db #0x44	; 68	'D'
    00000058 FF                     133 	.db #0xff	; 255
    00000059 00                     134 	.db #0x00	; 0
    0000005A FF                     135 	.db #0xff	; 255
    0000005B FF                     136 	.db #0xff	; 255
    0000005C A9                     137 	.db #0xa9	; 169
    0000005D 56                     138 	.db #0x56	; 86	'V'
    0000005E FF                     139 	.db #0xff	; 255
    0000005F 00                     140 	.db #0x00	; 0
    00000060 FF                     141 	.db #0xff	; 255
    00000061 BD                     142 	.db #0xbd	; 189
    00000062 42                     143 	.db #0x42	; 66	'B'
    00000063 FF                     144 	.db #0xff	; 255
    00000064 42                     145 	.db #0x42	; 66	'B'
    00000065 BD                     146 	.db #0xbd	; 189
    00000066 DF                     147 	.db #0xdf	; 223
    00000067 20                     148 	.db #0x20	; 32
    00000068 FF                     149 	.db #0xff	; 255
    00000069 00                     150 	.db #0x00	; 0
    0000006A FF                     151 	.db #0xff	; 255
    0000006B FF                     152 	.db #0xff	; 255
    0000006C 66                     153 	.db #0x66	; 102	'f'
    0000006D 99                     154 	.db #0x99	; 153
    0000006E FF                     155 	.db #0xff	; 255
    0000006F 00                     156 	.db #0x00	; 0
    00000070 FF                     157 	.db #0xff	; 255
    00000071 FB                     158 	.db #0xfb	; 251
    00000072 04                     159 	.db #0x04	; 4
    00000073 FF                     160 	.db #0xff	; 255
    00000074 4D                     161 	.db #0x4d	; 77	'M'
    00000075 B2                     162 	.db #0xb2	; 178
    00000076 36                     163 	.db #0x36	; 54	'6'
    00000077 C9                     164 	.db #0xc9	; 201
    00000078 FF                     165 	.db #0xff	; 255
    00000079 00                     166 	.db #0x00	; 0
    0000007A FF                     167 	.db #0xff	; 255
    0000007B FF                     168 	.db #0xff	; 255
    0000007C 32                     169 	.db #0x32	; 50	'2'
    0000007D CD                     170 	.db #0xcd	; 205
    0000007E FF                     171 	.db #0xff	; 255
    0000007F 00                     172 	.db #0x00	; 0
    00000080 BF                     173 	.db #0xbf	; 191
    00000081 C4                     174 	.db #0xc4	; 196
    00000082 5D                     175 	.db #0x5d	; 93
    00000083 E6                     176 	.db #0xe6	; 230
    00000084 AF                     177 	.db #0xaf	; 175
    00000085 74                     178 	.db #0x74	; 116	't'
    00000086 D7                     179 	.db #0xd7	; 215
    00000087 3C                     180 	.db #0x3c	; 60
    00000088 EB                     181 	.db #0xeb	; 235
    00000089 1C                     182 	.db #0x1c	; 28
    0000008A F5                     183 	.db #0xf5	; 245
    0000008B FE                     184 	.db #0xfe	; 254
    0000008C DA                     185 	.db #0xda	; 218
    0000008D 27                     186 	.db #0x27	; 39
    0000008E FD                     187 	.db #0xfd	; 253
    0000008F 03                     188 	.db #0x03	; 3
    00000090 D8                     189 	.db #0xd8	; 216
    00000091 10                     190 	.db #0x10	; 16
    00000092 9C                     191 	.db #0x9c	; 156
    00000093 10                     192 	.db #0x10	; 16
    00000094 98                     193 	.db #0x98	; 152
    00000095 10                     194 	.db #0x10	; 16
    00000096 DC                     195 	.db #0xdc	; 220
    00000097 10                     196 	.db #0x10	; 16
    00000098 98                     197 	.db #0x98	; 152
    00000099 10                     198 	.db #0x10	; 16
    0000009A DC                     199 	.db #0xdc	; 220
    0000009B 10                     200 	.db #0x10	; 16
    0000009C 98                     201 	.db #0x98	; 152
    0000009D 10                     202 	.db #0x10	; 16
    0000009E 1C                     203 	.db #0x1c	; 28
    0000009F D0                     204 	.db #0xd0	; 208
    000000A0 00                     205 	.db #0x00	; 0
    000000A1 00                     206 	.db #0x00	; 0
    000000A2 00                     207 	.db #0x00	; 0
    000000A3 00                     208 	.db #0x00	; 0
    000000A4 1A                     209 	.db #0x1a	; 26
    000000A5 00                     210 	.db #0x00	; 0
    000000A6 2F                     211 	.db #0x2f	; 47
    000000A7 00                     212 	.db #0x00	; 0
    000000A8 3F                     213 	.db #0x3f	; 63
    000000A9 03                     214 	.db #0x03	; 3
    000000AA 1C                     215 	.db #0x1c	; 28
    000000AB 07                     216 	.db #0x07	; 7
    000000AC 3A                     217 	.db #0x3a	; 58
    000000AD 0F                     218 	.db #0x0f	; 15
    000000AE 19                     219 	.db #0x19	; 25
    000000AF 0F                     220 	.db #0x0f	; 15
    000000B0 00                     221 	.db #0x00	; 0
    000000B1 00                     222 	.db #0x00	; 0
    000000B2 00                     223 	.db #0x00	; 0
    000000B3 00                     224 	.db #0x00	; 0
    000000B4 AA                     225 	.db #0xaa	; 170
    000000B5 00                     226 	.db #0x00	; 0
    000000B6 FF                     227 	.db #0xff	; 255
    000000B7 00                     228 	.db #0x00	; 0
    000000B8 FF                     229 	.db #0xff	; 255
    000000B9 FF                     230 	.db #0xff	; 255
    000000BA 00                     231 	.db #0x00	; 0
    000000BB 00                     232 	.db #0x00	; 0
    000000BC 21                     233 	.db #0x21	; 33
    000000BD 80                     234 	.db #0x80	; 128
    000000BE 7F                     235 	.db #0x7f	; 127
    000000BF 80                     236 	.db #0x80	; 128
    000000C0 00                     237 	.db #0x00	; 0
    000000C1 00                     238 	.db #0x00	; 0
    000000C2 00                     239 	.db #0x00	; 0
    000000C3 00                     240 	.db #0x00	; 0
    000000C4 AA                     241 	.db #0xaa	; 170
    000000C5 00                     242 	.db #0x00	; 0
    000000C6 FF                     243 	.db #0xff	; 255
    000000C7 00                     244 	.db #0x00	; 0
    000000C8 FF                     245 	.db #0xff	; 255
    000000C9 FF                     246 	.db #0xff	; 255
    000000CA 00                     247 	.db #0x00	; 0
    000000CB 00                     248 	.db #0x00	; 0
    000000CC 98                     249 	.db #0x98	; 152
    000000CD 00                     250 	.db #0x00	; 0
    000000CE FF                     251 	.db #0xff	; 255
    000000CF 00                     252 	.db #0x00	; 0
    000000D0 00                     253 	.db #0x00	; 0
    000000D1 00                     254 	.db #0x00	; 0
    000000D2 00                     255 	.db #0x00	; 0
    000000D3 00                     256 	.db #0x00	; 0
    000000D4 AA                     257 	.db #0xaa	; 170
    000000D5 00                     258 	.db #0x00	; 0
    000000D6 FF                     259 	.db #0xff	; 255
    000000D7 00                     260 	.db #0x00	; 0
    000000D8 FF                     261 	.db #0xff	; 255
    000000D9 FF                     262 	.db #0xff	; 255
    000000DA 00                     263 	.db #0x00	; 0
    000000DB 00                     264 	.db #0x00	; 0
    000000DC 52                     265 	.db #0x52	; 82	'R'
    000000DD 00                     266 	.db #0x00	; 0
    000000DE FF                     267 	.db #0xff	; 255
    000000DF 00                     268 	.db #0x00	; 0
    000000E0 38                     269 	.db #0x38	; 56	'8'
    000000E1 08                     270 	.db #0x08	; 8
    000000E2 19                     271 	.db #0x19	; 25
    000000E3 08                     272 	.db #0x08	; 8
    000000E4 B9                     273 	.db #0xb9	; 185
    000000E5 08                     274 	.db #0x08	; 8
    000000E6 F8                     275 	.db #0xf8	; 248
    000000E7 10                     276 	.db #0x10	; 16
    000000E8 F5                     277 	.db #0xf5	; 245
    000000E9 E0                     278 	.db #0xe0	; 224
    000000EA 0B                     279 	.db #0x0b	; 11
    000000EB 00                     280 	.db #0x00	; 0
    000000EC 25                     281 	.db #0x25	; 37
    000000ED 00                     282 	.db #0x00	; 0
    000000EE FE                     283 	.db #0xfe	; 254
    000000EF 00                     284 	.db #0x00	; 0
    000000F0 B5                     285 	.db #0xb5	; 181
    000000F1 6B                     286 	.db #0x6b	; 107	'k'
    000000F2 B9                     287 	.db #0xb9	; 185
    000000F3 67                     288 	.db #0x67	; 103	'g'
    000000F4 FB                     289 	.db #0xfb	; 251
    000000F5 26                     290 	.db #0x26	; 38
    000000F6 BD                     291 	.db #0xbd	; 189
    000000F7 63                     292 	.db #0x63	; 99	'c'
    000000F8 F5                     293 	.db #0xf5	; 245
    000000F9 2B                     294 	.db #0x2b	; 43
    000000FA B9                     295 	.db #0xb9	; 185
    000000FB 67                     296 	.db #0x67	; 103	'g'
    000000FC FB                     297 	.db #0xfb	; 251
    000000FD 26                     298 	.db #0x26	; 38
    000000FE B5                     299 	.db #0xb5	; 181
    000000FF 6B                     300 	.db #0x6b	; 107	'k'
    00000100 FD                     301 	.db #0xfd	; 253
    00000101 03                     302 	.db #0x03	; 3
    00000102 BA                     303 	.db #0xba	; 186
    00000103 47                     304 	.db #0x47	; 71	'G'
    00000104 F5                     305 	.db #0xf5	; 245
    00000105 FE                     306 	.db #0xfe	; 254
    00000106 EB                     307 	.db #0xeb	; 235
    00000107 1C                     308 	.db #0x1c	; 28
    00000108 D7                     309 	.db #0xd7	; 215
    00000109 3C                     310 	.db #0x3c	; 60
    0000010A AD                     311 	.db #0xad	; 173
    0000010B 76                     312 	.db #0x76	; 118	'v'
    0000010C 5F                     313 	.db #0x5f	; 95
    0000010D E4                     314 	.db #0xe4	; 228
    0000010E BF                     315 	.db #0xbf	; 191
    0000010F C4                     316 	.db #0xc4	; 196
    00000110 1C                     317 	.db #0x1c	; 28
    00000111 D0                     318 	.db #0xd0	; 208
    00000112 98                     319 	.db #0x98	; 152
    00000113 10                     320 	.db #0x10	; 16
    00000114 DC                     321 	.db #0xdc	; 220
    00000115 10                     322 	.db #0x10	; 16
    00000116 98                     323 	.db #0x98	; 152
    00000117 10                     324 	.db #0x10	; 16
    00000118 9C                     325 	.db #0x9c	; 156
    00000119 10                     326 	.db #0x10	; 16
    0000011A 98                     327 	.db #0x98	; 152
    0000011B 10                     328 	.db #0x10	; 16
    0000011C 9C                     329 	.db #0x9c	; 156
    0000011D 10                     330 	.db #0x10	; 16
    0000011E D8                     331 	.db #0xd8	; 216
    0000011F 10                     332 	.db #0x10	; 16
    00000120 6E                     333 	.db #0x6e	; 110	'n'
    00000121 00                     334 	.db #0x00	; 0
    00000122 05                     335 	.db #0x05	; 5
    00000123 00                     336 	.db #0x00	; 0
    00000124 0B                     337 	.db #0x0b	; 11
    00000125 00                     338 	.db #0x00	; 0
    00000126 F5                     339 	.db #0xf5	; 245
    00000127 E0                     340 	.db #0xe0	; 224
    00000128 F9                     341 	.db #0xf9	; 249
    00000129 10                     342 	.db #0x10	; 16
    0000012A BB                     343 	.db #0xbb	; 187
    0000012B 08                     344 	.db #0x08	; 8
    0000012C 19                     345 	.db #0x19	; 25
    0000012D 08                     346 	.db #0x08	; 8
    0000012E 39                     347 	.db #0x39	; 57	'9'
    0000012F 08                     348 	.db #0x08	; 8
    00000130 F9                     349 	.db #0xf9	; 249
    00000131 27                     350 	.db #0x27	; 39
    00000132 B1                     351 	.db #0xb1	; 177
    00000133 6F                     352 	.db #0x6f	; 111	'o'
    00000134 F9                     353 	.db #0xf9	; 249
    00000135 27                     354 	.db #0x27	; 39
    00000136 BB                     355 	.db #0xbb	; 187
    00000137 66                     356 	.db #0x66	; 102	'f'
    00000138 FD                     357 	.db #0xfd	; 253
    00000139 23                     358 	.db #0x23	; 35
    0000013A B1                     359 	.db #0xb1	; 177
    0000013B 6F                     360 	.db #0x6f	; 111	'o'
    0000013C B9                     361 	.db #0xb9	; 185
    0000013D 67                     362 	.db #0x67	; 103	'g'
    0000013E F9                     363 	.db #0xf9	; 249
    0000013F 27                     364 	.db #0x27	; 39
    00000140 AD                     365 	.db #0xad	; 173
    00000141 D6                     366 	.db #0xd6	; 214
    00000142 DF                     367 	.db #0xdf	; 223
    00000143 64                     368 	.db #0x64	; 100	'd'
    00000144 9D                     369 	.db #0x9d	; 157
    00000145 E6                     370 	.db #0xe6	; 230
    00000146 AF                     371 	.db #0xaf	; 175
    00000147 D4                     372 	.db #0xd4	; 212
    00000148 BD                     373 	.db #0xbd	; 189
    00000149 C6                     374 	.db #0xc6	; 198
    0000014A DF                     375 	.db #0xdf	; 223
    0000014B 64                     376 	.db #0x64	; 100	'd'
    0000014C 9D                     377 	.db #0x9d	; 157
    0000014D E6                     378 	.db #0xe6	; 230
    0000014E AD                     379 	.db #0xad	; 173
    0000014F D6                     380 	.db #0xd6	; 214
    00000150 7F                     381 	.db #0x7f	; 127
    00000151 00                     382 	.db #0x00	; 0
    00000152 A4                     383 	.db #0xa4	; 164
    00000153 00                     384 	.db #0x00	; 0
    00000154 D0                     385 	.db #0xd0	; 208
    00000155 00                     386 	.db #0x00	; 0
    00000156 AF                     387 	.db #0xaf	; 175
    00000157 07                     388 	.db #0x07	; 7
    00000158 1F                     389 	.db #0x1f	; 31
    00000159 08                     390 	.db #0x08	; 8
    0000015A 9D                     391 	.db #0x9d	; 157
    0000015B 10                     392 	.db #0x10	; 16
    0000015C 98                     393 	.db #0x98	; 152
    0000015D 10                     394 	.db #0x10	; 16
    0000015E 1C                     395 	.db #0x1c	; 28
    0000015F 10                     396 	.db #0x10	; 16
    00000160 FF                     397 	.db #0xff	; 255
    00000161 00                     398 	.db #0x00	; 0
    00000162 4A                     399 	.db #0x4a	; 74	'J'
    00000163 00                     400 	.db #0x00	; 0
    00000164 00                     401 	.db #0x00	; 0
    00000165 00                     402 	.db #0x00	; 0
    00000166 FF                     403 	.db #0xff	; 255
    00000167 FF                     404 	.db #0xff	; 255
    00000168 FF                     405 	.db #0xff	; 255
    00000169 00                     406 	.db #0x00	; 0
    0000016A 55                     407 	.db #0x55	; 85	'U'
    0000016B 00                     408 	.db #0x00	; 0
    0000016C 00                     409 	.db #0x00	; 0
    0000016D 00                     410 	.db #0x00	; 0
    0000016E 00                     411 	.db #0x00	; 0
    0000016F 00                     412 	.db #0x00	; 0
    00000170 FF                     413 	.db #0xff	; 255
    00000171 00                     414 	.db #0x00	; 0
    00000172 19                     415 	.db #0x19	; 25
    00000173 00                     416 	.db #0x00	; 0
    00000174 00                     417 	.db #0x00	; 0
    00000175 00                     418 	.db #0x00	; 0
    00000176 FF                     419 	.db #0xff	; 255
    00000177 FF                     420 	.db #0xff	; 255
    00000178 FF                     421 	.db #0xff	; 255
    00000179 00                     422 	.db #0x00	; 0
    0000017A 55                     423 	.db #0x55	; 85	'U'
    0000017B 00                     424 	.db #0x00	; 0
    0000017C 00                     425 	.db #0x00	; 0
    0000017D 00                     426 	.db #0x00	; 0
    0000017E 00                     427 	.db #0x00	; 0
    0000017F 00                     428 	.db #0x00	; 0
    00000180 FE                     429 	.db #0xfe	; 254
    00000181 01                     430 	.db #0x01	; 1
    00000182 84                     431 	.db #0x84	; 132
    00000183 01                     432 	.db #0x01	; 1
    00000184 00                     433 	.db #0x00	; 0
    00000185 00                     434 	.db #0x00	; 0
    00000186 FF                     435 	.db #0xff	; 255
    00000187 FF                     436 	.db #0xff	; 255
    00000188 FF                     437 	.db #0xff	; 255
    00000189 00                     438 	.db #0x00	; 0
    0000018A 55                     439 	.db #0x55	; 85	'U'
    0000018B 00                     440 	.db #0x00	; 0
    0000018C 00                     441 	.db #0x00	; 0
    0000018D 00                     442 	.db #0x00	; 0
    0000018E 00                     443 	.db #0x00	; 0
    0000018F 00                     444 	.db #0x00	; 0
    00000190 98                     445 	.db #0x98	; 152
    00000191 F0                     446 	.db #0xf0	; 240
    00000192 5C                     447 	.db #0x5c	; 92
    00000193 F0                     448 	.db #0xf0	; 240
    00000194 38                     449 	.db #0x38	; 56	'8'
    00000195 E0                     450 	.db #0xe0	; 224
    00000196 FC                     451 	.db #0xfc	; 252
    00000197 C0                     452 	.db #0xc0	; 192
    00000198 F4                     453 	.db #0xf4	; 244
    00000199 00                     454 	.db #0x00	; 0
    0000019A 58                     455 	.db #0x58	; 88	'X'
    0000019B 00                     456 	.db #0x00	; 0
    0000019C 00                     457 	.db #0x00	; 0
    0000019D 00                     458 	.db #0x00	; 0
    0000019E 00                     459 	.db #0x00	; 0
    0000019F 00                     460 	.db #0x00	; 0
    000001A0 38                     461 	.db #0x38	; 56	'8'
    000001A1 0B                     462 	.db #0x0b	; 11
    000001A2 19                     463 	.db #0x19	; 25
    000001A3 08                     464 	.db #0x08	; 8
    000001A4 3B                     465 	.db #0x3b	; 59
    000001A5 08                     466 	.db #0x08	; 8
    000001A6 19                     467 	.db #0x19	; 25
    000001A7 08                     468 	.db #0x08	; 8
    000001A8 3B                     469 	.db #0x3b	; 59
    000001A9 08                     470 	.db #0x08	; 8
    000001AA 19                     471 	.db #0x19	; 25
    000001AB 08                     472 	.db #0x08	; 8
    000001AC 39                     473 	.db #0x39	; 57	'9'
    000001AD 08                     474 	.db #0x08	; 8
    000001AE 1B                     475 	.db #0x1b	; 27
    000001AF 08                     476 	.db #0x08	; 8
    000001B0 BF                     477 	.db #0xbf	; 191
    000001B1 C0                     478 	.db #0xc0	; 192
    000001B2 5B                     479 	.db #0x5b	; 91
    000001B3 E4                     480 	.db #0xe4	; 228
    000001B4 AF                     481 	.db #0xaf	; 175
    000001B5 7F                     482 	.db #0x7f	; 127
    000001B6 D7                     483 	.db #0xd7	; 215
    000001B7 38                     484 	.db #0x38	; 56	'8'
    000001B8 EB                     485 	.db #0xeb	; 235
    000001B9 3C                     486 	.db #0x3c	; 60
    000001BA F5                     487 	.db #0xf5	; 245
    000001BB 2E                     488 	.db #0x2e	; 46
    000001BC BA                     489 	.db #0xba	; 186
    000001BD 67                     490 	.db #0x67	; 103	'g'
    000001BE FD                     491 	.db #0xfd	; 253
    000001BF 23                     492 	.db #0x23	; 35
    000001C0 FF                     493 	.db #0xff	; 255
    000001C1 00                     494 	.db #0x00	; 0
    000001C2 4C                     495 	.db #0x4c	; 76	'L'
    000001C3 B3                     496 	.db #0xb3	; 179
    000001C4 FF                     497 	.db #0xff	; 255
    000001C5 FF                     498 	.db #0xff	; 255
    000001C6 FF                     499 	.db #0xff	; 255
    000001C7 00                     500 	.db #0x00	; 0
    000001C8 6C                     501 	.db #0x6c	; 108	'l'
    000001C9 93                     502 	.db #0x93	; 147
    000001CA B2                     503 	.db #0xb2	; 178
    000001CB 4D                     504 	.db #0x4d	; 77	'M'
    000001CC 20                     505 	.db #0x20	; 32
    000001CD FF                     506 	.db #0xff	; 255
    000001CE FF                     507 	.db #0xff	; 255
    000001CF DF                     508 	.db #0xdf	; 223
    000001D0 FF                     509 	.db #0xff	; 255
    000001D1 00                     510 	.db #0x00	; 0
    000001D2 66                     511 	.db #0x66	; 102	'f'
    000001D3 99                     512 	.db #0x99	; 153
    000001D4 FF                     513 	.db #0xff	; 255
    000001D5 FF                     514 	.db #0xff	; 255
    000001D6 FF                     515 	.db #0xff	; 255
    000001D7 00                     516 	.db #0x00	; 0
    000001D8 FB                     517 	.db #0xfb	; 251
    000001D9 04                     518 	.db #0x04	; 4
    000001DA 42                     519 	.db #0x42	; 66	'B'
    000001DB BD                     520 	.db #0xbd	; 189
    000001DC 42                     521 	.db #0x42	; 66	'B'
    000001DD FF                     522 	.db #0xff	; 255
    000001DE FF                     523 	.db #0xff	; 255
    000001DF BD                     524 	.db #0xbd	; 189
    000001E0 FF                     525 	.db #0xff	; 255
    000001E1 00                     526 	.db #0x00	; 0
    000001E2 95                     527 	.db #0x95	; 149
    000001E3 6A                     528 	.db #0x6a	; 106	'j'
    000001E4 FF                     529 	.db #0xff	; 255
    000001E5 FF                     530 	.db #0xff	; 255
    000001E6 FF                     531 	.db #0xff	; 255
    000001E7 00                     532 	.db #0x00	; 0
    000001E8 DD                     533 	.db #0xdd	; 221
    000001E9 22                     534 	.db #0x22	; 34
    000001EA 10                     535 	.db #0x10	; 16
    000001EB EF                     536 	.db #0xef	; 239
    000001EC 08                     537 	.db #0x08	; 8
    000001ED FF                     538 	.db #0xff	; 255
    000001EE FF                     539 	.db #0xff	; 255
    000001EF F7                     540 	.db #0xf7	; 247
    000001F0 39                     541 	.db #0x39	; 57	'9'
    000001F1 67                     542 	.db #0x67	; 103	'g'
    000001F2 5D                     543 	.db #0x5d	; 93
    000001F3 E3                     544 	.db #0xe3	; 227
    000001F4 A9                     545 	.db #0xa9	; 169
    000001F5 D7                     546 	.db #0xd7	; 215
    000001F6 D5                     547 	.db #0xd5	; 213
    000001F7 2B                     548 	.db #0x2b	; 43
    000001F8 29                     549 	.db #0x29	; 41
    000001F9 D7                     550 	.db #0xd7	; 215
    000001FA 45                     551 	.db #0x45	; 69	'E'
    000001FB BB                     552 	.db #0xbb	; 187
    000001FC 13                     553 	.db #0x13	; 19
    000001FD FF                     554 	.db #0xff	; 255
    000001FE FF                     555 	.db #0xff	; 255
    000001FF EE                     556 	.db #0xee	; 238
    00000200 AD                     557 	.db #0xad	; 173
    00000201 D6                     558 	.db #0xd6	; 214
    00000202 9F                     559 	.db #0x9f	; 159
    00000203 E4                     560 	.db #0xe4	; 228
    00000204 FD                     561 	.db #0xfd	; 253
    00000205 46                     562 	.db #0x46	; 70	'F'
    00000206 AD                     563 	.db #0xad	; 173
    00000207 D6                     564 	.db #0xd6	; 214
    00000208 9F                     565 	.db #0x9f	; 159
    00000209 E4                     566 	.db #0xe4	; 228
    0000020A 9F                     567 	.db #0x9f	; 159
    0000020B E4                     568 	.db #0xe4	; 228
    0000020C AD                     569 	.db #0xad	; 173
    0000020D D6                     570 	.db #0xd6	; 214
    0000020E 8D                     571 	.db #0x8d	; 141
    0000020F F6                     572 	.db #0xf6	; 246
    00000210 DC                     573 	.db #0xdc	; 220
    00000211 10                     574 	.db #0x10	; 16
    00000212 98                     575 	.db #0x98	; 152
    00000213 10                     576 	.db #0x10	; 16
    00000214 9C                     577 	.db #0x9c	; 156
    00000215 10                     578 	.db #0x10	; 16
    00000216 D8                     579 	.db #0xd8	; 216
    00000217 10                     580 	.db #0x10	; 16
    00000218 DC                     581 	.db #0xdc	; 220
    00000219 10                     582 	.db #0x10	; 16
    0000021A 98                     583 	.db #0x98	; 152
    0000021B 10                     584 	.db #0x10	; 16
    0000021C 9C                     585 	.db #0x9c	; 156
    0000021D 10                     586 	.db #0x10	; 16
    0000021E 98                     587 	.db #0x98	; 152
    0000021F 10                     588 	.db #0x10	; 16
    00000220 19                     589 	.db #0x19	; 25
    00000221 08                     590 	.db #0x08	; 8
    00000222 3B                     591 	.db #0x3b	; 59
    00000223 08                     592 	.db #0x08	; 8
    00000224 19                     593 	.db #0x19	; 25
    00000225 08                     594 	.db #0x08	; 8
    00000226 39                     595 	.db #0x39	; 57	'9'
    00000227 08                     596 	.db #0x08	; 8
    00000228 1B                     597 	.db #0x1b	; 27
    00000229 08                     598 	.db #0x08	; 8
    0000022A 39                     599 	.db #0x39	; 57	'9'
    0000022B 08                     600 	.db #0x08	; 8
    0000022C 1B                     601 	.db #0x1b	; 27
    0000022D 08                     602 	.db #0x08	; 8
    0000022E 39                     603 	.db #0x39	; 57	'9'
    0000022F 08                     604 	.db #0x08	; 8
    00000230 B9                     605 	.db #0xb9	; 185
    00000231 67                     606 	.db #0x67	; 103	'g'
    00000232 FF                     607 	.db #0xff	; 255
    00000233 22                     608 	.db #0x22	; 34
    00000234 F1                     609 	.db #0xf1	; 241
    00000235 2F                     610 	.db #0x2f	; 47
    00000236 B9                     611 	.db #0xb9	; 185
    00000237 67                     612 	.db #0x67	; 103	'g'
    00000238 B9                     613 	.db #0xb9	; 185
    00000239 67                     614 	.db #0x67	; 103	'g'
    0000023A F9                     615 	.db #0xf9	; 249
    0000023B 27                     616 	.db #0x27	; 39
    0000023C FF                     617 	.db #0xff	; 255
    0000023D 22                     618 	.db #0x22	; 34
    0000023E B9                     619 	.db #0xb9	; 185
    0000023F 67                     620 	.db #0x67	; 103	'g'
    00000240 9F                     621 	.db #0x9f	; 159
    00000241 E4                     622 	.db #0xe4	; 228
    00000242 9D                     623 	.db #0x9d	; 157
    00000243 E6                     624 	.db #0xe6	; 230
    00000244 8D                     625 	.db #0x8d	; 141
    00000245 F6                     626 	.db #0xf6	; 246
    00000246 BF                     627 	.db #0xbf	; 191
    00000247 C4                     628 	.db #0xc4	; 196
    00000248 DD                     629 	.db #0xdd	; 221
    00000249 66                     630 	.db #0x66	; 102	'f'
    0000024A 9F                     631 	.db #0x9f	; 159
    0000024B E4                     632 	.db #0xe4	; 228
    0000024C 8D                     633 	.db #0x8d	; 141
    0000024D F6                     634 	.db #0xf6	; 246
    0000024E 9F                     635 	.db #0x9f	; 159
    0000024F E4                     636 	.db #0xe4	; 228
    00000250 9C                     637 	.db #0x9c	; 156
    00000251 10                     638 	.db #0x10	; 16
    00000252 98                     639 	.db #0x98	; 152
    00000253 10                     640 	.db #0x10	; 16
    00000254 DD                     641 	.db #0xdd	; 221
    00000255 10                     642 	.db #0x10	; 16
    00000256 9F                     643 	.db #0x9f	; 159
    00000257 08                     644 	.db #0x08	; 8
    00000258 AF                     645 	.db #0xaf	; 175
    00000259 07                     646 	.db #0x07	; 7
    0000025A D0                     647 	.db #0xd0	; 208
    0000025B 00                     648 	.db #0x00	; 0
    0000025C A0                     649 	.db #0xa0	; 160
    0000025D 00                     650 	.db #0x00	; 0
    0000025E 76                     651 	.db #0x76	; 118	'v'
    0000025F 00                     652 	.db #0x00	; 0
    00000260 1B                     653 	.db #0x1b	; 27
    00000261 08                     654 	.db #0x08	; 8
    00000262 39                     655 	.db #0x39	; 57	'9'
    00000263 08                     656 	.db #0x08	; 8
    00000264 19                     657 	.db #0x19	; 25
    00000265 08                     658 	.db #0x08	; 8
    00000266 39                     659 	.db #0x39	; 57	'9'
    00000267 08                     660 	.db #0x08	; 8
    00000268 19                     661 	.db #0x19	; 25
    00000269 08                     662 	.db #0x08	; 8
    0000026A 3B                     663 	.db #0x3b	; 59
    0000026B 08                     664 	.db #0x08	; 8
    0000026C 19                     665 	.db #0x19	; 25
    0000026D 08                     666 	.db #0x08	; 8
    0000026E 38                     667 	.db #0x38	; 56	'8'
    0000026F 0B                     668 	.db #0x0b	; 11
    00000270 FD                     669 	.db #0xfd	; 253
    00000271 23                     670 	.db #0x23	; 35
    00000272 FA                     671 	.db #0xfa	; 250
    00000273 27                     672 	.db #0x27	; 39
    00000274 B5                     673 	.db #0xb5	; 181
    00000275 6E                     674 	.db #0x6e	; 110	'n'
    00000276 EB                     675 	.db #0xeb	; 235
    00000277 3C                     676 	.db #0x3c	; 60
    00000278 D7                     677 	.db #0xd7	; 215
    00000279 38                     678 	.db #0x38	; 56	'8'
    0000027A AF                     679 	.db #0xaf	; 175
    0000027B 7F                     680 	.db #0x7f	; 127
    0000027C 5D                     681 	.db #0x5d	; 93
    0000027D E2                     682 	.db #0xe2	; 226
    0000027E BF                     683 	.db #0xbf	; 191
    0000027F C0                     684 	.db #0xc0	; 192
    00000280 00                     685 	.db #0x00	; 0
    00000281 00                     686 	.db #0x00	; 0
    00000282 00                     687 	.db #0x00	; 0
    00000283 00                     688 	.db #0x00	; 0
    00000284 55                     689 	.db #0x55	; 85	'U'
    00000285 00                     690 	.db #0x00	; 0
    00000286 FF                     691 	.db #0xff	; 255
    00000287 00                     692 	.db #0x00	; 0
    00000288 FF                     693 	.db #0xff	; 255
    00000289 FF                     694 	.db #0xff	; 255
    0000028A 00                     695 	.db #0x00	; 0
    0000028B 00                     696 	.db #0x00	; 0
    0000028C 94                     697 	.db #0x94	; 148
    0000028D 01                     698 	.db #0x01	; 1
    0000028E FE                     699 	.db #0xfe	; 254
    0000028F 01                     700 	.db #0x01	; 1
    00000290 00                     701 	.db #0x00	; 0
    00000291 00                     702 	.db #0x00	; 0
    00000292 00                     703 	.db #0x00	; 0
    00000293 00                     704 	.db #0x00	; 0
    00000294 58                     705 	.db #0x58	; 88	'X'
    00000295 00                     706 	.db #0x00	; 0
    00000296 F4                     707 	.db #0xf4	; 244
    00000297 00                     708 	.db #0x00	; 0
    00000298 FC                     709 	.db #0xfc	; 252
    00000299 C0                     710 	.db #0xc0	; 192
    0000029A 38                     711 	.db #0x38	; 56	'8'
    0000029B E0                     712 	.db #0xe0	; 224
    0000029C 5C                     713 	.db #0x5c	; 92
    0000029D F0                     714 	.db #0xf0	; 240
    0000029E 98                     715 	.db #0x98	; 152
    0000029F F0                     716 	.db #0xf0	; 240
    000002A0 19                     717 	.db #0x19	; 25
    000002A1 0F                     718 	.db #0x0f	; 15
    000002A2 3A                     719 	.db #0x3a	; 58
    000002A3 0F                     720 	.db #0x0f	; 15
    000002A4 1C                     721 	.db #0x1c	; 28
    000002A5 07                     722 	.db #0x07	; 7
    000002A6 3F                     723 	.db #0x3f	; 63
    000002A7 03                     724 	.db #0x03	; 3
    000002A8 2F                     725 	.db #0x2f	; 47
    000002A9 00                     726 	.db #0x00	; 0
    000002AA 1A                     727 	.db #0x1a	; 26
    000002AB 00                     728 	.db #0x00	; 0
    000002AC 00                     729 	.db #0x00	; 0
    000002AD 00                     730 	.db #0x00	; 0
    000002AE 00                     731 	.db #0x00	; 0
    000002AF 00                     732 	.db #0x00	; 0
    000002B0 7F                     733 	.db #0x7f	; 127
    000002B1 80                     734 	.db #0x80	; 128
    000002B2 29                     735 	.db #0x29	; 41
    000002B3 80                     736 	.db #0x80	; 128
    000002B4 00                     737 	.db #0x00	; 0
    000002B5 00                     738 	.db #0x00	; 0
    000002B6 FF                     739 	.db #0xff	; 255
    000002B7 FF                     740 	.db #0xff	; 255
    000002B8 FF                     741 	.db #0xff	; 255
    000002B9 00                     742 	.db #0x00	; 0
    000002BA AA                     743 	.db #0xaa	; 170
    000002BB 00                     744 	.db #0x00	; 0
    000002BC 00                     745 	.db #0x00	; 0
    000002BD 00                     746 	.db #0x00	; 0
    000002BE 00                     747 	.db #0x00	; 0
    000002BF 00                     748 	.db #0x00	; 0
    000002C0 FF                     749 	.db #0xff	; 255
    000002C1 DD                     750 	.db #0xdd	; 221
    000002C2 22                     751 	.db #0x22	; 34
    000002C3 FF                     752 	.db #0xff	; 255
    000002C4 99                     753 	.db #0x99	; 153
    000002C5 66                     754 	.db #0x66	; 102	'f'
    000002C6 76                     755 	.db #0x76	; 118	'v'
    000002C7 89                     756 	.db #0x89	; 137
    000002C8 FF                     757 	.db #0xff	; 255
    000002C9 00                     758 	.db #0x00	; 0
    000002CA FF                     759 	.db #0xff	; 255
    000002CB FF                     760 	.db #0xff	; 255
    000002CC 2A                     761 	.db #0x2a	; 42
    000002CD D5                     762 	.db #0xd5	; 213
    000002CE FF                     763 	.db #0xff	; 255
    000002CF 00                     764 	.db #0x00	; 0
    000002D0 FF                     765 	.db #0xff	; 255
    000002D1 FE                     766 	.db #0xfe	; 254
    000002D2 03                     767 	.db #0x03	; 3
    000002D3 FF                     768 	.db #0xff	; 255
    000002D4 55                     769 	.db #0x55	; 85	'U'
    000002D5 AB                     770 	.db #0xab	; 171
    000002D6 E9                     771 	.db #0xe9	; 233
    000002D7 17                     772 	.db #0x17	; 23
    000002D8 D3                     773 	.db #0xd3	; 211
    000002D9 2E                     774 	.db #0x2e	; 46
    000002DA A9                     775 	.db #0xa9	; 169
    000002DB D7                     776 	.db #0xd7	; 215
    000002DC 55                     777 	.db #0x55	; 85	'U'
    000002DD EB                     778 	.db #0xeb	; 235
    000002DE 31                     779 	.db #0x31	; 49	'1'
    000002DF 6F                     780 	.db #0x6f	; 111	'o'
    000002E0 8C                     781 	.db #0x8c	; 140
    000002E1 F6                     782 	.db #0xf6	; 246
    000002E2 AA                     783 	.db #0xaa	; 170
    000002E3 D7                     784 	.db #0xd7	; 215
    000002E4 95                     785 	.db #0x95	; 149
    000002E5 EB                     786 	.db #0xeb	; 235
    000002E6 CB                     787 	.db #0xcb	; 203
    000002E7 74                     788 	.db #0x74	; 116	't'
    000002E8 97                     789 	.db #0x97	; 151
    000002E9 E8                     790 	.db #0xe8	; 232
    000002EA AA                     791 	.db #0xaa	; 170
    000002EB D5                     792 	.db #0xd5	; 213
    000002EC C0                     793 	.db #0xc0	; 192
    000002ED FF                     794 	.db #0xff	; 255
    000002EE FF                     795 	.db #0xff	; 255
    000002EF 7F                     796 	.db #0x7f	; 127
    000002F0 FF                     797 	.db #0xff	; 255
    000002F1 00                     798 	.db #0x00	; 0
    000002F2 54                     799 	.db #0x54	; 84	'T'
    000002F3 AB                     800 	.db #0xab	; 171
    000002F4 FF                     801 	.db #0xff	; 255
    000002F5 FF                     802 	.db #0xff	; 255
    000002F6 FF                     803 	.db #0xff	; 255
    000002F7 00                     804 	.db #0x00	; 0
    000002F8 6E                     805 	.db #0x6e	; 110	'n'
    000002F9 91                     806 	.db #0x91	; 145
    000002FA 99                     807 	.db #0x99	; 153
    000002FB 66                     808 	.db #0x66	; 102	'f'
    000002FC 44                     809 	.db #0x44	; 68	'D'
    000002FD FF                     810 	.db #0xff	; 255
    000002FE FF                     811 	.db #0xff	; 255
    000002FF BB                     812 	.db #0xbb	; 187
    00000300 9D                     813 	.db #0x9d	; 157
    00000301 E6                     814 	.db #0xe6	; 230
    00000302 FF                     815 	.db #0xff	; 255
    00000303 44                     816 	.db #0x44	; 68	'D'
    00000304 9F                     817 	.db #0x9f	; 159
    00000305 E4                     818 	.db #0xe4	; 228
    00000306 9D                     819 	.db #0x9d	; 157
    00000307 E6                     820 	.db #0xe6	; 230
    00000308 9D                     821 	.db #0x9d	; 157
    00000309 E6                     822 	.db #0xe6	; 230
    0000030A 8F                     823 	.db #0x8f	; 143
    0000030B F4                     824 	.db #0xf4	; 244
    0000030C FF                     825 	.db #0xff	; 255
    0000030D 44                     826 	.db #0x44	; 68	'D'
    0000030E 9D                     827 	.db #0x9d	; 157
    0000030F E6                     828 	.db #0xe6	; 230
    00000310 9C                     829 	.db #0x9c	; 156
    00000311 10                     830 	.db #0x10	; 16
    00000312 D8                     831 	.db #0xd8	; 216
    00000313 10                     832 	.db #0x10	; 16
    00000314 9C                     833 	.db #0x9c	; 156
    00000315 10                     834 	.db #0x10	; 16
    00000316 D8                     835 	.db #0xd8	; 216
    00000317 10                     836 	.db #0x10	; 16
    00000318 9C                     837 	.db #0x9c	; 156
    00000319 10                     838 	.db #0x10	; 16
    0000031A 98                     839 	.db #0x98	; 152
    0000031B 10                     840 	.db #0x10	; 16
    0000031C DC                     841 	.db #0xdc	; 220
    0000031D 10                     842 	.db #0x10	; 16
    0000031E 98                     843 	.db #0x98	; 152
    0000031F 10                     844 	.db #0x10	; 16
    00000320 19                     845 	.db #0x19	; 25
    00000321 08                     846 	.db #0x08	; 8
    00000322 39                     847 	.db #0x39	; 57	'9'
    00000323 08                     848 	.db #0x08	; 8
    00000324 19                     849 	.db #0x19	; 25
    00000325 08                     850 	.db #0x08	; 8
    00000326 3B                     851 	.db #0x3b	; 59
    00000327 08                     852 	.db #0x08	; 8
    00000328 1B                     853 	.db #0x1b	; 27
    00000329 08                     854 	.db #0x08	; 8
    0000032A 39                     855 	.db #0x39	; 57	'9'
    0000032B 08                     856 	.db #0x08	; 8
    0000032C 19                     857 	.db #0x19	; 25
    0000032D 08                     858 	.db #0x08	; 8
    0000032E 3B                     859 	.db #0x3b	; 59
    0000032F 08                     860 	.db #0x08	; 8
    00000330 B1                     861 	.db #0xb1	; 177
    00000331 6F                     862 	.db #0x6f	; 111	'o'
    00000332 B5                     863 	.db #0xb5	; 181
    00000333 6B                     864 	.db #0x6b	; 107	'k'
    00000334 F9                     865 	.db #0xf9	; 249
    00000335 27                     866 	.db #0x27	; 39
    00000336 F9                     867 	.db #0xf9	; 249
    00000337 27                     868 	.db #0x27	; 39
    00000338 B5                     869 	.db #0xb5	; 181
    00000339 6B                     870 	.db #0x6b	; 107	'k'
    0000033A BF                     871 	.db #0xbf	; 191
    0000033B 62                     872 	.db #0x62	; 98	'b'
    0000033C F9                     873 	.db #0xf9	; 249
    0000033D 27                     874 	.db #0x27	; 39
    0000033E B5                     875 	.db #0xb5	; 181
    0000033F 6B                     876 	.db #0x6b	; 107	'k'
    00000340 00                     877 	.db #0x00	; 0
    00000341 00                     878 	.db #0x00	; 0
    00000342 00                     879 	.db #0x00	; 0
    00000343 00                     880 	.db #0x00	; 0
    00000344 00                     881 	.db #0x00	; 0
    00000345 00                     882 	.db #0x00	; 0
    00000346 00                     883 	.db #0x00	; 0
    00000347 00                     884 	.db #0x00	; 0
    00000348 00                     885 	.db #0x00	; 0
    00000349 00                     886 	.db #0x00	; 0
    0000034A 00                     887 	.db #0x00	; 0
    0000034B 00                     888 	.db #0x00	; 0
    0000034C 00                     889 	.db #0x00	; 0
    0000034D 00                     890 	.db #0x00	; 0
    0000034E 00                     891 	.db #0x00	; 0
    0000034F 00                     892 	.db #0x00	; 0
                                    893 	.area _INITIALIZER
                                    894 	.area _CABS (ABS)
