                                      1 ;--------------------------------------------------------
                                      2 ; File Created by SDCC : free open source ISO C Compiler
                                      3 ; Version 4.5.1 #15267 (Linux)
                                      4 ;--------------------------------------------------------
                                      5 	.module DungeonObjects
                                      6 	
                                      7 ;--------------------------------------------------------
                                      8 ; Public variables in this module
                                      9 ;--------------------------------------------------------
                                     10 	.globl _Objects
                                     11 ;--------------------------------------------------------
                                     12 ; special function registers
                                     13 ;--------------------------------------------------------
                                     14 	.area _HRAM
                                     15 ;--------------------------------------------------------
                                     16 ; ram data
                                     17 ;--------------------------------------------------------
                                     18 	.area _DATA
                                     19 ;--------------------------------------------------------
                                     20 ; ram data
                                     21 ;--------------------------------------------------------
                                     22 	.area _INITIALIZED
                                     23 ;--------------------------------------------------------
                                     24 ; absolute external ram data
                                     25 ;--------------------------------------------------------
                                     26 	.area _DABS (ABS)
                                     27 ;--------------------------------------------------------
                                     28 ; global & static initialisations
                                     29 ;--------------------------------------------------------
                                     30 	.area _HOME
                                     31 	.area _GSINIT
                                     32 	.area _GSFINAL
                                     33 	.area _GSINIT
                                     34 ;--------------------------------------------------------
                                     35 ; Home
                                     36 ;--------------------------------------------------------
                                     37 	.area _HOME
                                     38 	.area _HOME
                                     39 ;--------------------------------------------------------
                                     40 ; code
                                     41 ;--------------------------------------------------------
                                     42 	.area _CODE_1
                                     43 	.area _CODE_1
    00000000                         44 _Objects:
    00000000 FF                      45 	.db #0xff	; 255
    00000001 FF                      46 	.db #0xff	; 255
    00000002 80                      47 	.db #0x80	; 128
    00000003 80                      48 	.db #0x80	; 128
    00000004 80                      49 	.db #0x80	; 128
    00000005 BF                      50 	.db #0xbf	; 191
    00000006 95                      51 	.db #0x95	; 149
    00000007 AA                      52 	.db #0xaa	; 170
    00000008 8A                      53 	.db #0x8a	; 138
    00000009 B5                      54 	.db #0xb5	; 181
    0000000A 9F                      55 	.db #0x9f	; 159
    0000000B A0                      56 	.db #0xa0	; 160
    0000000C 9F                      57 	.db #0x9f	; 159
    0000000D A0                      58 	.db #0xa0	; 160
    0000000E 9F                      59 	.db #0x9f	; 159
    0000000F A0                      60 	.db #0xa0	; 160
    00000010 FF                      61 	.db #0xff	; 255
    00000011 FF                      62 	.db #0xff	; 255
    00000012 00                      63 	.db #0x00	; 0
    00000013 00                      64 	.db #0x00	; 0
    00000014 01                      65 	.db #0x01	; 1
    00000015 FE                      66 	.db #0xfe	; 254
    00000016 55                      67 	.db #0x55	; 85	'U'
    00000017 AA                      68 	.db #0xaa	; 170
    00000018 A8                      69 	.db #0xa8	; 168
    00000019 56                      70 	.db #0x56	; 86	'V'
    0000001A FD                      71 	.db #0xfd	; 253
    0000001B 02                      72 	.db #0x02	; 2
    0000001C FF                      73 	.db #0xff	; 255
    0000001D 03                      74 	.db #0x03	; 3
    0000001E FC                      75 	.db #0xfc	; 252
    0000001F 04                      76 	.db #0x04	; 4
    00000020 FF                      77 	.db #0xff	; 255
    00000021 FF                      78 	.db #0xff	; 255
    00000022 00                      79 	.db #0x00	; 0
    00000023 00                      80 	.db #0x00	; 0
    00000024 80                      81 	.db #0x80	; 128
    00000025 7F                      82 	.db #0x7f	; 127
    00000026 AA                      83 	.db #0xaa	; 170
    00000027 55                      84 	.db #0x55	; 85	'U'
    00000028 95                      85 	.db #0x95	; 149
    00000029 6A                      86 	.db #0x6a	; 106	'j'
    0000002A 3F                      87 	.db #0x3f	; 63
    0000002B 40                      88 	.db #0x40	; 64
    0000002C FF                      89 	.db #0xff	; 255
    0000002D C0                      90 	.db #0xc0	; 192
    0000002E 3F                      91 	.db #0x3f	; 63
    0000002F 20                      92 	.db #0x20	; 32
    00000030 FF                      93 	.db #0xff	; 255
    00000031 FF                      94 	.db #0xff	; 255
    00000032 01                      95 	.db #0x01	; 1
    00000033 01                      96 	.db #0x01	; 1
    00000034 01                      97 	.db #0x01	; 1
    00000035 FD                      98 	.db #0xfd	; 253
    00000036 A9                      99 	.db #0xa9	; 169
    00000037 55                     100 	.db #0x55	; 85	'U'
    00000038 51                     101 	.db #0x51	; 81	'Q'
    00000039 AD                     102 	.db #0xad	; 173
    0000003A F9                     103 	.db #0xf9	; 249
    0000003B 05                     104 	.db #0x05	; 5
    0000003C F9                     105 	.db #0xf9	; 249
    0000003D 05                     106 	.db #0x05	; 5
    0000003E F9                     107 	.db #0xf9	; 249
    0000003F 05                     108 	.db #0x05	; 5
    00000040 FF                     109 	.db #0xff	; 255
    00000041 FF                     110 	.db #0xff	; 255
    00000042 60                     111 	.db #0x60	; 96
    00000043 5F                     112 	.db #0x5f	; 95
    00000044 6F                     113 	.db #0x6f	; 111	'o'
    00000045 50                     114 	.db #0x50	; 80	'P'
    00000046 4F                     115 	.db #0x4f	; 79	'O'
    00000047 50                     116 	.db #0x50	; 80	'P'
    00000048 4A                     117 	.db #0x4a	; 74	'J'
    00000049 55                     118 	.db #0x55	; 85	'U'
    0000004A 60                     119 	.db #0x60	; 96
    0000004B 5F                     120 	.db #0x5f	; 95
    0000004C 7F                     121 	.db #0x7f	; 127
    0000004D 40                     122 	.db #0x40	; 64
    0000004E 7F                     123 	.db #0x7f	; 127
    0000004F 7F                     124 	.db #0x7f	; 127
    00000050 FD                     125 	.db #0xfd	; 253
    00000051 FD                     126 	.db #0xfd	; 253
    00000052 05                     127 	.db #0x05	; 5
    00000053 FD                     128 	.db #0xfd	; 253
    00000054 FE                     129 	.db #0xfe	; 254
    00000055 02                     130 	.db #0x02	; 2
    00000056 FF                     131 	.db #0xff	; 255
    00000057 01                     132 	.db #0x01	; 1
    00000058 AA                     133 	.db #0xaa	; 170
    00000059 55                     134 	.db #0x55	; 85	'U'
    0000005A 00                     135 	.db #0x00	; 0
    0000005B FF                     136 	.db #0xff	; 255
    0000005C FF                     137 	.db #0xff	; 255
    0000005D 00                     138 	.db #0x00	; 0
    0000005E FF                     139 	.db #0xff	; 255
    0000005F FF                     140 	.db #0xff	; 255
    00000060 3F                     141 	.db #0x3f	; 63
    00000061 BF                     142 	.db #0xbf	; 191
    00000062 A0                     143 	.db #0xa0	; 160
    00000063 BF                     144 	.db #0xbf	; 191
    00000064 7F                     145 	.db #0x7f	; 127
    00000065 40                     146 	.db #0x40	; 64
    00000066 FF                     147 	.db #0xff	; 255
    00000067 80                     148 	.db #0x80	; 128
    00000068 AA                     149 	.db #0xaa	; 170
    00000069 55                     150 	.db #0x55	; 85	'U'
    0000006A 00                     151 	.db #0x00	; 0
    0000006B FF                     152 	.db #0xff	; 255
    0000006C FF                     153 	.db #0xff	; 255
    0000006D 00                     154 	.db #0x00	; 0
    0000006E FF                     155 	.db #0xff	; 255
    0000006F FF                     156 	.db #0xff	; 255
    00000070 FF                     157 	.db #0xff	; 255
    00000071 FF                     158 	.db #0xff	; 255
    00000072 06                     159 	.db #0x06	; 6
    00000073 FA                     160 	.db #0xfa	; 250
    00000074 F6                     161 	.db #0xf6	; 246
    00000075 0A                     162 	.db #0x0a	; 10
    00000076 F2                     163 	.db #0xf2	; 242
    00000077 0A                     164 	.db #0x0a	; 10
    00000078 A2                     165 	.db #0xa2	; 162
    00000079 5A                     166 	.db #0x5a	; 90	'Z'
    0000007A 06                     167 	.db #0x06	; 6
    0000007B FA                     168 	.db #0xfa	; 250
    0000007C FE                     169 	.db #0xfe	; 254
    0000007D 02                     170 	.db #0x02	; 2
    0000007E FE                     171 	.db #0xfe	; 254
    0000007F FE                     172 	.db #0xfe	; 254
    00000080 7F                     173 	.db #0x7f	; 127
    00000081 7F                     174 	.db #0x7f	; 127
    00000082 40                     175 	.db #0x40	; 64
    00000083 7F                     176 	.db #0x7f	; 127
    00000084 4A                     177 	.db #0x4a	; 74	'J'
    00000085 7F                     178 	.db #0x7f	; 127
    00000086 57                     179 	.db #0x57	; 87	'W'
    00000087 7F                     180 	.db #0x7f	; 127
    00000088 4A                     181 	.db #0x4a	; 74	'J'
    00000089 7F                     182 	.db #0x7f	; 127
    0000008A 5F                     183 	.db #0x5f	; 95
    0000008B 7F                     184 	.db #0x7f	; 127
    0000008C 5D                     185 	.db #0x5d	; 93
    0000008D 7F                     186 	.db #0x7f	; 127
    0000008E 7F                     187 	.db #0x7f	; 127
    0000008F 7F                     188 	.db #0x7f	; 127
    00000090 FF                     189 	.db #0xff	; 255
    00000091 FF                     190 	.db #0xff	; 255
    00000092 00                     191 	.db #0x00	; 0
    00000093 FF                     192 	.db #0xff	; 255
    00000094 AA                     193 	.db #0xaa	; 170
    00000095 FF                     194 	.db #0xff	; 255
    00000096 77                     195 	.db #0x77	; 119	'w'
    00000097 FF                     196 	.db #0xff	; 255
    00000098 AA                     197 	.db #0xaa	; 170
    00000099 FF                     198 	.db #0xff	; 255
    0000009A FF                     199 	.db #0xff	; 255
    0000009B FF                     200 	.db #0xff	; 255
    0000009C DD                     201 	.db #0xdd	; 221
    0000009D FF                     202 	.db #0xff	; 255
    0000009E FF                     203 	.db #0xff	; 255
    0000009F FF                     204 	.db #0xff	; 255
    000000A0 FF                     205 	.db #0xff	; 255
    000000A1 FF                     206 	.db #0xff	; 255
    000000A2 00                     207 	.db #0x00	; 0
    000000A3 FF                     208 	.db #0xff	; 255
    000000A4 AA                     209 	.db #0xaa	; 170
    000000A5 FF                     210 	.db #0xff	; 255
    000000A6 77                     211 	.db #0x77	; 119	'w'
    000000A7 FF                     212 	.db #0xff	; 255
    000000A8 AA                     213 	.db #0xaa	; 170
    000000A9 FF                     214 	.db #0xff	; 255
    000000AA FF                     215 	.db #0xff	; 255
    000000AB FF                     216 	.db #0xff	; 255
    000000AC DD                     217 	.db #0xdd	; 221
    000000AD FF                     218 	.db #0xff	; 255
    000000AE FF                     219 	.db #0xff	; 255
    000000AF FF                     220 	.db #0xff	; 255
    000000B0 FE                     221 	.db #0xfe	; 254
    000000B1 FE                     222 	.db #0xfe	; 254
    000000B2 02                     223 	.db #0x02	; 2
    000000B3 FE                     224 	.db #0xfe	; 254
    000000B4 AA                     225 	.db #0xaa	; 170
    000000B5 FE                     226 	.db #0xfe	; 254
    000000B6 72                     227 	.db #0x72	; 114	'r'
    000000B7 FE                     228 	.db #0xfe	; 254
    000000B8 AA                     229 	.db #0xaa	; 170
    000000B9 FE                     230 	.db #0xfe	; 254
    000000BA FA                     231 	.db #0xfa	; 250
    000000BB FE                     232 	.db #0xfe	; 254
    000000BC DA                     233 	.db #0xda	; 218
    000000BD FE                     234 	.db #0xfe	; 254
    000000BE FE                     235 	.db #0xfe	; 254
    000000BF FE                     236 	.db #0xfe	; 254
    000000C0 40                     237 	.db #0x40	; 64
    000000C1 7F                     238 	.db #0x7f	; 127
    000000C2 60                     239 	.db #0x60	; 96
    000000C3 5F                     240 	.db #0x5f	; 95
    000000C4 6F                     241 	.db #0x6f	; 111	'o'
    000000C5 50                     242 	.db #0x50	; 80	'P'
    000000C6 4F                     243 	.db #0x4f	; 79	'O'
    000000C7 50                     244 	.db #0x50	; 80	'P'
    000000C8 4A                     245 	.db #0x4a	; 74	'J'
    000000C9 55                     246 	.db #0x55	; 85	'U'
    000000CA 60                     247 	.db #0x60	; 96
    000000CB 5F                     248 	.db #0x5f	; 95
    000000CC 7F                     249 	.db #0x7f	; 127
    000000CD 40                     250 	.db #0x40	; 64
    000000CE 7F                     251 	.db #0x7f	; 127
    000000CF 7F                     252 	.db #0x7f	; 127
    000000D0 00                     253 	.db #0x00	; 0
    000000D1 FF                     254 	.db #0xff	; 255
    000000D2 00                     255 	.db #0x00	; 0
    000000D3 FF                     256 	.db #0xff	; 255
    000000D4 FF                     257 	.db #0xff	; 255
    000000D5 00                     258 	.db #0x00	; 0
    000000D6 FF                     259 	.db #0xff	; 255
    000000D7 00                     260 	.db #0x00	; 0
    000000D8 AA                     261 	.db #0xaa	; 170
    000000D9 55                     262 	.db #0x55	; 85	'U'
    000000DA 00                     263 	.db #0x00	; 0
    000000DB FF                     264 	.db #0xff	; 255
    000000DC FF                     265 	.db #0xff	; 255
    000000DD 00                     266 	.db #0x00	; 0
    000000DE FF                     267 	.db #0xff	; 255
    000000DF FF                     268 	.db #0xff	; 255
    000000E0 00                     269 	.db #0x00	; 0
    000000E1 FF                     270 	.db #0xff	; 255
    000000E2 00                     271 	.db #0x00	; 0
    000000E3 FF                     272 	.db #0xff	; 255
    000000E4 FF                     273 	.db #0xff	; 255
    000000E5 00                     274 	.db #0x00	; 0
    000000E6 FF                     275 	.db #0xff	; 255
    000000E7 00                     276 	.db #0x00	; 0
    000000E8 AA                     277 	.db #0xaa	; 170
    000000E9 55                     278 	.db #0x55	; 85	'U'
    000000EA 00                     279 	.db #0x00	; 0
    000000EB FF                     280 	.db #0xff	; 255
    000000EC FF                     281 	.db #0xff	; 255
    000000ED 00                     282 	.db #0x00	; 0
    000000EE FF                     283 	.db #0xff	; 255
    000000EF FF                     284 	.db #0xff	; 255
    000000F0 02                     285 	.db #0x02	; 2
    000000F1 FE                     286 	.db #0xfe	; 254
    000000F2 06                     287 	.db #0x06	; 6
    000000F3 FA                     288 	.db #0xfa	; 250
    000000F4 F6                     289 	.db #0xf6	; 246
    000000F5 0A                     290 	.db #0x0a	; 10
    000000F6 F2                     291 	.db #0xf2	; 242
    000000F7 0A                     292 	.db #0x0a	; 10
    000000F8 A2                     293 	.db #0xa2	; 162
    000000F9 5A                     294 	.db #0x5a	; 90	'Z'
    000000FA 06                     295 	.db #0x06	; 6
    000000FB FA                     296 	.db #0xfa	; 250
    000000FC FE                     297 	.db #0xfe	; 254
    000000FD 02                     298 	.db #0x02	; 2
    000000FE FE                     299 	.db #0xfe	; 254
    000000FF FE                     300 	.db #0xfe	; 254
    00000100 FF                     301 	.db #0xff	; 255
    00000101 00                     302 	.db #0x00	; 0
    00000102 FF                     303 	.db #0xff	; 255
    00000103 7F                     304 	.db #0x7f	; 127
    00000104 FF                     305 	.db #0xff	; 255
    00000105 40                     306 	.db #0x40	; 64
    00000106 FF                     307 	.db #0xff	; 255
    00000107 5F                     308 	.db #0x5f	; 95
    00000108 FF                     309 	.db #0xff	; 255
    00000109 5F                     310 	.db #0x5f	; 95
    0000010A FC                     311 	.db #0xfc	; 252
    0000010B 5F                     312 	.db #0x5f	; 95
    0000010C F4                     313 	.db #0xf4	; 244
    0000010D 5F                     314 	.db #0x5f	; 95
    0000010E F6                     315 	.db #0xf6	; 246
    0000010F 5D                     316 	.db #0x5d	; 93
    00000110 FF                     317 	.db #0xff	; 255
    00000111 00                     318 	.db #0x00	; 0
    00000112 FF                     319 	.db #0xff	; 255
    00000113 FE                     320 	.db #0xfe	; 254
    00000114 FF                     321 	.db #0xff	; 255
    00000115 02                     322 	.db #0x02	; 2
    00000116 FF                     323 	.db #0xff	; 255
    00000117 FA                     324 	.db #0xfa	; 250
    00000118 87                     325 	.db #0x87	; 135
    00000119 FA                     326 	.db #0xfa	; 250
    0000011A F7                     327 	.db #0xf7	; 247
    0000011B 8A                     328 	.db #0x8a	; 138
    0000011C F7                     329 	.db #0xf7	; 247
    0000011D 8A                     330 	.db #0x8a	; 138
    0000011E F7                     331 	.db #0xf7	; 247
    0000011F 8A                     332 	.db #0x8a	; 138
    00000120 F6                     333 	.db #0xf6	; 246
    00000121 5D                     334 	.db #0x5d	; 93
    00000122 F6                     335 	.db #0xf6	; 246
    00000123 5D                     336 	.db #0x5d	; 93
    00000124 F6                     337 	.db #0xf6	; 246
    00000125 5D                     338 	.db #0x5d	; 93
    00000126 F6                     339 	.db #0xf6	; 246
    00000127 5D                     340 	.db #0x5d	; 93
    00000128 FE                     341 	.db #0xfe	; 254
    00000129 5F                     342 	.db #0x5f	; 95
    0000012A FF                     343 	.db #0xff	; 255
    0000012B 40                     344 	.db #0x40	; 64
    0000012C FF                     345 	.db #0xff	; 255
    0000012D 7F                     346 	.db #0x7f	; 127
    0000012E FF                     347 	.db #0xff	; 255
    0000012F 00                     348 	.db #0x00	; 0
    00000130 F7                     349 	.db #0xf7	; 247
    00000131 8A                     350 	.db #0x8a	; 138
    00000132 F7                     351 	.db #0xf7	; 247
    00000133 8A                     352 	.db #0x8a	; 138
    00000134 F7                     353 	.db #0xf7	; 247
    00000135 8A                     354 	.db #0x8a	; 138
    00000136 F7                     355 	.db #0xf7	; 247
    00000137 8A                     356 	.db #0x8a	; 138
    00000138 07                     357 	.db #0x07	; 7
    00000139 FA                     358 	.db #0xfa	; 250
    0000013A FF                     359 	.db #0xff	; 255
    0000013B 02                     360 	.db #0x02	; 2
    0000013C FF                     361 	.db #0xff	; 255
    0000013D FE                     362 	.db #0xfe	; 254
    0000013E FF                     363 	.db #0xff	; 255
    0000013F 00                     364 	.db #0x00	; 0
    00000140 00                     365 	.db #0x00	; 0
    00000141 00                     366 	.db #0x00	; 0
    00000142 00                     367 	.db #0x00	; 0
    00000143 00                     368 	.db #0x00	; 0
    00000144 00                     369 	.db #0x00	; 0
    00000145 00                     370 	.db #0x00	; 0
    00000146 00                     371 	.db #0x00	; 0
    00000147 00                     372 	.db #0x00	; 0
    00000148 00                     373 	.db #0x00	; 0
    00000149 00                     374 	.db #0x00	; 0
    0000014A 00                     375 	.db #0x00	; 0
    0000014B 00                     376 	.db #0x00	; 0
    0000014C 00                     377 	.db #0x00	; 0
    0000014D 00                     378 	.db #0x00	; 0
    0000014E 00                     379 	.db #0x00	; 0
    0000014F 00                     380 	.db #0x00	; 0
                                    381 	.area _INITIALIZER
                                    382 	.area _CABS (ABS)
