                                      1 ;--------------------------------------------------------
                                      2 ; File Created by SDCC : free open source ISO C Compiler
                                      3 ; Version 4.5.1 #15267 (MINGW64)
                                      4 ;--------------------------------------------------------
                                      5 	.module effects
                                      6 	
                                      7 ;--------------------------------------------------------
                                      8 ; Public variables in this module
                                      9 ;--------------------------------------------------------
                                     10 	.globl _HitEff
                                     11 	.globl _HealEff
                                     12 	.globl _ExplosionEff
                                     13 ;--------------------------------------------------------
                                     14 ; special function registers
                                     15 ;--------------------------------------------------------
                                     16 	.area _HRAM
                                     17 ;--------------------------------------------------------
                                     18 ; ram data
                                     19 ;--------------------------------------------------------
                                     20 	.area _DATA
                                     21 ;--------------------------------------------------------
                                     22 ; ram data
                                     23 ;--------------------------------------------------------
                                     24 	.area _INITIALIZED
                                     25 ;--------------------------------------------------------
                                     26 ; absolute external ram data
                                     27 ;--------------------------------------------------------
                                     28 	.area _DABS (ABS)
                                     29 ;--------------------------------------------------------
                                     30 ; global & static initialisations
                                     31 ;--------------------------------------------------------
                                     32 	.area _HOME
                                     33 	.area _GSINIT
                                     34 	.area _GSFINAL
                                     35 	.area _GSINIT
                                     36 ;--------------------------------------------------------
                                     37 ; Home
                                     38 ;--------------------------------------------------------
                                     39 	.area _HOME
                                     40 	.area _HOME
                                     41 ;--------------------------------------------------------
                                     42 ; code
                                     43 ;--------------------------------------------------------
                                     44 	.area _CODE_1
                                     45 	.area _CODE_1
    00000000                         46 _ExplosionEff:
    00000000 00                      47 	.db #0x00	; 0
    00000001 00                      48 	.db #0x00	; 0
    00000002 00                      49 	.db #0x00	; 0
    00000003 07                      50 	.db #0x07	; 7
    00000004 30                      51 	.db #0x30	; 48	'0'
    00000005 3F                      52 	.db #0x3f	; 63
    00000006 38                      53 	.db #0x38	; 56	'8'
    00000007 2C                      54 	.db #0x2c	; 44
    00000008 1E                      55 	.db #0x1e	; 30
    00000009 36                      56 	.db #0x36	; 54	'6'
    0000000A 0D                      57 	.db #0x0d	; 13
    0000000B 7B                      58 	.db #0x7b	; 123
    0000000C 0B                      59 	.db #0x0b	; 11
    0000000D 6C                      60 	.db #0x6c	; 108	'l'
    0000000E 07                      61 	.db #0x07	; 7
    0000000F 64                      62 	.db #0x64	; 100	'd'
    00000010 00                      63 	.db #0x00	; 0
    00000011 00                      64 	.db #0x00	; 0
    00000012 00                      65 	.db #0x00	; 0
    00000013 E0                      66 	.db #0xe0	; 224
    00000014 0C                      67 	.db #0x0c	; 12
    00000015 FC                      68 	.db #0xfc	; 252
    00000016 1C                      69 	.db #0x1c	; 28
    00000017 34                      70 	.db #0x34	; 52	'4'
    00000018 78                      71 	.db #0x78	; 120	'x'
    00000019 6C                      72 	.db #0x6c	; 108	'l'
    0000001A B0                      73 	.db #0xb0	; 176
    0000001B DE                      74 	.db #0xde	; 222
    0000001C D0                      75 	.db #0xd0	; 208
    0000001D 36                      76 	.db #0x36	; 54	'6'
    0000001E E0                      77 	.db #0xe0	; 224
    0000001F 26                      78 	.db #0x26	; 38
    00000020 07                      79 	.db #0x07	; 7
    00000021 64                      80 	.db #0x64	; 100	'd'
    00000022 0B                      81 	.db #0x0b	; 11
    00000023 6C                      82 	.db #0x6c	; 108	'l'
    00000024 0D                      83 	.db #0x0d	; 13
    00000025 7B                      84 	.db #0x7b	; 123
    00000026 1E                      85 	.db #0x1e	; 30
    00000027 36                      86 	.db #0x36	; 54	'6'
    00000028 38                      87 	.db #0x38	; 56	'8'
    00000029 2C                      88 	.db #0x2c	; 44
    0000002A 30                      89 	.db #0x30	; 48	'0'
    0000002B 3F                      90 	.db #0x3f	; 63
    0000002C 00                      91 	.db #0x00	; 0
    0000002D 07                      92 	.db #0x07	; 7
    0000002E 00                      93 	.db #0x00	; 0
    0000002F 00                      94 	.db #0x00	; 0
    00000030 E0                      95 	.db #0xe0	; 224
    00000031 26                      96 	.db #0x26	; 38
    00000032 D0                      97 	.db #0xd0	; 208
    00000033 36                      98 	.db #0x36	; 54	'6'
    00000034 B0                      99 	.db #0xb0	; 176
    00000035 DE                     100 	.db #0xde	; 222
    00000036 78                     101 	.db #0x78	; 120	'x'
    00000037 6C                     102 	.db #0x6c	; 108	'l'
    00000038 1C                     103 	.db #0x1c	; 28
    00000039 34                     104 	.db #0x34	; 52	'4'
    0000003A 0C                     105 	.db #0x0c	; 12
    0000003B FC                     106 	.db #0xfc	; 252
    0000003C 00                     107 	.db #0x00	; 0
    0000003D E0                     108 	.db #0xe0	; 224
    0000003E 00                     109 	.db #0x00	; 0
    0000003F 00                     110 	.db #0x00	; 0
    00000040 00                     111 	.db #0x00	; 0
    00000041 00                     112 	.db #0x00	; 0
    00000042 01                     113 	.db #0x01	; 1
    00000043 07                     114 	.db #0x07	; 7
    00000044 01                     115 	.db #0x01	; 1
    00000045 0F                     116 	.db #0x0f	; 15
    00000046 03                     117 	.db #0x03	; 3
    00000047 1E                     118 	.db #0x1e	; 30
    00000048 03                     119 	.db #0x03	; 3
    00000049 3A                     120 	.db #0x3a	; 58
    0000004A 02                     121 	.db #0x02	; 2
    0000004B 73                     122 	.db #0x73	; 115	's'
    0000004C 1D                     123 	.db #0x1d	; 29
    0000004D 7E                     124 	.db #0x7e	; 126
    0000004E 7B                     125 	.db #0x7b	; 123
    0000004F 64                     126 	.db #0x64	; 100	'd'
    00000050 00                     127 	.db #0x00	; 0
    00000051 00                     128 	.db #0x00	; 0
    00000052 80                     129 	.db #0x80	; 128
    00000053 E0                     130 	.db #0xe0	; 224
    00000054 80                     131 	.db #0x80	; 128
    00000055 F0                     132 	.db #0xf0	; 240
    00000056 C0                     133 	.db #0xc0	; 192
    00000057 78                     134 	.db #0x78	; 120	'x'
    00000058 C0                     135 	.db #0xc0	; 192
    00000059 5C                     136 	.db #0x5c	; 92
    0000005A 40                     137 	.db #0x40	; 64
    0000005B CE                     138 	.db #0xce	; 206
    0000005C B8                     139 	.db #0xb8	; 184
    0000005D 7E                     140 	.db #0x7e	; 126
    0000005E DE                     141 	.db #0xde	; 222
    0000005F 26                     142 	.db #0x26	; 38
    00000060 7B                     143 	.db #0x7b	; 123
    00000061 64                     144 	.db #0x64	; 100	'd'
    00000062 1D                     145 	.db #0x1d	; 29
    00000063 7E                     146 	.db #0x7e	; 126
    00000064 02                     147 	.db #0x02	; 2
    00000065 73                     148 	.db #0x73	; 115	's'
    00000066 03                     149 	.db #0x03	; 3
    00000067 3A                     150 	.db #0x3a	; 58
    00000068 03                     151 	.db #0x03	; 3
    00000069 1E                     152 	.db #0x1e	; 30
    0000006A 01                     153 	.db #0x01	; 1
    0000006B 0F                     154 	.db #0x0f	; 15
    0000006C 01                     155 	.db #0x01	; 1
    0000006D 07                     156 	.db #0x07	; 7
    0000006E 00                     157 	.db #0x00	; 0
    0000006F 00                     158 	.db #0x00	; 0
    00000070 DE                     159 	.db #0xde	; 222
    00000071 26                     160 	.db #0x26	; 38
    00000072 B8                     161 	.db #0xb8	; 184
    00000073 7E                     162 	.db #0x7e	; 126
    00000074 40                     163 	.db #0x40	; 64
    00000075 CE                     164 	.db #0xce	; 206
    00000076 C0                     165 	.db #0xc0	; 192
    00000077 5C                     166 	.db #0x5c	; 92
    00000078 C0                     167 	.db #0xc0	; 192
    00000079 78                     168 	.db #0x78	; 120	'x'
    0000007A 80                     169 	.db #0x80	; 128
    0000007B F0                     170 	.db #0xf0	; 240
    0000007C 80                     171 	.db #0x80	; 128
    0000007D E0                     172 	.db #0xe0	; 224
    0000007E 00                     173 	.db #0x00	; 0
    0000007F 00                     174 	.db #0x00	; 0
    00000080 C0                     175 	.db #0xc0	; 192
    00000081 C7                     176 	.db #0xc7	; 199
    00000082 E0                     177 	.db #0xe0	; 224
    00000083 BC                     178 	.db #0xbc	; 188
    00000084 70                     179 	.db #0x70	; 112	'p'
    00000085 50                     180 	.db #0x50	; 80	'P'
    00000086 28                     181 	.db #0x28	; 40
    00000087 78                     182 	.db #0x78	; 120	'x'
    00000088 18                     183 	.db #0x18	; 24
    00000089 58                     184 	.db #0x58	; 88	'X'
    0000008A 00                     185 	.db #0x00	; 0
    0000008B C0                     186 	.db #0xc0	; 192
    0000008C 00                     187 	.db #0x00	; 0
    0000008D 80                     188 	.db #0x80	; 128
    0000008E 00                     189 	.db #0x00	; 0
    0000008F 80                     190 	.db #0x80	; 128
    00000090 03                     191 	.db #0x03	; 3
    00000091 E3                     192 	.db #0xe3	; 227
    00000092 07                     193 	.db #0x07	; 7
    00000093 3D                     194 	.db #0x3d	; 61
    00000094 0E                     195 	.db #0x0e	; 14
    00000095 0A                     196 	.db #0x0a	; 10
    00000096 14                     197 	.db #0x14	; 20
    00000097 1E                     198 	.db #0x1e	; 30
    00000098 18                     199 	.db #0x18	; 24
    00000099 1A                     200 	.db #0x1a	; 26
    0000009A 00                     201 	.db #0x00	; 0
    0000009B 03                     202 	.db #0x03	; 3
    0000009C 00                     203 	.db #0x00	; 0
    0000009D 01                     204 	.db #0x01	; 1
    0000009E 00                     205 	.db #0x00	; 0
    0000009F 01                     206 	.db #0x01	; 1
    000000A0 00                     207 	.db #0x00	; 0
    000000A1 80                     208 	.db #0x80	; 128
    000000A2 00                     209 	.db #0x00	; 0
    000000A3 80                     210 	.db #0x80	; 128
    000000A4 00                     211 	.db #0x00	; 0
    000000A5 C0                     212 	.db #0xc0	; 192
    000000A6 18                     213 	.db #0x18	; 24
    000000A7 58                     214 	.db #0x58	; 88	'X'
    000000A8 28                     215 	.db #0x28	; 40
    000000A9 78                     216 	.db #0x78	; 120	'x'
    000000AA 70                     217 	.db #0x70	; 112	'p'
    000000AB 50                     218 	.db #0x50	; 80	'P'
    000000AC E0                     219 	.db #0xe0	; 224
    000000AD BC                     220 	.db #0xbc	; 188
    000000AE C0                     221 	.db #0xc0	; 192
    000000AF C7                     222 	.db #0xc7	; 199
    000000B0 00                     223 	.db #0x00	; 0
    000000B1 01                     224 	.db #0x01	; 1
    000000B2 00                     225 	.db #0x00	; 0
    000000B3 01                     226 	.db #0x01	; 1
    000000B4 00                     227 	.db #0x00	; 0
    000000B5 03                     228 	.db #0x03	; 3
    000000B6 18                     229 	.db #0x18	; 24
    000000B7 1A                     230 	.db #0x1a	; 26
    000000B8 14                     231 	.db #0x14	; 20
    000000B9 1E                     232 	.db #0x1e	; 30
    000000BA 0E                     233 	.db #0x0e	; 14
    000000BB 0A                     234 	.db #0x0a	; 10
    000000BC 07                     235 	.db #0x07	; 7
    000000BD 3D                     236 	.db #0x3d	; 61
    000000BE 03                     237 	.db #0x03	; 3
    000000BF E3                     238 	.db #0xe3	; 227
    000000C0                        239 _HealEff:
    000000C0 08                     240 	.db #0x08	; 8
    000000C1 00                     241 	.db #0x00	; 0
    000000C2 24                     242 	.db #0x24	; 36
    000000C3 66                     243 	.db #0x66	; 102	'f'
    000000C4 5A                     244 	.db #0x5a	; 90	'Z'
    000000C5 7E                     245 	.db #0x7e	; 126
    000000C6 B4                     246 	.db #0xb4	; 180
    000000C7 2C                     247 	.db #0x2c	; 44
    000000C8 2D                     248 	.db #0x2d	; 45
    000000C9 34                     249 	.db #0x34	; 52	'4'
    000000CA 5A                     250 	.db #0x5a	; 90	'Z'
    000000CB 7E                     251 	.db #0x7e	; 126
    000000CC 24                     252 	.db #0x24	; 36
    000000CD 66                     253 	.db #0x66	; 102	'f'
    000000CE 08                     254 	.db #0x08	; 8
    000000CF 00                     255 	.db #0x00	; 0
    000000D0 00                     256 	.db #0x00	; 0
    000000D1 00                     257 	.db #0x00	; 0
    000000D2 50                     258 	.db #0x50	; 80	'P'
    000000D3 12                     259 	.db #0x12	; 18
    000000D4 2A                     260 	.db #0x2a	; 42
    000000D5 B8                     261 	.db #0xb8	; 184
    000000D6 6C                     262 	.db #0x6c	; 108	'l'
    000000D7 7C                     263 	.db #0x7c	; 124
    000000D8 92                     264 	.db #0x92	; 146
    000000D9 EE                     265 	.db #0xee	; 238
    000000DA 6C                     266 	.db #0x6c	; 108	'l'
    000000DB 7D                     267 	.db #0x7d	; 125
    000000DC 2A                     268 	.db #0x2a	; 42
    000000DD 38                     269 	.db #0x38	; 56	'8'
    000000DE 50                     270 	.db #0x50	; 80	'P'
    000000DF 10                     271 	.db #0x10	; 16
    000000E0                        272 _HitEff:
    000000E0 42                     273 	.db #0x42	; 66	'B'
    000000E1 42                     274 	.db #0x42	; 66	'B'
    000000E2 E7                     275 	.db #0xe7	; 231
    000000E3 A5                     276 	.db #0xa5	; 165
    000000E4 5A                     277 	.db #0x5a	; 90	'Z'
    000000E5 7E                     278 	.db #0x7e	; 126
    000000E6 3C                     279 	.db #0x3c	; 60
    000000E7 24                     280 	.db #0x24	; 36
    000000E8 3C                     281 	.db #0x3c	; 60
    000000E9 24                     282 	.db #0x24	; 36
    000000EA 5A                     283 	.db #0x5a	; 90	'Z'
    000000EB 7E                     284 	.db #0x7e	; 126
    000000EC E7                     285 	.db #0xe7	; 231
    000000ED A5                     286 	.db #0xa5	; 165
    000000EE 42                     287 	.db #0x42	; 66	'B'
    000000EF 42                     288 	.db #0x42	; 66	'B'
    000000F0 60                     289 	.db #0x60	; 96
    000000F1 60                     290 	.db #0x60	; 96
    000000F2 F0                     291 	.db #0xf0	; 240
    000000F3 90                     292 	.db #0x90	; 144
    000000F4 F0                     293 	.db #0xf0	; 240
    000000F5 90                     294 	.db #0x90	; 144
    000000F6 60                     295 	.db #0x60	; 96
    000000F7 60                     296 	.db #0x60	; 96
    000000F8 00                     297 	.db #0x00	; 0
    000000F9 00                     298 	.db #0x00	; 0
    000000FA 00                     299 	.db #0x00	; 0
    000000FB 00                     300 	.db #0x00	; 0
    000000FC 00                     301 	.db #0x00	; 0
    000000FD 00                     302 	.db #0x00	; 0
    000000FE 00                     303 	.db #0x00	; 0
    000000FF 00                     304 	.db #0x00	; 0
    00000100 00                     305 	.db #0x00	; 0
    00000101 00                     306 	.db #0x00	; 0
    00000102 00                     307 	.db #0x00	; 0
    00000103 00                     308 	.db #0x00	; 0
    00000104 00                     309 	.db #0x00	; 0
    00000105 00                     310 	.db #0x00	; 0
    00000106 00                     311 	.db #0x00	; 0
    00000107 00                     312 	.db #0x00	; 0
    00000108 06                     313 	.db #0x06	; 6
    00000109 06                     314 	.db #0x06	; 6
    0000010A 0F                     315 	.db #0x0f	; 15
    0000010B 09                     316 	.db #0x09	; 9
    0000010C 0F                     317 	.db #0x0f	; 15
    0000010D 09                     318 	.db #0x09	; 9
    0000010E 06                     319 	.db #0x06	; 6
    0000010F 06                     320 	.db #0x06	; 6
                                    321 	.area _INITIALIZER
                                    322 	.area _CABS (ABS)
