                                      1 ;--------------------------------------------------------
                                      2 ; File Created by SDCC : free open source ISO C Compiler
                                      3 ; Version 4.5.1 #15267 (MINGW64)
                                      4 ;--------------------------------------------------------
                                      5 	.module ending
                                      6 	
                                      7 ;--------------------------------------------------------
                                      8 ; Public variables in this module
                                      9 ;--------------------------------------------------------
                                     10 	.globl _EndingTiles
                                     11 ;--------------------------------------------------------
                                     12 ; special function registers
                                     13 ;--------------------------------------------------------
                                     14 	.area _HRAM
                                     15 ;--------------------------------------------------------
                                     16 ; ram data
                                     17 ;--------------------------------------------------------
                                     18 	.area _DATA
                                     19 ;--------------------------------------------------------
                                     20 ; ram data
                                     21 ;--------------------------------------------------------
                                     22 	.area _INITIALIZED
                                     23 ;--------------------------------------------------------
                                     24 ; absolute external ram data
                                     25 ;--------------------------------------------------------
                                     26 	.area _DABS (ABS)
                                     27 ;--------------------------------------------------------
                                     28 ; global & static initialisations
                                     29 ;--------------------------------------------------------
                                     30 	.area _HOME
                                     31 	.area _GSINIT
                                     32 	.area _GSFINAL
                                     33 	.area _GSINIT
                                     34 ;--------------------------------------------------------
                                     35 ; Home
                                     36 ;--------------------------------------------------------
                                     37 	.area _HOME
                                     38 	.area _HOME
                                     39 ;--------------------------------------------------------
                                     40 ; code
                                     41 ;--------------------------------------------------------
                                     42 	.area _CODE_6
                                     43 	.area _CODE_6
    00000000                         44 _EndingTiles:
    00000000 00                      45 	.db #0x00	; 0
    00000001 00                      46 	.db #0x00	; 0
    00000002 7F                      47 	.db #0x7f	; 127
    00000003 7F                      48 	.db #0x7f	; 127
    00000004 41                      49 	.db #0x41	; 65	'A'
    00000005 41                      50 	.db #0x41	; 65	'A'
    00000006 5F                      51 	.db #0x5f	; 95
    00000007 41                      52 	.db #0x41	; 65	'A'
    00000008 57                      53 	.db #0x57	; 87	'W'
    00000009 41                      54 	.db #0x41	; 65	'A'
    0000000A 5F                      55 	.db #0x5f	; 95
    0000000B 41                      56 	.db #0x41	; 65	'A'
    0000000C 5F                      57 	.db #0x5f	; 95
    0000000D 41                      58 	.db #0x41	; 65	'A'
    0000000E 7F                      59 	.db #0x7f	; 127
    0000000F 7F                      60 	.db #0x7f	; 127
    00000010 00                      61 	.db #0x00	; 0
    00000011 00                      62 	.db #0x00	; 0
    00000012 00                      63 	.db #0x00	; 0
    00000013 00                      64 	.db #0x00	; 0
    00000014 00                      65 	.db #0x00	; 0
    00000015 00                      66 	.db #0x00	; 0
    00000016 FF                      67 	.db #0xff	; 255
    00000017 FF                      68 	.db #0xff	; 255
    00000018 00                      69 	.db #0x00	; 0
    00000019 FF                      70 	.db #0xff	; 255
    0000001A FF                      71 	.db #0xff	; 255
    0000001B FF                      72 	.db #0xff	; 255
    0000001C FF                      73 	.db #0xff	; 255
    0000001D 00                      74 	.db #0x00	; 0
    0000001E 80                      75 	.db #0x80	; 128
    0000001F 00                      76 	.db #0x00	; 0
    00000020 00                      77 	.db #0x00	; 0
    00000021 00                      78 	.db #0x00	; 0
    00000022 00                      79 	.db #0x00	; 0
    00000023 00                      80 	.db #0x00	; 0
    00000024 00                      81 	.db #0x00	; 0
    00000025 00                      82 	.db #0x00	; 0
    00000026 FF                      83 	.db #0xff	; 255
    00000027 FF                      84 	.db #0xff	; 255
    00000028 00                      85 	.db #0x00	; 0
    00000029 FF                      86 	.db #0xff	; 255
    0000002A FF                      87 	.db #0xff	; 255
    0000002B FF                      88 	.db #0xff	; 255
    0000002C FF                      89 	.db #0xff	; 255
    0000002D 00                      90 	.db #0x00	; 0
    0000002E 00                      91 	.db #0x00	; 0
    0000002F 00                      92 	.db #0x00	; 0
    00000030 00                      93 	.db #0x00	; 0
    00000031 00                      94 	.db #0x00	; 0
    00000032 00                      95 	.db #0x00	; 0
    00000033 00                      96 	.db #0x00	; 0
    00000034 00                      97 	.db #0x00	; 0
    00000035 00                      98 	.db #0x00	; 0
    00000036 FF                      99 	.db #0xff	; 255
    00000037 FF                     100 	.db #0xff	; 255
    00000038 00                     101 	.db #0x00	; 0
    00000039 FF                     102 	.db #0xff	; 255
    0000003A FF                     103 	.db #0xff	; 255
    0000003B FF                     104 	.db #0xff	; 255
    0000003C FF                     105 	.db #0xff	; 255
    0000003D 00                     106 	.db #0x00	; 0
    0000003E 01                     107 	.db #0x01	; 1
    0000003F 00                     108 	.db #0x00	; 0
    00000040 00                     109 	.db #0x00	; 0
    00000041 00                     110 	.db #0x00	; 0
    00000042 FE                     111 	.db #0xfe	; 254
    00000043 FE                     112 	.db #0xfe	; 254
    00000044 82                     113 	.db #0x82	; 130
    00000045 82                     114 	.db #0x82	; 130
    00000046 BE                     115 	.db #0xbe	; 190
    00000047 82                     116 	.db #0x82	; 130
    00000048 AE                     117 	.db #0xae	; 174
    00000049 82                     118 	.db #0x82	; 130
    0000004A BE                     119 	.db #0xbe	; 190
    0000004B 82                     120 	.db #0x82	; 130
    0000004C BE                     121 	.db #0xbe	; 190
    0000004D 82                     122 	.db #0x82	; 130
    0000004E FE                     123 	.db #0xfe	; 254
    0000004F FE                     124 	.db #0xfe	; 254
    00000050 E8                     125 	.db #0xe8	; 232
    00000051 38                     126 	.db #0x38	; 56	'8'
    00000052 68                     127 	.db #0x68	; 104	'h'
    00000053 38                     128 	.db #0x38	; 56	'8'
    00000054 68                     129 	.db #0x68	; 104	'h'
    00000055 38                     130 	.db #0x38	; 56	'8'
    00000056 68                     131 	.db #0x68	; 104	'h'
    00000057 38                     132 	.db #0x38	; 56	'8'
    00000058 68                     133 	.db #0x68	; 104	'h'
    00000059 38                     134 	.db #0x38	; 56	'8'
    0000005A 68                     135 	.db #0x68	; 104	'h'
    0000005B 38                     136 	.db #0x38	; 56	'8'
    0000005C 68                     137 	.db #0x68	; 104	'h'
    0000005D 38                     138 	.db #0x38	; 56	'8'
    0000005E 68                     139 	.db #0x68	; 104	'h'
    0000005F 38                     140 	.db #0x38	; 56	'8'
    00000060 68                     141 	.db #0x68	; 104	'h'
    00000061 38                     142 	.db #0x38	; 56	'8'
    00000062 68                     143 	.db #0x68	; 104	'h'
    00000063 38                     144 	.db #0x38	; 56	'8'
    00000064 68                     145 	.db #0x68	; 104	'h'
    00000065 38                     146 	.db #0x38	; 56	'8'
    00000066 68                     147 	.db #0x68	; 104	'h'
    00000067 38                     148 	.db #0x38	; 56	'8'
    00000068 68                     149 	.db #0x68	; 104	'h'
    00000069 38                     150 	.db #0x38	; 56	'8'
    0000006A 68                     151 	.db #0x68	; 104	'h'
    0000006B 38                     152 	.db #0x38	; 56	'8'
    0000006C 68                     153 	.db #0x68	; 104	'h'
    0000006D 38                     154 	.db #0x38	; 56	'8'
    0000006E 68                     155 	.db #0x68	; 104	'h'
    0000006F 38                     156 	.db #0x38	; 56	'8'
    00000070 68                     157 	.db #0x68	; 104	'h'
    00000071 38                     158 	.db #0x38	; 56	'8'
    00000072 68                     159 	.db #0x68	; 104	'h'
    00000073 38                     160 	.db #0x38	; 56	'8'
    00000074 68                     161 	.db #0x68	; 104	'h'
    00000075 38                     162 	.db #0x38	; 56	'8'
    00000076 68                     163 	.db #0x68	; 104	'h'
    00000077 38                     164 	.db #0x38	; 56	'8'
    00000078 68                     165 	.db #0x68	; 104	'h'
    00000079 38                     166 	.db #0x38	; 56	'8'
    0000007A 68                     167 	.db #0x68	; 104	'h'
    0000007B 38                     168 	.db #0x38	; 56	'8'
    0000007C 68                     169 	.db #0x68	; 104	'h'
    0000007D 38                     170 	.db #0x38	; 56	'8'
    0000007E E8                     171 	.db #0xe8	; 232
    0000007F 38                     172 	.db #0x38	; 56	'8'
    00000080 FE                     173 	.db #0xfe	; 254
    00000081 FE                     174 	.db #0xfe	; 254
    00000082 82                     175 	.db #0x82	; 130
    00000083 82                     176 	.db #0x82	; 130
    00000084 BE                     177 	.db #0xbe	; 190
    00000085 82                     178 	.db #0x82	; 130
    00000086 AE                     179 	.db #0xae	; 174
    00000087 82                     180 	.db #0x82	; 130
    00000088 BE                     181 	.db #0xbe	; 190
    00000089 82                     182 	.db #0x82	; 130
    0000008A BE                     183 	.db #0xbe	; 190
    0000008B 82                     184 	.db #0x82	; 130
    0000008C FE                     185 	.db #0xfe	; 254
    0000008D FE                     186 	.db #0xfe	; 254
    0000008E 00                     187 	.db #0x00	; 0
    0000008F 00                     188 	.db #0x00	; 0
    00000090 01                     189 	.db #0x01	; 1
    00000091 00                     190 	.db #0x00	; 0
    00000092 FF                     191 	.db #0xff	; 255
    00000093 00                     192 	.db #0x00	; 0
    00000094 FF                     193 	.db #0xff	; 255
    00000095 FF                     194 	.db #0xff	; 255
    00000096 00                     195 	.db #0x00	; 0
    00000097 FF                     196 	.db #0xff	; 255
    00000098 FF                     197 	.db #0xff	; 255
    00000099 FF                     198 	.db #0xff	; 255
    0000009A 00                     199 	.db #0x00	; 0
    0000009B 00                     200 	.db #0x00	; 0
    0000009C 00                     201 	.db #0x00	; 0
    0000009D 00                     202 	.db #0x00	; 0
    0000009E 00                     203 	.db #0x00	; 0
    0000009F 00                     204 	.db #0x00	; 0
    000000A0 00                     205 	.db #0x00	; 0
    000000A1 00                     206 	.db #0x00	; 0
    000000A2 FF                     207 	.db #0xff	; 255
    000000A3 00                     208 	.db #0x00	; 0
    000000A4 FF                     209 	.db #0xff	; 255
    000000A5 FF                     210 	.db #0xff	; 255
    000000A6 00                     211 	.db #0x00	; 0
    000000A7 FF                     212 	.db #0xff	; 255
    000000A8 FF                     213 	.db #0xff	; 255
    000000A9 FF                     214 	.db #0xff	; 255
    000000AA 00                     215 	.db #0x00	; 0
    000000AB 00                     216 	.db #0x00	; 0
    000000AC 00                     217 	.db #0x00	; 0
    000000AD 00                     218 	.db #0x00	; 0
    000000AE 00                     219 	.db #0x00	; 0
    000000AF 00                     220 	.db #0x00	; 0
    000000B0 80                     221 	.db #0x80	; 128
    000000B1 00                     222 	.db #0x00	; 0
    000000B2 FF                     223 	.db #0xff	; 255
    000000B3 00                     224 	.db #0x00	; 0
    000000B4 FF                     225 	.db #0xff	; 255
    000000B5 FF                     226 	.db #0xff	; 255
    000000B6 00                     227 	.db #0x00	; 0
    000000B7 FF                     228 	.db #0xff	; 255
    000000B8 FF                     229 	.db #0xff	; 255
    000000B9 FF                     230 	.db #0xff	; 255
    000000BA 00                     231 	.db #0x00	; 0
    000000BB 00                     232 	.db #0x00	; 0
    000000BC 00                     233 	.db #0x00	; 0
    000000BD 00                     234 	.db #0x00	; 0
    000000BE 00                     235 	.db #0x00	; 0
    000000BF 00                     236 	.db #0x00	; 0
    000000C0 7F                     237 	.db #0x7f	; 127
    000000C1 7F                     238 	.db #0x7f	; 127
    000000C2 41                     239 	.db #0x41	; 65	'A'
    000000C3 41                     240 	.db #0x41	; 65	'A'
    000000C4 5F                     241 	.db #0x5f	; 95
    000000C5 41                     242 	.db #0x41	; 65	'A'
    000000C6 57                     243 	.db #0x57	; 87	'W'
    000000C7 41                     244 	.db #0x41	; 65	'A'
    000000C8 5F                     245 	.db #0x5f	; 95
    000000C9 41                     246 	.db #0x41	; 65	'A'
    000000CA 5F                     247 	.db #0x5f	; 95
    000000CB 41                     248 	.db #0x41	; 65	'A'
    000000CC 7F                     249 	.db #0x7f	; 127
    000000CD 7F                     250 	.db #0x7f	; 127
    000000CE 00                     251 	.db #0x00	; 0
    000000CF 00                     252 	.db #0x00	; 0
    000000D0 16                     253 	.db #0x16	; 22
    000000D1 1C                     254 	.db #0x1c	; 28
    000000D2 16                     255 	.db #0x16	; 22
    000000D3 1C                     256 	.db #0x1c	; 28
    000000D4 16                     257 	.db #0x16	; 22
    000000D5 1C                     258 	.db #0x1c	; 28
    000000D6 16                     259 	.db #0x16	; 22
    000000D7 1C                     260 	.db #0x1c	; 28
    000000D8 16                     261 	.db #0x16	; 22
    000000D9 1C                     262 	.db #0x1c	; 28
    000000DA 16                     263 	.db #0x16	; 22
    000000DB 1C                     264 	.db #0x1c	; 28
    000000DC 16                     265 	.db #0x16	; 22
    000000DD 1C                     266 	.db #0x1c	; 28
    000000DE 17                     267 	.db #0x17	; 23
    000000DF 1C                     268 	.db #0x1c	; 28
    000000E0 16                     269 	.db #0x16	; 22
    000000E1 1C                     270 	.db #0x1c	; 28
    000000E2 16                     271 	.db #0x16	; 22
    000000E3 1C                     272 	.db #0x1c	; 28
    000000E4 16                     273 	.db #0x16	; 22
    000000E5 1C                     274 	.db #0x1c	; 28
    000000E6 16                     275 	.db #0x16	; 22
    000000E7 1C                     276 	.db #0x1c	; 28
    000000E8 16                     277 	.db #0x16	; 22
    000000E9 1C                     278 	.db #0x1c	; 28
    000000EA 16                     279 	.db #0x16	; 22
    000000EB 1C                     280 	.db #0x1c	; 28
    000000EC 16                     281 	.db #0x16	; 22
    000000ED 1C                     282 	.db #0x1c	; 28
    000000EE 16                     283 	.db #0x16	; 22
    000000EF 1C                     284 	.db #0x1c	; 28
    000000F0 17                     285 	.db #0x17	; 23
    000000F1 1C                     286 	.db #0x1c	; 28
    000000F2 16                     287 	.db #0x16	; 22
    000000F3 1C                     288 	.db #0x1c	; 28
    000000F4 16                     289 	.db #0x16	; 22
    000000F5 1C                     290 	.db #0x1c	; 28
    000000F6 16                     291 	.db #0x16	; 22
    000000F7 1C                     292 	.db #0x1c	; 28
    000000F8 16                     293 	.db #0x16	; 22
    000000F9 1C                     294 	.db #0x1c	; 28
    000000FA 16                     295 	.db #0x16	; 22
    000000FB 1C                     296 	.db #0x1c	; 28
    000000FC 16                     297 	.db #0x16	; 22
    000000FD 1C                     298 	.db #0x1c	; 28
    000000FE 16                     299 	.db #0x16	; 22
    000000FF 1C                     300 	.db #0x1c	; 28
    00000100 00                     301 	.db #0x00	; 0
    00000101 00                     302 	.db #0x00	; 0
    00000102 00                     303 	.db #0x00	; 0
    00000103 00                     304 	.db #0x00	; 0
    00000104 00                     305 	.db #0x00	; 0
    00000105 00                     306 	.db #0x00	; 0
    00000106 00                     307 	.db #0x00	; 0
    00000107 00                     308 	.db #0x00	; 0
    00000108 00                     309 	.db #0x00	; 0
    00000109 00                     310 	.db #0x00	; 0
    0000010A 00                     311 	.db #0x00	; 0
    0000010B 00                     312 	.db #0x00	; 0
    0000010C 00                     313 	.db #0x00	; 0
    0000010D 00                     314 	.db #0x00	; 0
    0000010E 00                     315 	.db #0x00	; 0
    0000010F 00                     316 	.db #0x00	; 0
    00000110 07                     317 	.db #0x07	; 7
    00000111 07                     318 	.db #0x07	; 7
    00000112 0A                     319 	.db #0x0a	; 10
    00000113 0D                     320 	.db #0x0d	; 13
    00000114 16                     321 	.db #0x16	; 22
    00000115 1F                     322 	.db #0x1f	; 31
    00000116 2C                     323 	.db #0x2c	; 44
    00000117 3B                     324 	.db #0x3b	; 59
    00000118 3A                     325 	.db #0x3a	; 58
    00000119 37                     326 	.db #0x37	; 55	'7'
    0000011A 3F                     327 	.db #0x3f	; 63
    0000011B 3D                     328 	.db #0x3d	; 61
    0000011C 28                     329 	.db #0x28	; 40
    0000011D 3A                     330 	.db #0x3a	; 58
    0000011E 28                     331 	.db #0x28	; 40
    0000011F 3A                     332 	.db #0x3a	; 58
    00000120 E0                     333 	.db #0xe0	; 224
    00000121 E0                     334 	.db #0xe0	; 224
    00000122 D0                     335 	.db #0xd0	; 208
    00000123 30                     336 	.db #0x30	; 48	'0'
    00000124 E8                     337 	.db #0xe8	; 232
    00000125 F8                     338 	.db #0xf8	; 248
    00000126 74                     339 	.db #0x74	; 116	't'
    00000127 9C                     340 	.db #0x9c	; 156
    00000128 5C                     341 	.db #0x5c	; 92
    00000129 EC                     342 	.db #0xec	; 236
    0000012A FC                     343 	.db #0xfc	; 252
    0000012B FC                     344 	.db #0xfc	; 252
    0000012C 14                     345 	.db #0x14	; 20
    0000012D 5C                     346 	.db #0x5c	; 92
    0000012E 14                     347 	.db #0x14	; 20
    0000012F 5C                     348 	.db #0x5c	; 92
    00000130 07                     349 	.db #0x07	; 7
    00000131 07                     350 	.db #0x07	; 7
    00000132 08                     351 	.db #0x08	; 8
    00000133 08                     352 	.db #0x08	; 8
    00000134 13                     353 	.db #0x13	; 19
    00000135 10                     354 	.db #0x10	; 16
    00000136 10                     355 	.db #0x10	; 16
    00000137 10                     356 	.db #0x10	; 16
    00000138 13                     357 	.db #0x13	; 19
    00000139 10                     358 	.db #0x10	; 16
    0000013A 10                     359 	.db #0x10	; 16
    0000013B 14                     360 	.db #0x14	; 20
    0000013C 10                     361 	.db #0x10	; 16
    0000013D 12                     362 	.db #0x12	; 18
    0000013E 18                     363 	.db #0x18	; 24
    0000013F 12                     364 	.db #0x12	; 18
    00000140 E0                     365 	.db #0xe0	; 224
    00000141 E0                     366 	.db #0xe0	; 224
    00000142 10                     367 	.db #0x10	; 16
    00000143 10                     368 	.db #0x10	; 16
    00000144 C8                     369 	.db #0xc8	; 200
    00000145 08                     370 	.db #0x08	; 8
    00000146 08                     371 	.db #0x08	; 8
    00000147 08                     372 	.db #0x08	; 8
    00000148 C8                     373 	.db #0xc8	; 200
    00000149 08                     374 	.db #0x08	; 8
    0000014A 08                     375 	.db #0x08	; 8
    0000014B 28                     376 	.db #0x28	; 40
    0000014C 08                     377 	.db #0x08	; 8
    0000014D 48                     378 	.db #0x48	; 72	'H'
    0000014E 18                     379 	.db #0x18	; 24
    0000014F 48                     380 	.db #0x48	; 72	'H'
    00000150 29                     381 	.db #0x29	; 41
    00000151 39                     382 	.db #0x39	; 57	'9'
    00000152 17                     383 	.db #0x17	; 23
    00000153 1F                     384 	.db #0x1f	; 31
    00000154 3C                     385 	.db #0x3c	; 60
    00000155 29                     386 	.db #0x29	; 41
    00000156 7E                     387 	.db #0x7e	; 126
    00000157 48                     388 	.db #0x48	; 72	'H'
    00000158 78                     389 	.db #0x78	; 120	'x'
    00000159 4F                     390 	.db #0x4f	; 79	'O'
    0000015A 4F                     391 	.db #0x4f	; 79	'O'
    0000015B 48                     392 	.db #0x48	; 72	'H'
    0000015C 79                     393 	.db #0x79	; 121	'y'
    0000015D 7F                     394 	.db #0x7f	; 127
    0000015E 0E                     395 	.db #0x0e	; 14
    0000015F 0E                     396 	.db #0x0e	; 14
    00000160 94                     397 	.db #0x94	; 148
    00000161 9C                     398 	.db #0x9c	; 156
    00000162 E8                     399 	.db #0xe8	; 232
    00000163 F8                     400 	.db #0xf8	; 248
    00000164 3C                     401 	.db #0x3c	; 60
    00000165 54                     402 	.db #0x54	; 84	'T'
    00000166 7E                     403 	.db #0x7e	; 126
    00000167 92                     404 	.db #0x92	; 146
    00000168 DE                     405 	.db #0xde	; 222
    00000169 32                     406 	.db #0x32	; 50	'2'
    0000016A F2                     407 	.db #0xf2	; 242
    0000016B 12                     408 	.db #0x12	; 18
    0000016C 9E                     409 	.db #0x9e	; 158
    0000016D FE                     410 	.db #0xfe	; 254
    0000016E 70                     411 	.db #0x70	; 112	'p'
    0000016F 70                     412 	.db #0x70	; 112	'p'
    00000170 0B                     413 	.db #0x0b	; 11
    00000171 09                     414 	.db #0x09	; 9
    00000172 37                     415 	.db #0x37	; 55	'7'
    00000173 34                     416 	.db #0x34	; 52	'4'
    00000174 5B                     417 	.db #0x5b	; 91
    00000175 4C                     418 	.db #0x4c	; 76	'L'
    00000176 5D                     419 	.db #0x5d	; 93
    00000177 4E                     420 	.db #0x4e	; 78	'N'
    00000178 78                     421 	.db #0x78	; 120	'x'
    00000179 4F                     422 	.db #0x4f	; 79	'O'
    0000017A 4F                     423 	.db #0x4f	; 79	'O'
    0000017B 48                     424 	.db #0x48	; 72	'H'
    0000017C 79                     425 	.db #0x79	; 121	'y'
    0000017D 7F                     426 	.db #0x7f	; 127
    0000017E 0E                     427 	.db #0x0e	; 14
    0000017F 0E                     428 	.db #0x0e	; 14
    00000180 D0                     429 	.db #0xd0	; 208
    00000181 90                     430 	.db #0x90	; 144
    00000182 EC                     431 	.db #0xec	; 236
    00000183 2C                     432 	.db #0x2c	; 44
    00000184 DA                     433 	.db #0xda	; 218
    00000185 32                     434 	.db #0x32	; 50	'2'
    00000186 BA                     435 	.db #0xba	; 186
    00000187 72                     436 	.db #0x72	; 114	'r'
    00000188 1E                     437 	.db #0x1e	; 30
    00000189 F2                     438 	.db #0xf2	; 242
    0000018A F2                     439 	.db #0xf2	; 242
    0000018B 12                     440 	.db #0x12	; 18
    0000018C 9E                     441 	.db #0x9e	; 158
    0000018D FE                     442 	.db #0xfe	; 254
    0000018E 70                     443 	.db #0x70	; 112	'p'
    0000018F 70                     444 	.db #0x70	; 112	'p'
    00000190 0F                     445 	.db #0x0f	; 15
    00000191 0F                     446 	.db #0x0f	; 15
    00000192 11                     447 	.db #0x11	; 17
    00000193 1C                     448 	.db #0x1c	; 28
    00000194 20                     449 	.db #0x20	; 32
    00000195 3F                     450 	.db #0x3f	; 63
    00000196 20                     451 	.db #0x20	; 32
    00000197 3F                     452 	.db #0x3f	; 63
    00000198 4A                     453 	.db #0x4a	; 74	'J'
    00000199 5E                     454 	.db #0x5e	; 94
    0000019A 3F                     455 	.db #0x3f	; 63
    0000019B 35                     456 	.db #0x35	; 53	'5'
    0000019C 18                     457 	.db #0x18	; 24
    0000019D 12                     458 	.db #0x12	; 18
    0000019E 10                     459 	.db #0x10	; 16
    0000019F 12                     460 	.db #0x12	; 18
    000001A0 F0                     461 	.db #0xf0	; 240
    000001A1 F0                     462 	.db #0xf0	; 240
    000001A2 48                     463 	.db #0x48	; 72	'H'
    000001A3 18                     464 	.db #0x18	; 24
    000001A4 04                     465 	.db #0x04	; 4
    000001A5 FC                     466 	.db #0xfc	; 252
    000001A6 02                     467 	.db #0x02	; 2
    000001A7 FA                     468 	.db #0xfa	; 250
    000001A8 C2                     469 	.db #0xc2	; 194
    000001A9 DE                     470 	.db #0xde	; 222
    000001AA E4                     471 	.db #0xe4	; 228
    000001AB 2C                     472 	.db #0x2c	; 44
    000001AC 34                     473 	.db #0x34	; 52	'4'
    000001AD 54                     474 	.db #0x54	; 84	'T'
    000001AE 18                     475 	.db #0x18	; 24
    000001AF 48                     476 	.db #0x48	; 72	'H'
    000001B0 00                     477 	.db #0x00	; 0
    000001B1 00                     478 	.db #0x00	; 0
    000001B2 63                     479 	.db #0x63	; 99	'c'
    000001B3 63                     480 	.db #0x63	; 99	'c'
    000001B4 B4                     481 	.db #0xb4	; 180
    000001B5 94                     482 	.db #0x94	; 148
    000001B6 5B                     483 	.db #0x5b	; 91
    000001B7 49                     484 	.db #0x49	; 73	'I'
    000001B8 36                     485 	.db #0x36	; 54	'6'
    000001B9 32                     486 	.db #0x32	; 50	'2'
    000001BA 1D                     487 	.db #0x1d	; 29
    000001BB 15                     488 	.db #0x15	; 21
    000001BC 1D                     489 	.db #0x1d	; 29
    000001BD 15                     490 	.db #0x15	; 21
    000001BE 1E                     491 	.db #0x1e	; 30
    000001BF 12                     492 	.db #0x12	; 18
    000001C0 00                     493 	.db #0x00	; 0
    000001C1 00                     494 	.db #0x00	; 0
    000001C2 C6                     495 	.db #0xc6	; 198
    000001C3 C6                     496 	.db #0xc6	; 198
    000001C4 2D                     497 	.db #0x2d	; 45
    000001C5 29                     498 	.db #0x29	; 41
    000001C6 DA                     499 	.db #0xda	; 218
    000001C7 92                     500 	.db #0x92	; 146
    000001C8 6C                     501 	.db #0x6c	; 108	'l'
    000001C9 4C                     502 	.db #0x4c	; 76	'L'
    000001CA B8                     503 	.db #0xb8	; 184
    000001CB A8                     504 	.db #0xa8	; 168
    000001CC B8                     505 	.db #0xb8	; 184
    000001CD A8                     506 	.db #0xa8	; 168
    000001CE 78                     507 	.db #0x78	; 120	'x'
    000001CF 48                     508 	.db #0x48	; 72	'H'
    000001D0 09                     509 	.db #0x09	; 9
    000001D1 09                     510 	.db #0x09	; 9
    000001D2 37                     511 	.db #0x37	; 55	'7'
    000001D3 3F                     512 	.db #0x3f	; 63
    000001D4 59                     513 	.db #0x59	; 89	'Y'
    000001D5 4A                     514 	.db #0x4a	; 74	'J'
    000001D6 5F                     515 	.db #0x5f	; 95
    000001D7 6C                     516 	.db #0x6c	; 108	'l'
    000001D8 7B                     517 	.db #0x7b	; 123
    000001D9 7F                     518 	.db #0x7f	; 127
    000001DA 57                     519 	.db #0x57	; 87	'W'
    000001DB 4C                     520 	.db #0x4c	; 76	'L'
    000001DC 7B                     521 	.db #0x7b	; 123
    000001DD 7F                     522 	.db #0x7f	; 127
    000001DE 0F                     523 	.db #0x0f	; 15
    000001DF 0F                     524 	.db #0x0f	; 15
    000001E0 90                     525 	.db #0x90	; 144
    000001E1 90                     526 	.db #0x90	; 144
    000001E2 E8                     527 	.db #0xe8	; 232
    000001E3 F8                     528 	.db #0xf8	; 248
    000001E4 BE                     529 	.db #0xbe	; 190
    000001E5 3E                     530 	.db #0x3e	; 62
    000001E6 EE                     531 	.db #0xee	; 238
    000001E7 22                     532 	.db #0x22	; 34
    000001E8 FA                     533 	.db #0xfa	; 250
    000001E9 FA                     534 	.db #0xfa	; 250
    000001EA 06                     535 	.db #0x06	; 6
    000001EB 06                     536 	.db #0x06	; 6
    000001EC 9C                     537 	.db #0x9c	; 156
    000001ED FC                     538 	.db #0xfc	; 252
    000001EE F0                     539 	.db #0xf0	; 240
    000001EF F0                     540 	.db #0xf0	; 240
    000001F0 1F                     541 	.db #0x1f	; 31
    000001F1 11                     542 	.db #0x11	; 17
    000001F2 0F                     543 	.db #0x0f	; 15
    000001F3 08                     544 	.db #0x08	; 8
    000001F4 07                     545 	.db #0x07	; 7
    000001F5 07                     546 	.db #0x07	; 7
    000001F6 01                     547 	.db #0x01	; 1
    000001F7 01                     548 	.db #0x01	; 1
    000001F8 00                     549 	.db #0x00	; 0
    000001F9 00                     550 	.db #0x00	; 0
    000001FA 00                     551 	.db #0x00	; 0
    000001FB 00                     552 	.db #0x00	; 0
    000001FC 00                     553 	.db #0x00	; 0
    000001FD 00                     554 	.db #0x00	; 0
    000001FE 00                     555 	.db #0x00	; 0
    000001FF 00                     556 	.db #0x00	; 0
    00000200 F8                     557 	.db #0xf8	; 248
    00000201 88                     558 	.db #0x88	; 136
    00000202 F0                     559 	.db #0xf0	; 240
    00000203 10                     560 	.db #0x10	; 16
    00000204 E0                     561 	.db #0xe0	; 224
    00000205 E0                     562 	.db #0xe0	; 224
    00000206 C0                     563 	.db #0xc0	; 192
    00000207 40                     564 	.db #0x40	; 64
    00000208 F0                     565 	.db #0xf0	; 240
    00000209 B0                     566 	.db #0xb0	; 176
    0000020A C8                     567 	.db #0xc8	; 200
    0000020B 88                     568 	.db #0x88	; 136
    0000020C 70                     569 	.db #0x70	; 112	'p'
    0000020D 70                     570 	.db #0x70	; 112	'p'
    0000020E 00                     571 	.db #0x00	; 0
    0000020F 00                     572 	.db #0x00	; 0
    00000210 01                     573 	.db #0x01	; 1
    00000211 01                     574 	.db #0x01	; 1
    00000212 03                     575 	.db #0x03	; 3
    00000213 02                     576 	.db #0x02	; 2
    00000214 26                     577 	.db #0x26	; 38
    00000215 24                     578 	.db #0x24	; 36
    00000216 77                     579 	.db #0x77	; 119	'w'
    00000217 54                     580 	.db #0x54	; 84	'T'
    00000218 F5                     581 	.db #0xf5	; 245
    00000219 94                     582 	.db #0x94	; 148
    0000021A F7                     583 	.db #0xf7	; 247
    0000021B 95                     584 	.db #0x95	; 149
    0000021C B2                     585 	.db #0xb2	; 178
    0000021D 92                     586 	.db #0x92	; 146
    0000021E B0                     587 	.db #0xb0	; 176
    0000021F 90                     588 	.db #0x90	; 144
    00000220 FC                     589 	.db #0xfc	; 252
    00000221 FC                     590 	.db #0xfc	; 252
    00000222 DE                     591 	.db #0xde	; 222
    00000223 02                     592 	.db #0x02	; 2
    00000224 DD                     593 	.db #0xdd	; 221
    00000225 01                     594 	.db #0x01	; 1
    00000226 7F                     595 	.db #0x7f	; 127
    00000227 7D                     596 	.db #0x7d	; 125
    00000228 A3                     597 	.db #0xa3	; 163
    00000229 A2                     598 	.db #0xa2	; 162
    0000022A 2B                     599 	.db #0x2b	; 43
    0000022B 2A                     600 	.db #0x2a	; 42
    0000022C 63                     601 	.db #0x63	; 99	'c'
    0000022D 63                     602 	.db #0x63	; 99	'c'
    0000022E BE                     603 	.db #0xbe	; 190
    0000022F 9E                     604 	.db #0x9e	; 158
    00000230 3F                     605 	.db #0x3f	; 63
    00000231 3F                     606 	.db #0x3f	; 63
    00000232 7B                     607 	.db #0x7b	; 123
    00000233 40                     608 	.db #0x40	; 64
    00000234 BB                     609 	.db #0xbb	; 187
    00000235 80                     610 	.db #0x80	; 128
    00000236 FE                     611 	.db #0xfe	; 254
    00000237 BE                     612 	.db #0xbe	; 190
    00000238 C5                     613 	.db #0xc5	; 197
    00000239 45                     614 	.db #0x45	; 69	'E'
    0000023A D4                     615 	.db #0xd4	; 212
    0000023B 54                     616 	.db #0x54	; 84	'T'
    0000023C C6                     617 	.db #0xc6	; 198
    0000023D C6                     618 	.db #0xc6	; 198
    0000023E 7D                     619 	.db #0x7d	; 125
    0000023F 79                     620 	.db #0x79	; 121	'y'
    00000240 80                     621 	.db #0x80	; 128
    00000241 80                     622 	.db #0x80	; 128
    00000242 C0                     623 	.db #0xc0	; 192
    00000243 40                     624 	.db #0x40	; 64
    00000244 64                     625 	.db #0x64	; 100	'd'
    00000245 24                     626 	.db #0x24	; 36
    00000246 EE                     627 	.db #0xee	; 238
    00000247 2A                     628 	.db #0x2a	; 42
    00000248 AF                     629 	.db #0xaf	; 175
    00000249 29                     630 	.db #0x29	; 41
    0000024A EF                     631 	.db #0xef	; 239
    0000024B A9                     632 	.db #0xa9	; 169
    0000024C 4D                     633 	.db #0x4d	; 77	'M'
    0000024D 49                     634 	.db #0x49	; 73	'I'
    0000024E 0D                     635 	.db #0x0d	; 13
    0000024F 09                     636 	.db #0x09	; 9
    00000250 98                     637 	.db #0x98	; 152
    00000251 88                     638 	.db #0x88	; 136
    00000252 B8                     639 	.db #0xb8	; 184
    00000253 88                     640 	.db #0x88	; 136
    00000254 CC                     641 	.db #0xcc	; 204
    00000255 84                     642 	.db #0x84	; 132
    00000256 CC                     643 	.db #0xcc	; 204
    00000257 84                     644 	.db #0x84	; 132
    00000258 8C                     645 	.db #0x8c	; 140
    00000259 84                     646 	.db #0x84	; 132
    0000025A 96                     647 	.db #0x96	; 150
    0000025B 82                     648 	.db #0x82	; 130
    0000025C A3                     649 	.db #0xa3	; 163
    0000025D 81                     650 	.db #0x81	; 129
    0000025E A5                     651 	.db #0xa5	; 165
    0000025F 80                     652 	.db #0x80	; 128
    00000260 BD                     653 	.db #0xbd	; 189
    00000261 AD                     654 	.db #0xad	; 173
    00000262 8D                     655 	.db #0x8d	; 141
    00000263 8D                     656 	.db #0x8d	; 141
    00000264 7E                     657 	.db #0x7e	; 126
    00000265 7A                     658 	.db #0x7a	; 122	'z'
    00000266 0F                     659 	.db #0x0f	; 15
    00000267 09                     660 	.db #0x09	; 9
    00000268 15                     661 	.db #0x15	; 21
    00000269 14                     662 	.db #0x14	; 20
    0000026A 0A                     663 	.db #0x0a	; 10
    0000026B 0A                     664 	.db #0x0a	; 10
    0000026C BB                     665 	.db #0xbb	; 187
    0000026D BB                     666 	.db #0xbb	; 187
    0000026E FF                     667 	.db #0xff	; 255
    0000026F 54                     668 	.db #0x54	; 84	'T'
    00000270 BD                     669 	.db #0xbd	; 189
    00000271 B5                     670 	.db #0xb5	; 181
    00000272 B1                     671 	.db #0xb1	; 177
    00000273 B1                     672 	.db #0xb1	; 177
    00000274 7E                     673 	.db #0x7e	; 126
    00000275 5E                     674 	.db #0x5e	; 94
    00000276 F0                     675 	.db #0xf0	; 240
    00000277 90                     676 	.db #0x90	; 144
    00000278 A8                     677 	.db #0xa8	; 168
    00000279 28                     678 	.db #0x28	; 40
    0000027A 50                     679 	.db #0x50	; 80	'P'
    0000027B 50                     680 	.db #0x50	; 80	'P'
    0000027C DD                     681 	.db #0xdd	; 221
    0000027D DD                     682 	.db #0xdd	; 221
    0000027E FF                     683 	.db #0xff	; 255
    0000027F 2A                     684 	.db #0x2a	; 42
    00000280 19                     685 	.db #0x19	; 25
    00000281 11                     686 	.db #0x11	; 17
    00000282 1D                     687 	.db #0x1d	; 29
    00000283 11                     688 	.db #0x11	; 17
    00000284 33                     689 	.db #0x33	; 51	'3'
    00000285 21                     690 	.db #0x21	; 33
    00000286 33                     691 	.db #0x33	; 51	'3'
    00000287 21                     692 	.db #0x21	; 33
    00000288 31                     693 	.db #0x31	; 49	'1'
    00000289 21                     694 	.db #0x21	; 33
    0000028A 69                     695 	.db #0x69	; 105	'i'
    0000028B 41                     696 	.db #0x41	; 65	'A'
    0000028C C5                     697 	.db #0xc5	; 197
    0000028D 81                     698 	.db #0x81	; 129
    0000028E A5                     699 	.db #0xa5	; 165
    0000028F 01                     700 	.db #0x01	; 1
    00000290 A4                     701 	.db #0xa4	; 164
    00000291 80                     702 	.db #0x80	; 128
    00000292 C9                     703 	.db #0xc9	; 201
    00000293 81                     704 	.db #0x81	; 129
    00000294 49                     705 	.db #0x49	; 73	'I'
    00000295 41                     706 	.db #0x41	; 65	'A'
    00000296 4B                     707 	.db #0x4b	; 75	'K'
    00000297 42                     708 	.db #0x42	; 66	'B'
    00000298 2F                     709 	.db #0x2f	; 47
    00000299 2C                     710 	.db #0x2c	; 44
    0000029A 2F                     711 	.db #0x2f	; 47
    0000029B 2C                     712 	.db #0x2c	; 44
    0000029C 16                     713 	.db #0x16	; 22
    0000029D 14                     714 	.db #0x14	; 20
    0000029E 07                     715 	.db #0x07	; 7
    0000029F 04                     716 	.db #0x04	; 4
    000002A0 FF                     717 	.db #0xff	; 255
    000002A1 8D                     718 	.db #0x8d	; 141
    000002A2 FE                     719 	.db #0xfe	; 254
    000002A3 02                     720 	.db #0x02	; 2
    000002A4 F7                     721 	.db #0xf7	; 247
    000002A5 01                     722 	.db #0x01	; 1
    000002A6 BF                     723 	.db #0xbf	; 191
    000002A7 00                     724 	.db #0x00	; 0
    000002A8 FB                     725 	.db #0xfb	; 251
    000002A9 13                     726 	.db #0x13	; 19
    000002AA FB                     727 	.db #0xfb	; 251
    000002AB 2B                     728 	.db #0x2b	; 43
    000002AC FD                     729 	.db #0xfd	; 253
    000002AD 5D                     730 	.db #0x5d	; 93
    000002AE FF                     731 	.db #0xff	; 255
    000002AF 5F                     732 	.db #0x5f	; 95
    000002B0 FF                     733 	.db #0xff	; 255
    000002B1 B1                     734 	.db #0xb1	; 177
    000002B2 7F                     735 	.db #0x7f	; 127
    000002B3 40                     736 	.db #0x40	; 64
    000002B4 EF                     737 	.db #0xef	; 239
    000002B5 80                     738 	.db #0x80	; 128
    000002B6 FD                     739 	.db #0xfd	; 253
    000002B7 00                     740 	.db #0x00	; 0
    000002B8 DF                     741 	.db #0xdf	; 223
    000002B9 C8                     742 	.db #0xc8	; 200
    000002BA DF                     743 	.db #0xdf	; 223
    000002BB D4                     744 	.db #0xd4	; 212
    000002BC BF                     745 	.db #0xbf	; 191
    000002BD BA                     746 	.db #0xba	; 186
    000002BE FF                     747 	.db #0xff	; 255
    000002BF FA                     748 	.db #0xfa	; 250
    000002C0 25                     749 	.db #0x25	; 37
    000002C1 01                     750 	.db #0x01	; 1
    000002C2 93                     751 	.db #0x93	; 147
    000002C3 81                     752 	.db #0x81	; 129
    000002C4 92                     753 	.db #0x92	; 146
    000002C5 82                     754 	.db #0x82	; 130
    000002C6 D2                     755 	.db #0xd2	; 210
    000002C7 C2                     756 	.db #0xc2	; 194
    000002C8 F4                     757 	.db #0xf4	; 244
    000002C9 34                     758 	.db #0x34	; 52	'4'
    000002CA F4                     759 	.db #0xf4	; 244
    000002CB 34                     760 	.db #0x34	; 52	'4'
    000002CC 68                     761 	.db #0x68	; 104	'h'
    000002CD 28                     762 	.db #0x28	; 40
    000002CE E0                     763 	.db #0xe0	; 224
    000002CF 20                     764 	.db #0x20	; 32
    000002D0 0E                     765 	.db #0x0e	; 14
    000002D1 08                     766 	.db #0x08	; 8
    000002D2 0F                     767 	.db #0x0f	; 15
    000002D3 08                     768 	.db #0x08	; 8
    000002D4 0D                     769 	.db #0x0d	; 13
    000002D5 08                     770 	.db #0x08	; 8
    000002D6 1E                     771 	.db #0x1e	; 30
    000002D7 10                     772 	.db #0x10	; 16
    000002D8 1A                     773 	.db #0x1a	; 26
    000002D9 10                     774 	.db #0x10	; 16
    000002DA 0F                     775 	.db #0x0f	; 15
    000002DB 09                     776 	.db #0x09	; 9
    000002DC 1E                     777 	.db #0x1e	; 30
    000002DD 1A                     778 	.db #0x1a	; 26
    000002DE 2E                     779 	.db #0x2e	; 46
    000002DF 2A                     780 	.db #0x2a	; 42
    000002E0 FD                     781 	.db #0xfd	; 253
    000002E1 2D                     782 	.db #0x2d	; 45
    000002E2 FB                     783 	.db #0xfb	; 251
    000002E3 23                     784 	.db #0x23	; 35
    000002E4 7F                     785 	.db #0x7f	; 127
    000002E5 38                     786 	.db #0x38	; 56	'8'
    000002E6 FF                     787 	.db #0xff	; 255
    000002E7 14                     788 	.db #0x14	; 20
    000002E8 BF                     789 	.db #0xbf	; 191
    000002E9 13                     790 	.db #0x13	; 19
    000002EA FE                     791 	.db #0xfe	; 254
    000002EB 22                     792 	.db #0x22	; 34
    000002EC FC                     793 	.db #0xfc	; 252
    000002ED B4                     794 	.db #0xb4	; 180
    000002EE EC                     795 	.db #0xec	; 236
    000002EF AC                     796 	.db #0xac	; 172
    000002F0 BF                     797 	.db #0xbf	; 191
    000002F1 B4                     798 	.db #0xb4	; 180
    000002F2 DF                     799 	.db #0xdf	; 223
    000002F3 C4                     800 	.db #0xc4	; 196
    000002F4 FE                     801 	.db #0xfe	; 254
    000002F5 1C                     802 	.db #0x1c	; 28
    000002F6 FF                     803 	.db #0xff	; 255
    000002F7 28                     804 	.db #0x28	; 40
    000002F8 FD                     805 	.db #0xfd	; 253
    000002F9 C8                     806 	.db #0xc8	; 200
    000002FA 7F                     807 	.db #0x7f	; 127
    000002FB 44                     808 	.db #0x44	; 68	'D'
    000002FC 3F                     809 	.db #0x3f	; 63
    000002FD 2D                     810 	.db #0x2d	; 45
    000002FE 37                     811 	.db #0x37	; 55	'7'
    000002FF 35                     812 	.db #0x35	; 53	'5'
    00000300 70                     813 	.db #0x70	; 112	'p'
    00000301 10                     814 	.db #0x10	; 16
    00000302 F0                     815 	.db #0xf0	; 240
    00000303 10                     816 	.db #0x10	; 16
    00000304 B0                     817 	.db #0xb0	; 176
    00000305 10                     818 	.db #0x10	; 16
    00000306 78                     819 	.db #0x78	; 120	'x'
    00000307 08                     820 	.db #0x08	; 8
    00000308 58                     821 	.db #0x58	; 88	'X'
    00000309 08                     822 	.db #0x08	; 8
    0000030A F0                     823 	.db #0xf0	; 240
    0000030B 90                     824 	.db #0x90	; 144
    0000030C 78                     825 	.db #0x78	; 120	'x'
    0000030D 58                     826 	.db #0x58	; 88	'X'
    0000030E 74                     827 	.db #0x74	; 116	't'
    0000030F 54                     828 	.db #0x54	; 84	'T'
    00000310 00                     829 	.db #0x00	; 0
    00000311 00                     830 	.db #0x00	; 0
    00000312 08                     831 	.db #0x08	; 8
    00000313 08                     832 	.db #0x08	; 8
    00000314 14                     833 	.db #0x14	; 20
    00000315 14                     834 	.db #0x14	; 20
    00000316 14                     835 	.db #0x14	; 20
    00000317 14                     836 	.db #0x14	; 20
    00000318 22                     837 	.db #0x22	; 34
    00000319 22                     838 	.db #0x22	; 34
    0000031A 3E                     839 	.db #0x3e	; 62
    0000031B 3E                     840 	.db #0x3e	; 62
    0000031C 41                     841 	.db #0x41	; 65	'A'
    0000031D 41                     842 	.db #0x41	; 65	'A'
    0000031E 41                     843 	.db #0x41	; 65	'A'
    0000031F 41                     844 	.db #0x41	; 65	'A'
    00000320 00                     845 	.db #0x00	; 0
    00000321 00                     846 	.db #0x00	; 0
    00000322 7C                     847 	.db #0x7c	; 124
    00000323 7C                     848 	.db #0x7c	; 124
    00000324 42                     849 	.db #0x42	; 66	'B'
    00000325 42                     850 	.db #0x42	; 66	'B'
    00000326 42                     851 	.db #0x42	; 66	'B'
    00000327 42                     852 	.db #0x42	; 66	'B'
    00000328 7E                     853 	.db #0x7e	; 126
    00000329 7E                     854 	.db #0x7e	; 126
    0000032A 41                     855 	.db #0x41	; 65	'A'
    0000032B 41                     856 	.db #0x41	; 65	'A'
    0000032C 41                     857 	.db #0x41	; 65	'A'
    0000032D 41                     858 	.db #0x41	; 65	'A'
    0000032E 7E                     859 	.db #0x7e	; 126
    0000032F 7E                     860 	.db #0x7e	; 126
    00000330 00                     861 	.db #0x00	; 0
    00000331 00                     862 	.db #0x00	; 0
    00000332 1E                     863 	.db #0x1e	; 30
    00000333 1E                     864 	.db #0x1e	; 30
    00000334 21                     865 	.db #0x21	; 33
    00000335 21                     866 	.db #0x21	; 33
    00000336 40                     867 	.db #0x40	; 64
    00000337 40                     868 	.db #0x40	; 64
    00000338 40                     869 	.db #0x40	; 64
    00000339 40                     870 	.db #0x40	; 64
    0000033A 40                     871 	.db #0x40	; 64
    0000033B 40                     872 	.db #0x40	; 64
    0000033C 21                     873 	.db #0x21	; 33
    0000033D 21                     874 	.db #0x21	; 33
    0000033E 1E                     875 	.db #0x1e	; 30
    0000033F 1E                     876 	.db #0x1e	; 30
    00000340 00                     877 	.db #0x00	; 0
    00000341 00                     878 	.db #0x00	; 0
    00000342 7C                     879 	.db #0x7c	; 124
    00000343 7C                     880 	.db #0x7c	; 124
    00000344 42                     881 	.db #0x42	; 66	'B'
    00000345 42                     882 	.db #0x42	; 66	'B'
    00000346 41                     883 	.db #0x41	; 65	'A'
    00000347 41                     884 	.db #0x41	; 65	'A'
    00000348 41                     885 	.db #0x41	; 65	'A'
    00000349 41                     886 	.db #0x41	; 65	'A'
    0000034A 41                     887 	.db #0x41	; 65	'A'
    0000034B 41                     888 	.db #0x41	; 65	'A'
    0000034C 42                     889 	.db #0x42	; 66	'B'
    0000034D 42                     890 	.db #0x42	; 66	'B'
    0000034E 7C                     891 	.db #0x7c	; 124
    0000034F 7C                     892 	.db #0x7c	; 124
    00000350 00                     893 	.db #0x00	; 0
    00000351 00                     894 	.db #0x00	; 0
    00000352 7F                     895 	.db #0x7f	; 127
    00000353 7F                     896 	.db #0x7f	; 127
    00000354 40                     897 	.db #0x40	; 64
    00000355 40                     898 	.db #0x40	; 64
    00000356 40                     899 	.db #0x40	; 64
    00000357 40                     900 	.db #0x40	; 64
    00000358 7E                     901 	.db #0x7e	; 126
    00000359 7E                     902 	.db #0x7e	; 126
    0000035A 40                     903 	.db #0x40	; 64
    0000035B 40                     904 	.db #0x40	; 64
    0000035C 40                     905 	.db #0x40	; 64
    0000035D 40                     906 	.db #0x40	; 64
    0000035E 7F                     907 	.db #0x7f	; 127
    0000035F 7F                     908 	.db #0x7f	; 127
    00000360 00                     909 	.db #0x00	; 0
    00000361 00                     910 	.db #0x00	; 0
    00000362 7F                     911 	.db #0x7f	; 127
    00000363 7F                     912 	.db #0x7f	; 127
    00000364 40                     913 	.db #0x40	; 64
    00000365 40                     914 	.db #0x40	; 64
    00000366 40                     915 	.db #0x40	; 64
    00000367 40                     916 	.db #0x40	; 64
    00000368 7E                     917 	.db #0x7e	; 126
    00000369 7E                     918 	.db #0x7e	; 126
    0000036A 40                     919 	.db #0x40	; 64
    0000036B 40                     920 	.db #0x40	; 64
    0000036C 40                     921 	.db #0x40	; 64
    0000036D 40                     922 	.db #0x40	; 64
    0000036E 40                     923 	.db #0x40	; 64
    0000036F 40                     924 	.db #0x40	; 64
    00000370 00                     925 	.db #0x00	; 0
    00000371 00                     926 	.db #0x00	; 0
    00000372 1E                     927 	.db #0x1e	; 30
    00000373 1E                     928 	.db #0x1e	; 30
    00000374 21                     929 	.db #0x21	; 33
    00000375 21                     930 	.db #0x21	; 33
    00000376 40                     931 	.db #0x40	; 64
    00000377 40                     932 	.db #0x40	; 64
    00000378 4F                     933 	.db #0x4f	; 79	'O'
    00000379 4F                     934 	.db #0x4f	; 79	'O'
    0000037A 41                     935 	.db #0x41	; 65	'A'
    0000037B 41                     936 	.db #0x41	; 65	'A'
    0000037C 21                     937 	.db #0x21	; 33
    0000037D 21                     938 	.db #0x21	; 33
    0000037E 1E                     939 	.db #0x1e	; 30
    0000037F 1E                     940 	.db #0x1e	; 30
    00000380 00                     941 	.db #0x00	; 0
    00000381 00                     942 	.db #0x00	; 0
    00000382 41                     943 	.db #0x41	; 65	'A'
    00000383 41                     944 	.db #0x41	; 65	'A'
    00000384 41                     945 	.db #0x41	; 65	'A'
    00000385 41                     946 	.db #0x41	; 65	'A'
    00000386 41                     947 	.db #0x41	; 65	'A'
    00000387 41                     948 	.db #0x41	; 65	'A'
    00000388 7F                     949 	.db #0x7f	; 127
    00000389 7F                     950 	.db #0x7f	; 127
    0000038A 41                     951 	.db #0x41	; 65	'A'
    0000038B 41                     952 	.db #0x41	; 65	'A'
    0000038C 41                     953 	.db #0x41	; 65	'A'
    0000038D 41                     954 	.db #0x41	; 65	'A'
    0000038E 41                     955 	.db #0x41	; 65	'A'
    0000038F 41                     956 	.db #0x41	; 65	'A'
    00000390 00                     957 	.db #0x00	; 0
    00000391 00                     958 	.db #0x00	; 0
    00000392 3E                     959 	.db #0x3e	; 62
    00000393 3E                     960 	.db #0x3e	; 62
    00000394 08                     961 	.db #0x08	; 8
    00000395 08                     962 	.db #0x08	; 8
    00000396 08                     963 	.db #0x08	; 8
    00000397 08                     964 	.db #0x08	; 8
    00000398 08                     965 	.db #0x08	; 8
    00000399 08                     966 	.db #0x08	; 8
    0000039A 08                     967 	.db #0x08	; 8
    0000039B 08                     968 	.db #0x08	; 8
    0000039C 08                     969 	.db #0x08	; 8
    0000039D 08                     970 	.db #0x08	; 8
    0000039E 3E                     971 	.db #0x3e	; 62
    0000039F 3E                     972 	.db #0x3e	; 62
    000003A0 00                     973 	.db #0x00	; 0
    000003A1 00                     974 	.db #0x00	; 0
    000003A2 3F                     975 	.db #0x3f	; 63
    000003A3 3F                     976 	.db #0x3f	; 63
    000003A4 04                     977 	.db #0x04	; 4
    000003A5 04                     978 	.db #0x04	; 4
    000003A6 04                     979 	.db #0x04	; 4
    000003A7 04                     980 	.db #0x04	; 4
    000003A8 44                     981 	.db #0x44	; 68	'D'
    000003A9 44                     982 	.db #0x44	; 68	'D'
    000003AA 44                     983 	.db #0x44	; 68	'D'
    000003AB 44                     984 	.db #0x44	; 68	'D'
    000003AC 44                     985 	.db #0x44	; 68	'D'
    000003AD 44                     986 	.db #0x44	; 68	'D'
    000003AE 38                     987 	.db #0x38	; 56	'8'
    000003AF 38                     988 	.db #0x38	; 56	'8'
    000003B0 00                     989 	.db #0x00	; 0
    000003B1 00                     990 	.db #0x00	; 0
    000003B2 42                     991 	.db #0x42	; 66	'B'
    000003B3 42                     992 	.db #0x42	; 66	'B'
    000003B4 44                     993 	.db #0x44	; 68	'D'
    000003B5 44                     994 	.db #0x44	; 68	'D'
    000003B6 48                     995 	.db #0x48	; 72	'H'
    000003B7 48                     996 	.db #0x48	; 72	'H'
    000003B8 58                     997 	.db #0x58	; 88	'X'
    000003B9 58                     998 	.db #0x58	; 88	'X'
    000003BA 64                     999 	.db #0x64	; 100	'd'
    000003BB 64                    1000 	.db #0x64	; 100	'd'
    000003BC 42                    1001 	.db #0x42	; 66	'B'
    000003BD 42                    1002 	.db #0x42	; 66	'B'
    000003BE 41                    1003 	.db #0x41	; 65	'A'
    000003BF 41                    1004 	.db #0x41	; 65	'A'
    000003C0 00                    1005 	.db #0x00	; 0
    000003C1 00                    1006 	.db #0x00	; 0
    000003C2 40                    1007 	.db #0x40	; 64
    000003C3 40                    1008 	.db #0x40	; 64
    000003C4 40                    1009 	.db #0x40	; 64
    000003C5 40                    1010 	.db #0x40	; 64
    000003C6 40                    1011 	.db #0x40	; 64
    000003C7 40                    1012 	.db #0x40	; 64
    000003C8 40                    1013 	.db #0x40	; 64
    000003C9 40                    1014 	.db #0x40	; 64
    000003CA 40                    1015 	.db #0x40	; 64
    000003CB 40                    1016 	.db #0x40	; 64
    000003CC 40                    1017 	.db #0x40	; 64
    000003CD 40                    1018 	.db #0x40	; 64
    000003CE 7F                    1019 	.db #0x7f	; 127
    000003CF 7F                    1020 	.db #0x7f	; 127
    000003D0 00                    1021 	.db #0x00	; 0
    000003D1 00                    1022 	.db #0x00	; 0
    000003D2 41                    1023 	.db #0x41	; 65	'A'
    000003D3 41                    1024 	.db #0x41	; 65	'A'
    000003D4 63                    1025 	.db #0x63	; 99	'c'
    000003D5 63                    1026 	.db #0x63	; 99	'c'
    000003D6 55                    1027 	.db #0x55	; 85	'U'
    000003D7 55                    1028 	.db #0x55	; 85	'U'
    000003D8 49                    1029 	.db #0x49	; 73	'I'
    000003D9 49                    1030 	.db #0x49	; 73	'I'
    000003DA 41                    1031 	.db #0x41	; 65	'A'
    000003DB 41                    1032 	.db #0x41	; 65	'A'
    000003DC 41                    1033 	.db #0x41	; 65	'A'
    000003DD 41                    1034 	.db #0x41	; 65	'A'
    000003DE 41                    1035 	.db #0x41	; 65	'A'
    000003DF 41                    1036 	.db #0x41	; 65	'A'
    000003E0 00                    1037 	.db #0x00	; 0
    000003E1 00                    1038 	.db #0x00	; 0
    000003E2 41                    1039 	.db #0x41	; 65	'A'
    000003E3 41                    1040 	.db #0x41	; 65	'A'
    000003E4 61                    1041 	.db #0x61	; 97	'a'
    000003E5 61                    1042 	.db #0x61	; 97	'a'
    000003E6 51                    1043 	.db #0x51	; 81	'Q'
    000003E7 51                    1044 	.db #0x51	; 81	'Q'
    000003E8 49                    1045 	.db #0x49	; 73	'I'
    000003E9 49                    1046 	.db #0x49	; 73	'I'
    000003EA 45                    1047 	.db #0x45	; 69	'E'
    000003EB 45                    1048 	.db #0x45	; 69	'E'
    000003EC 43                    1049 	.db #0x43	; 67	'C'
    000003ED 43                    1050 	.db #0x43	; 67	'C'
    000003EE 41                    1051 	.db #0x41	; 65	'A'
    000003EF 41                    1052 	.db #0x41	; 65	'A'
    000003F0 00                    1053 	.db #0x00	; 0
    000003F1 00                    1054 	.db #0x00	; 0
    000003F2 1C                    1055 	.db #0x1c	; 28
    000003F3 1C                    1056 	.db #0x1c	; 28
    000003F4 22                    1057 	.db #0x22	; 34
    000003F5 22                    1058 	.db #0x22	; 34
    000003F6 41                    1059 	.db #0x41	; 65	'A'
    000003F7 41                    1060 	.db #0x41	; 65	'A'
    000003F8 41                    1061 	.db #0x41	; 65	'A'
    000003F9 41                    1062 	.db #0x41	; 65	'A'
    000003FA 41                    1063 	.db #0x41	; 65	'A'
    000003FB 41                    1064 	.db #0x41	; 65	'A'
    000003FC 22                    1065 	.db #0x22	; 34
    000003FD 22                    1066 	.db #0x22	; 34
    000003FE 1C                    1067 	.db #0x1c	; 28
    000003FF 1C                    1068 	.db #0x1c	; 28
    00000400 00                    1069 	.db #0x00	; 0
    00000401 00                    1070 	.db #0x00	; 0
    00000402 7E                    1071 	.db #0x7e	; 126
    00000403 7E                    1072 	.db #0x7e	; 126
    00000404 41                    1073 	.db #0x41	; 65	'A'
    00000405 41                    1074 	.db #0x41	; 65	'A'
    00000406 41                    1075 	.db #0x41	; 65	'A'
    00000407 41                    1076 	.db #0x41	; 65	'A'
    00000408 7E                    1077 	.db #0x7e	; 126
    00000409 7E                    1078 	.db #0x7e	; 126
    0000040A 40                    1079 	.db #0x40	; 64
    0000040B 40                    1080 	.db #0x40	; 64
    0000040C 40                    1081 	.db #0x40	; 64
    0000040D 40                    1082 	.db #0x40	; 64
    0000040E 40                    1083 	.db #0x40	; 64
    0000040F 40                    1084 	.db #0x40	; 64
    00000410 00                    1085 	.db #0x00	; 0
    00000411 00                    1086 	.db #0x00	; 0
    00000412 1C                    1087 	.db #0x1c	; 28
    00000413 1C                    1088 	.db #0x1c	; 28
    00000414 22                    1089 	.db #0x22	; 34
    00000415 22                    1090 	.db #0x22	; 34
    00000416 41                    1091 	.db #0x41	; 65	'A'
    00000417 41                    1092 	.db #0x41	; 65	'A'
    00000418 41                    1093 	.db #0x41	; 65	'A'
    00000419 41                    1094 	.db #0x41	; 65	'A'
    0000041A 45                    1095 	.db #0x45	; 69	'E'
    0000041B 45                    1096 	.db #0x45	; 69	'E'
    0000041C 22                    1097 	.db #0x22	; 34
    0000041D 22                    1098 	.db #0x22	; 34
    0000041E 1D                    1099 	.db #0x1d	; 29
    0000041F 1D                    1100 	.db #0x1d	; 29
    00000420 00                    1101 	.db #0x00	; 0
    00000421 00                    1102 	.db #0x00	; 0
    00000422 7E                    1103 	.db #0x7e	; 126
    00000423 7E                    1104 	.db #0x7e	; 126
    00000424 41                    1105 	.db #0x41	; 65	'A'
    00000425 41                    1106 	.db #0x41	; 65	'A'
    00000426 41                    1107 	.db #0x41	; 65	'A'
    00000427 41                    1108 	.db #0x41	; 65	'A'
    00000428 7E                    1109 	.db #0x7e	; 126
    00000429 7E                    1110 	.db #0x7e	; 126
    0000042A 44                    1111 	.db #0x44	; 68	'D'
    0000042B 44                    1112 	.db #0x44	; 68	'D'
    0000042C 42                    1113 	.db #0x42	; 66	'B'
    0000042D 42                    1114 	.db #0x42	; 66	'B'
    0000042E 41                    1115 	.db #0x41	; 65	'A'
    0000042F 41                    1116 	.db #0x41	; 65	'A'
    00000430 00                    1117 	.db #0x00	; 0
    00000431 00                    1118 	.db #0x00	; 0
    00000432 3C                    1119 	.db #0x3c	; 60
    00000433 3C                    1120 	.db #0x3c	; 60
    00000434 42                    1121 	.db #0x42	; 66	'B'
    00000435 42                    1122 	.db #0x42	; 66	'B'
    00000436 40                    1123 	.db #0x40	; 64
    00000437 40                    1124 	.db #0x40	; 64
    00000438 3E                    1125 	.db #0x3e	; 62
    00000439 3E                    1126 	.db #0x3e	; 62
    0000043A 01                    1127 	.db #0x01	; 1
    0000043B 01                    1128 	.db #0x01	; 1
    0000043C 41                    1129 	.db #0x41	; 65	'A'
    0000043D 41                    1130 	.db #0x41	; 65	'A'
    0000043E 3E                    1131 	.db #0x3e	; 62
    0000043F 3E                    1132 	.db #0x3e	; 62
    00000440 00                    1133 	.db #0x00	; 0
    00000441 00                    1134 	.db #0x00	; 0
    00000442 7F                    1135 	.db #0x7f	; 127
    00000443 7F                    1136 	.db #0x7f	; 127
    00000444 08                    1137 	.db #0x08	; 8
    00000445 08                    1138 	.db #0x08	; 8
    00000446 08                    1139 	.db #0x08	; 8
    00000447 08                    1140 	.db #0x08	; 8
    00000448 08                    1141 	.db #0x08	; 8
    00000449 08                    1142 	.db #0x08	; 8
    0000044A 08                    1143 	.db #0x08	; 8
    0000044B 08                    1144 	.db #0x08	; 8
    0000044C 08                    1145 	.db #0x08	; 8
    0000044D 08                    1146 	.db #0x08	; 8
    0000044E 08                    1147 	.db #0x08	; 8
    0000044F 08                    1148 	.db #0x08	; 8
    00000450 00                    1149 	.db #0x00	; 0
    00000451 00                    1150 	.db #0x00	; 0
    00000452 41                    1151 	.db #0x41	; 65	'A'
    00000453 41                    1152 	.db #0x41	; 65	'A'
    00000454 41                    1153 	.db #0x41	; 65	'A'
    00000455 41                    1154 	.db #0x41	; 65	'A'
    00000456 41                    1155 	.db #0x41	; 65	'A'
    00000457 41                    1156 	.db #0x41	; 65	'A'
    00000458 41                    1157 	.db #0x41	; 65	'A'
    00000459 41                    1158 	.db #0x41	; 65	'A'
    0000045A 41                    1159 	.db #0x41	; 65	'A'
    0000045B 41                    1160 	.db #0x41	; 65	'A'
    0000045C 21                    1161 	.db #0x21	; 33
    0000045D 21                    1162 	.db #0x21	; 33
    0000045E 1F                    1163 	.db #0x1f	; 31
    0000045F 1F                    1164 	.db #0x1f	; 31
    00000460 00                    1165 	.db #0x00	; 0
    00000461 00                    1166 	.db #0x00	; 0
    00000462 41                    1167 	.db #0x41	; 65	'A'
    00000463 41                    1168 	.db #0x41	; 65	'A'
    00000464 41                    1169 	.db #0x41	; 65	'A'
    00000465 41                    1170 	.db #0x41	; 65	'A'
    00000466 22                    1171 	.db #0x22	; 34
    00000467 22                    1172 	.db #0x22	; 34
    00000468 22                    1173 	.db #0x22	; 34
    00000469 22                    1174 	.db #0x22	; 34
    0000046A 14                    1175 	.db #0x14	; 20
    0000046B 14                    1176 	.db #0x14	; 20
    0000046C 14                    1177 	.db #0x14	; 20
    0000046D 14                    1178 	.db #0x14	; 20
    0000046E 08                    1179 	.db #0x08	; 8
    0000046F 08                    1180 	.db #0x08	; 8
    00000470 00                    1181 	.db #0x00	; 0
    00000471 00                    1182 	.db #0x00	; 0
    00000472 41                    1183 	.db #0x41	; 65	'A'
    00000473 41                    1184 	.db #0x41	; 65	'A'
    00000474 41                    1185 	.db #0x41	; 65	'A'
    00000475 41                    1186 	.db #0x41	; 65	'A'
    00000476 49                    1187 	.db #0x49	; 73	'I'
    00000477 49                    1188 	.db #0x49	; 73	'I'
    00000478 55                    1189 	.db #0x55	; 85	'U'
    00000479 55                    1190 	.db #0x55	; 85	'U'
    0000047A 63                    1191 	.db #0x63	; 99	'c'
    0000047B 63                    1192 	.db #0x63	; 99	'c'
    0000047C 63                    1193 	.db #0x63	; 99	'c'
    0000047D 63                    1194 	.db #0x63	; 99	'c'
    0000047E 41                    1195 	.db #0x41	; 65	'A'
    0000047F 41                    1196 	.db #0x41	; 65	'A'
    00000480 00                    1197 	.db #0x00	; 0
    00000481 00                    1198 	.db #0x00	; 0
    00000482 63                    1199 	.db #0x63	; 99	'c'
    00000483 63                    1200 	.db #0x63	; 99	'c'
    00000484 22                    1201 	.db #0x22	; 34
    00000485 22                    1202 	.db #0x22	; 34
    00000486 14                    1203 	.db #0x14	; 20
    00000487 14                    1204 	.db #0x14	; 20
    00000488 08                    1205 	.db #0x08	; 8
    00000489 08                    1206 	.db #0x08	; 8
    0000048A 14                    1207 	.db #0x14	; 20
    0000048B 14                    1208 	.db #0x14	; 20
    0000048C 22                    1209 	.db #0x22	; 34
    0000048D 22                    1210 	.db #0x22	; 34
    0000048E 63                    1211 	.db #0x63	; 99	'c'
    0000048F 63                    1212 	.db #0x63	; 99	'c'
    00000490 00                    1213 	.db #0x00	; 0
    00000491 00                    1214 	.db #0x00	; 0
    00000492 41                    1215 	.db #0x41	; 65	'A'
    00000493 41                    1216 	.db #0x41	; 65	'A'
    00000494 22                    1217 	.db #0x22	; 34
    00000495 22                    1218 	.db #0x22	; 34
    00000496 14                    1219 	.db #0x14	; 20
    00000497 14                    1220 	.db #0x14	; 20
    00000498 08                    1221 	.db #0x08	; 8
    00000499 08                    1222 	.db #0x08	; 8
    0000049A 08                    1223 	.db #0x08	; 8
    0000049B 08                    1224 	.db #0x08	; 8
    0000049C 08                    1225 	.db #0x08	; 8
    0000049D 08                    1226 	.db #0x08	; 8
    0000049E 08                    1227 	.db #0x08	; 8
    0000049F 08                    1228 	.db #0x08	; 8
    000004A0 00                    1229 	.db #0x00	; 0
    000004A1 00                    1230 	.db #0x00	; 0
    000004A2 7F                    1231 	.db #0x7f	; 127
    000004A3 7F                    1232 	.db #0x7f	; 127
    000004A4 02                    1233 	.db #0x02	; 2
    000004A5 02                    1234 	.db #0x02	; 2
    000004A6 04                    1235 	.db #0x04	; 4
    000004A7 04                    1236 	.db #0x04	; 4
    000004A8 08                    1237 	.db #0x08	; 8
    000004A9 08                    1238 	.db #0x08	; 8
    000004AA 10                    1239 	.db #0x10	; 16
    000004AB 10                    1240 	.db #0x10	; 16
    000004AC 20                    1241 	.db #0x20	; 32
    000004AD 20                    1242 	.db #0x20	; 32
    000004AE 7F                    1243 	.db #0x7f	; 127
    000004AF 7F                    1244 	.db #0x7f	; 127
    000004B0 00                    1245 	.db #0x00	; 0
    000004B1 00                    1246 	.db #0x00	; 0
    000004B2 00                    1247 	.db #0x00	; 0
    000004B3 00                    1248 	.db #0x00	; 0
    000004B4 1C                    1249 	.db #0x1c	; 28
    000004B5 1C                    1250 	.db #0x1c	; 28
    000004B6 26                    1251 	.db #0x26	; 38
    000004B7 26                    1252 	.db #0x26	; 38
    000004B8 63                    1253 	.db #0x63	; 99	'c'
    000004B9 63                    1254 	.db #0x63	; 99	'c'
    000004BA 63                    1255 	.db #0x63	; 99	'c'
    000004BB 63                    1256 	.db #0x63	; 99	'c'
    000004BC 32                    1257 	.db #0x32	; 50	'2'
    000004BD 32                    1258 	.db #0x32	; 50	'2'
    000004BE 1C                    1259 	.db #0x1c	; 28
    000004BF 1C                    1260 	.db #0x1c	; 28
    000004C0 00                    1261 	.db #0x00	; 0
    000004C1 00                    1262 	.db #0x00	; 0
    000004C2 00                    1263 	.db #0x00	; 0
    000004C3 00                    1264 	.db #0x00	; 0
    000004C4 0C                    1265 	.db #0x0c	; 12
    000004C5 0C                    1266 	.db #0x0c	; 12
    000004C6 1C                    1267 	.db #0x1c	; 28
    000004C7 1C                    1268 	.db #0x1c	; 28
    000004C8 0C                    1269 	.db #0x0c	; 12
    000004C9 0C                    1270 	.db #0x0c	; 12
    000004CA 0C                    1271 	.db #0x0c	; 12
    000004CB 0C                    1272 	.db #0x0c	; 12
    000004CC 0C                    1273 	.db #0x0c	; 12
    000004CD 0C                    1274 	.db #0x0c	; 12
    000004CE 3F                    1275 	.db #0x3f	; 63
    000004CF 3F                    1276 	.db #0x3f	; 63
    000004D0 00                    1277 	.db #0x00	; 0
    000004D1 00                    1278 	.db #0x00	; 0
    000004D2 00                    1279 	.db #0x00	; 0
    000004D3 00                    1280 	.db #0x00	; 0
    000004D4 3E                    1281 	.db #0x3e	; 62
    000004D5 3E                    1282 	.db #0x3e	; 62
    000004D6 63                    1283 	.db #0x63	; 99	'c'
    000004D7 63                    1284 	.db #0x63	; 99	'c'
    000004D8 07                    1285 	.db #0x07	; 7
    000004D9 07                    1286 	.db #0x07	; 7
    000004DA 3E                    1287 	.db #0x3e	; 62
    000004DB 3E                    1288 	.db #0x3e	; 62
    000004DC 70                    1289 	.db #0x70	; 112	'p'
    000004DD 70                    1290 	.db #0x70	; 112	'p'
    000004DE 7F                    1291 	.db #0x7f	; 127
    000004DF 7F                    1292 	.db #0x7f	; 127
    000004E0 00                    1293 	.db #0x00	; 0
    000004E1 00                    1294 	.db #0x00	; 0
    000004E2 00                    1295 	.db #0x00	; 0
    000004E3 00                    1296 	.db #0x00	; 0
    000004E4 3F                    1297 	.db #0x3f	; 63
    000004E5 3F                    1298 	.db #0x3f	; 63
    000004E6 06                    1299 	.db #0x06	; 6
    000004E7 06                    1300 	.db #0x06	; 6
    000004E8 1C                    1301 	.db #0x1c	; 28
    000004E9 1C                    1302 	.db #0x1c	; 28
    000004EA 03                    1303 	.db #0x03	; 3
    000004EB 03                    1304 	.db #0x03	; 3
    000004EC 63                    1305 	.db #0x63	; 99	'c'
    000004ED 63                    1306 	.db #0x63	; 99	'c'
    000004EE 3E                    1307 	.db #0x3e	; 62
    000004EF 3E                    1308 	.db #0x3e	; 62
    000004F0 00                    1309 	.db #0x00	; 0
    000004F1 00                    1310 	.db #0x00	; 0
    000004F2 00                    1311 	.db #0x00	; 0
    000004F3 00                    1312 	.db #0x00	; 0
    000004F4 0E                    1313 	.db #0x0e	; 14
    000004F5 0E                    1314 	.db #0x0e	; 14
    000004F6 1E                    1315 	.db #0x1e	; 30
    000004F7 1E                    1316 	.db #0x1e	; 30
    000004F8 36                    1317 	.db #0x36	; 54	'6'
    000004F9 36                    1318 	.db #0x36	; 54	'6'
    000004FA 66                    1319 	.db #0x66	; 102	'f'
    000004FB 66                    1320 	.db #0x66	; 102	'f'
    000004FC 7F                    1321 	.db #0x7f	; 127
    000004FD 7F                    1322 	.db #0x7f	; 127
    000004FE 06                    1323 	.db #0x06	; 6
    000004FF 06                    1324 	.db #0x06	; 6
    00000500 00                    1325 	.db #0x00	; 0
    00000501 00                    1326 	.db #0x00	; 0
    00000502 00                    1327 	.db #0x00	; 0
    00000503 00                    1328 	.db #0x00	; 0
    00000504 7E                    1329 	.db #0x7e	; 126
    00000505 7E                    1330 	.db #0x7e	; 126
    00000506 40                    1331 	.db #0x40	; 64
    00000507 40                    1332 	.db #0x40	; 64
    00000508 7E                    1333 	.db #0x7e	; 126
    00000509 7E                    1334 	.db #0x7e	; 126
    0000050A 03                    1335 	.db #0x03	; 3
    0000050B 03                    1336 	.db #0x03	; 3
    0000050C 63                    1337 	.db #0x63	; 99	'c'
    0000050D 63                    1338 	.db #0x63	; 99	'c'
    0000050E 3E                    1339 	.db #0x3e	; 62
    0000050F 3E                    1340 	.db #0x3e	; 62
    00000510 00                    1341 	.db #0x00	; 0
    00000511 00                    1342 	.db #0x00	; 0
    00000512 00                    1343 	.db #0x00	; 0
    00000513 00                    1344 	.db #0x00	; 0
    00000514 3E                    1345 	.db #0x3e	; 62
    00000515 3E                    1346 	.db #0x3e	; 62
    00000516 60                    1347 	.db #0x60	; 96
    00000517 60                    1348 	.db #0x60	; 96
    00000518 7E                    1349 	.db #0x7e	; 126
    00000519 7E                    1350 	.db #0x7e	; 126
    0000051A 63                    1351 	.db #0x63	; 99	'c'
    0000051B 63                    1352 	.db #0x63	; 99	'c'
    0000051C 63                    1353 	.db #0x63	; 99	'c'
    0000051D 63                    1354 	.db #0x63	; 99	'c'
    0000051E 3E                    1355 	.db #0x3e	; 62
    0000051F 3E                    1356 	.db #0x3e	; 62
    00000520 00                    1357 	.db #0x00	; 0
    00000521 00                    1358 	.db #0x00	; 0
    00000522 00                    1359 	.db #0x00	; 0
    00000523 00                    1360 	.db #0x00	; 0
    00000524 7F                    1361 	.db #0x7f	; 127
    00000525 7F                    1362 	.db #0x7f	; 127
    00000526 63                    1363 	.db #0x63	; 99	'c'
    00000527 63                    1364 	.db #0x63	; 99	'c'
    00000528 06                    1365 	.db #0x06	; 6
    00000529 06                    1366 	.db #0x06	; 6
    0000052A 0C                    1367 	.db #0x0c	; 12
    0000052B 0C                    1368 	.db #0x0c	; 12
    0000052C 18                    1369 	.db #0x18	; 24
    0000052D 18                    1370 	.db #0x18	; 24
    0000052E 18                    1371 	.db #0x18	; 24
    0000052F 18                    1372 	.db #0x18	; 24
    00000530 00                    1373 	.db #0x00	; 0
    00000531 00                    1374 	.db #0x00	; 0
    00000532 00                    1375 	.db #0x00	; 0
    00000533 00                    1376 	.db #0x00	; 0
    00000534 3E                    1377 	.db #0x3e	; 62
    00000535 3E                    1378 	.db #0x3e	; 62
    00000536 63                    1379 	.db #0x63	; 99	'c'
    00000537 63                    1380 	.db #0x63	; 99	'c'
    00000538 3E                    1381 	.db #0x3e	; 62
    00000539 3E                    1382 	.db #0x3e	; 62
    0000053A 63                    1383 	.db #0x63	; 99	'c'
    0000053B 63                    1384 	.db #0x63	; 99	'c'
    0000053C 63                    1385 	.db #0x63	; 99	'c'
    0000053D 63                    1386 	.db #0x63	; 99	'c'
    0000053E 3E                    1387 	.db #0x3e	; 62
    0000053F 3E                    1388 	.db #0x3e	; 62
    00000540 00                    1389 	.db #0x00	; 0
    00000541 00                    1390 	.db #0x00	; 0
    00000542 00                    1391 	.db #0x00	; 0
    00000543 00                    1392 	.db #0x00	; 0
    00000544 3E                    1393 	.db #0x3e	; 62
    00000545 3E                    1394 	.db #0x3e	; 62
    00000546 63                    1395 	.db #0x63	; 99	'c'
    00000547 63                    1396 	.db #0x63	; 99	'c'
    00000548 63                    1397 	.db #0x63	; 99	'c'
    00000549 63                    1398 	.db #0x63	; 99	'c'
    0000054A 3F                    1399 	.db #0x3f	; 63
    0000054B 3F                    1400 	.db #0x3f	; 63
    0000054C 03                    1401 	.db #0x03	; 3
    0000054D 03                    1402 	.db #0x03	; 3
    0000054E 3E                    1403 	.db #0x3e	; 62
    0000054F 3E                    1404 	.db #0x3e	; 62
    00000550 00                    1405 	.db #0x00	; 0
    00000551 00                    1406 	.db #0x00	; 0
    00000552 00                    1407 	.db #0x00	; 0
    00000553 00                    1408 	.db #0x00	; 0
    00000554 00                    1409 	.db #0x00	; 0
    00000555 00                    1410 	.db #0x00	; 0
    00000556 00                    1411 	.db #0x00	; 0
    00000557 00                    1412 	.db #0x00	; 0
    00000558 00                    1413 	.db #0x00	; 0
    00000559 00                    1414 	.db #0x00	; 0
    0000055A 7E                    1415 	.db #0x7e	; 126
    0000055B 7E                    1416 	.db #0x7e	; 126
    0000055C 00                    1417 	.db #0x00	; 0
    0000055D 00                    1418 	.db #0x00	; 0
    0000055E 00                    1419 	.db #0x00	; 0
    0000055F 00                    1420 	.db #0x00	; 0
    00000560 00                    1421 	.db #0x00	; 0
    00000561 00                    1422 	.db #0x00	; 0
    00000562 00                    1423 	.db #0x00	; 0
    00000563 00                    1424 	.db #0x00	; 0
    00000564 00                    1425 	.db #0x00	; 0
    00000565 00                    1426 	.db #0x00	; 0
    00000566 00                    1427 	.db #0x00	; 0
    00000567 00                    1428 	.db #0x00	; 0
    00000568 30                    1429 	.db #0x30	; 48	'0'
    00000569 30                    1430 	.db #0x30	; 48	'0'
    0000056A 30                    1431 	.db #0x30	; 48	'0'
    0000056B 30                    1432 	.db #0x30	; 48	'0'
    0000056C 10                    1433 	.db #0x10	; 16
    0000056D 10                    1434 	.db #0x10	; 16
    0000056E 20                    1435 	.db #0x20	; 32
    0000056F 20                    1436 	.db #0x20	; 32
    00000570 00                    1437 	.db #0x00	; 0
    00000571 00                    1438 	.db #0x00	; 0
    00000572 00                    1439 	.db #0x00	; 0
    00000573 00                    1440 	.db #0x00	; 0
    00000574 00                    1441 	.db #0x00	; 0
    00000575 00                    1442 	.db #0x00	; 0
    00000576 00                    1443 	.db #0x00	; 0
    00000577 00                    1444 	.db #0x00	; 0
    00000578 00                    1445 	.db #0x00	; 0
    00000579 00                    1446 	.db #0x00	; 0
    0000057A 00                    1447 	.db #0x00	; 0
    0000057B 00                    1448 	.db #0x00	; 0
    0000057C 30                    1449 	.db #0x30	; 48	'0'
    0000057D 30                    1450 	.db #0x30	; 48	'0'
    0000057E 30                    1451 	.db #0x30	; 48	'0'
    0000057F 30                    1452 	.db #0x30	; 48	'0'
    00000580 00                    1453 	.db #0x00	; 0
    00000581 00                    1454 	.db #0x00	; 0
    00000582 18                    1455 	.db #0x18	; 24
    00000583 18                    1456 	.db #0x18	; 24
    00000584 3C                    1457 	.db #0x3c	; 60
    00000585 3C                    1458 	.db #0x3c	; 60
    00000586 3C                    1459 	.db #0x3c	; 60
    00000587 3C                    1460 	.db #0x3c	; 60
    00000588 18                    1461 	.db #0x18	; 24
    00000589 18                    1462 	.db #0x18	; 24
    0000058A 18                    1463 	.db #0x18	; 24
    0000058B 18                    1464 	.db #0x18	; 24
    0000058C 00                    1465 	.db #0x00	; 0
    0000058D 00                    1466 	.db #0x00	; 0
    0000058E 18                    1467 	.db #0x18	; 24
    0000058F 18                    1468 	.db #0x18	; 24
    00000590 00                    1469 	.db #0x00	; 0
    00000591 00                    1470 	.db #0x00	; 0
    00000592 02                    1471 	.db #0x02	; 2
    00000593 02                    1472 	.db #0x02	; 2
    00000594 04                    1473 	.db #0x04	; 4
    00000595 04                    1474 	.db #0x04	; 4
    00000596 08                    1475 	.db #0x08	; 8
    00000597 08                    1476 	.db #0x08	; 8
    00000598 10                    1477 	.db #0x10	; 16
    00000599 10                    1478 	.db #0x10	; 16
    0000059A 20                    1479 	.db #0x20	; 32
    0000059B 20                    1480 	.db #0x20	; 32
    0000059C 40                    1481 	.db #0x40	; 64
    0000059D 40                    1482 	.db #0x40	; 64
    0000059E 80                    1483 	.db #0x80	; 128
    0000059F 80                    1484 	.db #0x80	; 128
    000005A0 00                    1485 	.db #0x00	; 0
    000005A1 00                    1486 	.db #0x00	; 0
    000005A2 00                    1487 	.db #0x00	; 0
    000005A3 00                    1488 	.db #0x00	; 0
    000005A4 18                    1489 	.db #0x18	; 24
    000005A5 18                    1490 	.db #0x18	; 24
    000005A6 18                    1491 	.db #0x18	; 24
    000005A7 18                    1492 	.db #0x18	; 24
    000005A8 00                    1493 	.db #0x00	; 0
    000005A9 00                    1494 	.db #0x00	; 0
    000005AA 00                    1495 	.db #0x00	; 0
    000005AB 00                    1496 	.db #0x00	; 0
    000005AC 18                    1497 	.db #0x18	; 24
    000005AD 18                    1498 	.db #0x18	; 24
    000005AE 18                    1499 	.db #0x18	; 24
    000005AF 18                    1500 	.db #0x18	; 24
    000005B0 06                    1501 	.db #0x06	; 6
    000005B1 06                    1502 	.db #0x06	; 6
    000005B2 0E                    1503 	.db #0x0e	; 14
    000005B3 0A                    1504 	.db #0x0a	; 10
    000005B4 1C                    1505 	.db #0x1c	; 28
    000005B5 14                    1506 	.db #0x14	; 20
    000005B6 78                    1507 	.db #0x78	; 120	'x'
    000005B7 68                    1508 	.db #0x68	; 104	'h'
    000005B8 B0                    1509 	.db #0xb0	; 176
    000005B9 D6                    1510 	.db #0xd6	; 214
    000005BA 50                    1511 	.db #0x50	; 80	'P'
    000005BB 7F                    1512 	.db #0x7f	; 127
    000005BC A0                    1513 	.db #0xa0	; 160
    000005BD A6                    1514 	.db #0xa6	; 166
    000005BE 00                    1515 	.db #0x00	; 0
    000005BF 06                    1516 	.db #0x06	; 6
    000005C0 C6                    1517 	.db #0xc6	; 198
    000005C1 C6                    1518 	.db #0xc6	; 198
    000005C2 FE                    1519 	.db #0xfe	; 254
    000005C3 BA                    1520 	.db #0xba	; 186
    000005C4 FE                    1521 	.db #0xfe	; 254
    000005C5 82                    1522 	.db #0x82	; 130
    000005C6 FE                    1523 	.db #0xfe	; 254
    000005C7 82                    1524 	.db #0x82	; 130
    000005C8 F8                    1525 	.db #0xf8	; 248
    000005C9 86                    1526 	.db #0x86	; 134
    000005CA F0                    1527 	.db #0xf0	; 240
    000005CB 8F                    1528 	.db #0x8f	; 143
    000005CC 78                    1529 	.db #0x78	; 120	'x'
    000005CD 46                    1530 	.db #0x46	; 70	'F'
    000005CE 38                    1531 	.db #0x38	; 56	'8'
    000005CF 3E                    1532 	.db #0x3e	; 62
    000005D0 07                    1533 	.db #0x07	; 7
    000005D1 07                    1534 	.db #0x07	; 7
    000005D2 09                    1535 	.db #0x09	; 9
    000005D3 0F                    1536 	.db #0x0f	; 15
    000005D4 0D                    1537 	.db #0x0d	; 13
    000005D5 0F                    1538 	.db #0x0f	; 15
    000005D6 1E                    1539 	.db #0x1e	; 30
    000005D7 16                    1540 	.db #0x16	; 22
    000005D8 38                    1541 	.db #0x38	; 56	'8'
    000005D9 2E                    1542 	.db #0x2e	; 46
    000005DA F0                    1543 	.db #0xf0	; 240
    000005DB DF                    1544 	.db #0xdf	; 223
    000005DC A0                    1545 	.db #0xa0	; 160
    000005DD A6                    1546 	.db #0xa6	; 166
    000005DE 60                    1547 	.db #0x60	; 96
    000005DF 66                    1548 	.db #0x66	; 102	'f'
    000005E0 03                    1549 	.db #0x03	; 3
    000005E1 03                    1550 	.db #0x03	; 3
    000005E2 05                    1551 	.db #0x05	; 5
    000005E3 07                    1552 	.db #0x07	; 7
    000005E4 1E                    1553 	.db #0x1e	; 30
    000005E5 1A                    1554 	.db #0x1a	; 26
    000005E6 3C                    1555 	.db #0x3c	; 60
    000005E7 2C                    1556 	.db #0x2c	; 44
    000005E8 78                    1557 	.db #0x78	; 120	'x'
    000005E9 46                    1558 	.db #0x46	; 70	'F'
    000005EA F0                    1559 	.db #0xf0	; 240
    000005EB 8F                    1560 	.db #0x8f	; 143
    000005EC F0                    1561 	.db #0xf0	; 240
    000005ED 96                    1562 	.db #0x96	; 150
    000005EE 60                    1563 	.db #0x60	; 96
    000005EF 66                    1564 	.db #0x66	; 102	'f'
    000005F0 44                    1565 	.db #0x44	; 68	'D'
    000005F1 7C                    1566 	.db #0x7c	; 124
    000005F2 28                    1567 	.db #0x28	; 40
    000005F3 28                    1568 	.db #0x28	; 40
    000005F4 28                    1569 	.db #0x28	; 40
    000005F5 28                    1570 	.db #0x28	; 40
    000005F6 44                    1571 	.db #0x44	; 68	'D'
    000005F7 44                    1572 	.db #0x44	; 68	'D'
    000005F8 F8                    1573 	.db #0xf8	; 248
    000005F9 86                    1574 	.db #0x86	; 134
    000005FA F0                    1575 	.db #0xf0	; 240
    000005FB 8F                    1576 	.db #0x8f	; 143
    000005FC F8                    1577 	.db #0xf8	; 248
    000005FD 86                    1578 	.db #0x86	; 134
    000005FE 78                    1579 	.db #0x78	; 120	'x'
    000005FF 7E                    1580 	.db #0x7e	; 126
    00000600 00                    1581 	.db #0x00	; 0
    00000601 00                    1582 	.db #0x00	; 0
    00000602 6C                    1583 	.db #0x6c	; 108	'l'
    00000603 6C                    1584 	.db #0x6c	; 108	'l'
    00000604 9E                    1585 	.db #0x9e	; 158
    00000605 92                    1586 	.db #0x92	; 146
    00000606 BE                    1587 	.db #0xbe	; 190
    00000607 82                    1588 	.db #0x82	; 130
    00000608 F8                    1589 	.db #0xf8	; 248
    00000609 86                    1590 	.db #0x86	; 134
    0000060A 70                    1591 	.db #0x70	; 112	'p'
    0000060B 4F                    1592 	.db #0x4f	; 79	'O'
    0000060C 38                    1593 	.db #0x38	; 56	'8'
    0000060D 2E                    1594 	.db #0x2e	; 46
    0000060E 10                    1595 	.db #0x10	; 16
    0000060F 16                    1596 	.db #0x16	; 22
    00000610 80                    1597 	.db #0x80	; 128
    00000611 00                    1598 	.db #0x00	; 0
    00000612 00                    1599 	.db #0x00	; 0
    00000613 00                    1600 	.db #0x00	; 0
    00000614 00                    1601 	.db #0x00	; 0
    00000615 00                    1602 	.db #0x00	; 0
    00000616 00                    1603 	.db #0x00	; 0
    00000617 00                    1604 	.db #0x00	; 0
    00000618 00                    1605 	.db #0x00	; 0
    00000619 00                    1606 	.db #0x00	; 0
    0000061A 00                    1607 	.db #0x00	; 0
    0000061B 00                    1608 	.db #0x00	; 0
    0000061C 00                    1609 	.db #0x00	; 0
    0000061D 00                    1610 	.db #0x00	; 0
    0000061E 00                    1611 	.db #0x00	; 0
    0000061F 00                    1612 	.db #0x00	; 0
    00000620 01                    1613 	.db #0x01	; 1
    00000621 00                    1614 	.db #0x00	; 0
    00000622 00                    1615 	.db #0x00	; 0
    00000623 00                    1616 	.db #0x00	; 0
    00000624 00                    1617 	.db #0x00	; 0
    00000625 00                    1618 	.db #0x00	; 0
    00000626 00                    1619 	.db #0x00	; 0
    00000627 00                    1620 	.db #0x00	; 0
    00000628 00                    1621 	.db #0x00	; 0
    00000629 00                    1622 	.db #0x00	; 0
    0000062A 00                    1623 	.db #0x00	; 0
    0000062B 00                    1624 	.db #0x00	; 0
    0000062C 00                    1625 	.db #0x00	; 0
    0000062D 00                    1626 	.db #0x00	; 0
    0000062E 00                    1627 	.db #0x00	; 0
    0000062F 00                    1628 	.db #0x00	; 0
    00000630 00                    1629 	.db #0x00	; 0
    00000631 00                    1630 	.db #0x00	; 0
    00000632 00                    1631 	.db #0x00	; 0
    00000633 00                    1632 	.db #0x00	; 0
    00000634 00                    1633 	.db #0x00	; 0
    00000635 00                    1634 	.db #0x00	; 0
    00000636 00                    1635 	.db #0x00	; 0
    00000637 00                    1636 	.db #0x00	; 0
    00000638 00                    1637 	.db #0x00	; 0
    00000639 00                    1638 	.db #0x00	; 0
    0000063A 00                    1639 	.db #0x00	; 0
    0000063B 00                    1640 	.db #0x00	; 0
    0000063C 00                    1641 	.db #0x00	; 0
    0000063D 00                    1642 	.db #0x00	; 0
    0000063E 01                    1643 	.db #0x01	; 1
    0000063F 00                    1644 	.db #0x00	; 0
    00000640 00                    1645 	.db #0x00	; 0
    00000641 00                    1646 	.db #0x00	; 0
    00000642 00                    1647 	.db #0x00	; 0
    00000643 00                    1648 	.db #0x00	; 0
    00000644 00                    1649 	.db #0x00	; 0
    00000645 00                    1650 	.db #0x00	; 0
    00000646 00                    1651 	.db #0x00	; 0
    00000647 00                    1652 	.db #0x00	; 0
    00000648 00                    1653 	.db #0x00	; 0
    00000649 00                    1654 	.db #0x00	; 0
    0000064A 00                    1655 	.db #0x00	; 0
    0000064B 00                    1656 	.db #0x00	; 0
    0000064C 00                    1657 	.db #0x00	; 0
    0000064D 00                    1658 	.db #0x00	; 0
    0000064E 80                    1659 	.db #0x80	; 128
    0000064F 00                    1660 	.db #0x00	; 0
                                   1661 	.area _INITIALIZER
                                   1662 	.area _CABS (ABS)
