                                      1 ;--------------------------------------------------------
                                      2 ; File Created by SDCC : free open source ISO C Compiler
                                      3 ; Version 4.5.1 #15267 (MINGW64)
                                      4 ;--------------------------------------------------------
                                      5 	.module enemyDrops
                                      6 	
                                      7 ;--------------------------------------------------------
                                      8 ; Public variables in this module
                                      9 ;--------------------------------------------------------
                                     10 	.globl _Drops
                                     11 ;--------------------------------------------------------
                                     12 ; special function registers
                                     13 ;--------------------------------------------------------
                                     14 	.area _HRAM
                                     15 ;--------------------------------------------------------
                                     16 ; ram data
                                     17 ;--------------------------------------------------------
                                     18 	.area _DATA
                                     19 ;--------------------------------------------------------
                                     20 ; ram data
                                     21 ;--------------------------------------------------------
                                     22 	.area _INITIALIZED
                                     23 ;--------------------------------------------------------
                                     24 ; absolute external ram data
                                     25 ;--------------------------------------------------------
                                     26 	.area _DABS (ABS)
                                     27 ;--------------------------------------------------------
                                     28 ; global & static initialisations
                                     29 ;--------------------------------------------------------
                                     30 	.area _HOME
                                     31 	.area _GSINIT
                                     32 	.area _GSFINAL
                                     33 	.area _GSINIT
                                     34 ;--------------------------------------------------------
                                     35 ; Home
                                     36 ;--------------------------------------------------------
                                     37 	.area _HOME
                                     38 	.area _HOME
                                     39 ;--------------------------------------------------------
                                     40 ; code
                                     41 ;--------------------------------------------------------
                                     42 	.area _CODE_1
                                     43 	.area _CODE_1
    00000000                         44 _Drops:
    00000000 66                      45 	.db #0x66	; 102	'f'
    00000001 66                      46 	.db #0x66	; 102	'f'
    00000002 FF                      47 	.db #0xff	; 255
    00000003 99                      48 	.db #0x99	; 153
    00000004 FF                      49 	.db #0xff	; 255
    00000005 81                      50 	.db #0x81	; 129
    00000006 FF                      51 	.db #0xff	; 255
    00000007 81                      52 	.db #0x81	; 129
    00000008 FF                      53 	.db #0xff	; 255
    00000009 81                      54 	.db #0x81	; 129
    0000000A 7E                      55 	.db #0x7e	; 126
    0000000B 42                      56 	.db #0x42	; 66	'B'
    0000000C 3C                      57 	.db #0x3c	; 60
    0000000D 24                      58 	.db #0x24	; 36
    0000000E 18                      59 	.db #0x18	; 24
    0000000F 18                      60 	.db #0x18	; 24
    00000010 07                      61 	.db #0x07	; 7
    00000011 07                      62 	.db #0x07	; 7
    00000012 0F                      63 	.db #0x0f	; 15
    00000013 09                      64 	.db #0x09	; 9
    00000014 07                      65 	.db #0x07	; 7
    00000015 05                      66 	.db #0x05	; 5
    00000016 0A                      67 	.db #0x0a	; 10
    00000017 0A                      68 	.db #0x0a	; 10
    00000018 10                      69 	.db #0x10	; 16
    00000019 10                      70 	.db #0x10	; 16
    0000001A E0                      71 	.db #0xe0	; 224
    0000001B E0                      72 	.db #0xe0	; 224
    0000001C A0                      73 	.db #0xa0	; 160
    0000001D E0                      74 	.db #0xe0	; 224
    0000001E 60                      75 	.db #0x60	; 96
    0000001F 60                      76 	.db #0x60	; 96
                                     77 	.area _INITIALIZER
                                     78 	.area _CABS (ABS)
