                                      1 ;--------------------------------------------------------
                                      2 ; File Created by SDCC : free open source ISO C Compiler
                                      3 ; Version 4.5.1 #15267 (Linux)
                                      4 ;--------------------------------------------------------
                                      5 	.module Enemies
                                      6 	
                                      7 ;--------------------------------------------------------
                                      8 ; Public variables in this module
                                      9 ;--------------------------------------------------------
                                     10 	.globl _Trisguardo
                                     11 	.globl _PredatoreOmbra
                                     12 	.globl _LarvaOscura
                                     13 ;--------------------------------------------------------
                                     14 ; special function registers
                                     15 ;--------------------------------------------------------
                                     16 	.area _HRAM
                                     17 ;--------------------------------------------------------
                                     18 ; ram data
                                     19 ;--------------------------------------------------------
                                     20 	.area _DATA
                                     21 ;--------------------------------------------------------
                                     22 ; ram data
                                     23 ;--------------------------------------------------------
                                     24 	.area _INITIALIZED
                                     25 ;--------------------------------------------------------
                                     26 ; absolute external ram data
                                     27 ;--------------------------------------------------------
                                     28 	.area _DABS (ABS)
                                     29 ;--------------------------------------------------------
                                     30 ; global & static initialisations
                                     31 ;--------------------------------------------------------
                                     32 	.area _HOME
                                     33 	.area _GSINIT
                                     34 	.area _GSFINAL
                                     35 	.area _GSINIT
                                     36 ;--------------------------------------------------------
                                     37 ; Home
                                     38 ;--------------------------------------------------------
                                     39 	.area _HOME
                                     40 	.area _HOME
                                     41 ;--------------------------------------------------------
                                     42 ; code
                                     43 ;--------------------------------------------------------
                                     44 	.area _CODE_1
                                     45 	.area _CODE_1
    00000000                         46 _LarvaOscura:
    00000000 00                      47 	.db #0x00	; 0
    00000001 00                      48 	.db #0x00	; 0
    00000002 00                      49 	.db #0x00	; 0
    00000003 00                      50 	.db #0x00	; 0
    00000004 00                      51 	.db #0x00	; 0
    00000005 00                      52 	.db #0x00	; 0
    00000006 00                      53 	.db #0x00	; 0
    00000007 00                      54 	.db #0x00	; 0
    00000008 31                      55 	.db #0x31	; 49	'1'
    00000009 31                      56 	.db #0x31	; 49	'1'
    0000000A 7E                      57 	.db #0x7e	; 126
    0000000B 4F                      58 	.db #0x4f	; 79	'O'
    0000000C CF                      59 	.db #0xcf	; 207
    0000000D B4                      60 	.db #0xb4	; 180
    0000000E B7                      61 	.db #0xb7	; 183
    0000000F FC                      62 	.db #0xfc	; 252
    00000010 00                      63 	.db #0x00	; 0
    00000011 00                      64 	.db #0x00	; 0
    00000012 00                      65 	.db #0x00	; 0
    00000013 00                      66 	.db #0x00	; 0
    00000014 00                      67 	.db #0x00	; 0
    00000015 00                      68 	.db #0x00	; 0
    00000016 E2                      69 	.db #0xe2	; 226
    00000017 E2                      70 	.db #0xe2	; 226
    00000018 75                      71 	.db #0x75	; 117	'u'
    00000019 97                      72 	.db #0x97	; 151
    0000001A FB                      73 	.db #0xfb	; 251
    0000001B 0D                      74 	.db #0x0d	; 13
    0000001C EF                      75 	.db #0xef	; 239
    0000001D 35                      76 	.db #0x35	; 53	'5'
    0000001E DF                      77 	.db #0xdf	; 223
    0000001F 71                      78 	.db #0x71	; 113	'q'
    00000020 B6                      79 	.db #0xb6	; 182
    00000021 FD                      80 	.db #0xfd	; 253
    00000022 B6                      81 	.db #0xb6	; 182
    00000023 FD                      82 	.db #0xfd	; 253
    00000024 CD                      83 	.db #0xcd	; 205
    00000025 B7                      84 	.db #0xb7	; 183
    00000026 7A                      85 	.db #0x7a	; 122	'z'
    00000027 4E                      86 	.db #0x4e	; 78	'N'
    00000028 3C                      87 	.db #0x3c	; 60
    00000029 3C                      88 	.db #0x3c	; 60
    0000002A 00                      89 	.db #0x00	; 0
    0000002B 00                      90 	.db #0x00	; 0
    0000002C 00                      91 	.db #0x00	; 0
    0000002D 00                      92 	.db #0x00	; 0
    0000002E 00                      93 	.db #0x00	; 0
    0000002F 00                      94 	.db #0x00	; 0
    00000030 96                      95 	.db #0x96	; 150
    00000031 9A                      96 	.db #0x9a	; 154
    00000032 8C                      97 	.db #0x8c	; 140
    00000033 8C                      98 	.db #0x8c	; 140
    00000034 00                      99 	.db #0x00	; 0
    00000035 00                     100 	.db #0x00	; 0
    00000036 00                     101 	.db #0x00	; 0
    00000037 00                     102 	.db #0x00	; 0
    00000038 00                     103 	.db #0x00	; 0
    00000039 00                     104 	.db #0x00	; 0
    0000003A 00                     105 	.db #0x00	; 0
    0000003B 00                     106 	.db #0x00	; 0
    0000003C 00                     107 	.db #0x00	; 0
    0000003D 00                     108 	.db #0x00	; 0
    0000003E 00                     109 	.db #0x00	; 0
    0000003F 00                     110 	.db #0x00	; 0
    00000040                        111 _PredatoreOmbra:
    00000040 10                     112 	.db #0x10	; 16
    00000041 10                     113 	.db #0x10	; 16
    00000042 29                     114 	.db #0x29	; 41
    00000043 39                     115 	.db #0x39	; 57	'9'
    00000044 5F                     116 	.db #0x5f	; 95
    00000045 6E                     117 	.db #0x6e	; 110	'n'
    00000046 5B                     118 	.db #0x5b	; 91
    00000047 67                     119 	.db #0x67	; 103	'g'
    00000048 7E                     120 	.db #0x7e	; 126
    00000049 45                     121 	.db #0x45	; 69	'E'
    0000004A 35                     122 	.db #0x35	; 53	'5'
    0000004B 2E                     123 	.db #0x2e	; 46
    0000004C 5D                     124 	.db #0x5d	; 93
    0000004D 7F                     125 	.db #0x7f	; 127
    0000004E F7                     126 	.db #0xf7	; 247
    0000004F AA                     127 	.db #0xaa	; 170
    00000050 68                     128 	.db #0x68	; 104	'h'
    00000051 68                     129 	.db #0x68	; 104	'h'
    00000052 94                     130 	.db #0x94	; 148
    00000053 FC                     131 	.db #0xfc	; 252
    00000054 FA                     132 	.db #0xfa	; 250
    00000055 76                     133 	.db #0x76	; 118	'v'
    00000056 DA                     134 	.db #0xda	; 218
    00000057 E6                     135 	.db #0xe6	; 230
    00000058 7E                     136 	.db #0x7e	; 126
    00000059 A2                     137 	.db #0xa2	; 162
    0000005A AC                     138 	.db #0xac	; 172
    0000005B F4                     139 	.db #0xf4	; 244
    0000005C BA                     140 	.db #0xba	; 186
    0000005D FE                     141 	.db #0xfe	; 254
    0000005E EF                     142 	.db #0xef	; 239
    0000005F 55                     143 	.db #0x55	; 85	'U'
    00000060 EB                     144 	.db #0xeb	; 235
    00000061 BF                     145 	.db #0xbf	; 191
    00000062 F6                     146 	.db #0xf6	; 246
    00000063 AB                     147 	.db #0xab	; 171
    00000064 DF                     148 	.db #0xdf	; 223
    00000065 BC                     149 	.db #0xbc	; 188
    00000066 7E                     150 	.db #0x7e	; 126
    00000067 47                     151 	.db #0x47	; 71	'G'
    00000068 6F                     152 	.db #0x6f	; 111	'o'
    00000069 79                     153 	.db #0x79	; 121	'y'
    0000006A A7                     154 	.db #0xa7	; 167
    0000006B FE                     155 	.db #0xfe	; 254
    0000006C DD                     156 	.db #0xdd	; 221
    0000006D BD                     157 	.db #0xbd	; 189
    0000006E F8                     158 	.db #0xf8	; 248
    0000006F F8                     159 	.db #0xf8	; 248
    00000070 D7                     160 	.db #0xd7	; 215
    00000071 FD                     161 	.db #0xfd	; 253
    00000072 6F                     162 	.db #0x6f	; 111	'o'
    00000073 D5                     163 	.db #0xd5	; 213
    00000074 FB                     164 	.db #0xfb	; 251
    00000075 3D                     165 	.db #0x3d	; 61
    00000076 7E                     166 	.db #0x7e	; 126
    00000077 E2                     167 	.db #0xe2	; 226
    00000078 F6                     168 	.db #0xf6	; 246
    00000079 9E                     169 	.db #0x9e	; 158
    0000007A E5                     170 	.db #0xe5	; 229
    0000007B 7F                     171 	.db #0x7f	; 127
    0000007C BB                     172 	.db #0xbb	; 187
    0000007D BD                     173 	.db #0xbd	; 189
    0000007E 1F                     174 	.db #0x1f	; 31
    0000007F 1F                     175 	.db #0x1f	; 31
    00000080                        176 _Trisguardo:
    00000080 01                     177 	.db #0x01	; 1
    00000081 01                     178 	.db #0x01	; 1
    00000082 02                     179 	.db #0x02	; 2
    00000083 03                     180 	.db #0x03	; 3
    00000084 03                     181 	.db #0x03	; 3
    00000085 03                     182 	.db #0x03	; 3
    00000086 06                     183 	.db #0x06	; 6
    00000087 05                     184 	.db #0x05	; 5
    00000088 05                     185 	.db #0x05	; 5
    00000089 07                     186 	.db #0x07	; 7
    0000008A 06                     187 	.db #0x06	; 6
    0000008B 05                     188 	.db #0x05	; 5
    0000008C 07                     189 	.db #0x07	; 7
    0000008D 07                     190 	.db #0x07	; 7
    0000008E 0D                     191 	.db #0x0d	; 13
    0000008F 0B                     192 	.db #0x0b	; 11
    00000090 00                     193 	.db #0x00	; 0
    00000091 00                     194 	.db #0x00	; 0
    00000092 80                     195 	.db #0x80	; 128
    00000093 80                     196 	.db #0x80	; 128
    00000094 80                     197 	.db #0x80	; 128
    00000095 80                     198 	.db #0x80	; 128
    00000096 C0                     199 	.db #0xc0	; 192
    00000097 40                     200 	.db #0x40	; 64
    00000098 40                     201 	.db #0x40	; 64
    00000099 C0                     202 	.db #0xc0	; 192
    0000009A C0                     203 	.db #0xc0	; 192
    0000009B 40                     204 	.db #0x40	; 64
    0000009C C0                     205 	.db #0xc0	; 192
    0000009D C0                     206 	.db #0xc0	; 192
    0000009E 60                     207 	.db #0x60	; 96
    0000009F A0                     208 	.db #0xa0	; 160
    000000A0 3F                     209 	.db #0x3f	; 63
    000000A1 3A                     210 	.db #0x3a	; 58
    000000A2 6D                     211 	.db #0x6d	; 109	'm'
    000000A3 57                     212 	.db #0x57	; 87	'W'
    000000A4 57                     213 	.db #0x57	; 87	'W'
    000000A5 7F                     214 	.db #0x7f	; 127
    000000A6 6C                     215 	.db #0x6c	; 108	'l'
    000000A7 54                     216 	.db #0x54	; 84	'T'
    000000A8 F8                     217 	.db #0xf8	; 248
    000000A9 B8                     218 	.db #0xb8	; 184
    000000AA A0                     219 	.db #0xa0	; 160
    000000AB E0                     220 	.db #0xe0	; 224
    000000AC C0                     221 	.db #0xc0	; 192
    000000AD C0                     222 	.db #0xc0	; 192
    000000AE 00                     223 	.db #0x00	; 0
    000000AF 00                     224 	.db #0x00	; 0
    000000B0 F8                     225 	.db #0xf8	; 248
    000000B1 B8                     226 	.db #0xb8	; 184
    000000B2 6C                     227 	.db #0x6c	; 108	'l'
    000000B3 D4                     228 	.db #0xd4	; 212
    000000B4 D4                     229 	.db #0xd4	; 212
    000000B5 FC                     230 	.db #0xfc	; 252
    000000B6 6C                     231 	.db #0x6c	; 108	'l'
    000000B7 54                     232 	.db #0x54	; 84	'T'
    000000B8 3E                     233 	.db #0x3e	; 62
    000000B9 3A                     234 	.db #0x3a	; 58
    000000BA 09                     235 	.db #0x09	; 9
    000000BB 0F                     236 	.db #0x0f	; 15
    000000BC 07                     237 	.db #0x07	; 7
    000000BD 07                     238 	.db #0x07	; 7
    000000BE 00                     239 	.db #0x00	; 0
    000000BF 00                     240 	.db #0x00	; 0
                                    241 	.area _INITIALIZER
                                    242 	.area _CABS (ABS)
