                                      1 ;--------------------------------------------------------
                                      2 ; File Created by SDCC : free open source ISO C Compiler
                                      3 ; Version 4.5.1 #15267 (MINGW64)
                                      4 ;--------------------------------------------------------
                                      5 	.module Eyeboss
                                      6 	
                                      7 ;--------------------------------------------------------
                                      8 ; Public variables in this module
                                      9 ;--------------------------------------------------------
                                     10 	.globl _EyeBoss
                                     11 ;--------------------------------------------------------
                                     12 ; special function registers
                                     13 ;--------------------------------------------------------
                                     14 	.area _HRAM
                                     15 ;--------------------------------------------------------
                                     16 ; ram data
                                     17 ;--------------------------------------------------------
                                     18 	.area _DATA
                                     19 ;--------------------------------------------------------
                                     20 ; ram data
                                     21 ;--------------------------------------------------------
                                     22 	.area _INITIALIZED
                                     23 ;--------------------------------------------------------
                                     24 ; absolute external ram data
                                     25 ;--------------------------------------------------------
                                     26 	.area _DABS (ABS)
                                     27 ;--------------------------------------------------------
                                     28 ; global & static initialisations
                                     29 ;--------------------------------------------------------
                                     30 	.area _HOME
                                     31 	.area _GSINIT
                                     32 	.area _GSFINAL
                                     33 	.area _GSINIT
                                     34 ;--------------------------------------------------------
                                     35 ; Home
                                     36 ;--------------------------------------------------------
                                     37 	.area _HOME
                                     38 	.area _HOME
                                     39 ;--------------------------------------------------------
                                     40 ; code
                                     41 ;--------------------------------------------------------
                                     42 	.area _CODE_3
                                     43 	.area _CODE_3
    00000000                         44 _EyeBoss:
    00000000 00                      45 	.db #0x00	; 0
    00000001 00                      46 	.db #0x00	; 0
    00000002 03                      47 	.db #0x03	; 3
    00000003 03                      48 	.db #0x03	; 3
    00000004 04                      49 	.db #0x04	; 4
    00000005 07                      50 	.db #0x07	; 7
    00000006 08                      51 	.db #0x08	; 8
    00000007 0F                      52 	.db #0x0f	; 15
    00000008 13                      53 	.db #0x13	; 19
    00000009 1C                      54 	.db #0x1c	; 28
    0000000A 12                      55 	.db #0x12	; 18
    0000000B 1D                      56 	.db #0x1d	; 29
    0000000C 75                      57 	.db #0x75	; 117	'u'
    0000000D 7B                      58 	.db #0x7b	; 123
    0000000E AA                      59 	.db #0xaa	; 170
    0000000F DD                      60 	.db #0xdd	; 221
    00000010 00                      61 	.db #0x00	; 0
    00000011 00                      62 	.db #0x00	; 0
    00000012 F9                      63 	.db #0xf9	; 249
    00000013 F9                      64 	.db #0xf9	; 249
    00000014 06                      65 	.db #0x06	; 6
    00000015 FF                      66 	.db #0xff	; 255
    00000016 25                      67 	.db #0x25	; 37
    00000017 DE                      68 	.db #0xde	; 222
    00000018 DA                      69 	.db #0xda	; 218
    00000019 3D                      70 	.db #0x3d	; 61
    0000001A 3D                      71 	.db #0x3d	; 61
    0000001B E2                      72 	.db #0xe2	; 226
    0000001C D7                      73 	.db #0xd7	; 215
    0000001D EB                      74 	.db #0xeb	; 235
    0000001E ED                      75 	.db #0xed	; 237
    0000001F 16                      76 	.db #0x16	; 22
    00000020 7C                      77 	.db #0x7c	; 124
    00000021 7C                      78 	.db #0x7c	; 124
    00000022 82                      79 	.db #0x82	; 130
    00000023 FE                      80 	.db #0xfe	; 254
    00000024 05                      81 	.db #0x05	; 5
    00000025 FB                      82 	.db #0xfb	; 251
    00000026 C6                      83 	.db #0xc6	; 198
    00000027 3D                      84 	.db #0x3d	; 61
    00000028 6B                      85 	.db #0x6b	; 107	'k'
    00000029 DC                      86 	.db #0xdc	; 220
    0000002A 56                      87 	.db #0x56	; 86	'V'
    0000002B AB                      88 	.db #0xab	; 171
    0000002C EE                      89 	.db #0xee	; 238
    0000002D D3                      90 	.db #0xd3	; 211
    0000002E B2                      91 	.db #0xb2	; 178
    0000002F 6F                      92 	.db #0x6f	; 111	'o'
    00000030 00                      93 	.db #0x00	; 0
    00000031 00                      94 	.db #0x00	; 0
    00000032 00                      95 	.db #0x00	; 0
    00000033 00                      96 	.db #0x00	; 0
    00000034 00                      97 	.db #0x00	; 0
    00000035 00                      98 	.db #0x00	; 0
    00000036 80                      99 	.db #0x80	; 128
    00000037 80                     100 	.db #0x80	; 128
    00000038 40                     101 	.db #0x40	; 64
    00000039 C0                     102 	.db #0xc0	; 192
    0000003A A6                     103 	.db #0xa6	; 166
    0000003B 66                     104 	.db #0x66	; 102	'f'
    0000003C BB                     105 	.db #0xbb	; 187
    0000003D 7D                     106 	.db #0x7d	; 125
    0000003E AD                     107 	.db #0xad	; 173
    0000003F 73                     108 	.db #0x73	; 115	's'
    00000040 EB                     109 	.db #0xeb	; 235
    00000041 9D                     110 	.db #0x9d	; 157
    00000042 7D                     111 	.db #0x7d	; 125
    00000043 7E                     112 	.db #0x7e	; 126
    00000044 33                     113 	.db #0x33	; 51	'3'
    00000045 3E                     114 	.db #0x3e	; 62
    00000046 52                     115 	.db #0x52	; 82	'R'
    00000047 7F                     116 	.db #0x7f	; 127
    00000048 93                     117 	.db #0x93	; 147
    00000049 FE                     118 	.db #0xfe	; 254
    0000004A A2                     119 	.db #0xa2	; 162
    0000004B FF                     120 	.db #0xff	; 255
    0000004C A7                     121 	.db #0xa7	; 167
    0000004D FC                     122 	.db #0xfc	; 252
    0000004E A6                     123 	.db #0xa6	; 166
    0000004F FD                     124 	.db #0xfd	; 253
    00000050 17                     125 	.db #0x17	; 23
    00000051 ED                     126 	.db #0xed	; 237
    00000052 FF                     127 	.db #0xff	; 255
    00000053 BD                     128 	.db #0xbd	; 189
    00000054 5A                     129 	.db #0x5a	; 90	'Z'
    00000055 E7                     130 	.db #0xe7	; 231
    00000056 FF                     131 	.db #0xff	; 255
    00000057 5B                     132 	.db #0x5b	; 91
    00000058 7D                     133 	.db #0x7d	; 125
    00000059 DE                     134 	.db #0xde	; 222
    0000005A DF                     135 	.db #0xdf	; 223
    0000005B 65                     136 	.db #0x65	; 101	'e'
    0000005C 7F                     137 	.db #0x7f	; 127
    0000005D BD                     138 	.db #0xbd	; 189
    0000005E E5                     139 	.db #0xe5	; 229
    0000005F 9E                     140 	.db #0x9e	; 158
    00000060 EE                     141 	.db #0xee	; 238
    00000061 B3                     142 	.db #0xb3	; 179
    00000062 FF                     143 	.db #0xff	; 255
    00000063 BC                     144 	.db #0xbc	; 188
    00000064 5A                     145 	.db #0x5a	; 90	'Z'
    00000065 E7                     146 	.db #0xe7	; 231
    00000066 FF                     147 	.db #0xff	; 255
    00000067 DA                     148 	.db #0xda	; 218
    00000068 BE                     149 	.db #0xbe	; 190
    00000069 7B                     150 	.db #0x7b	; 123
    0000006A FB                     151 	.db #0xfb	; 251
    0000006B A6                     152 	.db #0xa6	; 166
    0000006C FE                     153 	.db #0xfe	; 254
    0000006D BD                     154 	.db #0xbd	; 189
    0000006E A4                     155 	.db #0xa4	; 164
    0000006F 7B                     156 	.db #0x7b	; 123
    00000070 B6                     157 	.db #0xb6	; 182
    00000071 7E                     158 	.db #0x7e	; 126
    00000072 A8                     159 	.db #0xa8	; 168
    00000073 78                     160 	.db #0x78	; 120	'x'
    00000074 28                     161 	.db #0x28	; 40
    00000075 F8                     162 	.db #0xf8	; 248
    00000076 4C                     163 	.db #0x4c	; 76	'L'
    00000077 FC                     164 	.db #0xfc	; 252
    00000078 EA                     165 	.db #0xea	; 234
    00000079 1E                     166 	.db #0x1e	; 30
    0000007A 4A                     167 	.db #0x4a	; 74	'J'
    0000007B FE                     168 	.db #0xfe	; 254
    0000007C 99                     169 	.db #0x99	; 153
    0000007D FF                     170 	.db #0xff	; 255
    0000007E A5                     171 	.db #0xa5	; 165
    0000007F 67                     172 	.db #0x67	; 103	'g'
    00000080 A1                     173 	.db #0xa1	; 161
    00000081 FF                     174 	.db #0xff	; 255
    00000082 B1                     175 	.db #0xb1	; 177
    00000083 FE                     176 	.db #0xfe	; 254
    00000084 AE                     177 	.db #0xae	; 174
    00000085 EF                     178 	.db #0xef	; 239
    00000086 B9                     179 	.db #0xb9	; 185
    00000087 F9                     180 	.db #0xf9	; 249
    00000088 FC                     181 	.db #0xfc	; 252
    00000089 A4                     182 	.db #0xa4	; 164
    0000008A BC                     183 	.db #0xbc	; 188
    0000008B D4                     184 	.db #0xd4	; 212
    0000008C 54                     185 	.db #0x54	; 84	'T'
    0000008D 6C                     186 	.db #0x6c	; 108	'l'
    0000008E 68                     187 	.db #0x68	; 104	'h'
    0000008F 58                     188 	.db #0x58	; 88	'X'
    00000090 5B                     189 	.db #0x5b	; 91
    00000091 A7                     190 	.db #0xa7	; 167
    00000092 B6                     191 	.db #0xb6	; 182
    00000093 69                     192 	.db #0x69	; 105	'i'
    00000094 5B                     193 	.db #0x5b	; 91
    00000095 E4                     194 	.db #0xe4	; 228
    00000096 07                     195 	.db #0x07	; 7
    00000097 FA                     196 	.db #0xfa	; 250
    00000098 E1                     197 	.db #0xe1	; 225
    00000099 FF                     198 	.db #0xff	; 255
    0000009A 3F                     199 	.db #0x3f	; 63
    0000009B 3F                     200 	.db #0x3f	; 63
    0000009C 2A                     201 	.db #0x2a	; 42
    0000009D 3B                     202 	.db #0x3b	; 59
    0000009E 2A                     203 	.db #0x2a	; 42
    0000009F 3B                     204 	.db #0x3b	; 59
    000000A0 CB                     205 	.db #0xcb	; 203
    000000A1 F7                     206 	.db #0xf7	; 247
    000000A2 BC                     207 	.db #0xbc	; 188
    000000A3 4F                     208 	.db #0x4f	; 79	'O'
    000000A4 50                     209 	.db #0x50	; 80	'P'
    000000A5 BF                     210 	.db #0xbf	; 191
    000000A6 B3                     211 	.db #0xb3	; 179
    000000A7 4F                     212 	.db #0x4f	; 79	'O'
    000000A8 0C                     213 	.db #0x0c	; 12
    000000A9 FC                     214 	.db #0xfc	; 252
    000000AA F4                     215 	.db #0xf4	; 244
    000000AB FC                     216 	.db #0xfc	; 252
    000000AC 94                     217 	.db #0x94	; 148
    000000AD 9C                     218 	.db #0x9c	; 156
    000000AE 94                     219 	.db #0x94	; 148
    000000AF 9C                     220 	.db #0x9c	; 156
    000000B0 45                     221 	.db #0x45	; 69	'E'
    000000B1 C7                     222 	.db #0xc7	; 199
    000000B2 9D                     223 	.db #0x9d	; 157
    000000B3 9F                     224 	.db #0x9f	; 159
    000000B4 BD                     225 	.db #0xbd	; 189
    000000B5 A7                     226 	.db #0xa7	; 167
    000000B6 3D                     227 	.db #0x3d	; 61
    000000B7 2F                     228 	.db #0x2f	; 47
    000000B8 3D                     229 	.db #0x3d	; 61
    000000B9 2B                     230 	.db #0x2b	; 43
    000000BA 2A                     231 	.db #0x2a	; 42
    000000BB 36                     232 	.db #0x36	; 54	'6'
    000000BC 16                     233 	.db #0x16	; 22
    000000BD 1A                     234 	.db #0x1a	; 26
    000000BE 0C                     235 	.db #0x0c	; 12
    000000BF 0C                     236 	.db #0x0c	; 12
    000000C0 30                     237 	.db #0x30	; 48	'0'
    000000C1 30                     238 	.db #0x30	; 48	'0'
    000000C2 00                     239 	.db #0x00	; 0
    000000C3 00                     240 	.db #0x00	; 0
    000000C4 00                     241 	.db #0x00	; 0
    000000C5 00                     242 	.db #0x00	; 0
    000000C6 00                     243 	.db #0x00	; 0
    000000C7 00                     244 	.db #0x00	; 0
    000000C8 00                     245 	.db #0x00	; 0
    000000C9 00                     246 	.db #0x00	; 0
    000000CA 00                     247 	.db #0x00	; 0
    000000CB 00                     248 	.db #0x00	; 0
    000000CC 00                     249 	.db #0x00	; 0
    000000CD 00                     250 	.db #0x00	; 0
    000000CE 00                     251 	.db #0x00	; 0
    000000CF 00                     252 	.db #0x00	; 0
    000000D0 2A                     253 	.db #0x2a	; 42
    000000D1 3B                     254 	.db #0x3b	; 59
    000000D2 3A                     255 	.db #0x3a	; 58
    000000D3 2B                     256 	.db #0x2b	; 43
    000000D4 51                     257 	.db #0x51	; 81	'Q'
    000000D5 71                     258 	.db #0x71	; 113	'q'
    000000D6 71                     259 	.db #0x71	; 113	'q'
    000000D7 51                     260 	.db #0x51	; 81	'Q'
    000000D8 51                     261 	.db #0x51	; 81	'Q'
    000000D9 71                     262 	.db #0x71	; 113	'q'
    000000DA 73                     263 	.db #0x73	; 115	's'
    000000DB 52                     264 	.db #0x52	; 82	'R'
    000000DC 73                     265 	.db #0x73	; 115	's'
    000000DD 52                     266 	.db #0x52	; 82	'R'
    000000DE 21                     267 	.db #0x21	; 33
    000000DF 21                     268 	.db #0x21	; 33
    000000E0 9C                     269 	.db #0x9c	; 156
    000000E1 94                     270 	.db #0x94	; 148
    000000E2 4E                     271 	.db #0x4e	; 78	'N'
    000000E3 CA                     272 	.db #0xca	; 202
    000000E4 4A                     273 	.db #0x4a	; 74	'J'
    000000E5 CE                     274 	.db #0xce	; 206
    000000E6 DE                     275 	.db #0xde	; 222
    000000E7 52                     276 	.db #0x52	; 82	'R'
    000000E8 54                     277 	.db #0x54	; 84	'T'
    000000E9 DC                     278 	.db #0xdc	; 220
    000000EA D6                     279 	.db #0xd6	; 214
    000000EB 5E                     280 	.db #0x5e	; 94
    000000EC 9F                     281 	.db #0x9f	; 159
    000000ED 91                     282 	.db #0x91	; 145
    000000EE 0E                     283 	.db #0x0e	; 14
    000000EF 0E                     284 	.db #0x0e	; 14
    000000F0 00                     285 	.db #0x00	; 0
    000000F1 00                     286 	.db #0x00	; 0
    000000F2 00                     287 	.db #0x00	; 0
    000000F3 00                     288 	.db #0x00	; 0
    000000F4 00                     289 	.db #0x00	; 0
    000000F5 00                     290 	.db #0x00	; 0
    000000F6 00                     291 	.db #0x00	; 0
    000000F7 00                     292 	.db #0x00	; 0
    000000F8 00                     293 	.db #0x00	; 0
    000000F9 00                     294 	.db #0x00	; 0
    000000FA 00                     295 	.db #0x00	; 0
    000000FB 00                     296 	.db #0x00	; 0
    000000FC 00                     297 	.db #0x00	; 0
    000000FD 00                     298 	.db #0x00	; 0
    000000FE 00                     299 	.db #0x00	; 0
    000000FF 00                     300 	.db #0x00	; 0
                                    301 	.area _INITIALIZER
                                    302 	.area _CABS (ABS)
