                                      1 ;--------------------------------------------------------
                                      2 ; File Created by SDCC : free open source ISO C Compiler
                                      3 ; Version 4.5.1 #15267 (MINGW64)
                                      4 ;--------------------------------------------------------
                                      5 	.module GameOverText
                                      6 	
                                      7 ;--------------------------------------------------------
                                      8 ; Public variables in this module
                                      9 ;--------------------------------------------------------
                                     10 	.globl _GameOverText
                                     11 ;--------------------------------------------------------
                                     12 ; special function registers
                                     13 ;--------------------------------------------------------
                                     14 	.area _HRAM
                                     15 ;--------------------------------------------------------
                                     16 ; ram data
                                     17 ;--------------------------------------------------------
                                     18 	.area _DATA
                                     19 ;--------------------------------------------------------
                                     20 ; ram data
                                     21 ;--------------------------------------------------------
                                     22 	.area _INITIALIZED
                                     23 ;--------------------------------------------------------
                                     24 ; absolute external ram data
                                     25 ;--------------------------------------------------------
                                     26 	.area _DABS (ABS)
                                     27 ;--------------------------------------------------------
                                     28 ; global & static initialisations
                                     29 ;--------------------------------------------------------
                                     30 	.area _HOME
                                     31 	.area _GSINIT
                                     32 	.area _GSFINAL
                                     33 	.area _GSINIT
                                     34 ;--------------------------------------------------------
                                     35 ; Home
                                     36 ;--------------------------------------------------------
                                     37 	.area _HOME
                                     38 	.area _HOME
                                     39 ;--------------------------------------------------------
                                     40 ; code
                                     41 ;--------------------------------------------------------
                                     42 	.area _CODE_1
                                     43 	.area _CODE_1
    00000000                         44 _GameOverText:
    00000000 EF                      45 	.db #0xef	; 239
    00000001 FF                      46 	.db #0xff	; 255
    00000002 C7                      47 	.db #0xc7	; 199
    00000003 EF                      48 	.db #0xef	; 239
    00000004 83                      49 	.db #0x83	; 131
    00000005 D7                      50 	.db #0xd7	; 215
    00000006 83                      51 	.db #0x83	; 131
    00000007 D7                      52 	.db #0xd7	; 215
    00000008 01                      53 	.db #0x01	; 1
    00000009 BB                      54 	.db #0xbb	; 187
    0000000A 01                      55 	.db #0x01	; 1
    0000000B 83                      56 	.db #0x83	; 131
    0000000C 00                      57 	.db #0x00	; 0
    0000000D 7D                      58 	.db #0x7d	; 125
    0000000E 38                      59 	.db #0x38	; 56	'8'
    0000000F 7D                      60 	.db #0x7d	; 125
    00000010 07                      61 	.db #0x07	; 7
    00000011 FF                      62 	.db #0xff	; 255
    00000012 03                      63 	.db #0x03	; 3
    00000013 07                      64 	.db #0x07	; 7
    00000014 01                      65 	.db #0x01	; 1
    00000015 7B                      66 	.db #0x7b	; 123
    00000016 01                      67 	.db #0x01	; 1
    00000017 7B                      68 	.db #0x7b	; 123
    00000018 01                      69 	.db #0x01	; 1
    00000019 03                      70 	.db #0x03	; 3
    0000001A 00                      71 	.db #0x00	; 0
    0000001B 7D                      72 	.db #0x7d	; 125
    0000001C 00                      73 	.db #0x00	; 0
    0000001D 7D                      74 	.db #0x7d	; 125
    0000001E 01                      75 	.db #0x01	; 1
    0000001F 03                      76 	.db #0x03	; 3
    00000020 C3                      77 	.db #0xc3	; 195
    00000021 FF                      78 	.db #0xff	; 255
    00000022 81                      79 	.db #0x81	; 129
    00000023 C3                      80 	.db #0xc3	; 195
    00000024 00                      81 	.db #0x00	; 0
    00000025 BD                      82 	.db #0xbd	; 189
    00000026 3D                      83 	.db #0x3d	; 61
    00000027 7F                      84 	.db #0x7f	; 127
    00000028 3F                      85 	.db #0x3f	; 63
    00000029 7F                      86 	.db #0x7f	; 127
    0000002A 3D                      87 	.db #0x3d	; 61
    0000002B 7F                      88 	.db #0x7f	; 127
    0000002C 00                      89 	.db #0x00	; 0
    0000002D BD                      90 	.db #0xbd	; 189
    0000002E 81                      91 	.db #0x81	; 129
    0000002F C3                      92 	.db #0xc3	; 195
    00000030 07                      93 	.db #0x07	; 7
    00000031 FF                      94 	.db #0xff	; 255
    00000032 03                      95 	.db #0x03	; 3
    00000033 07                      96 	.db #0x07	; 7
    00000034 01                      97 	.db #0x01	; 1
    00000035 7B                      98 	.db #0x7b	; 123
    00000036 38                      99 	.db #0x38	; 56	'8'
    00000037 7D                     100 	.db #0x7d	; 125
    00000038 38                     101 	.db #0x38	; 56	'8'
    00000039 7D                     102 	.db #0x7d	; 125
    0000003A 38                     103 	.db #0x38	; 56	'8'
    0000003B 7D                     104 	.db #0x7d	; 125
    0000003C 01                     105 	.db #0x01	; 1
    0000003D 7B                     106 	.db #0x7b	; 123
    0000003E 03                     107 	.db #0x03	; 3
    0000003F 07                     108 	.db #0x07	; 7
    00000040 01                     109 	.db #0x01	; 1
    00000041 FF                     110 	.db #0xff	; 255
    00000042 00                     111 	.db #0x00	; 0
    00000043 01                     112 	.db #0x01	; 1
    00000044 01                     113 	.db #0x01	; 1
    00000045 7F                     114 	.db #0x7f	; 127
    00000046 03                     115 	.db #0x03	; 3
    00000047 7F                     116 	.db #0x7f	; 127
    00000048 01                     117 	.db #0x01	; 1
    00000049 03                     118 	.db #0x03	; 3
    0000004A 03                     119 	.db #0x03	; 3
    0000004B 7F                     120 	.db #0x7f	; 127
    0000004C 01                     121 	.db #0x01	; 1
    0000004D 7F                     122 	.db #0x7f	; 127
    0000004E 00                     123 	.db #0x00	; 0
    0000004F 01                     124 	.db #0x01	; 1
    00000050 01                     125 	.db #0x01	; 1
    00000051 FF                     126 	.db #0xff	; 255
    00000052 00                     127 	.db #0x00	; 0
    00000053 01                     128 	.db #0x01	; 1
    00000054 01                     129 	.db #0x01	; 1
    00000055 7F                     130 	.db #0x7f	; 127
    00000056 03                     131 	.db #0x03	; 3
    00000057 7F                     132 	.db #0x7f	; 127
    00000058 01                     133 	.db #0x01	; 1
    00000059 03                     134 	.db #0x03	; 3
    0000005A 03                     135 	.db #0x03	; 3
    0000005B 7F                     136 	.db #0x7f	; 127
    0000005C 3F                     137 	.db #0x3f	; 63
    0000005D 7F                     138 	.db #0x7f	; 127
    0000005E 3F                     139 	.db #0x3f	; 63
    0000005F 7F                     140 	.db #0x7f	; 127
    00000060 C3                     141 	.db #0xc3	; 195
    00000061 FF                     142 	.db #0xff	; 255
    00000062 81                     143 	.db #0x81	; 129
    00000063 C3                     144 	.db #0xc3	; 195
    00000064 00                     145 	.db #0x00	; 0
    00000065 BD                     146 	.db #0xbd	; 189
    00000066 21                     147 	.db #0x21	; 33
    00000067 7F                     148 	.db #0x7f	; 127
    00000068 00                     149 	.db #0x00	; 0
    00000069 61                     150 	.db #0x61	; 97	'a'
    0000006A 20                     151 	.db #0x20	; 32
    0000006B 7D                     152 	.db #0x7d	; 125
    0000006C 00                     153 	.db #0x00	; 0
    0000006D BD                     154 	.db #0xbd	; 189
    0000006E 81                     155 	.db #0x81	; 129
    0000006F C3                     156 	.db #0xc3	; 195
    00000070 7D                     157 	.db #0x7d	; 125
    00000071 FF                     158 	.db #0xff	; 255
    00000072 38                     159 	.db #0x38	; 56	'8'
    00000073 7D                     160 	.db #0x7d	; 125
    00000074 38                     161 	.db #0x38	; 56	'8'
    00000075 7D                     162 	.db #0x7d	; 125
    00000076 00                     163 	.db #0x00	; 0
    00000077 7D                     164 	.db #0x7d	; 125
    00000078 00                     165 	.db #0x00	; 0
    00000079 01                     166 	.db #0x01	; 1
    0000007A 00                     167 	.db #0x00	; 0
    0000007B 7D                     168 	.db #0x7d	; 125
    0000007C 38                     169 	.db #0x38	; 56	'8'
    0000007D 7D                     170 	.db #0x7d	; 125
    0000007E 38                     171 	.db #0x38	; 56	'8'
    0000007F 7D                     172 	.db #0x7d	; 125
    00000080 83                     173 	.db #0x83	; 131
    00000081 FF                     174 	.db #0xff	; 255
    00000082 01                     175 	.db #0x01	; 1
    00000083 83                     176 	.db #0x83	; 131
    00000084 83                     177 	.db #0x83	; 131
    00000085 EF                     178 	.db #0xef	; 239
    00000086 C7                     179 	.db #0xc7	; 199
    00000087 EF                     180 	.db #0xef	; 239
    00000088 C7                     181 	.db #0xc7	; 199
    00000089 EF                     182 	.db #0xef	; 239
    0000008A C7                     183 	.db #0xc7	; 199
    0000008B EF                     184 	.db #0xef	; 239
    0000008C 83                     185 	.db #0x83	; 131
    0000008D EF                     186 	.db #0xef	; 239
    0000008E 01                     187 	.db #0x01	; 1
    0000008F 83                     188 	.db #0x83	; 131
    00000090 81                     189 	.db #0x81	; 129
    00000091 FF                     190 	.db #0xff	; 255
    00000092 00                     191 	.db #0x00	; 0
    00000093 81                     192 	.db #0x81	; 129
    00000094 81                     193 	.db #0x81	; 129
    00000095 F7                     194 	.db #0xf7	; 247
    00000096 63                     195 	.db #0x63	; 99	'c'
    00000097 F7                     196 	.db #0xf7	; 247
    00000098 23                     197 	.db #0x23	; 35
    00000099 77                     198 	.db #0x77	; 119	'w'
    0000009A 23                     199 	.db #0x23	; 35
    0000009B 77                     200 	.db #0x77	; 119	'w'
    0000009C 03                     201 	.db #0x03	; 3
    0000009D 77                     202 	.db #0x77	; 119	'w'
    0000009E 07                     203 	.db #0x07	; 7
    0000009F 8F                     204 	.db #0x8f	; 143
    000000A0 7B                     205 	.db #0x7b	; 123
    000000A1 FF                     206 	.db #0xff	; 255
    000000A2 31                     207 	.db #0x31	; 49	'1'
    000000A3 7B                     208 	.db #0x7b	; 123
    000000A4 23                     209 	.db #0x23	; 35
    000000A5 77                     210 	.db #0x77	; 119	'w'
    000000A6 07                     211 	.db #0x07	; 7
    000000A7 6F                     212 	.db #0x6f	; 111	'o'
    000000A8 07                     213 	.db #0x07	; 7
    000000A9 4F                     214 	.db #0x4f	; 79	'O'
    000000AA 03                     215 	.db #0x03	; 3
    000000AB 37                     216 	.db #0x37	; 55	'7'
    000000AC 31                     217 	.db #0x31	; 49	'1'
    000000AD 7B                     218 	.db #0x7b	; 123
    000000AE 38                     219 	.db #0x38	; 56	'8'
    000000AF 7D                     220 	.db #0x7d	; 125
    000000B0 7F                     221 	.db #0x7f	; 127
    000000B1 FF                     222 	.db #0xff	; 255
    000000B2 3F                     223 	.db #0x3f	; 63
    000000B3 7F                     224 	.db #0x7f	; 127
    000000B4 3F                     225 	.db #0x3f	; 63
    000000B5 7F                     226 	.db #0x7f	; 127
    000000B6 3F                     227 	.db #0x3f	; 63
    000000B7 7F                     228 	.db #0x7f	; 127
    000000B8 3F                     229 	.db #0x3f	; 63
    000000B9 7F                     230 	.db #0x7f	; 127
    000000BA 3F                     231 	.db #0x3f	; 63
    000000BB 7F                     232 	.db #0x7f	; 127
    000000BC 01                     233 	.db #0x01	; 1
    000000BD 7F                     234 	.db #0x7f	; 127
    000000BE 00                     235 	.db #0x00	; 0
    000000BF 01                     236 	.db #0x01	; 1
    000000C0 7D                     237 	.db #0x7d	; 125
    000000C1 FF                     238 	.db #0xff	; 255
    000000C2 38                     239 	.db #0x38	; 56	'8'
    000000C3 7D                     240 	.db #0x7d	; 125
    000000C4 10                     241 	.db #0x10	; 16
    000000C5 39                     242 	.db #0x39	; 57	'9'
    000000C6 00                     243 	.db #0x00	; 0
    000000C7 55                     244 	.db #0x55	; 85	'U'
    000000C8 00                     245 	.db #0x00	; 0
    000000C9 6D                     246 	.db #0x6d	; 109	'm'
    000000CA 28                     247 	.db #0x28	; 40
    000000CB 7D                     248 	.db #0x7d	; 125
    000000CC 38                     249 	.db #0x38	; 56	'8'
    000000CD 7D                     250 	.db #0x7d	; 125
    000000CE 38                     251 	.db #0x38	; 56	'8'
    000000CF 7D                     252 	.db #0x7d	; 125
    000000D0 7D                     253 	.db #0x7d	; 125
    000000D1 FF                     254 	.db #0xff	; 255
    000000D2 38                     255 	.db #0x38	; 56	'8'
    000000D3 7D                     256 	.db #0x7d	; 125
    000000D4 18                     257 	.db #0x18	; 24
    000000D5 3D                     258 	.db #0x3d	; 61
    000000D6 08                     259 	.db #0x08	; 8
    000000D7 5D                     260 	.db #0x5d	; 93
    000000D8 00                     261 	.db #0x00	; 0
    000000D9 6D                     262 	.db #0x6d	; 109	'm'
    000000DA 20                     263 	.db #0x20	; 32
    000000DB 75                     264 	.db #0x75	; 117	'u'
    000000DC 30                     265 	.db #0x30	; 48	'0'
    000000DD 79                     266 	.db #0x79	; 121	'y'
    000000DE 38                     267 	.db #0x38	; 56	'8'
    000000DF 7D                     268 	.db #0x7d	; 125
    000000E0 C7                     269 	.db #0xc7	; 199
    000000E1 FF                     270 	.db #0xff	; 255
    000000E2 83                     271 	.db #0x83	; 131
    000000E3 C7                     272 	.db #0xc7	; 199
    000000E4 01                     273 	.db #0x01	; 1
    000000E5 BB                     274 	.db #0xbb	; 187
    000000E6 38                     275 	.db #0x38	; 56	'8'
    000000E7 7D                     276 	.db #0x7d	; 125
    000000E8 38                     277 	.db #0x38	; 56	'8'
    000000E9 7D                     278 	.db #0x7d	; 125
    000000EA 38                     279 	.db #0x38	; 56	'8'
    000000EB 7D                     280 	.db #0x7d	; 125
    000000EC 01                     281 	.db #0x01	; 1
    000000ED BB                     282 	.db #0xbb	; 187
    000000EE 83                     283 	.db #0x83	; 131
    000000EF C7                     284 	.db #0xc7	; 199
    000000F0 03                     285 	.db #0x03	; 3
    000000F1 FF                     286 	.db #0xff	; 255
    000000F2 01                     287 	.db #0x01	; 1
    000000F3 03                     288 	.db #0x03	; 3
    000000F4 00                     289 	.db #0x00	; 0
    000000F5 7D                     290 	.db #0x7d	; 125
    000000F6 00                     291 	.db #0x00	; 0
    000000F7 7D                     292 	.db #0x7d	; 125
    000000F8 01                     293 	.db #0x01	; 1
    000000F9 03                     294 	.db #0x03	; 3
    000000FA 03                     295 	.db #0x03	; 3
    000000FB 7F                     296 	.db #0x7f	; 127
    000000FC 3F                     297 	.db #0x3f	; 63
    000000FD 7F                     298 	.db #0x7f	; 127
    000000FE 3F                     299 	.db #0x3f	; 63
    000000FF 7F                     300 	.db #0x7f	; 127
    00000100 C7                     301 	.db #0xc7	; 199
    00000101 FF                     302 	.db #0xff	; 255
    00000102 83                     303 	.db #0x83	; 131
    00000103 C7                     304 	.db #0xc7	; 199
    00000104 01                     305 	.db #0x01	; 1
    00000105 BB                     306 	.db #0xbb	; 187
    00000106 38                     307 	.db #0x38	; 56	'8'
    00000107 7D                     308 	.db #0x7d	; 125
    00000108 30                     309 	.db #0x30	; 48	'0'
    00000109 7D                     310 	.db #0x7d	; 125
    0000010A 20                     311 	.db #0x20	; 32
    0000010B 75                     312 	.db #0x75	; 117	'u'
    0000010C 01                     313 	.db #0x01	; 1
    0000010D BB                     314 	.db #0xbb	; 187
    0000010E 80                     315 	.db #0x80	; 128
    0000010F C5                     316 	.db #0xc5	; 197
    00000110 03                     317 	.db #0x03	; 3
    00000111 FF                     318 	.db #0xff	; 255
    00000112 01                     319 	.db #0x01	; 1
    00000113 03                     320 	.db #0x03	; 3
    00000114 00                     321 	.db #0x00	; 0
    00000115 7D                     322 	.db #0x7d	; 125
    00000116 00                     323 	.db #0x00	; 0
    00000117 7D                     324 	.db #0x7d	; 125
    00000118 01                     325 	.db #0x01	; 1
    00000119 03                     326 	.db #0x03	; 3
    0000011A 03                     327 	.db #0x03	; 3
    0000011B 77                     328 	.db #0x77	; 119	'w'
    0000011C 31                     329 	.db #0x31	; 49	'1'
    0000011D 7B                     330 	.db #0x7b	; 123
    0000011E 38                     331 	.db #0x38	; 56	'8'
    0000011F 7D                     332 	.db #0x7d	; 125
    00000120 87                     333 	.db #0x87	; 135
    00000121 FF                     334 	.db #0xff	; 255
    00000122 03                     335 	.db #0x03	; 3
    00000123 87                     336 	.db #0x87	; 135
    00000124 01                     337 	.db #0x01	; 1
    00000125 7B                     338 	.db #0x7b	; 123
    00000126 03                     339 	.db #0x03	; 3
    00000127 7F                     340 	.db #0x7f	; 127
    00000128 01                     341 	.db #0x01	; 1
    00000129 83                     342 	.db #0x83	; 131
    0000012A 00                     343 	.db #0x00	; 0
    0000012B FD                     344 	.db #0xfd	; 253
    0000012C 00                     345 	.db #0x00	; 0
    0000012D 7D                     346 	.db #0x7d	; 125
    0000012E 01                     347 	.db #0x01	; 1
    0000012F 83                     348 	.db #0x83	; 131
    00000130 01                     349 	.db #0x01	; 1
    00000131 FF                     350 	.db #0xff	; 255
    00000132 00                     351 	.db #0x00	; 0
    00000133 01                     352 	.db #0x01	; 1
    00000134 01                     353 	.db #0x01	; 1
    00000135 EF                     354 	.db #0xef	; 239
    00000136 C7                     355 	.db #0xc7	; 199
    00000137 EF                     356 	.db #0xef	; 239
    00000138 C7                     357 	.db #0xc7	; 199
    00000139 EF                     358 	.db #0xef	; 239
    0000013A C7                     359 	.db #0xc7	; 199
    0000013B EF                     360 	.db #0xef	; 239
    0000013C C7                     361 	.db #0xc7	; 199
    0000013D EF                     362 	.db #0xef	; 239
    0000013E C7                     363 	.db #0xc7	; 199
    0000013F EF                     364 	.db #0xef	; 239
    00000140 7D                     365 	.db #0x7d	; 125
    00000141 FF                     366 	.db #0xff	; 255
    00000142 38                     367 	.db #0x38	; 56	'8'
    00000143 7D                     368 	.db #0x7d	; 125
    00000144 38                     369 	.db #0x38	; 56	'8'
    00000145 7D                     370 	.db #0x7d	; 125
    00000146 38                     371 	.db #0x38	; 56	'8'
    00000147 7D                     372 	.db #0x7d	; 125
    00000148 38                     373 	.db #0x38	; 56	'8'
    00000149 7D                     374 	.db #0x7d	; 125
    0000014A 38                     375 	.db #0x38	; 56	'8'
    0000014B 7D                     376 	.db #0x7d	; 125
    0000014C 00                     377 	.db #0x00	; 0
    0000014D BD                     378 	.db #0xbd	; 189
    0000014E 80                     379 	.db #0x80	; 128
    0000014F C1                     380 	.db #0xc1	; 193
    00000150 7D                     381 	.db #0x7d	; 125
    00000151 FF                     382 	.db #0xff	; 255
    00000152 38                     383 	.db #0x38	; 56	'8'
    00000153 7D                     384 	.db #0x7d	; 125
    00000154 38                     385 	.db #0x38	; 56	'8'
    00000155 7D                     386 	.db #0x7d	; 125
    00000156 11                     387 	.db #0x11	; 17
    00000157 BB                     388 	.db #0xbb	; 187
    00000158 11                     389 	.db #0x11	; 17
    00000159 BB                     390 	.db #0xbb	; 187
    0000015A 83                     391 	.db #0x83	; 131
    0000015B D7                     392 	.db #0xd7	; 215
    0000015C 83                     393 	.db #0x83	; 131
    0000015D D7                     394 	.db #0xd7	; 215
    0000015E C7                     395 	.db #0xc7	; 199
    0000015F EF                     396 	.db #0xef	; 239
    00000160 7D                     397 	.db #0x7d	; 125
    00000161 FF                     398 	.db #0xff	; 255
    00000162 38                     399 	.db #0x38	; 56	'8'
    00000163 7D                     400 	.db #0x7d	; 125
    00000164 28                     401 	.db #0x28	; 40
    00000165 7D                     402 	.db #0x7d	; 125
    00000166 00                     403 	.db #0x00	; 0
    00000167 6D                     404 	.db #0x6d	; 109	'm'
    00000168 00                     405 	.db #0x00	; 0
    00000169 55                     406 	.db #0x55	; 85	'U'
    0000016A 10                     407 	.db #0x10	; 16
    0000016B 39                     408 	.db #0x39	; 57	'9'
    0000016C 10                     409 	.db #0x10	; 16
    0000016D 39                     410 	.db #0x39	; 57	'9'
    0000016E 38                     411 	.db #0x38	; 56	'8'
    0000016F 7D                     412 	.db #0x7d	; 125
    00000170 39                     413 	.db #0x39	; 57	'9'
    00000171 FF                     414 	.db #0xff	; 255
    00000172 10                     415 	.db #0x10	; 16
    00000173 39                     416 	.db #0x39	; 57	'9'
    00000174 11                     417 	.db #0x11	; 17
    00000175 BB                     418 	.db #0xbb	; 187
    00000176 83                     419 	.db #0x83	; 131
    00000177 D7                     420 	.db #0xd7	; 215
    00000178 C7                     421 	.db #0xc7	; 199
    00000179 EF                     422 	.db #0xef	; 239
    0000017A 83                     423 	.db #0x83	; 131
    0000017B D7                     424 	.db #0xd7	; 215
    0000017C 11                     425 	.db #0x11	; 17
    0000017D BB                     426 	.db #0xbb	; 187
    0000017E 10                     427 	.db #0x10	; 16
    0000017F 39                     428 	.db #0x39	; 57	'9'
    00000180 7C                     429 	.db #0x7c	; 124
    00000181 FE                     430 	.db #0xfe	; 254
    00000182 38                     431 	.db #0x38	; 56	'8'
    00000183 7D                     432 	.db #0x7d	; 125
    00000184 11                     433 	.db #0x11	; 17
    00000185 BB                     434 	.db #0xbb	; 187
    00000186 83                     435 	.db #0x83	; 131
    00000187 D7                     436 	.db #0xd7	; 215
    00000188 C7                     437 	.db #0xc7	; 199
    00000189 EF                     438 	.db #0xef	; 239
    0000018A C7                     439 	.db #0xc7	; 199
    0000018B EF                     440 	.db #0xef	; 239
    0000018C C7                     441 	.db #0xc7	; 199
    0000018D EF                     442 	.db #0xef	; 239
    0000018E C7                     443 	.db #0xc7	; 199
    0000018F EF                     444 	.db #0xef	; 239
    00000190 01                     445 	.db #0x01	; 1
    00000191 FF                     446 	.db #0xff	; 255
    00000192 00                     447 	.db #0x00	; 0
    00000193 01                     448 	.db #0x01	; 1
    00000194 01                     449 	.db #0x01	; 1
    00000195 FB                     450 	.db #0xfb	; 251
    00000196 E3                     451 	.db #0xe3	; 227
    00000197 F7                     452 	.db #0xf7	; 247
    00000198 C7                     453 	.db #0xc7	; 199
    00000199 EF                     454 	.db #0xef	; 239
    0000019A 8F                     455 	.db #0x8f	; 143
    0000019B DF                     456 	.db #0xdf	; 223
    0000019C 01                     457 	.db #0x01	; 1
    0000019D BF                     458 	.db #0xbf	; 191
    0000019E 00                     459 	.db #0x00	; 0
    0000019F 01                     460 	.db #0x01	; 1
    000001A0 FF                     461 	.db #0xff	; 255
    000001A1 FF                     462 	.db #0xff	; 255
    000001A2 C7                     463 	.db #0xc7	; 199
    000001A3 FF                     464 	.db #0xff	; 255
    000001A4 83                     465 	.db #0x83	; 131
    000001A5 C7                     466 	.db #0xc7	; 199
    000001A6 31                     467 	.db #0x31	; 49	'1'
    000001A7 83                     468 	.db #0x83	; 131
    000001A8 38                     469 	.db #0x38	; 56	'8'
    000001A9 11                     470 	.db #0x11	; 17
    000001AA 38                     471 	.db #0x38	; 56	'8'
    000001AB 11                     472 	.db #0x11	; 17
    000001AC 19                     473 	.db #0x19	; 25
    000001AD 83                     474 	.db #0x83	; 131
    000001AE 83                     475 	.db #0x83	; 131
    000001AF C7                     476 	.db #0xc7	; 199
    000001B0 FF                     477 	.db #0xff	; 255
    000001B1 FF                     478 	.db #0xff	; 255
    000001B2 E7                     479 	.db #0xe7	; 231
    000001B3 FF                     480 	.db #0xff	; 255
    000001B4 C3                     481 	.db #0xc3	; 195
    000001B5 E7                     482 	.db #0xe7	; 231
    000001B6 83                     483 	.db #0x83	; 131
    000001B7 C7                     484 	.db #0xc7	; 199
    000001B8 C3                     485 	.db #0xc3	; 195
    000001B9 E7                     486 	.db #0xe7	; 231
    000001BA C3                     487 	.db #0xc3	; 195
    000001BB E7                     488 	.db #0xe7	; 231
    000001BC 81                     489 	.db #0x81	; 129
    000001BD E7                     490 	.db #0xe7	; 231
    000001BE 00                     491 	.db #0x00	; 0
    000001BF 81                     492 	.db #0x81	; 129
    000001C0 FF                     493 	.db #0xff	; 255
    000001C1 FF                     494 	.db #0xff	; 255
    000001C2 83                     495 	.db #0x83	; 131
    000001C3 FF                     496 	.db #0xff	; 255
    000001C4 01                     497 	.db #0x01	; 1
    000001C5 83                     498 	.db #0x83	; 131
    000001C6 00                     499 	.db #0x00	; 0
    000001C7 39                     500 	.db #0x39	; 57	'9'
    000001C8 00                     501 	.db #0x00	; 0
    000001C9 F1                     502 	.db #0xf1	; 241
    000001CA 01                     503 	.db #0x01	; 1
    000001CB 83                     504 	.db #0x83	; 131
    000001CC 01                     505 	.db #0x01	; 1
    000001CD 1F                     506 	.db #0x1f	; 31
    000001CE 00                     507 	.db #0x00	; 0
    000001CF 01                     508 	.db #0x01	; 1
    000001D0 FF                     509 	.db #0xff	; 255
    000001D1 FF                     510 	.db #0xff	; 255
    000001D2 81                     511 	.db #0x81	; 129
    000001D3 FF                     512 	.db #0xff	; 255
    000001D4 00                     513 	.db #0x00	; 0
    000001D5 81                     514 	.db #0x81	; 129
    000001D6 81                     515 	.db #0x81	; 129
    000001D7 F3                     516 	.db #0xf3	; 243
    000001D8 81                     517 	.db #0x81	; 129
    000001D9 C7                     518 	.db #0xc7	; 199
    000001DA 00                     519 	.db #0x00	; 0
    000001DB F9                     520 	.db #0xf9	; 249
    000001DC 00                     521 	.db #0x00	; 0
    000001DD 39                     522 	.db #0x39	; 57	'9'
    000001DE 01                     523 	.db #0x01	; 1
    000001DF 83                     524 	.db #0x83	; 131
    000001E0 FF                     525 	.db #0xff	; 255
    000001E1 FF                     526 	.db #0xff	; 255
    000001E2 E3                     527 	.db #0xe3	; 227
    000001E3 FF                     528 	.db #0xff	; 255
    000001E4 C1                     529 	.db #0xc1	; 193
    000001E5 E3                     530 	.db #0xe3	; 227
    000001E6 81                     531 	.db #0x81	; 129
    000001E7 C3                     532 	.db #0xc3	; 195
    000001E8 01                     533 	.db #0x01	; 1
    000001E9 93                     534 	.db #0x93	; 147
    000001EA 01                     535 	.db #0x01	; 1
    000001EB 33                     536 	.db #0x33	; 51	'3'
    000001EC 00                     537 	.db #0x00	; 0
    000001ED 01                     538 	.db #0x01	; 1
    000001EE 01                     539 	.db #0x01	; 1
    000001EF F3                     540 	.db #0xf3	; 243
    000001F0 FF                     541 	.db #0xff	; 255
    000001F1 FF                     542 	.db #0xff	; 255
    000001F2 03                     543 	.db #0x03	; 3
    000001F3 FF                     544 	.db #0xff	; 255
    000001F4 01                     545 	.db #0x01	; 1
    000001F5 03                     546 	.db #0x03	; 3
    000001F6 03                     547 	.db #0x03	; 3
    000001F7 7F                     548 	.db #0x7f	; 127
    000001F8 01                     549 	.db #0x01	; 1
    000001F9 03                     550 	.db #0x03	; 3
    000001FA 00                     551 	.db #0x00	; 0
    000001FB F9                     552 	.db #0xf9	; 249
    000001FC 00                     553 	.db #0x00	; 0
    000001FD 39                     554 	.db #0x39	; 57	'9'
    000001FE 01                     555 	.db #0x01	; 1
    000001FF 83                     556 	.db #0x83	; 131
    00000200 FF                     557 	.db #0xff	; 255
    00000201 FF                     558 	.db #0xff	; 255
    00000202 83                     559 	.db #0x83	; 131
    00000203 FF                     560 	.db #0xff	; 255
    00000204 01                     561 	.db #0x01	; 1
    00000205 83                     562 	.db #0x83	; 131
    00000206 03                     563 	.db #0x03	; 3
    00000207 3F                     564 	.db #0x3f	; 63
    00000208 01                     565 	.db #0x01	; 1
    00000209 03                     566 	.db #0x03	; 3
    0000020A 00                     567 	.db #0x00	; 0
    0000020B 39                     568 	.db #0x39	; 57	'9'
    0000020C 00                     569 	.db #0x00	; 0
    0000020D 39                     570 	.db #0x39	; 57	'9'
    0000020E 01                     571 	.db #0x01	; 1
    0000020F 83                     572 	.db #0x83	; 131
    00000210 FF                     573 	.db #0xff	; 255
    00000211 FF                     574 	.db #0xff	; 255
    00000212 01                     575 	.db #0x01	; 1
    00000213 FF                     576 	.db #0xff	; 255
    00000214 00                     577 	.db #0x00	; 0
    00000215 01                     578 	.db #0x01	; 1
    00000216 00                     579 	.db #0x00	; 0
    00000217 39                     580 	.db #0x39	; 57	'9'
    00000218 21                     581 	.db #0x21	; 33
    00000219 F3                     582 	.db #0xf3	; 243
    0000021A C3                     583 	.db #0xc3	; 195
    0000021B E7                     584 	.db #0xe7	; 231
    0000021C 87                     585 	.db #0x87	; 135
    0000021D CF                     586 	.db #0xcf	; 207
    0000021E 87                     587 	.db #0x87	; 135
    0000021F CF                     588 	.db #0xcf	; 207
    00000220 FF                     589 	.db #0xff	; 255
    00000221 FF                     590 	.db #0xff	; 255
    00000222 83                     591 	.db #0x83	; 131
    00000223 FF                     592 	.db #0xff	; 255
    00000224 01                     593 	.db #0x01	; 1
    00000225 83                     594 	.db #0x83	; 131
    00000226 00                     595 	.db #0x00	; 0
    00000227 39                     596 	.db #0x39	; 57	'9'
    00000228 01                     597 	.db #0x01	; 1
    00000229 83                     598 	.db #0x83	; 131
    0000022A 00                     599 	.db #0x00	; 0
    0000022B 39                     600 	.db #0x39	; 57	'9'
    0000022C 00                     601 	.db #0x00	; 0
    0000022D 39                     602 	.db #0x39	; 57	'9'
    0000022E 01                     603 	.db #0x01	; 1
    0000022F 83                     604 	.db #0x83	; 131
    00000230 FF                     605 	.db #0xff	; 255
    00000231 FF                     606 	.db #0xff	; 255
    00000232 83                     607 	.db #0x83	; 131
    00000233 FF                     608 	.db #0xff	; 255
    00000234 01                     609 	.db #0x01	; 1
    00000235 83                     610 	.db #0x83	; 131
    00000236 00                     611 	.db #0x00	; 0
    00000237 39                     612 	.db #0x39	; 57	'9'
    00000238 00                     613 	.db #0x00	; 0
    00000239 39                     614 	.db #0x39	; 57	'9'
    0000023A 00                     615 	.db #0x00	; 0
    0000023B 81                     616 	.db #0x81	; 129
    0000023C 80                     617 	.db #0x80	; 128
    0000023D F9                     618 	.db #0xf9	; 249
    0000023E 01                     619 	.db #0x01	; 1
    0000023F 83                     620 	.db #0x83	; 131
    00000240 00                     621 	.db #0x00	; 0
    00000241 00                     622 	.db #0x00	; 0
    00000242 00                     623 	.db #0x00	; 0
    00000243 00                     624 	.db #0x00	; 0
    00000244 00                     625 	.db #0x00	; 0
    00000245 00                     626 	.db #0x00	; 0
    00000246 00                     627 	.db #0x00	; 0
    00000247 00                     628 	.db #0x00	; 0
    00000248 00                     629 	.db #0x00	; 0
    00000249 00                     630 	.db #0x00	; 0
    0000024A 7E                     631 	.db #0x7e	; 126
    0000024B 7E                     632 	.db #0x7e	; 126
    0000024C 00                     633 	.db #0x00	; 0
    0000024D 00                     634 	.db #0x00	; 0
    0000024E 00                     635 	.db #0x00	; 0
    0000024F 00                     636 	.db #0x00	; 0
    00000250 00                     637 	.db #0x00	; 0
    00000251 00                     638 	.db #0x00	; 0
    00000252 00                     639 	.db #0x00	; 0
    00000253 00                     640 	.db #0x00	; 0
    00000254 00                     641 	.db #0x00	; 0
    00000255 00                     642 	.db #0x00	; 0
    00000256 00                     643 	.db #0x00	; 0
    00000257 00                     644 	.db #0x00	; 0
    00000258 30                     645 	.db #0x30	; 48	'0'
    00000259 30                     646 	.db #0x30	; 48	'0'
    0000025A 30                     647 	.db #0x30	; 48	'0'
    0000025B 30                     648 	.db #0x30	; 48	'0'
    0000025C 10                     649 	.db #0x10	; 16
    0000025D 10                     650 	.db #0x10	; 16
    0000025E 20                     651 	.db #0x20	; 32
    0000025F 20                     652 	.db #0x20	; 32
    00000260 FF                     653 	.db #0xff	; 255
    00000261 FF                     654 	.db #0xff	; 255
    00000262 FF                     655 	.db #0xff	; 255
    00000263 FF                     656 	.db #0xff	; 255
    00000264 FF                     657 	.db #0xff	; 255
    00000265 FF                     658 	.db #0xff	; 255
    00000266 FF                     659 	.db #0xff	; 255
    00000267 FF                     660 	.db #0xff	; 255
    00000268 FF                     661 	.db #0xff	; 255
    00000269 FF                     662 	.db #0xff	; 255
    0000026A CF                     663 	.db #0xcf	; 207
    0000026B FF                     664 	.db #0xff	; 255
    0000026C 87                     665 	.db #0x87	; 135
    0000026D CF                     666 	.db #0xcf	; 207
    0000026E 87                     667 	.db #0x87	; 135
    0000026F CF                     668 	.db #0xcf	; 207
    00000270 E7                     669 	.db #0xe7	; 231
    00000271 FF                     670 	.db #0xff	; 255
    00000272 C3                     671 	.db #0xc3	; 195
    00000273 E7                     672 	.db #0xe7	; 231
    00000274 81                     673 	.db #0x81	; 129
    00000275 C3                     674 	.db #0xc3	; 195
    00000276 81                     675 	.db #0x81	; 129
    00000277 C3                     676 	.db #0xc3	; 195
    00000278 C3                     677 	.db #0xc3	; 195
    00000279 E7                     678 	.db #0xe7	; 231
    0000027A C3                     679 	.db #0xc3	; 195
    0000027B E7                     680 	.db #0xe7	; 231
    0000027C E7                     681 	.db #0xe7	; 231
    0000027D FF                     682 	.db #0xff	; 255
    0000027E C3                     683 	.db #0xc3	; 195
    0000027F E7                     684 	.db #0xe7	; 231
    00000280 00                     685 	.db #0x00	; 0
    00000281 00                     686 	.db #0x00	; 0
    00000282 7E                     687 	.db #0x7e	; 126
    00000283 7E                     688 	.db #0x7e	; 126
    00000284 E7                     689 	.db #0xe7	; 231
    00000285 E7                     690 	.db #0xe7	; 231
    00000286 CE                     691 	.db #0xce	; 206
    00000287 CE                     692 	.db #0xce	; 206
    00000288 18                     693 	.db #0x18	; 24
    00000289 18                     694 	.db #0x18	; 24
    0000028A 00                     695 	.db #0x00	; 0
    0000028B 00                     696 	.db #0x00	; 0
    0000028C 18                     697 	.db #0x18	; 24
    0000028D 18                     698 	.db #0x18	; 24
    0000028E 18                     699 	.db #0x18	; 24
    0000028F 18                     700 	.db #0x18	; 24
    00000290 06                     701 	.db #0x06	; 6
    00000291 06                     702 	.db #0x06	; 6
    00000292 0E                     703 	.db #0x0e	; 14
    00000293 0A                     704 	.db #0x0a	; 10
    00000294 1C                     705 	.db #0x1c	; 28
    00000295 14                     706 	.db #0x14	; 20
    00000296 78                     707 	.db #0x78	; 120	'x'
    00000297 68                     708 	.db #0x68	; 104	'h'
    00000298 B0                     709 	.db #0xb0	; 176
    00000299 D6                     710 	.db #0xd6	; 214
    0000029A 50                     711 	.db #0x50	; 80	'P'
    0000029B 7F                     712 	.db #0x7f	; 127
    0000029C A0                     713 	.db #0xa0	; 160
    0000029D A6                     714 	.db #0xa6	; 166
    0000029E 00                     715 	.db #0x00	; 0
    0000029F 06                     716 	.db #0x06	; 6
    000002A0 C6                     717 	.db #0xc6	; 198
    000002A1 C6                     718 	.db #0xc6	; 198
    000002A2 FE                     719 	.db #0xfe	; 254
    000002A3 BA                     720 	.db #0xba	; 186
    000002A4 FE                     721 	.db #0xfe	; 254
    000002A5 82                     722 	.db #0x82	; 130
    000002A6 FE                     723 	.db #0xfe	; 254
    000002A7 82                     724 	.db #0x82	; 130
    000002A8 F8                     725 	.db #0xf8	; 248
    000002A9 86                     726 	.db #0x86	; 134
    000002AA F0                     727 	.db #0xf0	; 240
    000002AB 8F                     728 	.db #0x8f	; 143
    000002AC 78                     729 	.db #0x78	; 120	'x'
    000002AD 46                     730 	.db #0x46	; 70	'F'
    000002AE 38                     731 	.db #0x38	; 56	'8'
    000002AF 3E                     732 	.db #0x3e	; 62
    000002B0 07                     733 	.db #0x07	; 7
    000002B1 07                     734 	.db #0x07	; 7
    000002B2 09                     735 	.db #0x09	; 9
    000002B3 0F                     736 	.db #0x0f	; 15
    000002B4 0D                     737 	.db #0x0d	; 13
    000002B5 0F                     738 	.db #0x0f	; 15
    000002B6 1E                     739 	.db #0x1e	; 30
    000002B7 16                     740 	.db #0x16	; 22
    000002B8 38                     741 	.db #0x38	; 56	'8'
    000002B9 2E                     742 	.db #0x2e	; 46
    000002BA F0                     743 	.db #0xf0	; 240
    000002BB DF                     744 	.db #0xdf	; 223
    000002BC A0                     745 	.db #0xa0	; 160
    000002BD A6                     746 	.db #0xa6	; 166
    000002BE 60                     747 	.db #0x60	; 96
    000002BF 66                     748 	.db #0x66	; 102	'f'
    000002C0 03                     749 	.db #0x03	; 3
    000002C1 03                     750 	.db #0x03	; 3
    000002C2 05                     751 	.db #0x05	; 5
    000002C3 07                     752 	.db #0x07	; 7
    000002C4 1E                     753 	.db #0x1e	; 30
    000002C5 1A                     754 	.db #0x1a	; 26
    000002C6 3C                     755 	.db #0x3c	; 60
    000002C7 2C                     756 	.db #0x2c	; 44
    000002C8 78                     757 	.db #0x78	; 120	'x'
    000002C9 46                     758 	.db #0x46	; 70	'F'
    000002CA F0                     759 	.db #0xf0	; 240
    000002CB 8F                     760 	.db #0x8f	; 143
    000002CC F0                     761 	.db #0xf0	; 240
    000002CD 96                     762 	.db #0x96	; 150
    000002CE 60                     763 	.db #0x60	; 96
    000002CF 66                     764 	.db #0x66	; 102	'f'
    000002D0 44                     765 	.db #0x44	; 68	'D'
    000002D1 7C                     766 	.db #0x7c	; 124
    000002D2 28                     767 	.db #0x28	; 40
    000002D3 28                     768 	.db #0x28	; 40
    000002D4 28                     769 	.db #0x28	; 40
    000002D5 28                     770 	.db #0x28	; 40
    000002D6 44                     771 	.db #0x44	; 68	'D'
    000002D7 44                     772 	.db #0x44	; 68	'D'
    000002D8 F8                     773 	.db #0xf8	; 248
    000002D9 86                     774 	.db #0x86	; 134
    000002DA F0                     775 	.db #0xf0	; 240
    000002DB 8F                     776 	.db #0x8f	; 143
    000002DC F8                     777 	.db #0xf8	; 248
    000002DD 86                     778 	.db #0x86	; 134
    000002DE 78                     779 	.db #0x78	; 120	'x'
    000002DF 7E                     780 	.db #0x7e	; 126
    000002E0 00                     781 	.db #0x00	; 0
    000002E1 00                     782 	.db #0x00	; 0
    000002E2 6C                     783 	.db #0x6c	; 108	'l'
    000002E3 6C                     784 	.db #0x6c	; 108	'l'
    000002E4 9E                     785 	.db #0x9e	; 158
    000002E5 92                     786 	.db #0x92	; 146
    000002E6 BE                     787 	.db #0xbe	; 190
    000002E7 82                     788 	.db #0x82	; 130
    000002E8 F8                     789 	.db #0xf8	; 248
    000002E9 86                     790 	.db #0x86	; 134
    000002EA 70                     791 	.db #0x70	; 112	'p'
    000002EB 4F                     792 	.db #0x4f	; 79	'O'
    000002EC 38                     793 	.db #0x38	; 56	'8'
    000002ED 2E                     794 	.db #0x2e	; 46
    000002EE 10                     795 	.db #0x10	; 16
    000002EF 16                     796 	.db #0x16	; 22
    000002F0 FF                     797 	.db #0xff	; 255
    000002F1 FF                     798 	.db #0xff	; 255
    000002F2 FF                     799 	.db #0xff	; 255
    000002F3 FF                     800 	.db #0xff	; 255
    000002F4 FF                     801 	.db #0xff	; 255
    000002F5 FF                     802 	.db #0xff	; 255
    000002F6 FF                     803 	.db #0xff	; 255
    000002F7 FF                     804 	.db #0xff	; 255
    000002F8 FF                     805 	.db #0xff	; 255
    000002F9 FF                     806 	.db #0xff	; 255
    000002FA FF                     807 	.db #0xff	; 255
    000002FB FF                     808 	.db #0xff	; 255
    000002FC FF                     809 	.db #0xff	; 255
    000002FD FF                     810 	.db #0xff	; 255
    000002FE FF                     811 	.db #0xff	; 255
    000002FF FF                     812 	.db #0xff	; 255
    00000300 00                     813 	.db #0x00	; 0
    00000301 00                     814 	.db #0x00	; 0
    00000302 02                     815 	.db #0x02	; 2
    00000303 02                     816 	.db #0x02	; 2
    00000304 04                     817 	.db #0x04	; 4
    00000305 04                     818 	.db #0x04	; 4
    00000306 08                     819 	.db #0x08	; 8
    00000307 08                     820 	.db #0x08	; 8
    00000308 10                     821 	.db #0x10	; 16
    00000309 10                     822 	.db #0x10	; 16
    0000030A 20                     823 	.db #0x20	; 32
    0000030B 20                     824 	.db #0x20	; 32
    0000030C 40                     825 	.db #0x40	; 64
    0000030D 40                     826 	.db #0x40	; 64
    0000030E 80                     827 	.db #0x80	; 128
    0000030F 80                     828 	.db #0x80	; 128
    00000310 FF                     829 	.db #0xff	; 255
    00000311 FF                     830 	.db #0xff	; 255
    00000312 E7                     831 	.db #0xe7	; 231
    00000313 FF                     832 	.db #0xff	; 255
    00000314 C3                     833 	.db #0xc3	; 195
    00000315 E7                     834 	.db #0xe7	; 231
    00000316 C3                     835 	.db #0xc3	; 195
    00000317 E7                     836 	.db #0xe7	; 231
    00000318 E7                     837 	.db #0xe7	; 231
    00000319 FF                     838 	.db #0xff	; 255
    0000031A E7                     839 	.db #0xe7	; 231
    0000031B FF                     840 	.db #0xff	; 255
    0000031C C3                     841 	.db #0xc3	; 195
    0000031D E7                     842 	.db #0xe7	; 231
    0000031E C3                     843 	.db #0xc3	; 195
    0000031F E7                     844 	.db #0xe7	; 231
                                    845 	.area _INITIALIZER
                                    846 	.area _CABS (ABS)
