                                      1 ;--------------------------------------------------------
                                      2 ; File Created by SDCC : free open source ISO C Compiler
                                      3 ; Version 4.5.1 #15267 (MINGW64)
                                      4 ;--------------------------------------------------------
                                      5 	.module Hector
                                      6 	
                                      7 ;--------------------------------------------------------
                                      8 ; Public variables in this module
                                      9 ;--------------------------------------------------------
                                     10 	.globl _Hector
                                     11 ;--------------------------------------------------------
                                     12 ; special function registers
                                     13 ;--------------------------------------------------------
                                     14 	.area _HRAM
                                     15 ;--------------------------------------------------------
                                     16 ; ram data
                                     17 ;--------------------------------------------------------
                                     18 	.area _DATA
                                     19 ;--------------------------------------------------------
                                     20 ; ram data
                                     21 ;--------------------------------------------------------
                                     22 	.area _INITIALIZED
                                     23 ;--------------------------------------------------------
                                     24 ; absolute external ram data
                                     25 ;--------------------------------------------------------
                                     26 	.area _DABS (ABS)
                                     27 ;--------------------------------------------------------
                                     28 ; global & static initialisations
                                     29 ;--------------------------------------------------------
                                     30 	.area _HOME
                                     31 	.area _GSINIT
                                     32 	.area _GSFINAL
                                     33 	.area _GSINIT
                                     34 ;--------------------------------------------------------
                                     35 ; Home
                                     36 ;--------------------------------------------------------
                                     37 	.area _HOME
                                     38 	.area _HOME
                                     39 ;--------------------------------------------------------
                                     40 ; code
                                     41 ;--------------------------------------------------------
                                     42 	.area _CODE_1
                                     43 	.area _CODE_1
    00000000                         44 _Hector:
    00000000 07                      45 	.db #0x07	; 7
    00000001 07                      46 	.db #0x07	; 7
    00000002 08                      47 	.db #0x08	; 8
    00000003 08                      48 	.db #0x08	; 8
    00000004 13                      49 	.db #0x13	; 19
    00000005 10                      50 	.db #0x10	; 16
    00000006 10                      51 	.db #0x10	; 16
    00000007 10                      52 	.db #0x10	; 16
    00000008 13                      53 	.db #0x13	; 19
    00000009 10                      54 	.db #0x10	; 16
    0000000A 10                      55 	.db #0x10	; 16
    0000000B 14                      56 	.db #0x14	; 20
    0000000C 10                      57 	.db #0x10	; 16
    0000000D 12                      58 	.db #0x12	; 18
    0000000E 18                      59 	.db #0x18	; 24
    0000000F 12                      60 	.db #0x12	; 18
    00000010 E0                      61 	.db #0xe0	; 224
    00000011 E0                      62 	.db #0xe0	; 224
    00000012 10                      63 	.db #0x10	; 16
    00000013 10                      64 	.db #0x10	; 16
    00000014 C8                      65 	.db #0xc8	; 200
    00000015 08                      66 	.db #0x08	; 8
    00000016 08                      67 	.db #0x08	; 8
    00000017 08                      68 	.db #0x08	; 8
    00000018 C8                      69 	.db #0xc8	; 200
    00000019 08                      70 	.db #0x08	; 8
    0000001A 08                      71 	.db #0x08	; 8
    0000001B 28                      72 	.db #0x28	; 40
    0000001C 08                      73 	.db #0x08	; 8
    0000001D 48                      74 	.db #0x48	; 72	'H'
    0000001E 18                      75 	.db #0x18	; 24
    0000001F 48                      76 	.db #0x48	; 72	'H'
    00000020 0B                      77 	.db #0x0b	; 11
    00000021 09                      78 	.db #0x09	; 9
    00000022 37                      79 	.db #0x37	; 55	'7'
    00000023 34                      80 	.db #0x34	; 52	'4'
    00000024 5B                      81 	.db #0x5b	; 91
    00000025 4C                      82 	.db #0x4c	; 76	'L'
    00000026 5D                      83 	.db #0x5d	; 93
    00000027 4E                      84 	.db #0x4e	; 78	'N'
    00000028 78                      85 	.db #0x78	; 120	'x'
    00000029 4F                      86 	.db #0x4f	; 79	'O'
    0000002A 4F                      87 	.db #0x4f	; 79	'O'
    0000002B 48                      88 	.db #0x48	; 72	'H'
    0000002C 79                      89 	.db #0x79	; 121	'y'
    0000002D 7F                      90 	.db #0x7f	; 127
    0000002E 0E                      91 	.db #0x0e	; 14
    0000002F 0E                      92 	.db #0x0e	; 14
    00000030 D0                      93 	.db #0xd0	; 208
    00000031 90                      94 	.db #0x90	; 144
    00000032 EC                      95 	.db #0xec	; 236
    00000033 2C                      96 	.db #0x2c	; 44
    00000034 DA                      97 	.db #0xda	; 218
    00000035 32                      98 	.db #0x32	; 50	'2'
    00000036 BA                      99 	.db #0xba	; 186
    00000037 72                     100 	.db #0x72	; 114	'r'
    00000038 1E                     101 	.db #0x1e	; 30
    00000039 F2                     102 	.db #0xf2	; 242
    0000003A F2                     103 	.db #0xf2	; 242
    0000003B 12                     104 	.db #0x12	; 18
    0000003C 9E                     105 	.db #0x9e	; 158
    0000003D FE                     106 	.db #0xfe	; 254
    0000003E 70                     107 	.db #0x70	; 112	'p'
    0000003F 70                     108 	.db #0x70	; 112	'p'
                                    109 	.area _INITIALIZER
                                    110 	.area _CABS (ABS)
