                                      1 ;--------------------------------------------------------
                                      2 ; File Created by SDCC : free open source ISO C Compiler
                                      3 ; Version 4.5.1 #15267 (Linux)
                                      4 ;--------------------------------------------------------
                                      5 	.module key
                                      6 	
                                      7 ;--------------------------------------------------------
                                      8 ; Public variables in this module
                                      9 ;--------------------------------------------------------
                                     10 	.globl _Key
                                     11 ;--------------------------------------------------------
                                     12 ; special function registers
                                     13 ;--------------------------------------------------------
                                     14 	.area _HRAM
                                     15 ;--------------------------------------------------------
                                     16 ; ram data
                                     17 ;--------------------------------------------------------
                                     18 	.area _DATA
                                     19 ;--------------------------------------------------------
                                     20 ; ram data
                                     21 ;--------------------------------------------------------
                                     22 	.area _INITIALIZED
                                     23 ;--------------------------------------------------------
                                     24 ; absolute external ram data
                                     25 ;--------------------------------------------------------
                                     26 	.area _DABS (ABS)
                                     27 ;--------------------------------------------------------
                                     28 ; global & static initialisations
                                     29 ;--------------------------------------------------------
                                     30 	.area _HOME
                                     31 	.area _GSINIT
                                     32 	.area _GSFINAL
                                     33 	.area _GSINIT
                                     34 ;--------------------------------------------------------
                                     35 ; Home
                                     36 ;--------------------------------------------------------
                                     37 	.area _HOME
                                     38 	.area _HOME
                                     39 ;--------------------------------------------------------
                                     40 ; code
                                     41 ;--------------------------------------------------------
                                     42 	.area _CODE_1
                                     43 	.area _CODE_1
    00000000                         44 _Key:
    00000000 38                      45 	.db #0x38	; 56	'8'
    00000001 38                      46 	.db #0x38	; 56	'8'
    00000002 44                      47 	.db #0x44	; 68	'D'
    00000003 7C                      48 	.db #0x7c	; 124
    00000004 FB                      49 	.db #0xfb	; 251
    00000005 97                      50 	.db #0x97	; 151
    00000006 EC                      51 	.db #0xec	; 236
    00000007 AB                      52 	.db #0xab	; 171
    00000008 FF                      53 	.db #0xff	; 255
    00000009 93                      54 	.db #0x93	; 147
    0000000A 7C                      55 	.db #0x7c	; 124
    0000000B 44                      56 	.db #0x44	; 68	'D'
    0000000C 38                      57 	.db #0x38	; 56	'8'
    0000000D 38                      58 	.db #0x38	; 56	'8'
    0000000E 00                      59 	.db #0x00	; 0
    0000000F 00                      60 	.db #0x00	; 0
    00000010 00                      61 	.db #0x00	; 0
    00000011 00                      62 	.db #0x00	; 0
    00000012 00                      63 	.db #0x00	; 0
    00000013 00                      64 	.db #0x00	; 0
    00000014 FF                      65 	.db #0xff	; 255
    00000015 FF                      66 	.db #0xff	; 255
    00000016 01                      67 	.db #0x01	; 1
    00000017 FF                      68 	.db #0xff	; 255
    00000018 FD                      69 	.db #0xfd	; 253
    00000019 DF                      70 	.db #0xdf	; 223
    0000001A 77                      71 	.db #0x77	; 119	'w'
    0000001B 55                      72 	.db #0x55	; 85	'U'
    0000001C 77                      73 	.db #0x77	; 119	'w'
    0000001D 77                      74 	.db #0x77	; 119	'w'
    0000001E 00                      75 	.db #0x00	; 0
    0000001F 00                      76 	.db #0x00	; 0
                                     77 	.area _INITIALIZER
                                     78 	.area _CABS (ABS)
