                                      1 ;--------------------------------------------------------
                                      2 ; File Created by SDCC : free open source ISO C Compiler
                                      3 ; Version 4.5.1 #15267 (Linux)
                                      4 ;--------------------------------------------------------
                                      5 	.module Lock
                                      6 	
                                      7 ;--------------------------------------------------------
                                      8 ; Public variables in this module
                                      9 ;--------------------------------------------------------
                                     10 	.globl _Lock
                                     11 ;--------------------------------------------------------
                                     12 ; special function registers
                                     13 ;--------------------------------------------------------
                                     14 	.area _HRAM
                                     15 ;--------------------------------------------------------
                                     16 ; ram data
                                     17 ;--------------------------------------------------------
                                     18 	.area _DATA
                                     19 ;--------------------------------------------------------
                                     20 ; ram data
                                     21 ;--------------------------------------------------------
                                     22 	.area _INITIALIZED
                                     23 ;--------------------------------------------------------
                                     24 ; absolute external ram data
                                     25 ;--------------------------------------------------------
                                     26 	.area _DABS (ABS)
                                     27 ;--------------------------------------------------------
                                     28 ; global & static initialisations
                                     29 ;--------------------------------------------------------
                                     30 	.area _HOME
                                     31 	.area _GSINIT
                                     32 	.area _GSFINAL
                                     33 	.area _GSINIT
                                     34 ;--------------------------------------------------------
                                     35 ; Home
                                     36 ;--------------------------------------------------------
                                     37 	.area _HOME
                                     38 	.area _HOME
                                     39 ;--------------------------------------------------------
                                     40 ; code
                                     41 ;--------------------------------------------------------
                                     42 	.area _CODE_1
                                     43 	.area _CODE_1
    00000000                         44 _Lock:
    00000000 FF                      45 	.db #0xff	; 255
    00000001 FF                      46 	.db #0xff	; 255
    00000002 80                      47 	.db #0x80	; 128
    00000003 FF                      48 	.db #0xff	; 255
    00000004 97                      49 	.db #0x97	; 151
    00000005 E8                      50 	.db #0xe8	; 232
    00000006 AF                      51 	.db #0xaf	; 175
    00000007 D0                      52 	.db #0xd0	; 208
    00000008 97                      53 	.db #0x97	; 151
    00000009 E8                      54 	.db #0xe8	; 232
    0000000A BF                      55 	.db #0xbf	; 191
    0000000B C0                      56 	.db #0xc0	; 192
    0000000C BF                      57 	.db #0xbf	; 191
    0000000D C0                      58 	.db #0xc0	; 192
    0000000E 9F                      59 	.db #0x9f	; 159
    0000000F E0                      60 	.db #0xe0	; 224
    00000010 FF                      61 	.db #0xff	; 255
    00000011 FF                      62 	.db #0xff	; 255
    00000012 00                      63 	.db #0x00	; 0
    00000013 FF                      64 	.db #0xff	; 255
    00000014 5D                      65 	.db #0x5d	; 93
    00000015 A2                      66 	.db #0xa2	; 162
    00000016 BE                      67 	.db #0xbe	; 190
    00000017 41                      68 	.db #0x41	; 65	'A'
    00000018 5D                      69 	.db #0x5d	; 93
    00000019 A2                      70 	.db #0xa2	; 162
    0000001A FF                      71 	.db #0xff	; 255
    0000001B 00                      72 	.db #0x00	; 0
    0000001C FF                      73 	.db #0xff	; 255
    0000001D 00                      74 	.db #0x00	; 0
    0000001E FF                      75 	.db #0xff	; 255
    0000001F 00                      76 	.db #0x00	; 0
    00000020 FF                      77 	.db #0xff	; 255
    00000021 FF                      78 	.db #0xff	; 255
    00000022 80                      79 	.db #0x80	; 128
    00000023 FF                      80 	.db #0xff	; 255
    00000024 FF                      81 	.db #0xff	; 255
    00000025 80                      82 	.db #0x80	; 128
    00000026 FF                      83 	.db #0xff	; 255
    00000027 80                      84 	.db #0x80	; 128
    00000028 FF                      85 	.db #0xff	; 255
    00000029 80                      86 	.db #0x80	; 128
    0000002A FF                      87 	.db #0xff	; 255
    0000002B 80                      88 	.db #0x80	; 128
    0000002C FF                      89 	.db #0xff	; 255
    0000002D 83                      90 	.db #0x83	; 131
    0000002E FF                      91 	.db #0xff	; 255
    0000002F 9F                      92 	.db #0x9f	; 159
    00000030 FF                      93 	.db #0xff	; 255
    00000031 FF                      94 	.db #0xff	; 255
    00000032 01                      95 	.db #0x01	; 1
    00000033 FF                      96 	.db #0xff	; 255
    00000034 F5                      97 	.db #0xf5	; 245
    00000035 0B                      98 	.db #0x0b	; 11
    00000036 F5                      99 	.db #0xf5	; 245
    00000037 0B                     100 	.db #0x0b	; 11
    00000038 F9                     101 	.db #0xf9	; 249
    00000039 07                     102 	.db #0x07	; 7
    0000003A F5                     103 	.db #0xf5	; 245
    0000003B 0B                     104 	.db #0x0b	; 11
    0000003C F5                     105 	.db #0xf5	; 245
    0000003D 0B                     106 	.db #0x0b	; 11
    0000003E F9                     107 	.db #0xf9	; 249
    0000003F 87                     108 	.db #0x87	; 135
    00000040 BF                     109 	.db #0xbf	; 191
    00000041 C0                     110 	.db #0xc0	; 192
    00000042 9F                     111 	.db #0x9f	; 159
    00000043 E0                     112 	.db #0xe0	; 224
    00000044 BF                     113 	.db #0xbf	; 191
    00000045 C0                     114 	.db #0xc0	; 192
    00000046 9F                     115 	.db #0x9f	; 159
    00000047 E0                     116 	.db #0xe0	; 224
    00000048 BF                     117 	.db #0xbf	; 191
    00000049 C0                     118 	.db #0xc0	; 192
    0000004A 9F                     119 	.db #0x9f	; 159
    0000004B E0                     120 	.db #0xe0	; 224
    0000004C BF                     121 	.db #0xbf	; 191
    0000004D C0                     122 	.db #0xc0	; 192
    0000004E FF                     123 	.db #0xff	; 255
    0000004F FF                     124 	.db #0xff	; 255
    00000050 FF                     125 	.db #0xff	; 255
    00000051 01                     126 	.db #0x01	; 1
    00000052 FF                     127 	.db #0xff	; 255
    00000053 03                     128 	.db #0x03	; 3
    00000054 FF                     129 	.db #0xff	; 255
    00000055 03                     130 	.db #0x03	; 3
    00000056 FF                     131 	.db #0xff	; 255
    00000057 01                     132 	.db #0x01	; 1
    00000058 FF                     133 	.db #0xff	; 255
    00000059 01                     134 	.db #0x01	; 1
    0000005A FF                     135 	.db #0xff	; 255
    0000005B 01                     136 	.db #0x01	; 1
    0000005C FF                     137 	.db #0xff	; 255
    0000005D 00                     138 	.db #0x00	; 0
    0000005E FF                     139 	.db #0xff	; 255
    0000005F FF                     140 	.db #0xff	; 255
    00000060 FF                     141 	.db #0xff	; 255
    00000061 9F                     142 	.db #0x9f	; 159
    00000062 FF                     143 	.db #0xff	; 255
    00000063 83                     144 	.db #0x83	; 131
    00000064 FF                     145 	.db #0xff	; 255
    00000065 80                     146 	.db #0x80	; 128
    00000066 FF                     147 	.db #0xff	; 255
    00000067 80                     148 	.db #0x80	; 128
    00000068 FF                     149 	.db #0xff	; 255
    00000069 80                     150 	.db #0x80	; 128
    0000006A FF                     151 	.db #0xff	; 255
    0000006B 80                     152 	.db #0x80	; 128
    0000006C 80                     153 	.db #0x80	; 128
    0000006D FF                     154 	.db #0xff	; 255
    0000006E FF                     155 	.db #0xff	; 255
    0000006F FF                     156 	.db #0xff	; 255
    00000070 F9                     157 	.db #0xf9	; 249
    00000071 87                     158 	.db #0x87	; 135
    00000072 F5                     159 	.db #0xf5	; 245
    00000073 0B                     160 	.db #0x0b	; 11
    00000074 F5                     161 	.db #0xf5	; 245
    00000075 0B                     162 	.db #0x0b	; 11
    00000076 F9                     163 	.db #0xf9	; 249
    00000077 07                     164 	.db #0x07	; 7
    00000078 F5                     165 	.db #0xf5	; 245
    00000079 0B                     166 	.db #0x0b	; 11
    0000007A F5                     167 	.db #0xf5	; 245
    0000007B 0B                     168 	.db #0x0b	; 11
    0000007C 01                     169 	.db #0x01	; 1
    0000007D FF                     170 	.db #0xff	; 255
    0000007E FF                     171 	.db #0xff	; 255
    0000007F FF                     172 	.db #0xff	; 255
                                    173 	.area _INITIALIZER
                                    174 	.area _CABS (ABS)
