                                      1 ;--------------------------------------------------------
                                      2 ; File Created by SDCC : free open source ISO C Compiler
                                      3 ; Version 4.5.1 #15267 (MINGW64)
                                      4 ;--------------------------------------------------------
                                      5 	.module minimap
                                      6 	
                                      7 ;--------------------------------------------------------
                                      8 ; Public variables in this module
                                      9 ;--------------------------------------------------------
                                     10 	.globl _set_win_tiles
                                     11 	.globl _stats_menu
                                     12 	.globl _map_menu
                                     13 	.globl _Minimap
                                     14 	.globl b_set_map_menu
                                     15 	.globl _set_map_menu
                                     16 	.globl b_empty_map_tiles
                                     17 	.globl _empty_map_tiles
                                     18 ;--------------------------------------------------------
                                     19 ; special function registers
                                     20 ;--------------------------------------------------------
                                     21 	.area _HRAM
                                     22 ;--------------------------------------------------------
                                     23 ; ram data
                                     24 ;--------------------------------------------------------
                                     25 	.area _DATA
                                     26 ;--------------------------------------------------------
                                     27 ; ram data
                                     28 ;--------------------------------------------------------
                                     29 	.area _INITIALIZED
                                     30 ;--------------------------------------------------------
                                     31 ; absolute external ram data
                                     32 ;--------------------------------------------------------
                                     33 	.area _DABS (ABS)
                                     34 ;--------------------------------------------------------
                                     35 ; global & static initialisations
                                     36 ;--------------------------------------------------------
                                     37 	.area _HOME
                                     38 	.area _GSINIT
                                     39 	.area _GSFINAL
                                     40 	.area _GSINIT
                                     41 ;--------------------------------------------------------
                                     42 ; Home
                                     43 ;--------------------------------------------------------
                                     44 	.area _HOME
                                     45 	.area _HOME
                                     46 ;--------------------------------------------------------
                                     47 ; code
                                     48 ;--------------------------------------------------------
                                     49 	.area _CODE_3
                                     50 ;src/tiles/minimap.c:101: void set_map_menu() BANKED {
                                     51 ;	---------------------------------
                                     52 ; Function set_map_menu
                                     53 ; ---------------------------------
                         00000003    54 	b_set_map_menu	= 3
    00000000                         55 _set_map_menu::
    00000000 3B               [ 8]   56 	dec	sp
                                     57 ;src/tiles/minimap.c:102: uint8_t p_pos = 124;
    00000001 F8 00            [12]   58 	ldhl	sp,	#0
    00000003 36 7C            [12]   59 	ld	(hl), #0x7c
                                     60 ;src/tiles/minimap.c:103: if (current_location == 1) {
    00000005 FAr00r00         [16]   61 	ld	a, (#_current_location)
                                     62 ;src/tiles/minimap.c:104: for (uint8_t i = 0; i<4; i++) {
    00000008 3D               [ 4]   63 	dec	a
    00000009 20 4C            [12]   64 	jr	NZ, 00107$
    0000000B 4F               [ 4]   65 	ld	c, a
    0000000C                         66 00114$:
    0000000C 79               [ 4]   67 	ld	a, c
    0000000D D6 04            [ 8]   68 	sub	a, #0x04
    0000000F 30 46            [12]   69 	jr	NC, 00107$
                                     70 ;src/tiles/minimap.c:105: for (uint8_t j = 0; j<4; j++) {
    00000011 06 00            [ 8]   71 	ld	b, #0x00
    00000013                         72 00111$:
    00000013 78               [ 4]   73 	ld	a, b
    00000014 D6 04            [ 8]   74 	sub	a, #0x04
    00000016 30 3C            [12]   75 	jr	NC, 00115$
                                     76 ;src/tiles/minimap.c:106: if (doors[i][j] == 0) {
    00000018 69               [ 4]   77 	ld	l, c
    00000019 AF               [ 4]   78 	xor	a, a
    0000001A 67               [ 4]   79 	ld	h, a
    0000001B 29               [ 8]   80 	add	hl, hl
    0000001C 29               [ 8]   81 	add	hl, hl
    0000001D 11r00r00         [12]   82 	ld	de, #_doors
    00000020 19               [ 8]   83 	add	hl, de
    00000021 58               [ 4]   84 	ld	e, b
    00000022 16 00            [ 8]   85 	ld	d, #0x00
    00000024 19               [ 8]   86 	add	hl, de
    00000025 6E               [ 8]   87 	ld	l, (hl)
                                     88 ;src/tiles/minimap.c:107: map[j][i] = 123;
    00000026 78               [ 4]   89 	ld	a, b
    00000027 26 00            [ 8]   90 	ld	h, #0x00
    00000029 87               [ 4]   91 	add	a, a
    0000002A CB 14            [ 8]   92 	rl	h
    0000002C 87               [ 4]   93 	add	a, a
    0000002D CB 14            [ 8]   94 	rl	h
                                     95 ;src/tiles/minimap.c:106: if (doors[i][j] == 0) {
    0000002F 2C               [ 4]   96 	inc	l
    00000030 2D               [ 4]   97 	dec	l
    00000031 20 0D            [12]   98 	jr	NZ, 00102$
                                     99 ;src/tiles/minimap.c:107: map[j][i] = 123;
    00000033 6F               [ 4]  100 	ld	l, a
    00000034 11r00r00         [12]  101 	ld	de, #_map
    00000037 19               [ 8]  102 	add	hl, de
    00000038 59               [ 4]  103 	ld	e, c
    00000039 16 00            [ 8]  104 	ld	d, #0x00
    0000003B 19               [ 8]  105 	add	hl, de
    0000003C 36 7B            [12]  106 	ld	(hl), #0x7b
    0000003E 18 11            [12]  107 	jr	00112$
    00000040                        108 00102$:
                                    109 ;src/tiles/minimap.c:110: map[j][i] = 107 + doors[i][j];
    00000040 C6r00            [ 8]  110 	add	a, #<(_map)
    00000042 5F               [ 4]  111 	ld	e, a
    00000043 7C               [ 4]  112 	ld	a, h
    00000044 CEs00            [ 8]  113 	adc	a, #>(_map)
    00000046 57               [ 4]  114 	ld	d, a
    00000047 7B               [ 4]  115 	ld	a, e
    00000048 81               [ 4]  116 	add	a, c
    00000049 5F               [ 4]  117 	ld	e, a
    0000004A 30 01            [12]  118 	jr	NC, 00172$
    0000004C 14               [ 4]  119 	inc	d
    0000004D                        120 00172$:
    0000004D 7D               [ 4]  121 	ld	a, l
    0000004E C6 6B            [ 8]  122 	add	a, #0x6b
    00000050 12               [ 8]  123 	ld	(de), a
    00000051                        124 00112$:
                                    125 ;src/tiles/minimap.c:105: for (uint8_t j = 0; j<4; j++) {
    00000051 04               [ 4]  126 	inc	b
    00000052 18 BF            [12]  127 	jr	00111$
    00000054                        128 00115$:
                                    129 ;src/tiles/minimap.c:104: for (uint8_t i = 0; i<4; i++) {
    00000054 0C               [ 4]  130 	inc	c
    00000055 18 B5            [12]  131 	jr	00114$
    00000057                        132 00107$:
                                    133 ;src/tiles/minimap.c:115: set_win_tiles(13, 11, 4, 4, (uint8_t *)map);
    00000057 11r00r00         [12]  134 	ld	de, #_map
    0000005A D5               [16]  135 	push	de
    0000005B 21 04 04         [12]  136 	ld	hl, #0x404
    0000005E E5               [16]  137 	push	hl
    0000005F 21 0D 0B         [12]  138 	ld	hl, #0xb0d
    00000062 E5               [16]  139 	push	hl
    00000063 CDr00r00         [24]  140 	call	_set_win_tiles
    00000066 E8 06            [16]  141 	add	sp, #6
                                    142 ;src/tiles/minimap.c:116: if (current_location == 1) {
    00000068 FAr00r00         [16]  143 	ld	a, (#_current_location)
    0000006B 3D               [ 4]  144 	dec	a
    0000006C 20 22            [12]  145 	jr	NZ, 00116$
                                    146 ;src/tiles/minimap.c:117: set_win_tiles(13+player_coords.x, 11+player_coords.y, 1, 1, &p_pos);
    0000006E FAr01r00         [16]  147 	ld	a, (#(_player_coords + 1) + 0)
    00000071 C6 0B            [ 8]  148 	add	a, #0x0b
    00000073 4F               [ 4]  149 	ld	c, a
    00000074 FAr00r00         [16]  150 	ld	a, (#_player_coords + 0)
    00000077 C6 0D            [ 8]  151 	add	a, #0x0d
    00000079 21 00 00         [12]  152 	ld	hl, #0
    0000007C 39               [ 8]  153 	add	hl, sp
    0000007D E5               [16]  154 	push	hl
    0000007E 26 01            [ 8]  155 	ld	h, #0x01
    00000080 E5               [16]  156 	push	hl
    00000081 33               [ 8]  157 	inc	sp
    00000082 26 01            [ 8]  158 	ld	h, #0x01
    00000084 E5               [16]  159 	push	hl
    00000085 33               [ 8]  160 	inc	sp
    00000086 61               [ 4]  161 	ld	h, c
    00000087 E5               [16]  162 	push	hl
    00000088 33               [ 8]  163 	inc	sp
    00000089 F5               [16]  164 	push	af
    0000008A 33               [ 8]  165 	inc	sp
    0000008B CDr00r00         [24]  166 	call	_set_win_tiles
    0000008E E8 06            [16]  167 	add	sp, #6
    00000090                        168 00116$:
                                    169 ;src/tiles/minimap.c:119: }
    00000090 33               [ 8]  170 	inc	sp
    00000091 C9               [16]  171 	ret
    00000092                        172 _Minimap:
    00000092 FF                     173 	.db #0xff	; 255
    00000093 E7                     174 	.db #0xe7	; 231
    00000094 FF                     175 	.db #0xff	; 255
    00000095 81                     176 	.db #0x81	; 129
    00000096 FF                     177 	.db #0xff	; 255
    00000097 81                     178 	.db #0x81	; 129
    00000098 FF                     179 	.db #0xff	; 255
    00000099 81                     180 	.db #0x81	; 129
    0000009A FF                     181 	.db #0xff	; 255
    0000009B 81                     182 	.db #0x81	; 129
    0000009C FF                     183 	.db #0xff	; 255
    0000009D 81                     184 	.db #0x81	; 129
    0000009E FF                     185 	.db #0xff	; 255
    0000009F 81                     186 	.db #0x81	; 129
    000000A0 FF                     187 	.db #0xff	; 255
    000000A1 FF                     188 	.db #0xff	; 255
    000000A2 FF                     189 	.db #0xff	; 255
    000000A3 FF                     190 	.db #0xff	; 255
    000000A4 FF                     191 	.db #0xff	; 255
    000000A5 81                     192 	.db #0x81	; 129
    000000A6 FF                     193 	.db #0xff	; 255
    000000A7 81                     194 	.db #0x81	; 129
    000000A8 FF                     195 	.db #0xff	; 255
    000000A9 80                     196 	.db #0x80	; 128
    000000AA FF                     197 	.db #0xff	; 255
    000000AB 80                     198 	.db #0x80	; 128
    000000AC FF                     199 	.db #0xff	; 255
    000000AD 81                     200 	.db #0x81	; 129
    000000AE FF                     201 	.db #0xff	; 255
    000000AF 81                     202 	.db #0x81	; 129
    000000B0 FF                     203 	.db #0xff	; 255
    000000B1 FF                     204 	.db #0xff	; 255
    000000B2 FF                     205 	.db #0xff	; 255
    000000B3 E7                     206 	.db #0xe7	; 231
    000000B4 FF                     207 	.db #0xff	; 255
    000000B5 81                     208 	.db #0x81	; 129
    000000B6 FF                     209 	.db #0xff	; 255
    000000B7 81                     210 	.db #0x81	; 129
    000000B8 FF                     211 	.db #0xff	; 255
    000000B9 80                     212 	.db #0x80	; 128
    000000BA FF                     213 	.db #0xff	; 255
    000000BB 80                     214 	.db #0x80	; 128
    000000BC FF                     215 	.db #0xff	; 255
    000000BD 81                     216 	.db #0x81	; 129
    000000BE FF                     217 	.db #0xff	; 255
    000000BF 81                     218 	.db #0x81	; 129
    000000C0 FF                     219 	.db #0xff	; 255
    000000C1 FF                     220 	.db #0xff	; 255
    000000C2 FF                     221 	.db #0xff	; 255
    000000C3 FF                     222 	.db #0xff	; 255
    000000C4 FF                     223 	.db #0xff	; 255
    000000C5 81                     224 	.db #0x81	; 129
    000000C6 FF                     225 	.db #0xff	; 255
    000000C7 81                     226 	.db #0x81	; 129
    000000C8 FF                     227 	.db #0xff	; 255
    000000C9 81                     228 	.db #0x81	; 129
    000000CA FF                     229 	.db #0xff	; 255
    000000CB 81                     230 	.db #0x81	; 129
    000000CC FF                     231 	.db #0xff	; 255
    000000CD 81                     232 	.db #0x81	; 129
    000000CE FF                     233 	.db #0xff	; 255
    000000CF 81                     234 	.db #0x81	; 129
    000000D0 FF                     235 	.db #0xff	; 255
    000000D1 E7                     236 	.db #0xe7	; 231
    000000D2 FF                     237 	.db #0xff	; 255
    000000D3 E7                     238 	.db #0xe7	; 231
    000000D4 FF                     239 	.db #0xff	; 255
    000000D5 81                     240 	.db #0x81	; 129
    000000D6 FF                     241 	.db #0xff	; 255
    000000D7 81                     242 	.db #0x81	; 129
    000000D8 FF                     243 	.db #0xff	; 255
    000000D9 81                     244 	.db #0x81	; 129
    000000DA FF                     245 	.db #0xff	; 255
    000000DB 81                     246 	.db #0x81	; 129
    000000DC FF                     247 	.db #0xff	; 255
    000000DD 81                     248 	.db #0x81	; 129
    000000DE FF                     249 	.db #0xff	; 255
    000000DF 81                     250 	.db #0x81	; 129
    000000E0 FF                     251 	.db #0xff	; 255
    000000E1 E7                     252 	.db #0xe7	; 231
    000000E2 FF                     253 	.db #0xff	; 255
    000000E3 FF                     254 	.db #0xff	; 255
    000000E4 FF                     255 	.db #0xff	; 255
    000000E5 81                     256 	.db #0x81	; 129
    000000E6 FF                     257 	.db #0xff	; 255
    000000E7 81                     258 	.db #0x81	; 129
    000000E8 FF                     259 	.db #0xff	; 255
    000000E9 80                     260 	.db #0x80	; 128
    000000EA FF                     261 	.db #0xff	; 255
    000000EB 80                     262 	.db #0x80	; 128
    000000EC FF                     263 	.db #0xff	; 255
    000000ED 81                     264 	.db #0x81	; 129
    000000EE FF                     265 	.db #0xff	; 255
    000000EF 81                     266 	.db #0x81	; 129
    000000F0 FF                     267 	.db #0xff	; 255
    000000F1 E7                     268 	.db #0xe7	; 231
    000000F2 FF                     269 	.db #0xff	; 255
    000000F3 E7                     270 	.db #0xe7	; 231
    000000F4 FF                     271 	.db #0xff	; 255
    000000F5 81                     272 	.db #0x81	; 129
    000000F6 FF                     273 	.db #0xff	; 255
    000000F7 81                     274 	.db #0x81	; 129
    000000F8 FF                     275 	.db #0xff	; 255
    000000F9 80                     276 	.db #0x80	; 128
    000000FA FF                     277 	.db #0xff	; 255
    000000FB 80                     278 	.db #0x80	; 128
    000000FC FF                     279 	.db #0xff	; 255
    000000FD 81                     280 	.db #0x81	; 129
    000000FE FF                     281 	.db #0xff	; 255
    000000FF 81                     282 	.db #0x81	; 129
    00000100 FF                     283 	.db #0xff	; 255
    00000101 E7                     284 	.db #0xe7	; 231
    00000102 FF                     285 	.db #0xff	; 255
    00000103 FF                     286 	.db #0xff	; 255
    00000104 FF                     287 	.db #0xff	; 255
    00000105 81                     288 	.db #0x81	; 129
    00000106 FF                     289 	.db #0xff	; 255
    00000107 81                     290 	.db #0x81	; 129
    00000108 FF                     291 	.db #0xff	; 255
    00000109 01                     292 	.db #0x01	; 1
    0000010A FF                     293 	.db #0xff	; 255
    0000010B 01                     294 	.db #0x01	; 1
    0000010C FF                     295 	.db #0xff	; 255
    0000010D 81                     296 	.db #0x81	; 129
    0000010E FF                     297 	.db #0xff	; 255
    0000010F 81                     298 	.db #0x81	; 129
    00000110 FF                     299 	.db #0xff	; 255
    00000111 FF                     300 	.db #0xff	; 255
    00000112 FF                     301 	.db #0xff	; 255
    00000113 E7                     302 	.db #0xe7	; 231
    00000114 FF                     303 	.db #0xff	; 255
    00000115 81                     304 	.db #0x81	; 129
    00000116 FF                     305 	.db #0xff	; 255
    00000117 81                     306 	.db #0x81	; 129
    00000118 FF                     307 	.db #0xff	; 255
    00000119 01                     308 	.db #0x01	; 1
    0000011A FF                     309 	.db #0xff	; 255
    0000011B 01                     310 	.db #0x01	; 1
    0000011C FF                     311 	.db #0xff	; 255
    0000011D 81                     312 	.db #0x81	; 129
    0000011E FF                     313 	.db #0xff	; 255
    0000011F 81                     314 	.db #0x81	; 129
    00000120 FF                     315 	.db #0xff	; 255
    00000121 FF                     316 	.db #0xff	; 255
    00000122 FF                     317 	.db #0xff	; 255
    00000123 FF                     318 	.db #0xff	; 255
    00000124 FF                     319 	.db #0xff	; 255
    00000125 81                     320 	.db #0x81	; 129
    00000126 FF                     321 	.db #0xff	; 255
    00000127 81                     322 	.db #0x81	; 129
    00000128 FF                     323 	.db #0xff	; 255
    00000129 00                     324 	.db #0x00	; 0
    0000012A FF                     325 	.db #0xff	; 255
    0000012B 00                     326 	.db #0x00	; 0
    0000012C FF                     327 	.db #0xff	; 255
    0000012D 81                     328 	.db #0x81	; 129
    0000012E FF                     329 	.db #0xff	; 255
    0000012F 81                     330 	.db #0x81	; 129
    00000130 FF                     331 	.db #0xff	; 255
    00000131 FF                     332 	.db #0xff	; 255
    00000132 FF                     333 	.db #0xff	; 255
    00000133 E7                     334 	.db #0xe7	; 231
    00000134 FF                     335 	.db #0xff	; 255
    00000135 81                     336 	.db #0x81	; 129
    00000136 FF                     337 	.db #0xff	; 255
    00000137 81                     338 	.db #0x81	; 129
    00000138 FF                     339 	.db #0xff	; 255
    00000139 00                     340 	.db #0x00	; 0
    0000013A FF                     341 	.db #0xff	; 255
    0000013B 00                     342 	.db #0x00	; 0
    0000013C FF                     343 	.db #0xff	; 255
    0000013D 81                     344 	.db #0x81	; 129
    0000013E FF                     345 	.db #0xff	; 255
    0000013F 81                     346 	.db #0x81	; 129
    00000140 FF                     347 	.db #0xff	; 255
    00000141 FF                     348 	.db #0xff	; 255
    00000142 FF                     349 	.db #0xff	; 255
    00000143 FF                     350 	.db #0xff	; 255
    00000144 FF                     351 	.db #0xff	; 255
    00000145 81                     352 	.db #0x81	; 129
    00000146 FF                     353 	.db #0xff	; 255
    00000147 81                     354 	.db #0x81	; 129
    00000148 FF                     355 	.db #0xff	; 255
    00000149 01                     356 	.db #0x01	; 1
    0000014A FF                     357 	.db #0xff	; 255
    0000014B 01                     358 	.db #0x01	; 1
    0000014C FF                     359 	.db #0xff	; 255
    0000014D 81                     360 	.db #0x81	; 129
    0000014E FF                     361 	.db #0xff	; 255
    0000014F 81                     362 	.db #0x81	; 129
    00000150 FF                     363 	.db #0xff	; 255
    00000151 E7                     364 	.db #0xe7	; 231
    00000152 FF                     365 	.db #0xff	; 255
    00000153 E7                     366 	.db #0xe7	; 231
    00000154 FF                     367 	.db #0xff	; 255
    00000155 81                     368 	.db #0x81	; 129
    00000156 FF                     369 	.db #0xff	; 255
    00000157 81                     370 	.db #0x81	; 129
    00000158 FF                     371 	.db #0xff	; 255
    00000159 01                     372 	.db #0x01	; 1
    0000015A FF                     373 	.db #0xff	; 255
    0000015B 01                     374 	.db #0x01	; 1
    0000015C FF                     375 	.db #0xff	; 255
    0000015D 81                     376 	.db #0x81	; 129
    0000015E FF                     377 	.db #0xff	; 255
    0000015F 81                     378 	.db #0x81	; 129
    00000160 FF                     379 	.db #0xff	; 255
    00000161 E7                     380 	.db #0xe7	; 231
    00000162 FF                     381 	.db #0xff	; 255
    00000163 FF                     382 	.db #0xff	; 255
    00000164 FF                     383 	.db #0xff	; 255
    00000165 81                     384 	.db #0x81	; 129
    00000166 FF                     385 	.db #0xff	; 255
    00000167 81                     386 	.db #0x81	; 129
    00000168 FF                     387 	.db #0xff	; 255
    00000169 00                     388 	.db #0x00	; 0
    0000016A FF                     389 	.db #0xff	; 255
    0000016B 00                     390 	.db #0x00	; 0
    0000016C FF                     391 	.db #0xff	; 255
    0000016D 81                     392 	.db #0x81	; 129
    0000016E FF                     393 	.db #0xff	; 255
    0000016F 81                     394 	.db #0x81	; 129
    00000170 FF                     395 	.db #0xff	; 255
    00000171 E7                     396 	.db #0xe7	; 231
    00000172 FF                     397 	.db #0xff	; 255
    00000173 E7                     398 	.db #0xe7	; 231
    00000174 FF                     399 	.db #0xff	; 255
    00000175 81                     400 	.db #0x81	; 129
    00000176 FF                     401 	.db #0xff	; 255
    00000177 81                     402 	.db #0x81	; 129
    00000178 FF                     403 	.db #0xff	; 255
    00000179 00                     404 	.db #0x00	; 0
    0000017A FF                     405 	.db #0xff	; 255
    0000017B 00                     406 	.db #0x00	; 0
    0000017C FF                     407 	.db #0xff	; 255
    0000017D 81                     408 	.db #0x81	; 129
    0000017E FF                     409 	.db #0xff	; 255
    0000017F 81                     410 	.db #0x81	; 129
    00000180 FF                     411 	.db #0xff	; 255
    00000181 E7                     412 	.db #0xe7	; 231
    00000182 FF                     413 	.db #0xff	; 255
    00000183 FF                     414 	.db #0xff	; 255
    00000184 81                     415 	.db #0x81	; 129
    00000185 FF                     416 	.db #0xff	; 255
    00000186 81                     417 	.db #0x81	; 129
    00000187 FF                     418 	.db #0xff	; 255
    00000188 81                     419 	.db #0x81	; 129
    00000189 FF                     420 	.db #0xff	; 255
    0000018A 81                     421 	.db #0x81	; 129
    0000018B FF                     422 	.db #0xff	; 255
    0000018C 81                     423 	.db #0x81	; 129
    0000018D FF                     424 	.db #0xff	; 255
    0000018E 81                     425 	.db #0x81	; 129
    0000018F FF                     426 	.db #0xff	; 255
    00000190 FF                     427 	.db #0xff	; 255
    00000191 FF                     428 	.db #0xff	; 255
    00000192 FF                     429 	.db #0xff	; 255
    00000193 00                     430 	.db #0x00	; 0
    00000194 E7                     431 	.db #0xe7	; 231
    00000195 00                     432 	.db #0x00	; 0
    00000196 DB                     433 	.db #0xdb	; 219
    00000197 00                     434 	.db #0x00	; 0
    00000198 A5                     435 	.db #0xa5	; 165
    00000199 00                     436 	.db #0x00	; 0
    0000019A A5                     437 	.db #0xa5	; 165
    0000019B 00                     438 	.db #0x00	; 0
    0000019C DB                     439 	.db #0xdb	; 219
    0000019D 00                     440 	.db #0x00	; 0
    0000019E E7                     441 	.db #0xe7	; 231
    0000019F 00                     442 	.db #0x00	; 0
    000001A0 FF                     443 	.db #0xff	; 255
    000001A1 00                     444 	.db #0x00	; 0
    000001A2                        445 _map_menu:
    000001A2 B3                     446 	.db #0xb3	; 179
    000001A3 B4                     447 	.db #0xb4	; 180
    000001A4 B4                     448 	.db #0xb4	; 180
    000001A5 B4                     449 	.db #0xb4	; 180
    000001A6 B4                     450 	.db #0xb4	; 180
    000001A7 B4                     451 	.db #0xb4	; 180
    000001A8 B4                     452 	.db #0xb4	; 180
    000001A9 B4                     453 	.db #0xb4	; 180
    000001AA B4                     454 	.db #0xb4	; 180
    000001AB B4                     455 	.db #0xb4	; 180
    000001AC B4                     456 	.db #0xb4	; 180
    000001AD B4                     457 	.db #0xb4	; 180
    000001AE B4                     458 	.db #0xb4	; 180
    000001AF B4                     459 	.db #0xb4	; 180
    000001B0 B4                     460 	.db #0xb4	; 180
    000001B1 B4                     461 	.db #0xb4	; 180
    000001B2 B4                     462 	.db #0xb4	; 180
    000001B3 B4                     463 	.db #0xb4	; 180
    000001B4 B4                     464 	.db #0xb4	; 180
    000001B5 B5                     465 	.db #0xb5	; 181
    000001B6 BA                     466 	.db #0xba	; 186
    000001B7 BB                     467 	.db #0xbb	; 187
    000001B8 BB                     468 	.db #0xbb	; 187
    000001B9 BB                     469 	.db #0xbb	; 187
    000001BA BB                     470 	.db #0xbb	; 187
    000001BB BB                     471 	.db #0xbb	; 187
    000001BC A4                     472 	.db #0xa4	; 164
    000001BD A4                     473 	.db #0xa4	; 164
    000001BE 8C                     474 	.db #0x8c	; 140
    000001BF 84                     475 	.db #0x84	; 132
    000001C0 8D                     476 	.db #0x8d	; 141
    000001C1 94                     477 	.db #0x94	; 148
    000001C2 A4                     478 	.db #0xa4	; 164
    000001C3 A4                     479 	.db #0xa4	; 164
    000001C4 BB                     480 	.db #0xbb	; 187
    000001C5 BB                     481 	.db #0xbb	; 187
    000001C6 BB                     482 	.db #0xbb	; 187
    000001C7 BB                     483 	.db #0xbb	; 187
    000001C8 BB                     484 	.db #0xbb	; 187
    000001C9 B6                     485 	.db #0xb6	; 182
    000001CA BA                     486 	.db #0xba	; 186
    000001CB BB                     487 	.db #0xbb	; 187
    000001CC BB                     488 	.db #0xbb	; 187
    000001CD BB                     489 	.db #0xbb	; 187
    000001CE BB                     490 	.db #0xbb	; 187
    000001CF BB                     491 	.db #0xbb	; 187
    000001D0 BB                     492 	.db #0xbb	; 187
    000001D1 BB                     493 	.db #0xbb	; 187
    000001D2 BB                     494 	.db #0xbb	; 187
    000001D3 BB                     495 	.db #0xbb	; 187
    000001D4 BB                     496 	.db #0xbb	; 187
    000001D5 BB                     497 	.db #0xbb	; 187
    000001D6 BB                     498 	.db #0xbb	; 187
    000001D7 BB                     499 	.db #0xbb	; 187
    000001D8 BB                     500 	.db #0xbb	; 187
    000001D9 BB                     501 	.db #0xbb	; 187
    000001DA BB                     502 	.db #0xbb	; 187
    000001DB BB                     503 	.db #0xbb	; 187
    000001DC BB                     504 	.db #0xbb	; 187
    000001DD B6                     505 	.db #0xb6	; 182
    000001DE BA                     506 	.db #0xba	; 186
    000001DF BB                     507 	.db #0xbb	; 187
    000001E0 BB                     508 	.db #0xbb	; 187
    000001E1 BB                     509 	.db #0xbb	; 187
    000001E2 BB                     510 	.db #0xbb	; 187
    000001E3 BB                     511 	.db #0xbb	; 187
    000001E4 BB                     512 	.db #0xbb	; 187
    000001E5 BB                     513 	.db #0xbb	; 187
    000001E6 BB                     514 	.db #0xbb	; 187
    000001E7 BB                     515 	.db #0xbb	; 187
    000001E8 BB                     516 	.db #0xbb	; 187
    000001E9 BB                     517 	.db #0xbb	; 187
    000001EA BB                     518 	.db #0xbb	; 187
    000001EB BB                     519 	.db #0xbb	; 187
    000001EC BB                     520 	.db #0xbb	; 187
    000001ED BB                     521 	.db #0xbb	; 187
    000001EE BB                     522 	.db #0xbb	; 187
    000001EF BB                     523 	.db #0xbb	; 187
    000001F0 BB                     524 	.db #0xbb	; 187
    000001F1 B6                     525 	.db #0xb6	; 182
    000001F2 BA                     526 	.db #0xba	; 186
    000001F3 BB                     527 	.db #0xbb	; 187
    000001F4 BB                     528 	.db #0xbb	; 187
    000001F5 82                     529 	.db #0x82	; 130
    000001F6 8E                     530 	.db #0x8e	; 142
    000001F7 8D                     531 	.db #0x8d	; 141
    000001F8 93                     532 	.db #0x93	; 147
    000001F9 88                     533 	.db #0x88	; 136
    000001FA 8D                     534 	.db #0x8d	; 141
    000001FB 94                     535 	.db #0x94	; 148
    000001FC 80                     536 	.db #0x80	; 128
    000001FD BB                     537 	.db #0xbb	; 187
    000001FE BB                     538 	.db #0xbb	; 187
    000001FF BB                     539 	.db #0xbb	; 187
    00000200 BB                     540 	.db #0xbb	; 187
    00000201 BB                     541 	.db #0xbb	; 187
    00000202 BB                     542 	.db #0xbb	; 187
    00000203 BB                     543 	.db #0xbb	; 187
    00000204 BB                     544 	.db #0xbb	; 187
    00000205 B6                     545 	.db #0xb6	; 182
    00000206 BA                     546 	.db #0xba	; 186
    00000207 BB                     547 	.db #0xbb	; 187
    00000208 BB                     548 	.db #0xbb	; 187
    00000209 BB                     549 	.db #0xbb	; 187
    0000020A BB                     550 	.db #0xbb	; 187
    0000020B BB                     551 	.db #0xbb	; 187
    0000020C BB                     552 	.db #0xbb	; 187
    0000020D BB                     553 	.db #0xbb	; 187
    0000020E BB                     554 	.db #0xbb	; 187
    0000020F BB                     555 	.db #0xbb	; 187
    00000210 BB                     556 	.db #0xbb	; 187
    00000211 BB                     557 	.db #0xbb	; 187
    00000212 BB                     558 	.db #0xbb	; 187
    00000213 BB                     559 	.db #0xbb	; 187
    00000214 BB                     560 	.db #0xbb	; 187
    00000215 BB                     561 	.db #0xbb	; 187
    00000216 BB                     562 	.db #0xbb	; 187
    00000217 BB                     563 	.db #0xbb	; 187
    00000218 BB                     564 	.db #0xbb	; 187
    00000219 B6                     565 	.db #0xb6	; 182
    0000021A BA                     566 	.db #0xba	; 186
    0000021B BB                     567 	.db #0xbb	; 187
    0000021C BB                     568 	.db #0xbb	; 187
    0000021D BB                     569 	.db #0xbb	; 187
    0000021E BB                     570 	.db #0xbb	; 187
    0000021F BB                     571 	.db #0xbb	; 187
    00000220 BB                     572 	.db #0xbb	; 187
    00000221 BB                     573 	.db #0xbb	; 187
    00000222 BB                     574 	.db #0xbb	; 187
    00000223 BB                     575 	.db #0xbb	; 187
    00000224 BB                     576 	.db #0xbb	; 187
    00000225 BB                     577 	.db #0xbb	; 187
    00000226 BB                     578 	.db #0xbb	; 187
    00000227 BB                     579 	.db #0xbb	; 187
    00000228 BB                     580 	.db #0xbb	; 187
    00000229 BB                     581 	.db #0xbb	; 187
    0000022A BB                     582 	.db #0xbb	; 187
    0000022B BB                     583 	.db #0xbb	; 187
    0000022C BB                     584 	.db #0xbb	; 187
    0000022D B6                     585 	.db #0xb6	; 182
    0000022E BA                     586 	.db #0xba	; 186
    0000022F BB                     587 	.db #0xbb	; 187
    00000230 BB                     588 	.db #0xbb	; 187
    00000231 92                     589 	.db #0x92	; 146
    00000232 93                     590 	.db #0x93	; 147
    00000233 80                     591 	.db #0x80	; 128
    00000234 93                     592 	.db #0x93	; 147
    00000235 88                     593 	.db #0x88	; 136
    00000236 92                     594 	.db #0x92	; 146
    00000237 93                     595 	.db #0x93	; 147
    00000238 88                     596 	.db #0x88	; 136
    00000239 82                     597 	.db #0x82	; 130
    0000023A 87                     598 	.db #0x87	; 135
    0000023B 84                     599 	.db #0x84	; 132
    0000023C BB                     600 	.db #0xbb	; 187
    0000023D BB                     601 	.db #0xbb	; 187
    0000023E BB                     602 	.db #0xbb	; 187
    0000023F BB                     603 	.db #0xbb	; 187
    00000240 BB                     604 	.db #0xbb	; 187
    00000241 B6                     605 	.db #0xb6	; 182
    00000242 BA                     606 	.db #0xba	; 186
    00000243 BB                     607 	.db #0xbb	; 187
    00000244 BB                     608 	.db #0xbb	; 187
    00000245 BB                     609 	.db #0xbb	; 187
    00000246 BB                     610 	.db #0xbb	; 187
    00000247 BB                     611 	.db #0xbb	; 187
    00000248 BB                     612 	.db #0xbb	; 187
    00000249 BB                     613 	.db #0xbb	; 187
    0000024A BB                     614 	.db #0xbb	; 187
    0000024B BB                     615 	.db #0xbb	; 187
    0000024C BB                     616 	.db #0xbb	; 187
    0000024D BB                     617 	.db #0xbb	; 187
    0000024E BB                     618 	.db #0xbb	; 187
    0000024F BB                     619 	.db #0xbb	; 187
    00000250 BB                     620 	.db #0xbb	; 187
    00000251 BB                     621 	.db #0xbb	; 187
    00000252 BB                     622 	.db #0xbb	; 187
    00000253 BB                     623 	.db #0xbb	; 187
    00000254 BB                     624 	.db #0xbb	; 187
    00000255 B6                     625 	.db #0xb6	; 182
    00000256 BA                     626 	.db #0xba	; 186
    00000257 BB                     627 	.db #0xbb	; 187
    00000258 BB                     628 	.db #0xbb	; 187
    00000259 BB                     629 	.db #0xbb	; 187
    0000025A BB                     630 	.db #0xbb	; 187
    0000025B BB                     631 	.db #0xbb	; 187
    0000025C BB                     632 	.db #0xbb	; 187
    0000025D BB                     633 	.db #0xbb	; 187
    0000025E BB                     634 	.db #0xbb	; 187
    0000025F BB                     635 	.db #0xbb	; 187
    00000260 BB                     636 	.db #0xbb	; 187
    00000261 BB                     637 	.db #0xbb	; 187
    00000262 BB                     638 	.db #0xbb	; 187
    00000263 BB                     639 	.db #0xbb	; 187
    00000264 BB                     640 	.db #0xbb	; 187
    00000265 BB                     641 	.db #0xbb	; 187
    00000266 BB                     642 	.db #0xbb	; 187
    00000267 BB                     643 	.db #0xbb	; 187
    00000268 BB                     644 	.db #0xbb	; 187
    00000269 B6                     645 	.db #0xb6	; 182
    0000026A BA                     646 	.db #0xba	; 186
    0000026B BB                     647 	.db #0xbb	; 187
    0000026C BB                     648 	.db #0xbb	; 187
    0000026D 84                     649 	.db #0x84	; 132
    0000026E 92                     650 	.db #0x92	; 146
    0000026F 82                     651 	.db #0x82	; 130
    00000270 88                     652 	.db #0x88	; 136
    00000271 BB                     653 	.db #0xbb	; 187
    00000272 BB                     654 	.db #0xbb	; 187
    00000273 BB                     655 	.db #0xbb	; 187
    00000274 BB                     656 	.db #0xbb	; 187
    00000275 BB                     657 	.db #0xbb	; 187
    00000276 B3                     658 	.db #0xb3	; 179
    00000277 B4                     659 	.db #0xb4	; 180
    00000278 B4                     660 	.db #0xb4	; 180
    00000279 B4                     661 	.db #0xb4	; 180
    0000027A B4                     662 	.db #0xb4	; 180
    0000027B B5                     663 	.db #0xb5	; 181
    0000027C BB                     664 	.db #0xbb	; 187
    0000027D B6                     665 	.db #0xb6	; 182
    0000027E BA                     666 	.db #0xba	; 186
    0000027F BB                     667 	.db #0xbb	; 187
    00000280 BB                     668 	.db #0xbb	; 187
    00000281 BB                     669 	.db #0xbb	; 187
    00000282 BB                     670 	.db #0xbb	; 187
    00000283 BB                     671 	.db #0xbb	; 187
    00000284 BB                     672 	.db #0xbb	; 187
    00000285 BB                     673 	.db #0xbb	; 187
    00000286 BB                     674 	.db #0xbb	; 187
    00000287 BB                     675 	.db #0xbb	; 187
    00000288 BB                     676 	.db #0xbb	; 187
    00000289 BB                     677 	.db #0xbb	; 187
    0000028A BA                     678 	.db #0xba	; 186
    0000028B 7B                     679 	.db #0x7b	; 123
    0000028C 7B                     680 	.db #0x7b	; 123
    0000028D 7B                     681 	.db #0x7b	; 123
    0000028E 7B                     682 	.db #0x7b	; 123
    0000028F B6                     683 	.db #0xb6	; 182
    00000290 BB                     684 	.db #0xbb	; 187
    00000291 B6                     685 	.db #0xb6	; 182
    00000292 BA                     686 	.db #0xba	; 186
    00000293 BB                     687 	.db #0xbb	; 187
    00000294 BB                     688 	.db #0xbb	; 187
    00000295 BB                     689 	.db #0xbb	; 187
    00000296 BB                     690 	.db #0xbb	; 187
    00000297 BB                     691 	.db #0xbb	; 187
    00000298 BB                     692 	.db #0xbb	; 187
    00000299 BB                     693 	.db #0xbb	; 187
    0000029A BB                     694 	.db #0xbb	; 187
    0000029B BB                     695 	.db #0xbb	; 187
    0000029C BB                     696 	.db #0xbb	; 187
    0000029D BB                     697 	.db #0xbb	; 187
    0000029E BA                     698 	.db #0xba	; 186
    0000029F 7B                     699 	.db #0x7b	; 123
    000002A0 7B                     700 	.db #0x7b	; 123
    000002A1 7B                     701 	.db #0x7b	; 123
    000002A2 7B                     702 	.db #0x7b	; 123
    000002A3 B6                     703 	.db #0xb6	; 182
    000002A4 BB                     704 	.db #0xbb	; 187
    000002A5 B6                     705 	.db #0xb6	; 182
    000002A6 BA                     706 	.db #0xba	; 186
    000002A7 BB                     707 	.db #0xbb	; 187
    000002A8 BB                     708 	.db #0xbb	; 187
    000002A9 BB                     709 	.db #0xbb	; 187
    000002AA BB                     710 	.db #0xbb	; 187
    000002AB BB                     711 	.db #0xbb	; 187
    000002AC BB                     712 	.db #0xbb	; 187
    000002AD BB                     713 	.db #0xbb	; 187
    000002AE BB                     714 	.db #0xbb	; 187
    000002AF BB                     715 	.db #0xbb	; 187
    000002B0 BB                     716 	.db #0xbb	; 187
    000002B1 BB                     717 	.db #0xbb	; 187
    000002B2 BA                     718 	.db #0xba	; 186
    000002B3 7B                     719 	.db #0x7b	; 123
    000002B4 7B                     720 	.db #0x7b	; 123
    000002B5 7B                     721 	.db #0x7b	; 123
    000002B6 7B                     722 	.db #0x7b	; 123
    000002B7 B6                     723 	.db #0xb6	; 182
    000002B8 BB                     724 	.db #0xbb	; 187
    000002B9 B6                     725 	.db #0xb6	; 182
    000002BA BA                     726 	.db #0xba	; 186
    000002BB BB                     727 	.db #0xbb	; 187
    000002BC BB                     728 	.db #0xbb	; 187
    000002BD BB                     729 	.db #0xbb	; 187
    000002BE BB                     730 	.db #0xbb	; 187
    000002BF BB                     731 	.db #0xbb	; 187
    000002C0 BB                     732 	.db #0xbb	; 187
    000002C1 BB                     733 	.db #0xbb	; 187
    000002C2 BB                     734 	.db #0xbb	; 187
    000002C3 BB                     735 	.db #0xbb	; 187
    000002C4 BB                     736 	.db #0xbb	; 187
    000002C5 BB                     737 	.db #0xbb	; 187
    000002C6 BA                     738 	.db #0xba	; 186
    000002C7 7B                     739 	.db #0x7b	; 123
    000002C8 7B                     740 	.db #0x7b	; 123
    000002C9 7B                     741 	.db #0x7b	; 123
    000002CA 7B                     742 	.db #0x7b	; 123
    000002CB B6                     743 	.db #0xb6	; 182
    000002CC BB                     744 	.db #0xbb	; 187
    000002CD B6                     745 	.db #0xb6	; 182
    000002CE BA                     746 	.db #0xba	; 186
    000002CF BB                     747 	.db #0xbb	; 187
    000002D0 BB                     748 	.db #0xbb	; 187
    000002D1 BB                     749 	.db #0xbb	; 187
    000002D2 BB                     750 	.db #0xbb	; 187
    000002D3 BB                     751 	.db #0xbb	; 187
    000002D4 BB                     752 	.db #0xbb	; 187
    000002D5 BB                     753 	.db #0xbb	; 187
    000002D6 BB                     754 	.db #0xbb	; 187
    000002D7 BB                     755 	.db #0xbb	; 187
    000002D8 BB                     756 	.db #0xbb	; 187
    000002D9 BB                     757 	.db #0xbb	; 187
    000002DA B9                     758 	.db #0xb9	; 185
    000002DB B8                     759 	.db #0xb8	; 184
    000002DC B8                     760 	.db #0xb8	; 184
    000002DD B8                     761 	.db #0xb8	; 184
    000002DE B8                     762 	.db #0xb8	; 184
    000002DF B7                     763 	.db #0xb7	; 183
    000002E0 BB                     764 	.db #0xbb	; 187
    000002E1 B6                     765 	.db #0xb6	; 182
    000002E2 BA                     766 	.db #0xba	; 186
    000002E3 BB                     767 	.db #0xbb	; 187
    000002E4 BB                     768 	.db #0xbb	; 187
    000002E5 BB                     769 	.db #0xbb	; 187
    000002E6 BB                     770 	.db #0xbb	; 187
    000002E7 BB                     771 	.db #0xbb	; 187
    000002E8 BB                     772 	.db #0xbb	; 187
    000002E9 BB                     773 	.db #0xbb	; 187
    000002EA BB                     774 	.db #0xbb	; 187
    000002EB BB                     775 	.db #0xbb	; 187
    000002EC BB                     776 	.db #0xbb	; 187
    000002ED BB                     777 	.db #0xbb	; 187
    000002EE BB                     778 	.db #0xbb	; 187
    000002EF BB                     779 	.db #0xbb	; 187
    000002F0 BB                     780 	.db #0xbb	; 187
    000002F1 BB                     781 	.db #0xbb	; 187
    000002F2 BB                     782 	.db #0xbb	; 187
    000002F3 BB                     783 	.db #0xbb	; 187
    000002F4 BB                     784 	.db #0xbb	; 187
    000002F5 B6                     785 	.db #0xb6	; 182
    000002F6 B9                     786 	.db #0xb9	; 185
    000002F7 B8                     787 	.db #0xb8	; 184
    000002F8 B8                     788 	.db #0xb8	; 184
    000002F9 B8                     789 	.db #0xb8	; 184
    000002FA B8                     790 	.db #0xb8	; 184
    000002FB B8                     791 	.db #0xb8	; 184
    000002FC B8                     792 	.db #0xb8	; 184
    000002FD B8                     793 	.db #0xb8	; 184
    000002FE B8                     794 	.db #0xb8	; 184
    000002FF B8                     795 	.db #0xb8	; 184
    00000300 B8                     796 	.db #0xb8	; 184
    00000301 B8                     797 	.db #0xb8	; 184
    00000302 B8                     798 	.db #0xb8	; 184
    00000303 B8                     799 	.db #0xb8	; 184
    00000304 B8                     800 	.db #0xb8	; 184
    00000305 B8                     801 	.db #0xb8	; 184
    00000306 B8                     802 	.db #0xb8	; 184
    00000307 B8                     803 	.db #0xb8	; 184
    00000308 B8                     804 	.db #0xb8	; 184
    00000309 B7                     805 	.db #0xb7	; 183
    0000030A                        806 _stats_menu:
    0000030A B3                     807 	.db #0xb3	; 179
    0000030B B4                     808 	.db #0xb4	; 180
    0000030C B4                     809 	.db #0xb4	; 180
    0000030D B4                     810 	.db #0xb4	; 180
    0000030E B4                     811 	.db #0xb4	; 180
    0000030F B4                     812 	.db #0xb4	; 180
    00000310 B4                     813 	.db #0xb4	; 180
    00000311 B4                     814 	.db #0xb4	; 180
    00000312 B4                     815 	.db #0xb4	; 180
    00000313 B4                     816 	.db #0xb4	; 180
    00000314 B4                     817 	.db #0xb4	; 180
    00000315 B4                     818 	.db #0xb4	; 180
    00000316 B4                     819 	.db #0xb4	; 180
    00000317 B4                     820 	.db #0xb4	; 180
    00000318 B4                     821 	.db #0xb4	; 180
    00000319 B4                     822 	.db #0xb4	; 180
    0000031A B4                     823 	.db #0xb4	; 180
    0000031B B4                     824 	.db #0xb4	; 180
    0000031C B4                     825 	.db #0xb4	; 180
    0000031D B5                     826 	.db #0xb5	; 181
    0000031E BA                     827 	.db #0xba	; 186
    0000031F BB                     828 	.db #0xbb	; 187
    00000320 BB                     829 	.db #0xbb	; 187
    00000321 BB                     830 	.db #0xbb	; 187
    00000322 BB                     831 	.db #0xbb	; 187
    00000323 BB                     832 	.db #0xbb	; 187
    00000324 BB                     833 	.db #0xbb	; 187
    00000325 BB                     834 	.db #0xbb	; 187
    00000326 BB                     835 	.db #0xbb	; 187
    00000327 BB                     836 	.db #0xbb	; 187
    00000328 BB                     837 	.db #0xbb	; 187
    00000329 BB                     838 	.db #0xbb	; 187
    0000032A BB                     839 	.db #0xbb	; 187
    0000032B BB                     840 	.db #0xbb	; 187
    0000032C BB                     841 	.db #0xbb	; 187
    0000032D BB                     842 	.db #0xbb	; 187
    0000032E BB                     843 	.db #0xbb	; 187
    0000032F BB                     844 	.db #0xbb	; 187
    00000330 BB                     845 	.db #0xbb	; 187
    00000331 B6                     846 	.db #0xb6	; 182
    00000332 BA                     847 	.db #0xba	; 186
    00000333 BB                     848 	.db #0xbb	; 187
    00000334 BB                     849 	.db #0xbb	; 187
    00000335 BB                     850 	.db #0xbb	; 187
    00000336 BB                     851 	.db #0xbb	; 187
    00000337 BB                     852 	.db #0xbb	; 187
    00000338 BB                     853 	.db #0xbb	; 187
    00000339 BB                     854 	.db #0xbb	; 187
    0000033A BB                     855 	.db #0xbb	; 187
    0000033B BB                     856 	.db #0xbb	; 187
    0000033C BB                     857 	.db #0xbb	; 187
    0000033D BB                     858 	.db #0xbb	; 187
    0000033E BB                     859 	.db #0xbb	; 187
    0000033F BB                     860 	.db #0xbb	; 187
    00000340 BB                     861 	.db #0xbb	; 187
    00000341 BB                     862 	.db #0xbb	; 187
    00000342 BB                     863 	.db #0xbb	; 187
    00000343 BB                     864 	.db #0xbb	; 187
    00000344 BB                     865 	.db #0xbb	; 187
    00000345 B6                     866 	.db #0xb6	; 182
    00000346 BA                     867 	.db #0xba	; 186
    00000347 BB                     868 	.db #0xbb	; 187
    00000348 BB                     869 	.db #0xbb	; 187
    00000349 BB                     870 	.db #0xbb	; 187
    0000034A BB                     871 	.db #0xbb	; 187
    0000034B BB                     872 	.db #0xbb	; 187
    0000034C BB                     873 	.db #0xbb	; 187
    0000034D BB                     874 	.db #0xbb	; 187
    0000034E BB                     875 	.db #0xbb	; 187
    0000034F BB                     876 	.db #0xbb	; 187
    00000350 BB                     877 	.db #0xbb	; 187
    00000351 BB                     878 	.db #0xbb	; 187
    00000352 BB                     879 	.db #0xbb	; 187
    00000353 BB                     880 	.db #0xbb	; 187
    00000354 BB                     881 	.db #0xbb	; 187
    00000355 BB                     882 	.db #0xbb	; 187
    00000356 BB                     883 	.db #0xbb	; 187
    00000357 BB                     884 	.db #0xbb	; 187
    00000358 BB                     885 	.db #0xbb	; 187
    00000359 B6                     886 	.db #0xb6	; 182
    0000035A BA                     887 	.db #0xba	; 186
    0000035B BB                     888 	.db #0xbb	; 187
    0000035C 8D                     889 	.db #0x8d	; 141
    0000035D 84                     890 	.db #0x84	; 132
    0000035E 8C                     891 	.db #0x8c	; 140
    0000035F 88                     892 	.db #0x88	; 136
    00000360 82                     893 	.db #0x82	; 130
    00000361 88                     894 	.db #0x88	; 136
    00000362 AF                     895 	.db #0xaf	; 175
    00000363 92                     896 	.db #0x92	; 146
    00000364 82                     897 	.db #0x82	; 130
    00000365 8E                     898 	.db #0x8e	; 142
    00000366 8D                     899 	.db #0x8d	; 141
    00000367 85                     900 	.db #0x85	; 133
    00000368 A6                     901 	.db #0xa6	; 166
    00000369 B1                     902 	.db #0xb1	; 177
    0000036A BB                     903 	.db #0xbb	; 187
    0000036B BB                     904 	.db #0xbb	; 187
    0000036C BB                     905 	.db #0xbb	; 187
    0000036D B6                     906 	.db #0xb6	; 182
    0000036E BA                     907 	.db #0xba	; 186
    0000036F BB                     908 	.db #0xbb	; 187
    00000370 BB                     909 	.db #0xbb	; 187
    00000371 BB                     910 	.db #0xbb	; 187
    00000372 BB                     911 	.db #0xbb	; 187
    00000373 BB                     912 	.db #0xbb	; 187
    00000374 BB                     913 	.db #0xbb	; 187
    00000375 BB                     914 	.db #0xbb	; 187
    00000376 BB                     915 	.db #0xbb	; 187
    00000377 BB                     916 	.db #0xbb	; 187
    00000378 BB                     917 	.db #0xbb	; 187
    00000379 BB                     918 	.db #0xbb	; 187
    0000037A BB                     919 	.db #0xbb	; 187
    0000037B BB                     920 	.db #0xbb	; 187
    0000037C BB                     921 	.db #0xbb	; 187
    0000037D BB                     922 	.db #0xbb	; 187
    0000037E BB                     923 	.db #0xbb	; 187
    0000037F BB                     924 	.db #0xbb	; 187
    00000380 BB                     925 	.db #0xbb	; 187
    00000381 B6                     926 	.db #0xb6	; 182
    00000382 BA                     927 	.db #0xba	; 186
    00000383 BB                     928 	.db #0xbb	; 187
    00000384 BB                     929 	.db #0xbb	; 187
    00000385 BB                     930 	.db #0xbb	; 187
    00000386 BB                     931 	.db #0xbb	; 187
    00000387 BB                     932 	.db #0xbb	; 187
    00000388 BB                     933 	.db #0xbb	; 187
    00000389 BB                     934 	.db #0xbb	; 187
    0000038A BB                     935 	.db #0xbb	; 187
    0000038B BB                     936 	.db #0xbb	; 187
    0000038C BB                     937 	.db #0xbb	; 187
    0000038D BB                     938 	.db #0xbb	; 187
    0000038E BB                     939 	.db #0xbb	; 187
    0000038F BB                     940 	.db #0xbb	; 187
    00000390 BB                     941 	.db #0xbb	; 187
    00000391 BB                     942 	.db #0xbb	; 187
    00000392 BB                     943 	.db #0xbb	; 187
    00000393 BB                     944 	.db #0xbb	; 187
    00000394 BB                     945 	.db #0xbb	; 187
    00000395 B6                     946 	.db #0xb6	; 182
    00000396 BA                     947 	.db #0xba	; 186
    00000397 BB                     948 	.db #0xbb	; 187
    00000398 8F                     949 	.db #0x8f	; 143
    00000399 88                     950 	.db #0x88	; 136
    0000039A 80                     951 	.db #0x80	; 128
    0000039B 8D                     952 	.db #0x8d	; 141
    0000039C 8E                     953 	.db #0x8e	; 142
    0000039D AF                     954 	.db #0xaf	; 175
    0000039E 8C                     955 	.db #0x8c	; 140
    0000039F 80                     956 	.db #0x80	; 128
    000003A0 92                     957 	.db #0x92	; 146
    000003A1 92                     958 	.db #0x92	; 146
    000003A2 88                     959 	.db #0x88	; 136
    000003A3 8C                     960 	.db #0x8c	; 140
    000003A4 8E                     961 	.db #0x8e	; 142
    000003A5 B1                     962 	.db #0xb1	; 177
    000003A6 BB                     963 	.db #0xbb	; 187
    000003A7 BB                     964 	.db #0xbb	; 187
    000003A8 BB                     965 	.db #0xbb	; 187
    000003A9 B6                     966 	.db #0xb6	; 182
    000003AA BA                     967 	.db #0xba	; 186
    000003AB BB                     968 	.db #0xbb	; 187
    000003AC BB                     969 	.db #0xbb	; 187
    000003AD BB                     970 	.db #0xbb	; 187
    000003AE BB                     971 	.db #0xbb	; 187
    000003AF BB                     972 	.db #0xbb	; 187
    000003B0 BB                     973 	.db #0xbb	; 187
    000003B1 BB                     974 	.db #0xbb	; 187
    000003B2 BB                     975 	.db #0xbb	; 187
    000003B3 BB                     976 	.db #0xbb	; 187
    000003B4 BB                     977 	.db #0xbb	; 187
    000003B5 BB                     978 	.db #0xbb	; 187
    000003B6 BB                     979 	.db #0xbb	; 187
    000003B7 BB                     980 	.db #0xbb	; 187
    000003B8 BB                     981 	.db #0xbb	; 187
    000003B9 BB                     982 	.db #0xbb	; 187
    000003BA BB                     983 	.db #0xbb	; 187
    000003BB BB                     984 	.db #0xbb	; 187
    000003BC BB                     985 	.db #0xbb	; 187
    000003BD B6                     986 	.db #0xb6	; 182
    000003BE BA                     987 	.db #0xba	; 186
    000003BF BB                     988 	.db #0xbb	; 187
    000003C0 BB                     989 	.db #0xbb	; 187
    000003C1 BB                     990 	.db #0xbb	; 187
    000003C2 BB                     991 	.db #0xbb	; 187
    000003C3 BB                     992 	.db #0xbb	; 187
    000003C4 BB                     993 	.db #0xbb	; 187
    000003C5 BB                     994 	.db #0xbb	; 187
    000003C6 BB                     995 	.db #0xbb	; 187
    000003C7 BB                     996 	.db #0xbb	; 187
    000003C8 BB                     997 	.db #0xbb	; 187
    000003C9 BB                     998 	.db #0xbb	; 187
    000003CA BB                     999 	.db #0xbb	; 187
    000003CB BB                    1000 	.db #0xbb	; 187
    000003CC BB                    1001 	.db #0xbb	; 187
    000003CD BB                    1002 	.db #0xbb	; 187
    000003CE BB                    1003 	.db #0xbb	; 187
    000003CF BB                    1004 	.db #0xbb	; 187
    000003D0 BB                    1005 	.db #0xbb	; 187
    000003D1 B6                    1006 	.db #0xb6	; 182
    000003D2 BA                    1007 	.db #0xba	; 186
    000003D3 BB                    1008 	.db #0xbb	; 187
    000003D4 8F                    1009 	.db #0x8f	; 143
    000003D5 8E                    1010 	.db #0x8e	; 142
    000003D6 93                    1011 	.db #0x93	; 147
    000003D7 A6                    1012 	.db #0xa6	; 166
    000003D8 AF                    1013 	.db #0xaf	; 175
    000003D9 8E                    1014 	.db #0x8e	; 142
    000003DA 93                    1015 	.db #0x93	; 147
    000003DB 93                    1016 	.db #0x93	; 147
    000003DC 84                    1017 	.db #0x84	; 132
    000003DD 8D                    1018 	.db #0x8d	; 141
    000003DE 94                    1019 	.db #0x94	; 148
    000003DF 93                    1020 	.db #0x93	; 147
    000003E0 88                    1021 	.db #0x88	; 136
    000003E1 B1                    1022 	.db #0xb1	; 177
    000003E2 BB                    1023 	.db #0xbb	; 187
    000003E3 BB                    1024 	.db #0xbb	; 187
    000003E4 BB                    1025 	.db #0xbb	; 187
    000003E5 B6                    1026 	.db #0xb6	; 182
    000003E6 BA                    1027 	.db #0xba	; 186
    000003E7 BB                    1028 	.db #0xbb	; 187
    000003E8 BB                    1029 	.db #0xbb	; 187
    000003E9 BB                    1030 	.db #0xbb	; 187
    000003EA BB                    1031 	.db #0xbb	; 187
    000003EB BB                    1032 	.db #0xbb	; 187
    000003EC BB                    1033 	.db #0xbb	; 187
    000003ED BB                    1034 	.db #0xbb	; 187
    000003EE BB                    1035 	.db #0xbb	; 187
    000003EF BB                    1036 	.db #0xbb	; 187
    000003F0 BB                    1037 	.db #0xbb	; 187
    000003F1 BB                    1038 	.db #0xbb	; 187
    000003F2 BB                    1039 	.db #0xbb	; 187
    000003F3 BB                    1040 	.db #0xbb	; 187
    000003F4 BB                    1041 	.db #0xbb	; 187
    000003F5 BB                    1042 	.db #0xbb	; 187
    000003F6 BB                    1043 	.db #0xbb	; 187
    000003F7 BB                    1044 	.db #0xbb	; 187
    000003F8 BB                    1045 	.db #0xbb	; 187
    000003F9 B6                    1046 	.db #0xb6	; 182
    000003FA BA                    1047 	.db #0xba	; 186
    000003FB BB                    1048 	.db #0xbb	; 187
    000003FC BB                    1049 	.db #0xbb	; 187
    000003FD BB                    1050 	.db #0xbb	; 187
    000003FE BB                    1051 	.db #0xbb	; 187
    000003FF BB                    1052 	.db #0xbb	; 187
    00000400 BB                    1053 	.db #0xbb	; 187
    00000401 BB                    1054 	.db #0xbb	; 187
    00000402 BB                    1055 	.db #0xbb	; 187
    00000403 BB                    1056 	.db #0xbb	; 187
    00000404 BB                    1057 	.db #0xbb	; 187
    00000405 BB                    1058 	.db #0xbb	; 187
    00000406 BB                    1059 	.db #0xbb	; 187
    00000407 BB                    1060 	.db #0xbb	; 187
    00000408 BB                    1061 	.db #0xbb	; 187
    00000409 BB                    1062 	.db #0xbb	; 187
    0000040A BB                    1063 	.db #0xbb	; 187
    0000040B BB                    1064 	.db #0xbb	; 187
    0000040C BB                    1065 	.db #0xbb	; 187
    0000040D B6                    1066 	.db #0xb6	; 182
    0000040E BA                    1067 	.db #0xba	; 186
    0000040F BB                    1068 	.db #0xbb	; 187
    00000410 93                    1069 	.db #0x93	; 147
    00000411 84                    1070 	.db #0x84	; 132
    00000412 8C                    1071 	.db #0x8c	; 140
    00000413 8F                    1072 	.db #0x8f	; 143
    00000414 8E                    1073 	.db #0x8e	; 142
    00000415 B1                    1074 	.db #0xb1	; 177
    00000416 BB                    1075 	.db #0xbb	; 187
    00000417 BB                    1076 	.db #0xbb	; 187
    00000418 BB                    1077 	.db #0xbb	; 187
    00000419 BB                    1078 	.db #0xbb	; 187
    0000041A BB                    1079 	.db #0xbb	; 187
    0000041B BB                    1080 	.db #0xbb	; 187
    0000041C BB                    1081 	.db #0xbb	; 187
    0000041D BB                    1082 	.db #0xbb	; 187
    0000041E BB                    1083 	.db #0xbb	; 187
    0000041F BB                    1084 	.db #0xbb	; 187
    00000420 BB                    1085 	.db #0xbb	; 187
    00000421 B6                    1086 	.db #0xb6	; 182
    00000422 BA                    1087 	.db #0xba	; 186
    00000423 BB                    1088 	.db #0xbb	; 187
    00000424 BB                    1089 	.db #0xbb	; 187
    00000425 BB                    1090 	.db #0xbb	; 187
    00000426 BB                    1091 	.db #0xbb	; 187
    00000427 BB                    1092 	.db #0xbb	; 187
    00000428 BB                    1093 	.db #0xbb	; 187
    00000429 BB                    1094 	.db #0xbb	; 187
    0000042A BB                    1095 	.db #0xbb	; 187
    0000042B BB                    1096 	.db #0xbb	; 187
    0000042C BB                    1097 	.db #0xbb	; 187
    0000042D BB                    1098 	.db #0xbb	; 187
    0000042E BB                    1099 	.db #0xbb	; 187
    0000042F BB                    1100 	.db #0xbb	; 187
    00000430 BB                    1101 	.db #0xbb	; 187
    00000431 BB                    1102 	.db #0xbb	; 187
    00000432 BB                    1103 	.db #0xbb	; 187
    00000433 BB                    1104 	.db #0xbb	; 187
    00000434 BB                    1105 	.db #0xbb	; 187
    00000435 B6                    1106 	.db #0xb6	; 182
    00000436 BA                    1107 	.db #0xba	; 186
    00000437 BB                    1108 	.db #0xbb	; 187
    00000438 BB                    1109 	.db #0xbb	; 187
    00000439 BB                    1110 	.db #0xbb	; 187
    0000043A BB                    1111 	.db #0xbb	; 187
    0000043B BB                    1112 	.db #0xbb	; 187
    0000043C BB                    1113 	.db #0xbb	; 187
    0000043D BB                    1114 	.db #0xbb	; 187
    0000043E BB                    1115 	.db #0xbb	; 187
    0000043F BB                    1116 	.db #0xbb	; 187
    00000440 BB                    1117 	.db #0xbb	; 187
    00000441 BB                    1118 	.db #0xbb	; 187
    00000442 BB                    1119 	.db #0xbb	; 187
    00000443 BB                    1120 	.db #0xbb	; 187
    00000444 BB                    1121 	.db #0xbb	; 187
    00000445 BB                    1122 	.db #0xbb	; 187
    00000446 BB                    1123 	.db #0xbb	; 187
    00000447 BB                    1124 	.db #0xbb	; 187
    00000448 BB                    1125 	.db #0xbb	; 187
    00000449 B6                    1126 	.db #0xb6	; 182
    0000044A BA                    1127 	.db #0xba	; 186
    0000044B BB                    1128 	.db #0xbb	; 187
    0000044C BB                    1129 	.db #0xbb	; 187
    0000044D BB                    1130 	.db #0xbb	; 187
    0000044E BB                    1131 	.db #0xbb	; 187
    0000044F BB                    1132 	.db #0xbb	; 187
    00000450 BB                    1133 	.db #0xbb	; 187
    00000451 BB                    1134 	.db #0xbb	; 187
    00000452 BB                    1135 	.db #0xbb	; 187
    00000453 BB                    1136 	.db #0xbb	; 187
    00000454 BB                    1137 	.db #0xbb	; 187
    00000455 BB                    1138 	.db #0xbb	; 187
    00000456 BB                    1139 	.db #0xbb	; 187
    00000457 BB                    1140 	.db #0xbb	; 187
    00000458 BB                    1141 	.db #0xbb	; 187
    00000459 BB                    1142 	.db #0xbb	; 187
    0000045A BB                    1143 	.db #0xbb	; 187
    0000045B BB                    1144 	.db #0xbb	; 187
    0000045C BB                    1145 	.db #0xbb	; 187
    0000045D B6                    1146 	.db #0xb6	; 182
    0000045E B9                    1147 	.db #0xb9	; 185
    0000045F B8                    1148 	.db #0xb8	; 184
    00000460 B8                    1149 	.db #0xb8	; 184
    00000461 B8                    1150 	.db #0xb8	; 184
    00000462 B8                    1151 	.db #0xb8	; 184
    00000463 B8                    1152 	.db #0xb8	; 184
    00000464 B8                    1153 	.db #0xb8	; 184
    00000465 B8                    1154 	.db #0xb8	; 184
    00000466 B8                    1155 	.db #0xb8	; 184
    00000467 B8                    1156 	.db #0xb8	; 184
    00000468 B8                    1157 	.db #0xb8	; 184
    00000469 B8                    1158 	.db #0xb8	; 184
    0000046A B8                    1159 	.db #0xb8	; 184
    0000046B B8                    1160 	.db #0xb8	; 184
    0000046C B8                    1161 	.db #0xb8	; 184
    0000046D B8                    1162 	.db #0xb8	; 184
    0000046E B8                    1163 	.db #0xb8	; 184
    0000046F B8                    1164 	.db #0xb8	; 184
    00000470 B8                    1165 	.db #0xb8	; 184
    00000471 B7                    1166 	.db #0xb7	; 183
                                   1167 ;src/tiles/minimap.c:121: void empty_map_tiles() BANKED {
                                   1168 ;	---------------------------------
                                   1169 ; Function empty_map_tiles
                                   1170 ; ---------------------------------
                         00000003  1171 	b_empty_map_tiles	= 3
    00000472                       1172 _empty_map_tiles::
                                   1173 ;src/tiles/minimap.c:122: for (uint8_t i=0; i<4; i++) {
    00000472 0E 00            [ 8] 1174 	ld	c, #0x00
    00000474                       1175 00107$:
    00000474 79               [ 4] 1176 	ld	a, c
    00000475 D6 04            [ 8] 1177 	sub	a, #0x04
    00000477 D0               [20] 1178 	ret	NC
                                   1179 ;src/tiles/minimap.c:123: for (uint8_t j = 0; j<4; j++) {
    00000478 06 00            [ 8] 1180 	ld	b, #0x00
    0000047A                       1181 00104$:
    0000047A 78               [ 4] 1182 	ld	a, b
    0000047B D6 04            [ 8] 1183 	sub	a, #0x04
    0000047D 30 12            [12] 1184 	jr	NC, 00108$
                                   1185 ;src/tiles/minimap.c:124: map[i][j] = 123;
    0000047F 69               [ 4] 1186 	ld	l, c
    00000480 26 00            [ 8] 1187 	ld	h, #0x00
    00000482 29               [ 8] 1188 	add	hl, hl
    00000483 29               [ 8] 1189 	add	hl, hl
    00000484 11r00r00         [12] 1190 	ld	de, #_map
    00000487 19               [ 8] 1191 	add	hl, de
    00000488 58               [ 4] 1192 	ld	e, b
    00000489 16 00            [ 8] 1193 	ld	d, #0x00
    0000048B 19               [ 8] 1194 	add	hl, de
    0000048C 36 7B            [12] 1195 	ld	(hl), #0x7b
                                   1196 ;src/tiles/minimap.c:123: for (uint8_t j = 0; j<4; j++) {
    0000048E 04               [ 4] 1197 	inc	b
    0000048F 18 E9            [12] 1198 	jr	00104$
    00000491                       1199 00108$:
                                   1200 ;src/tiles/minimap.c:122: for (uint8_t i=0; i<4; i++) {
    00000491 0C               [ 4] 1201 	inc	c
                                   1202 ;src/tiles/minimap.c:127: }
    00000492 18 E0            [12] 1203 	jr	00107$
                                   1204 	.area _CODE_3
                                   1205 	.area _INITIALIZER
                                   1206 	.area _CABS (ABS)
