                                      1 ;--------------------------------------------------------
                                      2 ; File Created by SDCC : free open source ISO C Compiler
                                      3 ; Version 4.5.1 #15267 (MINGW64)
                                      4 ;--------------------------------------------------------
                                      5 	.module mugshot
                                      6 	
                                      7 ;--------------------------------------------------------
                                      8 ; Public variables in this module
                                      9 ;--------------------------------------------------------
                                     10 	.globl _Mugshot
                                     11 ;--------------------------------------------------------
                                     12 ; special function registers
                                     13 ;--------------------------------------------------------
                                     14 	.area _HRAM
                                     15 ;--------------------------------------------------------
                                     16 ; ram data
                                     17 ;--------------------------------------------------------
                                     18 	.area _DATA
                                     19 ;--------------------------------------------------------
                                     20 ; ram data
                                     21 ;--------------------------------------------------------
                                     22 	.area _INITIALIZED
                                     23 ;--------------------------------------------------------
                                     24 ; absolute external ram data
                                     25 ;--------------------------------------------------------
                                     26 	.area _DABS (ABS)
                                     27 ;--------------------------------------------------------
                                     28 ; global & static initialisations
                                     29 ;--------------------------------------------------------
                                     30 	.area _HOME
                                     31 	.area _GSINIT
                                     32 	.area _GSFINAL
                                     33 	.area _GSINIT
                                     34 ;--------------------------------------------------------
                                     35 ; Home
                                     36 ;--------------------------------------------------------
                                     37 	.area _HOME
                                     38 	.area _HOME
                                     39 ;--------------------------------------------------------
                                     40 ; code
                                     41 ;--------------------------------------------------------
                                     42 	.area _CODE_1
                                     43 	.area _CODE_1
    00000000                         44 _Mugshot:
    00000000 7F                      45 	.db #0x7f	; 127
    00000001 7F                      46 	.db #0x7f	; 127
    00000002 C0                      47 	.db #0xc0	; 192
    00000003 C0                      48 	.db #0xc0	; 192
    00000004 9F                      49 	.db #0x9f	; 159
    00000005 9F                      50 	.db #0x9f	; 159
    00000006 A1                      51 	.db #0xa1	; 161
    00000007 A1                      52 	.db #0xa1	; 161
    00000008 A0                      53 	.db #0xa0	; 160
    00000009 A0                      54 	.db #0xa0	; 160
    0000000A A1                      55 	.db #0xa1	; 161
    0000000B A1                      56 	.db #0xa1	; 161
    0000000C A3                      57 	.db #0xa3	; 163
    0000000D A3                      58 	.db #0xa3	; 163
    0000000E A6                      59 	.db #0xa6	; 166
    0000000F A7                      60 	.db #0xa7	; 167
    00000010 FF                      61 	.db #0xff	; 255
    00000011 FF                      62 	.db #0xff	; 255
    00000012 00                      63 	.db #0x00	; 0
    00000013 00                      64 	.db #0x00	; 0
    00000014 FF                      65 	.db #0xff	; 255
    00000015 FF                      66 	.db #0xff	; 255
    00000016 C0                      67 	.db #0xc0	; 192
    00000017 FF                      68 	.db #0xff	; 255
    00000018 F1                      69 	.db #0xf1	; 241
    00000019 FF                      70 	.db #0xff	; 255
    0000001A C3                      71 	.db #0xc3	; 195
    0000001B FF                      72 	.db #0xff	; 255
    0000001C 04                      73 	.db #0x04	; 4
    0000001D FF                      74 	.db #0xff	; 255
    0000001E 00                      75 	.db #0x00	; 0
    0000001F FF                      76 	.db #0xff	; 255
    00000020 FF                      77 	.db #0xff	; 255
    00000021 FF                      78 	.db #0xff	; 255
    00000022 00                      79 	.db #0x00	; 0
    00000023 00                      80 	.db #0x00	; 0
    00000024 FF                      81 	.db #0xff	; 255
    00000025 FF                      82 	.db #0xff	; 255
    00000026 FD                      83 	.db #0xfd	; 253
    00000027 FD                      84 	.db #0xfd	; 253
    00000028 FF                      85 	.db #0xff	; 255
    00000029 FF                      86 	.db #0xff	; 255
    0000002A 3F                      87 	.db #0x3f	; 63
    0000002B FF                      88 	.db #0xff	; 255
    0000002C 7E                      89 	.db #0x7e	; 126
    0000002D FF                      90 	.db #0xff	; 255
    0000002E 8D                      91 	.db #0x8d	; 141
    0000002F FF                      92 	.db #0xff	; 255
    00000030 FE                      93 	.db #0xfe	; 254
    00000031 FE                      94 	.db #0xfe	; 254
    00000032 03                      95 	.db #0x03	; 3
    00000033 03                      96 	.db #0x03	; 3
    00000034 F9                      97 	.db #0xf9	; 249
    00000035 F9                      98 	.db #0xf9	; 249
    00000036 E5                      99 	.db #0xe5	; 229
    00000037 E5                     100 	.db #0xe5	; 229
    00000038 F5                     101 	.db #0xf5	; 245
    00000039 F5                     102 	.db #0xf5	; 245
    0000003A CD                     103 	.db #0xcd	; 205
    0000003B CD                     104 	.db #0xcd	; 205
    0000003C E5                     105 	.db #0xe5	; 229
    0000003D E5                     106 	.db #0xe5	; 229
    0000003E 35                     107 	.db #0x35	; 53	'5'
    0000003F F5                     108 	.db #0xf5	; 245
    00000040 A6                     109 	.db #0xa6	; 166
    00000041 A7                     110 	.db #0xa7	; 167
    00000042 AD                     111 	.db #0xad	; 173
    00000043 AF                     112 	.db #0xaf	; 175
    00000044 AE                     113 	.db #0xae	; 174
    00000045 AF                     114 	.db #0xaf	; 175
    00000046 BC                     115 	.db #0xbc	; 188
    00000047 BF                     116 	.db #0xbf	; 191
    00000048 AD                     117 	.db #0xad	; 173
    00000049 AF                     118 	.db #0xaf	; 175
    0000004A AF                     119 	.db #0xaf	; 175
    0000004B AF                     120 	.db #0xaf	; 175
    0000004C BF                     121 	.db #0xbf	; 191
    0000004D BF                     122 	.db #0xbf	; 191
    0000004E BF                     123 	.db #0xbf	; 191
    0000004F BF                     124 	.db #0xbf	; 191
    00000050 02                     125 	.db #0x02	; 2
    00000051 FF                     126 	.db #0xff	; 255
    00000052 24                     127 	.db #0x24	; 36
    00000053 FF                     128 	.db #0xff	; 255
    00000054 49                     129 	.db #0x49	; 73	'I'
    00000055 FF                     130 	.db #0xff	; 255
    00000056 D3                     131 	.db #0xd3	; 211
    00000057 FF                     132 	.db #0xff	; 255
    00000058 A6                     133 	.db #0xa6	; 166
    00000059 FF                     134 	.db #0xff	; 255
    0000005A 5C                     135 	.db #0x5c	; 92
    0000005B FF                     136 	.db #0xff	; 255
    0000005C FF                     137 	.db #0xff	; 255
    0000005D F0                     138 	.db #0xf0	; 240
    0000005E F6                     139 	.db #0xf6	; 246
    0000005F E2                     140 	.db #0xe2	; 226
    00000060 2A                     141 	.db #0x2a	; 42
    00000061 FF                     142 	.db #0xff	; 255
    00000062 5B                     143 	.db #0x5b	; 91
    00000063 FF                     144 	.db #0xff	; 255
    00000064 BB                     145 	.db #0xbb	; 187
    00000065 FF                     146 	.db #0xff	; 255
    00000066 6B                     147 	.db #0x6b	; 107	'k'
    00000067 DF                     148 	.db #0xdf	; 223
    00000068 4F                     149 	.db #0x4f	; 79	'O'
    00000069 FF                     150 	.db #0xff	; 255
    0000006A CF                     151 	.db #0xcf	; 207
    0000006B BD                     152 	.db #0xbd	; 189
    0000006C FE                     153 	.db #0xfe	; 254
    0000006D 19                     154 	.db #0x19	; 25
    0000006E BD                     155 	.db #0xbd	; 189
    0000006F 05                     156 	.db #0x05	; 5
    00000070 DD                     157 	.db #0xdd	; 221
    00000071 FD                     158 	.db #0xfd	; 253
    00000072 7D                     159 	.db #0x7d	; 125
    00000073 FD                     160 	.db #0xfd	; 253
    00000074 7D                     161 	.db #0x7d	; 125
    00000075 FD                     162 	.db #0xfd	; 253
    00000076 75                     163 	.db #0x75	; 117	'u'
    00000077 F5                     164 	.db #0xf5	; 245
    00000078 55                     165 	.db #0x55	; 85	'U'
    00000079 F5                     166 	.db #0xf5	; 245
    0000007A D5                     167 	.db #0xd5	; 213
    0000007B F5                     168 	.db #0xf5	; 245
    0000007C F5                     169 	.db #0xf5	; 245
    0000007D F5                     170 	.db #0xf5	; 245
    0000007E B5                     171 	.db #0xb5	; 181
    0000007F F5                     172 	.db #0xf5	; 245
    00000080 A7                     173 	.db #0xa7	; 167
    00000081 A7                     174 	.db #0xa7	; 167
    00000082 A7                     175 	.db #0xa7	; 167
    00000083 A7                     176 	.db #0xa7	; 167
    00000084 A7                     177 	.db #0xa7	; 167
    00000085 A7                     178 	.db #0xa7	; 167
    00000086 A3                     179 	.db #0xa3	; 163
    00000087 A3                     180 	.db #0xa3	; 163
    00000088 A3                     181 	.db #0xa3	; 163
    00000089 A3                     182 	.db #0xa3	; 163
    0000008A A1                     183 	.db #0xa1	; 161
    0000008B A1                     184 	.db #0xa1	; 161
    0000008C A1                     185 	.db #0xa1	; 161
    0000008D A1                     186 	.db #0xa1	; 161
    0000008E A1                     187 	.db #0xa1	; 161
    0000008F A1                     188 	.db #0xa1	; 161
    00000090 E2                     189 	.db #0xe2	; 226
    00000091 22                     190 	.db #0x22	; 34
    00000092 40                     191 	.db #0x40	; 64
    00000093 42                     192 	.db #0x42	; 66	'B'
    00000094 40                     193 	.db #0x40	; 64
    00000095 40                     194 	.db #0x40	; 64
    00000096 80                     195 	.db #0x80	; 128
    00000097 20                     196 	.db #0x20	; 32
    00000098 B0                     197 	.db #0xb0	; 176
    00000099 E0                     198 	.db #0xe0	; 224
    0000009A F0                     199 	.db #0xf0	; 240
    0000009B E0                     200 	.db #0xe0	; 224
    0000009C E8                     201 	.db #0xe8	; 232
    0000009D F0                     202 	.db #0xf0	; 240
    0000009E F4                     203 	.db #0xf4	; 244
    0000009F E8                     204 	.db #0xe8	; 232
    000000A0 05                     205 	.db #0x05	; 5
    000000A1 04                     206 	.db #0x04	; 4
    000000A2 01                     207 	.db #0x01	; 1
    000000A3 04                     208 	.db #0x04	; 4
    000000A4 01                     209 	.db #0x01	; 1
    000000A5 00                     210 	.db #0x00	; 0
    000000A6 01                     211 	.db #0x01	; 1
    000000A7 00                     212 	.db #0x00	; 0
    000000A8 11                     213 	.db #0x11	; 17
    000000A9 00                     214 	.db #0x00	; 0
    000000AA 03                     215 	.db #0x03	; 3
    000000AB 01                     216 	.db #0x01	; 1
    000000AC D3                     217 	.db #0xd3	; 211
    000000AD 31                     218 	.db #0x31	; 49	'1'
    000000AE 06                     219 	.db #0x06	; 6
    000000AF 02                     220 	.db #0x02	; 2
    000000B0 A5                     221 	.db #0xa5	; 165
    000000B1 A5                     222 	.db #0xa5	; 165
    000000B2 C5                     223 	.db #0xc5	; 197
    000000B3 C5                     224 	.db #0xc5	; 197
    000000B4 85                     225 	.db #0x85	; 133
    000000B5 85                     226 	.db #0x85	; 133
    000000B6 85                     227 	.db #0x85	; 133
    000000B7 85                     228 	.db #0x85	; 133
    000000B8 85                     229 	.db #0x85	; 133
    000000B9 85                     230 	.db #0x85	; 133
    000000BA 05                     231 	.db #0x05	; 5
    000000BB 05                     232 	.db #0x05	; 5
    000000BC 05                     233 	.db #0x05	; 5
    000000BD 05                     234 	.db #0x05	; 5
    000000BE 05                     235 	.db #0x05	; 5
    000000BF 05                     236 	.db #0x05	; 5
    000000C0 A0                     237 	.db #0xa0	; 160
    000000C1 A0                     238 	.db #0xa0	; 160
    000000C2 A0                     239 	.db #0xa0	; 160
    000000C3 A0                     240 	.db #0xa0	; 160
    000000C4 A0                     241 	.db #0xa0	; 160
    000000C5 A0                     242 	.db #0xa0	; 160
    000000C6 BF                     243 	.db #0xbf	; 191
    000000C7 BF                     244 	.db #0xbf	; 191
    000000C8 AE                     245 	.db #0xae	; 174
    000000C9 B1                     246 	.db #0xb1	; 177
    000000CA 9F                     247 	.db #0x9f	; 159
    000000CB 9F                     248 	.db #0x9f	; 159
    000000CC C0                     249 	.db #0xc0	; 192
    000000CD C0                     250 	.db #0xc0	; 192
    000000CE 7F                     251 	.db #0x7f	; 127
    000000CF 7F                     252 	.db #0x7f	; 127
    000000D0 FA                     253 	.db #0xfa	; 250
    000000D1 E4                     254 	.db #0xe4	; 228
    000000D2 15                     255 	.db #0x15	; 21
    000000D3 E3                     256 	.db #0xe3	; 227
    000000D4 67                     257 	.db #0x67	; 103	'g'
    000000D5 98                     258 	.db #0x98	; 152
    000000D6 F8                     259 	.db #0xf8	; 248
    000000D7 C7                     260 	.db #0xc7	; 199
    000000D8 38                     261 	.db #0x38	; 56	'8'
    000000D9 F1                     262 	.db #0xf1	; 241
    000000DA FF                     263 	.db #0xff	; 255
    000000DB FF                     264 	.db #0xff	; 255
    000000DC 00                     265 	.db #0x00	; 0
    000000DD 00                     266 	.db #0x00	; 0
    000000DE FF                     267 	.db #0xff	; 255
    000000DF FF                     268 	.db #0xff	; 255
    000000E0 0C                     269 	.db #0x0c	; 12
    000000E1 04                     270 	.db #0x04	; 4
    000000E2 98                     271 	.db #0x98	; 152
    000000E3 08                     272 	.db #0x08	; 8
    000000E4 F6                     273 	.db #0xf6	; 246
    000000E5 FE                     274 	.db #0xfe	; 254
    000000E6 7F                     275 	.db #0x7f	; 127
    000000E7 1B                     276 	.db #0x1b	; 27
    000000E8 3C                     277 	.db #0x3c	; 60
    000000E9 1B                     278 	.db #0x1b	; 27
    000000EA FF                     279 	.db #0xff	; 255
    000000EB FF                     280 	.db #0xff	; 255
    000000EC 00                     281 	.db #0x00	; 0
    000000ED 00                     282 	.db #0x00	; 0
    000000EE FF                     283 	.db #0xff	; 255
    000000EF FF                     284 	.db #0xff	; 255
    000000F0 05                     285 	.db #0x05	; 5
    000000F1 05                     286 	.db #0x05	; 5
    000000F2 05                     287 	.db #0x05	; 5
    000000F3 05                     288 	.db #0x05	; 5
    000000F4 E5                     289 	.db #0xe5	; 229
    000000F5 E5                     290 	.db #0xe5	; 229
    000000F6 15                     291 	.db #0x15	; 21
    000000F7 F5                     292 	.db #0xf5	; 245
    000000F8 2D                     293 	.db #0x2d	; 45
    000000F9 DD                     294 	.db #0xdd	; 221
    000000FA F9                     295 	.db #0xf9	; 249
    000000FB F9                     296 	.db #0xf9	; 249
    000000FC 03                     297 	.db #0x03	; 3
    000000FD 03                     298 	.db #0x03	; 3
    000000FE FE                     299 	.db #0xfe	; 254
    000000FF FE                     300 	.db #0xfe	; 254
                                    301 	.area _INITIALIZER
                                    302 	.area _CABS (ABS)
