                                      1 ;--------------------------------------------------------
                                      2 ; File Created by SDCC : free open source ISO C Compiler
                                      3 ; Version 4.5.1 #15267 (Linux)
                                      4 ;--------------------------------------------------------
                                      5 	.module mythril
                                      6 	
                                      7 ;--------------------------------------------------------
                                      8 ; Public variables in this module
                                      9 ;--------------------------------------------------------
                                     10 	.globl _Mythril
                                     11 ;--------------------------------------------------------
                                     12 ; special function registers
                                     13 ;--------------------------------------------------------
                                     14 	.area _HRAM
                                     15 ;--------------------------------------------------------
                                     16 ; ram data
                                     17 ;--------------------------------------------------------
                                     18 	.area _DATA
                                     19 ;--------------------------------------------------------
                                     20 ; ram data
                                     21 ;--------------------------------------------------------
                                     22 	.area _INITIALIZED
                                     23 ;--------------------------------------------------------
                                     24 ; absolute external ram data
                                     25 ;--------------------------------------------------------
                                     26 	.area _DABS (ABS)
                                     27 ;--------------------------------------------------------
                                     28 ; global & static initialisations
                                     29 ;--------------------------------------------------------
                                     30 	.area _HOME
                                     31 	.area _GSINIT
                                     32 	.area _GSFINAL
                                     33 	.area _GSINIT
                                     34 ;--------------------------------------------------------
                                     35 ; Home
                                     36 ;--------------------------------------------------------
                                     37 	.area _HOME
                                     38 	.area _HOME
                                     39 ;--------------------------------------------------------
                                     40 ; code
                                     41 ;--------------------------------------------------------
                                     42 	.area _CODE_1
                                     43 	.area _CODE_1
    00000000                         44 _Mythril:
    00000000 01                      45 	.db #0x01	; 1
    00000001 01                      46 	.db #0x01	; 1
    00000002 06                      47 	.db #0x06	; 6
    00000003 07                      48 	.db #0x07	; 7
    00000004 08                      49 	.db #0x08	; 8
    00000005 0F                      50 	.db #0x0f	; 15
    00000006 10                      51 	.db #0x10	; 16
    00000007 1F                      52 	.db #0x1f	; 31
    00000008 26                      53 	.db #0x26	; 38
    00000009 39                      54 	.db #0x39	; 57	'9'
    0000000A 4F                      55 	.db #0x4f	; 79	'O'
    0000000B 70                      56 	.db #0x70	; 112	'p'
    0000000C 5B                      57 	.db #0x5b	; 91
    0000000D 64                      58 	.db #0x64	; 100	'd'
    0000000E 4F                      59 	.db #0x4f	; 79	'O'
    0000000F 70                      60 	.db #0x70	; 112	'p'
    00000010 00                      61 	.db #0x00	; 0
    00000011 00                      62 	.db #0x00	; 0
    00000012 80                      63 	.db #0x80	; 128
    00000013 80                      64 	.db #0x80	; 128
    00000014 40                      65 	.db #0x40	; 64
    00000015 C0                      66 	.db #0xc0	; 192
    00000016 A0                      67 	.db #0xa0	; 160
    00000017 60                      68 	.db #0x60	; 96
    00000018 D0                      69 	.db #0xd0	; 208
    00000019 30                      70 	.db #0x30	; 48	'0'
    0000001A 4C                      71 	.db #0x4c	; 76	'L'
    0000001B BC                      72 	.db #0xbc	; 188
    0000001C 72                      73 	.db #0x72	; 114	'r'
    0000001D 8E                      74 	.db #0x8e	; 142
    0000001E B9                      75 	.db #0xb9	; 185
    0000001F 47                      76 	.db #0x47	; 71	'G'
    00000020 9B                      77 	.db #0x9b	; 155
    00000021 E4                      78 	.db #0xe4	; 228
    00000022 BE                      79 	.db #0xbe	; 190
    00000023 C1                      80 	.db #0xc1	; 193
    00000024 9F                      81 	.db #0x9f	; 159
    00000025 E0                      82 	.db #0xe0	; 224
    00000026 8B                      83 	.db #0x8b	; 139
    00000027 F4                      84 	.db #0xf4	; 244
    00000028 40                      85 	.db #0x40	; 64
    00000029 7F                      86 	.db #0x7f	; 127
    0000002A 3C                      87 	.db #0x3c	; 60
    0000002B 3F                      88 	.db #0x3f	; 63
    0000002C 03                      89 	.db #0x03	; 3
    0000002D 03                      90 	.db #0x03	; 3
    0000002E 00                      91 	.db #0x00	; 0
    0000002F 00                      92 	.db #0x00	; 0
    00000030 DD                      93 	.db #0xdd	; 221
    00000031 23                      94 	.db #0x23	; 35
    00000032 C5                      95 	.db #0xc5	; 197
    00000033 3B                      96 	.db #0x3b	; 59
    00000034 D9                      97 	.db #0xd9	; 217
    00000035 27                      98 	.db #0x27	; 39
    00000036 3A                      99 	.db #0x3a	; 58
    00000037 C6                     100 	.db #0xc6	; 198
    00000038 E2                     101 	.db #0xe2	; 226
    00000039 1E                     102 	.db #0x1e	; 30
    0000003A 8C                     103 	.db #0x8c	; 140
    0000003B 74                     104 	.db #0x74	; 116	't'
    0000003C 38                     105 	.db #0x38	; 56	'8'
    0000003D F8                     106 	.db #0xf8	; 248
    0000003E C0                     107 	.db #0xc0	; 192
    0000003F C0                     108 	.db #0xc0	; 192
                                    109 	.area _INITIALIZER
                                    110 	.area _CABS (ABS)
