                                      1 ;--------------------------------------------------------
                                      2 ; File Created by SDCC : free open source ISO C Compiler
                                      3 ; Version 4.5.1 #15267 (Linux)
                                      4 ;--------------------------------------------------------
                                      5 	.module numbers
                                      6 	
                                      7 ;--------------------------------------------------------
                                      8 ; Public variables in this module
                                      9 ;--------------------------------------------------------
                                     10 	.globl _Numbers
                                     11 ;--------------------------------------------------------
                                     12 ; special function registers
                                     13 ;--------------------------------------------------------
                                     14 	.area _HRAM
                                     15 ;--------------------------------------------------------
                                     16 ; ram data
                                     17 ;--------------------------------------------------------
                                     18 	.area _DATA
                                     19 ;--------------------------------------------------------
                                     20 ; ram data
                                     21 ;--------------------------------------------------------
                                     22 	.area _INITIALIZED
                                     23 ;--------------------------------------------------------
                                     24 ; absolute external ram data
                                     25 ;--------------------------------------------------------
                                     26 	.area _DABS (ABS)
                                     27 ;--------------------------------------------------------
                                     28 ; global & static initialisations
                                     29 ;--------------------------------------------------------
                                     30 	.area _HOME
                                     31 	.area _GSINIT
                                     32 	.area _GSFINAL
                                     33 	.area _GSINIT
                                     34 ;--------------------------------------------------------
                                     35 ; Home
                                     36 ;--------------------------------------------------------
                                     37 	.area _HOME
                                     38 	.area _HOME
                                     39 ;--------------------------------------------------------
                                     40 ; code
                                     41 ;--------------------------------------------------------
                                     42 	.area _CODE_1
                                     43 	.area _CODE_1
    00000000                         44 _Numbers:
    00000000 00                      45 	.db #0x00	; 0
    00000001 00                      46 	.db #0x00	; 0
    00000002 38                      47 	.db #0x38	; 56	'8'
    00000003 00                      48 	.db #0x00	; 0
    00000004 7C                      49 	.db #0x7c	; 124
    00000005 38                      50 	.db #0x38	; 56	'8'
    00000006 FE                      51 	.db #0xfe	; 254
    00000007 4C                      52 	.db #0x4c	; 76	'L'
    00000008 FF                      53 	.db #0xff	; 255
    00000009 C6                      54 	.db #0xc6	; 198
    0000000A FF                      55 	.db #0xff	; 255
    0000000B C6                      56 	.db #0xc6	; 198
    0000000C FE                      57 	.db #0xfe	; 254
    0000000D 64                      58 	.db #0x64	; 100	'd'
    0000000E 7C                      59 	.db #0x7c	; 124
    0000000F 38                      60 	.db #0x38	; 56	'8'
    00000010 00                      61 	.db #0x00	; 0
    00000011 00                      62 	.db #0x00	; 0
    00000012 18                      63 	.db #0x18	; 24
    00000013 00                      64 	.db #0x00	; 0
    00000014 3C                      65 	.db #0x3c	; 60
    00000015 18                      66 	.db #0x18	; 24
    00000016 7C                      67 	.db #0x7c	; 124
    00000017 38                      68 	.db #0x38	; 56	'8'
    00000018 3C                      69 	.db #0x3c	; 60
    00000019 18                      70 	.db #0x18	; 24
    0000001A 3C                      71 	.db #0x3c	; 60
    0000001B 18                      72 	.db #0x18	; 24
    0000001C 7E                      73 	.db #0x7e	; 126
    0000001D 18                      74 	.db #0x18	; 24
    0000001E FF                      75 	.db #0xff	; 255
    0000001F 7E                      76 	.db #0x7e	; 126
    00000020 00                      77 	.db #0x00	; 0
    00000021 00                      78 	.db #0x00	; 0
    00000022 7C                      79 	.db #0x7c	; 124
    00000023 00                      80 	.db #0x00	; 0
    00000024 FE                      81 	.db #0xfe	; 254
    00000025 7C                      82 	.db #0x7c	; 124
    00000026 FF                      83 	.db #0xff	; 255
    00000027 C6                      84 	.db #0xc6	; 198
    00000028 FF                      85 	.db #0xff	; 255
    00000029 0E                      86 	.db #0x0e	; 14
    0000002A FE                      87 	.db #0xfe	; 254
    0000002B 7C                      88 	.db #0x7c	; 124
    0000002C FE                      89 	.db #0xfe	; 254
    0000002D E0                      90 	.db #0xe0	; 224
    0000002E FF                      91 	.db #0xff	; 255
    0000002F FE                      92 	.db #0xfe	; 254
    00000030 00                      93 	.db #0x00	; 0
    00000031 00                      94 	.db #0x00	; 0
    00000032 7E                      95 	.db #0x7e	; 126
    00000033 00                      96 	.db #0x00	; 0
    00000034 FF                      97 	.db #0xff	; 255
    00000035 7E                      98 	.db #0x7e	; 126
    00000036 7E                      99 	.db #0x7e	; 126
    00000037 0C                     100 	.db #0x0c	; 12
    00000038 7E                     101 	.db #0x7e	; 126
    00000039 38                     102 	.db #0x38	; 56	'8'
    0000003A FF                     103 	.db #0xff	; 255
    0000003B 06                     104 	.db #0x06	; 6
    0000003C FF                     105 	.db #0xff	; 255
    0000003D C6                     106 	.db #0xc6	; 198
    0000003E FE                     107 	.db #0xfe	; 254
    0000003F 7C                     108 	.db #0x7c	; 124
    00000040 00                     109 	.db #0x00	; 0
    00000041 00                     110 	.db #0x00	; 0
    00000042 1C                     111 	.db #0x1c	; 28
    00000043 00                     112 	.db #0x00	; 0
    00000044 3E                     113 	.db #0x3e	; 62
    00000045 1C                     114 	.db #0x1c	; 28
    00000046 7E                     115 	.db #0x7e	; 126
    00000047 3C                     116 	.db #0x3c	; 60
    00000048 FE                     117 	.db #0xfe	; 254
    00000049 6C                     118 	.db #0x6c	; 108	'l'
    0000004A FE                     119 	.db #0xfe	; 254
    0000004B CC                     120 	.db #0xcc	; 204
    0000004C FF                     121 	.db #0xff	; 255
    0000004D FE                     122 	.db #0xfe	; 254
    0000004E FE                     123 	.db #0xfe	; 254
    0000004F 0C                     124 	.db #0x0c	; 12
    00000050 00                     125 	.db #0x00	; 0
    00000051 00                     126 	.db #0x00	; 0
    00000052 FC                     127 	.db #0xfc	; 252
    00000053 00                     128 	.db #0x00	; 0
    00000054 FE                     129 	.db #0xfe	; 254
    00000055 FC                     130 	.db #0xfc	; 252
    00000056 FC                     131 	.db #0xfc	; 252
    00000057 80                     132 	.db #0x80	; 128
    00000058 FE                     133 	.db #0xfe	; 254
    00000059 FC                     134 	.db #0xfc	; 252
    0000005A FF                     135 	.db #0xff	; 255
    0000005B 06                     136 	.db #0x06	; 6
    0000005C FF                     137 	.db #0xff	; 255
    0000005D C6                     138 	.db #0xc6	; 198
    0000005E FE                     139 	.db #0xfe	; 254
    0000005F 7C                     140 	.db #0x7c	; 124
    00000060 00                     141 	.db #0x00	; 0
    00000061 00                     142 	.db #0x00	; 0
    00000062 7C                     143 	.db #0x7c	; 124
    00000063 00                     144 	.db #0x00	; 0
    00000064 FE                     145 	.db #0xfe	; 254
    00000065 7C                     146 	.db #0x7c	; 124
    00000066 FC                     147 	.db #0xfc	; 252
    00000067 C0                     148 	.db #0xc0	; 192
    00000068 FE                     149 	.db #0xfe	; 254
    00000069 FC                     150 	.db #0xfc	; 252
    0000006A FF                     151 	.db #0xff	; 255
    0000006B C6                     152 	.db #0xc6	; 198
    0000006C FF                     153 	.db #0xff	; 255
    0000006D C6                     154 	.db #0xc6	; 198
    0000006E FE                     155 	.db #0xfe	; 254
    0000006F 7C                     156 	.db #0x7c	; 124
    00000070 00                     157 	.db #0x00	; 0
    00000071 00                     158 	.db #0x00	; 0
    00000072 FE                     159 	.db #0xfe	; 254
    00000073 00                     160 	.db #0x00	; 0
    00000074 FF                     161 	.db #0xff	; 255
    00000075 FE                     162 	.db #0xfe	; 254
    00000076 FF                     163 	.db #0xff	; 255
    00000077 C6                     164 	.db #0xc6	; 198
    00000078 DE                     165 	.db #0xde	; 222
    00000079 0C                     166 	.db #0x0c	; 12
    0000007A 3C                     167 	.db #0x3c	; 60
    0000007B 18                     168 	.db #0x18	; 24
    0000007C 78                     169 	.db #0x78	; 120	'x'
    0000007D 30                     170 	.db #0x30	; 48	'0'
    0000007E 78                     171 	.db #0x78	; 120	'x'
    0000007F 30                     172 	.db #0x30	; 48	'0'
    00000080 00                     173 	.db #0x00	; 0
    00000081 00                     174 	.db #0x00	; 0
    00000082 7C                     175 	.db #0x7c	; 124
    00000083 00                     176 	.db #0x00	; 0
    00000084 FE                     177 	.db #0xfe	; 254
    00000085 7C                     178 	.db #0x7c	; 124
    00000086 FF                     179 	.db #0xff	; 255
    00000087 C6                     180 	.db #0xc6	; 198
    00000088 FE                     181 	.db #0xfe	; 254
    00000089 7C                     182 	.db #0x7c	; 124
    0000008A FF                     183 	.db #0xff	; 255
    0000008B C6                     184 	.db #0xc6	; 198
    0000008C FF                     185 	.db #0xff	; 255
    0000008D C6                     186 	.db #0xc6	; 198
    0000008E FE                     187 	.db #0xfe	; 254
    0000008F 7C                     188 	.db #0x7c	; 124
    00000090 00                     189 	.db #0x00	; 0
    00000091 00                     190 	.db #0x00	; 0
    00000092 7C                     191 	.db #0x7c	; 124
    00000093 00                     192 	.db #0x00	; 0
    00000094 FE                     193 	.db #0xfe	; 254
    00000095 7C                     194 	.db #0x7c	; 124
    00000096 FF                     195 	.db #0xff	; 255
    00000097 C6                     196 	.db #0xc6	; 198
    00000098 FF                     197 	.db #0xff	; 255
    00000099 C6                     198 	.db #0xc6	; 198
    0000009A FF                     199 	.db #0xff	; 255
    0000009B 7E                     200 	.db #0x7e	; 126
    0000009C 7F                     201 	.db #0x7f	; 127
    0000009D 06                     202 	.db #0x06	; 6
    0000009E FE                     203 	.db #0xfe	; 254
    0000009F 7C                     204 	.db #0x7c	; 124
    000000A0 00                     205 	.db #0x00	; 0
    000000A1 00                     206 	.db #0x00	; 0
    000000A2 38                     207 	.db #0x38	; 56	'8'
    000000A3 00                     208 	.db #0x00	; 0
    000000A4 38                     209 	.db #0x38	; 56	'8'
    000000A5 10                     210 	.db #0x10	; 16
    000000A6 FE                     211 	.db #0xfe	; 254
    000000A7 10                     212 	.db #0x10	; 16
    000000A8 FE                     213 	.db #0xfe	; 254
    000000A9 7C                     214 	.db #0x7c	; 124
    000000AA FE                     215 	.db #0xfe	; 254
    000000AB 10                     216 	.db #0x10	; 16
    000000AC 38                     217 	.db #0x38	; 56	'8'
    000000AD 10                     218 	.db #0x10	; 16
    000000AE 38                     219 	.db #0x38	; 56	'8'
    000000AF 00                     220 	.db #0x00	; 0
    000000B0 00                     221 	.db #0x00	; 0
    000000B1 00                     222 	.db #0x00	; 0
    000000B2 00                     223 	.db #0x00	; 0
    000000B3 00                     224 	.db #0x00	; 0
    000000B4 00                     225 	.db #0x00	; 0
    000000B5 00                     226 	.db #0x00	; 0
    000000B6 FE                     227 	.db #0xfe	; 254
    000000B7 00                     228 	.db #0x00	; 0
    000000B8 FE                     229 	.db #0xfe	; 254
    000000B9 7C                     230 	.db #0x7c	; 124
    000000BA FE                     231 	.db #0xfe	; 254
    000000BB 00                     232 	.db #0x00	; 0
    000000BC 00                     233 	.db #0x00	; 0
    000000BD 00                     234 	.db #0x00	; 0
    000000BE 00                     235 	.db #0x00	; 0
    000000BF 00                     236 	.db #0x00	; 0
                                    237 	.area _INITIALIZER
                                    238 	.area _CABS (ABS)
