                                      1 ;--------------------------------------------------------
                                      2 ; File Created by SDCC : free open source ISO C Compiler
                                      3 ; Version 4.5.1 #15267 (Linux)
                                      4 ;--------------------------------------------------------
                                      5 	.module Safy
                                      6 	
                                      7 ;--------------------------------------------------------
                                      8 ; Public variables in this module
                                      9 ;--------------------------------------------------------
                                     10 	.globl _Safy
                                     11 ;--------------------------------------------------------
                                     12 ; special function registers
                                     13 ;--------------------------------------------------------
                                     14 	.area _HRAM
                                     15 ;--------------------------------------------------------
                                     16 ; ram data
                                     17 ;--------------------------------------------------------
                                     18 	.area _DATA
                                     19 ;--------------------------------------------------------
                                     20 ; ram data
                                     21 ;--------------------------------------------------------
                                     22 	.area _INITIALIZED
                                     23 ;--------------------------------------------------------
                                     24 ; absolute external ram data
                                     25 ;--------------------------------------------------------
                                     26 	.area _DABS (ABS)
                                     27 ;--------------------------------------------------------
                                     28 ; global & static initialisations
                                     29 ;--------------------------------------------------------
                                     30 	.area _HOME
                                     31 	.area _GSINIT
                                     32 	.area _GSFINAL
                                     33 	.area _GSINIT
                                     34 ;--------------------------------------------------------
                                     35 ; Home
                                     36 ;--------------------------------------------------------
                                     37 	.area _HOME
                                     38 	.area _HOME
                                     39 ;--------------------------------------------------------
                                     40 ; code
                                     41 ;--------------------------------------------------------
                                     42 	.area _CODE_1
                                     43 	.area _CODE_1
    00000000                         44 _Safy:
    00000000 07                      45 	.db #0x07	; 7
    00000001 07                      46 	.db #0x07	; 7
    00000002 0A                      47 	.db #0x0a	; 10
    00000003 0D                      48 	.db #0x0d	; 13
    00000004 16                      49 	.db #0x16	; 22
    00000005 1F                      50 	.db #0x1f	; 31
    00000006 2C                      51 	.db #0x2c	; 44
    00000007 3B                      52 	.db #0x3b	; 59
    00000008 3A                      53 	.db #0x3a	; 58
    00000009 37                      54 	.db #0x37	; 55	'7'
    0000000A 3F                      55 	.db #0x3f	; 63
    0000000B 3D                      56 	.db #0x3d	; 61
    0000000C 28                      57 	.db #0x28	; 40
    0000000D 3A                      58 	.db #0x3a	; 58
    0000000E 28                      59 	.db #0x28	; 40
    0000000F 3A                      60 	.db #0x3a	; 58
    00000010 E0                      61 	.db #0xe0	; 224
    00000011 E0                      62 	.db #0xe0	; 224
    00000012 D0                      63 	.db #0xd0	; 208
    00000013 30                      64 	.db #0x30	; 48	'0'
    00000014 E8                      65 	.db #0xe8	; 232
    00000015 F8                      66 	.db #0xf8	; 248
    00000016 74                      67 	.db #0x74	; 116	't'
    00000017 9C                      68 	.db #0x9c	; 156
    00000018 5C                      69 	.db #0x5c	; 92
    00000019 EC                      70 	.db #0xec	; 236
    0000001A FC                      71 	.db #0xfc	; 252
    0000001B FC                      72 	.db #0xfc	; 252
    0000001C 14                      73 	.db #0x14	; 20
    0000001D 5C                      74 	.db #0x5c	; 92
    0000001E 14                      75 	.db #0x14	; 20
    0000001F 5C                      76 	.db #0x5c	; 92
    00000020 29                      77 	.db #0x29	; 41
    00000021 39                      78 	.db #0x39	; 57	'9'
    00000022 17                      79 	.db #0x17	; 23
    00000023 1F                      80 	.db #0x1f	; 31
    00000024 3C                      81 	.db #0x3c	; 60
    00000025 29                      82 	.db #0x29	; 41
    00000026 7E                      83 	.db #0x7e	; 126
    00000027 48                      84 	.db #0x48	; 72	'H'
    00000028 78                      85 	.db #0x78	; 120	'x'
    00000029 4F                      86 	.db #0x4f	; 79	'O'
    0000002A 4F                      87 	.db #0x4f	; 79	'O'
    0000002B 48                      88 	.db #0x48	; 72	'H'
    0000002C 79                      89 	.db #0x79	; 121	'y'
    0000002D 7F                      90 	.db #0x7f	; 127
    0000002E 0E                      91 	.db #0x0e	; 14
    0000002F 0E                      92 	.db #0x0e	; 14
    00000030 94                      93 	.db #0x94	; 148
    00000031 9C                      94 	.db #0x9c	; 156
    00000032 E8                      95 	.db #0xe8	; 232
    00000033 F8                      96 	.db #0xf8	; 248
    00000034 3C                      97 	.db #0x3c	; 60
    00000035 54                      98 	.db #0x54	; 84	'T'
    00000036 7E                      99 	.db #0x7e	; 126
    00000037 92                     100 	.db #0x92	; 146
    00000038 DE                     101 	.db #0xde	; 222
    00000039 32                     102 	.db #0x32	; 50	'2'
    0000003A F2                     103 	.db #0xf2	; 242
    0000003B 12                     104 	.db #0x12	; 18
    0000003C 9E                     105 	.db #0x9e	; 158
    0000003D FE                     106 	.db #0xfe	; 254
    0000003E 70                     107 	.db #0x70	; 112	'p'
    0000003F 70                     108 	.db #0x70	; 112	'p'
                                    109 	.area _INITIALIZER
                                    110 	.area _CABS (ABS)
