                                      1 ;--------------------------------------------------------
                                      2 ; File Created by SDCC : free open source ISO C Compiler
                                      3 ; Version 4.5.1 #15267 (MINGW64)
                                      4 ;--------------------------------------------------------
                                      5 	.module sword
                                      6 	
                                      7 ;--------------------------------------------------------
                                      8 ; Public variables in this module
                                      9 ;--------------------------------------------------------
                                     10 	.globl _SwordLeft
                                     11 	.globl _SwordUp
                                     12 	.globl _SwordRight
                                     13 	.globl _SwordDown
                                     14 ;--------------------------------------------------------
                                     15 ; special function registers
                                     16 ;--------------------------------------------------------
                                     17 	.area _HRAM
                                     18 ;--------------------------------------------------------
                                     19 ; ram data
                                     20 ;--------------------------------------------------------
                                     21 	.area _DATA
                                     22 ;--------------------------------------------------------
                                     23 ; ram data
                                     24 ;--------------------------------------------------------
                                     25 	.area _INITIALIZED
                                     26 ;--------------------------------------------------------
                                     27 ; absolute external ram data
                                     28 ;--------------------------------------------------------
                                     29 	.area _DABS (ABS)
                                     30 ;--------------------------------------------------------
                                     31 ; global & static initialisations
                                     32 ;--------------------------------------------------------
                                     33 	.area _HOME
                                     34 	.area _GSINIT
                                     35 	.area _GSFINAL
                                     36 	.area _GSINIT
                                     37 ;--------------------------------------------------------
                                     38 ; Home
                                     39 ;--------------------------------------------------------
                                     40 	.area _HOME
                                     41 	.area _HOME
                                     42 ;--------------------------------------------------------
                                     43 ; code
                                     44 ;--------------------------------------------------------
                                     45 	.area _CODE_1
                                     46 	.area _CODE_1
    00000000                         47 _SwordDown:
    00000000 15                      48 	.db #0x15	; 21
    00000001 1F                      49 	.db #0x1f	; 31
    00000002 0E                      50 	.db #0x0e	; 14
    00000003 0A                      51 	.db #0x0a	; 10
    00000004 0E                      52 	.db #0x0e	; 14
    00000005 0A                      53 	.db #0x0a	; 10
    00000006 0E                      54 	.db #0x0e	; 14
    00000007 0A                      55 	.db #0x0a	; 10
    00000008 0E                      56 	.db #0x0e	; 14
    00000009 0A                      57 	.db #0x0a	; 10
    0000000A 0E                      58 	.db #0x0e	; 14
    0000000B 0A                      59 	.db #0x0a	; 10
    0000000C 04                      60 	.db #0x04	; 4
    0000000D 04                      61 	.db #0x04	; 4
    0000000E 00                      62 	.db #0x00	; 0
    0000000F 00                      63 	.db #0x00	; 0
    00000010 05                      64 	.db #0x05	; 5
    00000011 07                      65 	.db #0x07	; 7
    00000012 0A                      66 	.db #0x0a	; 10
    00000013 0F                      67 	.db #0x0f	; 15
    00000014 07                      68 	.db #0x07	; 7
    00000015 05                      69 	.db #0x05	; 5
    00000016 07                      70 	.db #0x07	; 7
    00000017 05                      71 	.db #0x05	; 5
    00000018 07                      72 	.db #0x07	; 7
    00000019 05                      73 	.db #0x05	; 5
    0000001A 07                      74 	.db #0x07	; 7
    0000001B 05                      75 	.db #0x05	; 5
    0000001C 07                      76 	.db #0x07	; 7
    0000001D 05                      77 	.db #0x05	; 5
    0000001E 02                      78 	.db #0x02	; 2
    0000001F 02                      79 	.db #0x02	; 2
    00000020                         80 _SwordRight:
    00000020 00                      81 	.db #0x00	; 0
    00000021 00                      82 	.db #0x00	; 0
    00000022 00                      83 	.db #0x00	; 0
    00000023 00                      84 	.db #0x00	; 0
    00000024 00                      85 	.db #0x00	; 0
    00000025 00                      86 	.db #0x00	; 0
    00000026 F8                      87 	.db #0xf8	; 248
    00000027 F8                      88 	.db #0xf8	; 248
    00000028 FC                      89 	.db #0xfc	; 252
    00000029 04                      90 	.db #0x04	; 4
    0000002A F8                      91 	.db #0xf8	; 248
    0000002B F8                      92 	.db #0xf8	; 248
    0000002C 00                      93 	.db #0x00	; 0
    0000002D 00                      94 	.db #0x00	; 0
    0000002E 00                      95 	.db #0x00	; 0
    0000002F 00                      96 	.db #0x00	; 0
    00000030 00                      97 	.db #0x00	; 0
    00000031 00                      98 	.db #0x00	; 0
    00000032 00                      99 	.db #0x00	; 0
    00000033 00                     100 	.db #0x00	; 0
    00000034 00                     101 	.db #0x00	; 0
    00000035 00                     102 	.db #0x00	; 0
    00000036 40                     103 	.db #0x40	; 64
    00000037 40                     104 	.db #0x40	; 64
    00000038 BE                     105 	.db #0xbe	; 190
    00000039 FE                     106 	.db #0xfe	; 254
    0000003A 7F                     107 	.db #0x7f	; 127
    0000003B C1                     108 	.db #0xc1	; 193
    0000003C BE                     109 	.db #0xbe	; 190
    0000003D FE                     110 	.db #0xfe	; 254
    0000003E 40                     111 	.db #0x40	; 64
    0000003F 40                     112 	.db #0x40	; 64
    00000040                        113 _SwordUp:
    00000040 00                     114 	.db #0x00	; 0
    00000041 00                     115 	.db #0x00	; 0
    00000042 00                     116 	.db #0x00	; 0
    00000043 00                     117 	.db #0x00	; 0
    00000044 10                     118 	.db #0x10	; 16
    00000045 10                     119 	.db #0x10	; 16
    00000046 38                     120 	.db #0x38	; 56	'8'
    00000047 28                     121 	.db #0x28	; 40
    00000048 38                     122 	.db #0x38	; 56	'8'
    00000049 28                     123 	.db #0x28	; 40
    0000004A 38                     124 	.db #0x38	; 56	'8'
    0000004B 28                     125 	.db #0x28	; 40
    0000004C 38                     126 	.db #0x38	; 56	'8'
    0000004D 28                     127 	.db #0x28	; 40
    0000004E 38                     128 	.db #0x38	; 56	'8'
    0000004F 28                     129 	.db #0x28	; 40
    00000050 00                     130 	.db #0x00	; 0
    00000051 00                     131 	.db #0x00	; 0
    00000052 20                     132 	.db #0x20	; 32
    00000053 20                     133 	.db #0x20	; 32
    00000054 70                     134 	.db #0x70	; 112	'p'
    00000055 50                     135 	.db #0x50	; 80	'P'
    00000056 70                     136 	.db #0x70	; 112	'p'
    00000057 50                     137 	.db #0x50	; 80	'P'
    00000058 70                     138 	.db #0x70	; 112	'p'
    00000059 50                     139 	.db #0x50	; 80	'P'
    0000005A 70                     140 	.db #0x70	; 112	'p'
    0000005B 50                     141 	.db #0x50	; 80	'P'
    0000005C 70                     142 	.db #0x70	; 112	'p'
    0000005D 50                     143 	.db #0x50	; 80	'P'
    0000005E A8                     144 	.db #0xa8	; 168
    0000005F F8                     145 	.db #0xf8	; 248
    00000060                        146 _SwordLeft:
    00000060 00                     147 	.db #0x00	; 0
    00000061 00                     148 	.db #0x00	; 0
    00000062 00                     149 	.db #0x00	; 0
    00000063 00                     150 	.db #0x00	; 0
    00000064 00                     151 	.db #0x00	; 0
    00000065 00                     152 	.db #0x00	; 0
    00000066 0F                     153 	.db #0x0f	; 15
    00000067 0F                     154 	.db #0x0f	; 15
    00000068 1F                     155 	.db #0x1f	; 31
    00000069 10                     156 	.db #0x10	; 16
    0000006A 0F                     157 	.db #0x0f	; 15
    0000006B 0F                     158 	.db #0x0f	; 15
    0000006C 00                     159 	.db #0x00	; 0
    0000006D 00                     160 	.db #0x00	; 0
    0000006E 00                     161 	.db #0x00	; 0
    0000006F 00                     162 	.db #0x00	; 0
    00000070 00                     163 	.db #0x00	; 0
    00000071 00                     164 	.db #0x00	; 0
    00000072 00                     165 	.db #0x00	; 0
    00000073 00                     166 	.db #0x00	; 0
    00000074 00                     167 	.db #0x00	; 0
    00000075 00                     168 	.db #0x00	; 0
    00000076 00                     169 	.db #0x00	; 0
    00000077 00                     170 	.db #0x00	; 0
    00000078 1F                     171 	.db #0x1f	; 31
    00000079 1F                     172 	.db #0x1f	; 31
    0000007A 3F                     173 	.db #0x3f	; 63
    0000007B 20                     174 	.db #0x20	; 32
    0000007C 1F                     175 	.db #0x1f	; 31
    0000007D 1F                     176 	.db #0x1f	; 31
    0000007E 00                     177 	.db #0x00	; 0
    0000007F 00                     178 	.db #0x00	; 0
                                    179 	.area _INITIALIZER
                                    180 	.area _CABS (ABS)
