                                      1 ;--------------------------------------------------------
                                      2 ; File Created by SDCC : free open source ISO C Compiler
                                      3 ; Version 4.5.1 #15267 (MINGW64)
                                      4 ;--------------------------------------------------------
                                      5 	.module Text
                                      6 	
                                      7 ;--------------------------------------------------------
                                      8 ; Public variables in this module
                                      9 ;--------------------------------------------------------
                                     10 	.globl _MiniGUI
                                     11 	.globl _Text
                                     12 ;--------------------------------------------------------
                                     13 ; special function registers
                                     14 ;--------------------------------------------------------
                                     15 	.area _HRAM
                                     16 ;--------------------------------------------------------
                                     17 ; ram data
                                     18 ;--------------------------------------------------------
                                     19 	.area _DATA
                                     20 ;--------------------------------------------------------
                                     21 ; ram data
                                     22 ;--------------------------------------------------------
                                     23 	.area _INITIALIZED
                                     24 ;--------------------------------------------------------
                                     25 ; absolute external ram data
                                     26 ;--------------------------------------------------------
                                     27 	.area _DABS (ABS)
                                     28 ;--------------------------------------------------------
                                     29 ; global & static initialisations
                                     30 ;--------------------------------------------------------
                                     31 	.area _HOME
                                     32 	.area _GSINIT
                                     33 	.area _GSFINAL
                                     34 	.area _GSINIT
                                     35 ;--------------------------------------------------------
                                     36 ; Home
                                     37 ;--------------------------------------------------------
                                     38 	.area _HOME
                                     39 	.area _HOME
                                     40 ;--------------------------------------------------------
                                     41 ; code
                                     42 ;--------------------------------------------------------
                                     43 	.area _CODE_2
                                     44 	.area _CODE_2
    00000000                         45 _Text:
    00000000 00                      46 	.db #0x00	; 0
    00000001 00                      47 	.db #0x00	; 0
    00000002 10                      48 	.db #0x10	; 16
    00000003 10                      49 	.db #0x10	; 16
    00000004 28                      50 	.db #0x28	; 40
    00000005 28                      51 	.db #0x28	; 40
    00000006 28                      52 	.db #0x28	; 40
    00000007 28                      53 	.db #0x28	; 40
    00000008 44                      54 	.db #0x44	; 68	'D'
    00000009 44                      55 	.db #0x44	; 68	'D'
    0000000A 7C                      56 	.db #0x7c	; 124
    0000000B 7C                      57 	.db #0x7c	; 124
    0000000C 82                      58 	.db #0x82	; 130
    0000000D 82                      59 	.db #0x82	; 130
    0000000E 82                      60 	.db #0x82	; 130
    0000000F 82                      61 	.db #0x82	; 130
    00000010 00                      62 	.db #0x00	; 0
    00000011 00                      63 	.db #0x00	; 0
    00000012 F8                      64 	.db #0xf8	; 248
    00000013 F8                      65 	.db #0xf8	; 248
    00000014 84                      66 	.db #0x84	; 132
    00000015 84                      67 	.db #0x84	; 132
    00000016 84                      68 	.db #0x84	; 132
    00000017 84                      69 	.db #0x84	; 132
    00000018 FC                      70 	.db #0xfc	; 252
    00000019 FC                      71 	.db #0xfc	; 252
    0000001A 82                      72 	.db #0x82	; 130
    0000001B 82                      73 	.db #0x82	; 130
    0000001C 82                      74 	.db #0x82	; 130
    0000001D 82                      75 	.db #0x82	; 130
    0000001E FC                      76 	.db #0xfc	; 252
    0000001F FC                      77 	.db #0xfc	; 252
    00000020 00                      78 	.db #0x00	; 0
    00000021 00                      79 	.db #0x00	; 0
    00000022 3C                      80 	.db #0x3c	; 60
    00000023 3C                      81 	.db #0x3c	; 60
    00000024 42                      82 	.db #0x42	; 66	'B'
    00000025 42                      83 	.db #0x42	; 66	'B'
    00000026 80                      84 	.db #0x80	; 128
    00000027 80                      85 	.db #0x80	; 128
    00000028 80                      86 	.db #0x80	; 128
    00000029 80                      87 	.db #0x80	; 128
    0000002A 80                      88 	.db #0x80	; 128
    0000002B 80                      89 	.db #0x80	; 128
    0000002C 42                      90 	.db #0x42	; 66	'B'
    0000002D 42                      91 	.db #0x42	; 66	'B'
    0000002E 3C                      92 	.db #0x3c	; 60
    0000002F 3C                      93 	.db #0x3c	; 60
    00000030 00                      94 	.db #0x00	; 0
    00000031 00                      95 	.db #0x00	; 0
    00000032 F8                      96 	.db #0xf8	; 248
    00000033 F8                      97 	.db #0xf8	; 248
    00000034 84                      98 	.db #0x84	; 132
    00000035 84                      99 	.db #0x84	; 132
    00000036 82                     100 	.db #0x82	; 130
    00000037 82                     101 	.db #0x82	; 130
    00000038 82                     102 	.db #0x82	; 130
    00000039 82                     103 	.db #0x82	; 130
    0000003A 82                     104 	.db #0x82	; 130
    0000003B 82                     105 	.db #0x82	; 130
    0000003C 84                     106 	.db #0x84	; 132
    0000003D 84                     107 	.db #0x84	; 132
    0000003E F8                     108 	.db #0xf8	; 248
    0000003F F8                     109 	.db #0xf8	; 248
    00000040 00                     110 	.db #0x00	; 0
    00000041 00                     111 	.db #0x00	; 0
    00000042 FE                     112 	.db #0xfe	; 254
    00000043 FE                     113 	.db #0xfe	; 254
    00000044 80                     114 	.db #0x80	; 128
    00000045 80                     115 	.db #0x80	; 128
    00000046 80                     116 	.db #0x80	; 128
    00000047 80                     117 	.db #0x80	; 128
    00000048 FC                     118 	.db #0xfc	; 252
    00000049 FC                     119 	.db #0xfc	; 252
    0000004A 80                     120 	.db #0x80	; 128
    0000004B 80                     121 	.db #0x80	; 128
    0000004C 80                     122 	.db #0x80	; 128
    0000004D 80                     123 	.db #0x80	; 128
    0000004E FE                     124 	.db #0xfe	; 254
    0000004F FE                     125 	.db #0xfe	; 254
    00000050 00                     126 	.db #0x00	; 0
    00000051 00                     127 	.db #0x00	; 0
    00000052 FE                     128 	.db #0xfe	; 254
    00000053 FE                     129 	.db #0xfe	; 254
    00000054 80                     130 	.db #0x80	; 128
    00000055 80                     131 	.db #0x80	; 128
    00000056 80                     132 	.db #0x80	; 128
    00000057 80                     133 	.db #0x80	; 128
    00000058 FC                     134 	.db #0xfc	; 252
    00000059 FC                     135 	.db #0xfc	; 252
    0000005A 80                     136 	.db #0x80	; 128
    0000005B 80                     137 	.db #0x80	; 128
    0000005C 80                     138 	.db #0x80	; 128
    0000005D 80                     139 	.db #0x80	; 128
    0000005E 80                     140 	.db #0x80	; 128
    0000005F 80                     141 	.db #0x80	; 128
    00000060 00                     142 	.db #0x00	; 0
    00000061 00                     143 	.db #0x00	; 0
    00000062 3C                     144 	.db #0x3c	; 60
    00000063 3C                     145 	.db #0x3c	; 60
    00000064 42                     146 	.db #0x42	; 66	'B'
    00000065 42                     147 	.db #0x42	; 66	'B'
    00000066 80                     148 	.db #0x80	; 128
    00000067 80                     149 	.db #0x80	; 128
    00000068 9E                     150 	.db #0x9e	; 158
    00000069 9E                     151 	.db #0x9e	; 158
    0000006A 82                     152 	.db #0x82	; 130
    0000006B 82                     153 	.db #0x82	; 130
    0000006C 42                     154 	.db #0x42	; 66	'B'
    0000006D 42                     155 	.db #0x42	; 66	'B'
    0000006E 3C                     156 	.db #0x3c	; 60
    0000006F 3C                     157 	.db #0x3c	; 60
    00000070 00                     158 	.db #0x00	; 0
    00000071 00                     159 	.db #0x00	; 0
    00000072 82                     160 	.db #0x82	; 130
    00000073 82                     161 	.db #0x82	; 130
    00000074 82                     162 	.db #0x82	; 130
    00000075 82                     163 	.db #0x82	; 130
    00000076 82                     164 	.db #0x82	; 130
    00000077 82                     165 	.db #0x82	; 130
    00000078 FE                     166 	.db #0xfe	; 254
    00000079 FE                     167 	.db #0xfe	; 254
    0000007A 82                     168 	.db #0x82	; 130
    0000007B 82                     169 	.db #0x82	; 130
    0000007C 82                     170 	.db #0x82	; 130
    0000007D 82                     171 	.db #0x82	; 130
    0000007E 82                     172 	.db #0x82	; 130
    0000007F 82                     173 	.db #0x82	; 130
    00000080 00                     174 	.db #0x00	; 0
    00000081 00                     175 	.db #0x00	; 0
    00000082 7C                     176 	.db #0x7c	; 124
    00000083 7C                     177 	.db #0x7c	; 124
    00000084 10                     178 	.db #0x10	; 16
    00000085 10                     179 	.db #0x10	; 16
    00000086 10                     180 	.db #0x10	; 16
    00000087 10                     181 	.db #0x10	; 16
    00000088 10                     182 	.db #0x10	; 16
    00000089 10                     183 	.db #0x10	; 16
    0000008A 10                     184 	.db #0x10	; 16
    0000008B 10                     185 	.db #0x10	; 16
    0000008C 10                     186 	.db #0x10	; 16
    0000008D 10                     187 	.db #0x10	; 16
    0000008E 7C                     188 	.db #0x7c	; 124
    0000008F 7C                     189 	.db #0x7c	; 124
    00000090 00                     190 	.db #0x00	; 0
    00000091 00                     191 	.db #0x00	; 0
    00000092 7E                     192 	.db #0x7e	; 126
    00000093 7E                     193 	.db #0x7e	; 126
    00000094 08                     194 	.db #0x08	; 8
    00000095 08                     195 	.db #0x08	; 8
    00000096 08                     196 	.db #0x08	; 8
    00000097 08                     197 	.db #0x08	; 8
    00000098 88                     198 	.db #0x88	; 136
    00000099 88                     199 	.db #0x88	; 136
    0000009A 88                     200 	.db #0x88	; 136
    0000009B 88                     201 	.db #0x88	; 136
    0000009C 88                     202 	.db #0x88	; 136
    0000009D 88                     203 	.db #0x88	; 136
    0000009E 70                     204 	.db #0x70	; 112	'p'
    0000009F 70                     205 	.db #0x70	; 112	'p'
    000000A0 00                     206 	.db #0x00	; 0
    000000A1 00                     207 	.db #0x00	; 0
    000000A2 84                     208 	.db #0x84	; 132
    000000A3 84                     209 	.db #0x84	; 132
    000000A4 88                     210 	.db #0x88	; 136
    000000A5 88                     211 	.db #0x88	; 136
    000000A6 90                     212 	.db #0x90	; 144
    000000A7 90                     213 	.db #0x90	; 144
    000000A8 B0                     214 	.db #0xb0	; 176
    000000A9 B0                     215 	.db #0xb0	; 176
    000000AA C8                     216 	.db #0xc8	; 200
    000000AB C8                     217 	.db #0xc8	; 200
    000000AC 84                     218 	.db #0x84	; 132
    000000AD 84                     219 	.db #0x84	; 132
    000000AE 82                     220 	.db #0x82	; 130
    000000AF 82                     221 	.db #0x82	; 130
    000000B0 00                     222 	.db #0x00	; 0
    000000B1 00                     223 	.db #0x00	; 0
    000000B2 80                     224 	.db #0x80	; 128
    000000B3 80                     225 	.db #0x80	; 128
    000000B4 80                     226 	.db #0x80	; 128
    000000B5 80                     227 	.db #0x80	; 128
    000000B6 80                     228 	.db #0x80	; 128
    000000B7 80                     229 	.db #0x80	; 128
    000000B8 80                     230 	.db #0x80	; 128
    000000B9 80                     231 	.db #0x80	; 128
    000000BA 80                     232 	.db #0x80	; 128
    000000BB 80                     233 	.db #0x80	; 128
    000000BC 80                     234 	.db #0x80	; 128
    000000BD 80                     235 	.db #0x80	; 128
    000000BE FE                     236 	.db #0xfe	; 254
    000000BF FE                     237 	.db #0xfe	; 254
    000000C0 00                     238 	.db #0x00	; 0
    000000C1 00                     239 	.db #0x00	; 0
    000000C2 82                     240 	.db #0x82	; 130
    000000C3 82                     241 	.db #0x82	; 130
    000000C4 C6                     242 	.db #0xc6	; 198
    000000C5 C6                     243 	.db #0xc6	; 198
    000000C6 AA                     244 	.db #0xaa	; 170
    000000C7 AA                     245 	.db #0xaa	; 170
    000000C8 92                     246 	.db #0x92	; 146
    000000C9 92                     247 	.db #0x92	; 146
    000000CA 82                     248 	.db #0x82	; 130
    000000CB 82                     249 	.db #0x82	; 130
    000000CC 82                     250 	.db #0x82	; 130
    000000CD 82                     251 	.db #0x82	; 130
    000000CE 82                     252 	.db #0x82	; 130
    000000CF 82                     253 	.db #0x82	; 130
    000000D0 00                     254 	.db #0x00	; 0
    000000D1 00                     255 	.db #0x00	; 0
    000000D2 82                     256 	.db #0x82	; 130
    000000D3 82                     257 	.db #0x82	; 130
    000000D4 C2                     258 	.db #0xc2	; 194
    000000D5 C2                     259 	.db #0xc2	; 194
    000000D6 A2                     260 	.db #0xa2	; 162
    000000D7 A2                     261 	.db #0xa2	; 162
    000000D8 92                     262 	.db #0x92	; 146
    000000D9 92                     263 	.db #0x92	; 146
    000000DA 8A                     264 	.db #0x8a	; 138
    000000DB 8A                     265 	.db #0x8a	; 138
    000000DC 86                     266 	.db #0x86	; 134
    000000DD 86                     267 	.db #0x86	; 134
    000000DE 82                     268 	.db #0x82	; 130
    000000DF 82                     269 	.db #0x82	; 130
    000000E0 00                     270 	.db #0x00	; 0
    000000E1 00                     271 	.db #0x00	; 0
    000000E2 38                     272 	.db #0x38	; 56	'8'
    000000E3 38                     273 	.db #0x38	; 56	'8'
    000000E4 44                     274 	.db #0x44	; 68	'D'
    000000E5 44                     275 	.db #0x44	; 68	'D'
    000000E6 82                     276 	.db #0x82	; 130
    000000E7 82                     277 	.db #0x82	; 130
    000000E8 82                     278 	.db #0x82	; 130
    000000E9 82                     279 	.db #0x82	; 130
    000000EA 82                     280 	.db #0x82	; 130
    000000EB 82                     281 	.db #0x82	; 130
    000000EC 44                     282 	.db #0x44	; 68	'D'
    000000ED 44                     283 	.db #0x44	; 68	'D'
    000000EE 38                     284 	.db #0x38	; 56	'8'
    000000EF 38                     285 	.db #0x38	; 56	'8'
    000000F0 00                     286 	.db #0x00	; 0
    000000F1 00                     287 	.db #0x00	; 0
    000000F2 FC                     288 	.db #0xfc	; 252
    000000F3 FC                     289 	.db #0xfc	; 252
    000000F4 82                     290 	.db #0x82	; 130
    000000F5 82                     291 	.db #0x82	; 130
    000000F6 82                     292 	.db #0x82	; 130
    000000F7 82                     293 	.db #0x82	; 130
    000000F8 FC                     294 	.db #0xfc	; 252
    000000F9 FC                     295 	.db #0xfc	; 252
    000000FA 80                     296 	.db #0x80	; 128
    000000FB 80                     297 	.db #0x80	; 128
    000000FC 80                     298 	.db #0x80	; 128
    000000FD 80                     299 	.db #0x80	; 128
    000000FE 80                     300 	.db #0x80	; 128
    000000FF 80                     301 	.db #0x80	; 128
    00000100 00                     302 	.db #0x00	; 0
    00000101 00                     303 	.db #0x00	; 0
    00000102 38                     304 	.db #0x38	; 56	'8'
    00000103 38                     305 	.db #0x38	; 56	'8'
    00000104 44                     306 	.db #0x44	; 68	'D'
    00000105 44                     307 	.db #0x44	; 68	'D'
    00000106 82                     308 	.db #0x82	; 130
    00000107 82                     309 	.db #0x82	; 130
    00000108 82                     310 	.db #0x82	; 130
    00000109 82                     311 	.db #0x82	; 130
    0000010A 8A                     312 	.db #0x8a	; 138
    0000010B 8A                     313 	.db #0x8a	; 138
    0000010C 44                     314 	.db #0x44	; 68	'D'
    0000010D 44                     315 	.db #0x44	; 68	'D'
    0000010E 3A                     316 	.db #0x3a	; 58
    0000010F 3A                     317 	.db #0x3a	; 58
    00000110 00                     318 	.db #0x00	; 0
    00000111 00                     319 	.db #0x00	; 0
    00000112 FC                     320 	.db #0xfc	; 252
    00000113 FC                     321 	.db #0xfc	; 252
    00000114 82                     322 	.db #0x82	; 130
    00000115 82                     323 	.db #0x82	; 130
    00000116 82                     324 	.db #0x82	; 130
    00000117 82                     325 	.db #0x82	; 130
    00000118 FC                     326 	.db #0xfc	; 252
    00000119 FC                     327 	.db #0xfc	; 252
    0000011A 88                     328 	.db #0x88	; 136
    0000011B 88                     329 	.db #0x88	; 136
    0000011C 84                     330 	.db #0x84	; 132
    0000011D 84                     331 	.db #0x84	; 132
    0000011E 82                     332 	.db #0x82	; 130
    0000011F 82                     333 	.db #0x82	; 130
    00000120 00                     334 	.db #0x00	; 0
    00000121 00                     335 	.db #0x00	; 0
    00000122 78                     336 	.db #0x78	; 120	'x'
    00000123 78                     337 	.db #0x78	; 120	'x'
    00000124 84                     338 	.db #0x84	; 132
    00000125 84                     339 	.db #0x84	; 132
    00000126 80                     340 	.db #0x80	; 128
    00000127 80                     341 	.db #0x80	; 128
    00000128 7C                     342 	.db #0x7c	; 124
    00000129 7C                     343 	.db #0x7c	; 124
    0000012A 02                     344 	.db #0x02	; 2
    0000012B 02                     345 	.db #0x02	; 2
    0000012C 82                     346 	.db #0x82	; 130
    0000012D 82                     347 	.db #0x82	; 130
    0000012E 7C                     348 	.db #0x7c	; 124
    0000012F 7C                     349 	.db #0x7c	; 124
    00000130 00                     350 	.db #0x00	; 0
    00000131 00                     351 	.db #0x00	; 0
    00000132 FE                     352 	.db #0xfe	; 254
    00000133 FE                     353 	.db #0xfe	; 254
    00000134 10                     354 	.db #0x10	; 16
    00000135 10                     355 	.db #0x10	; 16
    00000136 10                     356 	.db #0x10	; 16
    00000137 10                     357 	.db #0x10	; 16
    00000138 10                     358 	.db #0x10	; 16
    00000139 10                     359 	.db #0x10	; 16
    0000013A 10                     360 	.db #0x10	; 16
    0000013B 10                     361 	.db #0x10	; 16
    0000013C 10                     362 	.db #0x10	; 16
    0000013D 10                     363 	.db #0x10	; 16
    0000013E 10                     364 	.db #0x10	; 16
    0000013F 10                     365 	.db #0x10	; 16
    00000140 00                     366 	.db #0x00	; 0
    00000141 00                     367 	.db #0x00	; 0
    00000142 82                     368 	.db #0x82	; 130
    00000143 82                     369 	.db #0x82	; 130
    00000144 82                     370 	.db #0x82	; 130
    00000145 82                     371 	.db #0x82	; 130
    00000146 82                     372 	.db #0x82	; 130
    00000147 82                     373 	.db #0x82	; 130
    00000148 82                     374 	.db #0x82	; 130
    00000149 82                     375 	.db #0x82	; 130
    0000014A 82                     376 	.db #0x82	; 130
    0000014B 82                     377 	.db #0x82	; 130
    0000014C 42                     378 	.db #0x42	; 66	'B'
    0000014D 42                     379 	.db #0x42	; 66	'B'
    0000014E 3E                     380 	.db #0x3e	; 62
    0000014F 3E                     381 	.db #0x3e	; 62
    00000150 00                     382 	.db #0x00	; 0
    00000151 00                     383 	.db #0x00	; 0
    00000152 82                     384 	.db #0x82	; 130
    00000153 82                     385 	.db #0x82	; 130
    00000154 82                     386 	.db #0x82	; 130
    00000155 82                     387 	.db #0x82	; 130
    00000156 44                     388 	.db #0x44	; 68	'D'
    00000157 44                     389 	.db #0x44	; 68	'D'
    00000158 44                     390 	.db #0x44	; 68	'D'
    00000159 44                     391 	.db #0x44	; 68	'D'
    0000015A 28                     392 	.db #0x28	; 40
    0000015B 28                     393 	.db #0x28	; 40
    0000015C 28                     394 	.db #0x28	; 40
    0000015D 28                     395 	.db #0x28	; 40
    0000015E 10                     396 	.db #0x10	; 16
    0000015F 10                     397 	.db #0x10	; 16
    00000160 00                     398 	.db #0x00	; 0
    00000161 00                     399 	.db #0x00	; 0
    00000162 82                     400 	.db #0x82	; 130
    00000163 82                     401 	.db #0x82	; 130
    00000164 82                     402 	.db #0x82	; 130
    00000165 82                     403 	.db #0x82	; 130
    00000166 92                     404 	.db #0x92	; 146
    00000167 92                     405 	.db #0x92	; 146
    00000168 AA                     406 	.db #0xaa	; 170
    00000169 AA                     407 	.db #0xaa	; 170
    0000016A C6                     408 	.db #0xc6	; 198
    0000016B C6                     409 	.db #0xc6	; 198
    0000016C C6                     410 	.db #0xc6	; 198
    0000016D C6                     411 	.db #0xc6	; 198
    0000016E 82                     412 	.db #0x82	; 130
    0000016F 82                     413 	.db #0x82	; 130
    00000170 00                     414 	.db #0x00	; 0
    00000171 00                     415 	.db #0x00	; 0
    00000172 C6                     416 	.db #0xc6	; 198
    00000173 C6                     417 	.db #0xc6	; 198
    00000174 44                     418 	.db #0x44	; 68	'D'
    00000175 44                     419 	.db #0x44	; 68	'D'
    00000176 28                     420 	.db #0x28	; 40
    00000177 28                     421 	.db #0x28	; 40
    00000178 10                     422 	.db #0x10	; 16
    00000179 10                     423 	.db #0x10	; 16
    0000017A 28                     424 	.db #0x28	; 40
    0000017B 28                     425 	.db #0x28	; 40
    0000017C 44                     426 	.db #0x44	; 68	'D'
    0000017D 44                     427 	.db #0x44	; 68	'D'
    0000017E C6                     428 	.db #0xc6	; 198
    0000017F C6                     429 	.db #0xc6	; 198
    00000180 00                     430 	.db #0x00	; 0
    00000181 00                     431 	.db #0x00	; 0
    00000182 82                     432 	.db #0x82	; 130
    00000183 82                     433 	.db #0x82	; 130
    00000184 44                     434 	.db #0x44	; 68	'D'
    00000185 44                     435 	.db #0x44	; 68	'D'
    00000186 28                     436 	.db #0x28	; 40
    00000187 28                     437 	.db #0x28	; 40
    00000188 10                     438 	.db #0x10	; 16
    00000189 10                     439 	.db #0x10	; 16
    0000018A 10                     440 	.db #0x10	; 16
    0000018B 10                     441 	.db #0x10	; 16
    0000018C 10                     442 	.db #0x10	; 16
    0000018D 10                     443 	.db #0x10	; 16
    0000018E 10                     444 	.db #0x10	; 16
    0000018F 10                     445 	.db #0x10	; 16
    00000190 00                     446 	.db #0x00	; 0
    00000191 00                     447 	.db #0x00	; 0
    00000192 FE                     448 	.db #0xfe	; 254
    00000193 FE                     449 	.db #0xfe	; 254
    00000194 04                     450 	.db #0x04	; 4
    00000195 04                     451 	.db #0x04	; 4
    00000196 08                     452 	.db #0x08	; 8
    00000197 08                     453 	.db #0x08	; 8
    00000198 10                     454 	.db #0x10	; 16
    00000199 10                     455 	.db #0x10	; 16
    0000019A 20                     456 	.db #0x20	; 32
    0000019B 20                     457 	.db #0x20	; 32
    0000019C 40                     458 	.db #0x40	; 64
    0000019D 40                     459 	.db #0x40	; 64
    0000019E FE                     460 	.db #0xfe	; 254
    0000019F FE                     461 	.db #0xfe	; 254
    000001A0 00                     462 	.db #0x00	; 0
    000001A1 00                     463 	.db #0x00	; 0
    000001A2 00                     464 	.db #0x00	; 0
    000001A3 00                     465 	.db #0x00	; 0
    000001A4 38                     466 	.db #0x38	; 56	'8'
    000001A5 38                     467 	.db #0x38	; 56	'8'
    000001A6 4C                     468 	.db #0x4c	; 76	'L'
    000001A7 4C                     469 	.db #0x4c	; 76	'L'
    000001A8 C6                     470 	.db #0xc6	; 198
    000001A9 C6                     471 	.db #0xc6	; 198
    000001AA C6                     472 	.db #0xc6	; 198
    000001AB C6                     473 	.db #0xc6	; 198
    000001AC 64                     474 	.db #0x64	; 100	'd'
    000001AD 64                     475 	.db #0x64	; 100	'd'
    000001AE 38                     476 	.db #0x38	; 56	'8'
    000001AF 38                     477 	.db #0x38	; 56	'8'
    000001B0 00                     478 	.db #0x00	; 0
    000001B1 00                     479 	.db #0x00	; 0
    000001B2 00                     480 	.db #0x00	; 0
    000001B3 00                     481 	.db #0x00	; 0
    000001B4 18                     482 	.db #0x18	; 24
    000001B5 18                     483 	.db #0x18	; 24
    000001B6 38                     484 	.db #0x38	; 56	'8'
    000001B7 38                     485 	.db #0x38	; 56	'8'
    000001B8 18                     486 	.db #0x18	; 24
    000001B9 18                     487 	.db #0x18	; 24
    000001BA 18                     488 	.db #0x18	; 24
    000001BB 18                     489 	.db #0x18	; 24
    000001BC 18                     490 	.db #0x18	; 24
    000001BD 18                     491 	.db #0x18	; 24
    000001BE 7E                     492 	.db #0x7e	; 126
    000001BF 7E                     493 	.db #0x7e	; 126
    000001C0 00                     494 	.db #0x00	; 0
    000001C1 00                     495 	.db #0x00	; 0
    000001C2 00                     496 	.db #0x00	; 0
    000001C3 00                     497 	.db #0x00	; 0
    000001C4 7C                     498 	.db #0x7c	; 124
    000001C5 7C                     499 	.db #0x7c	; 124
    000001C6 C6                     500 	.db #0xc6	; 198
    000001C7 C6                     501 	.db #0xc6	; 198
    000001C8 0E                     502 	.db #0x0e	; 14
    000001C9 0E                     503 	.db #0x0e	; 14
    000001CA 7C                     504 	.db #0x7c	; 124
    000001CB 7C                     505 	.db #0x7c	; 124
    000001CC E0                     506 	.db #0xe0	; 224
    000001CD E0                     507 	.db #0xe0	; 224
    000001CE FE                     508 	.db #0xfe	; 254
    000001CF FE                     509 	.db #0xfe	; 254
    000001D0 00                     510 	.db #0x00	; 0
    000001D1 00                     511 	.db #0x00	; 0
    000001D2 00                     512 	.db #0x00	; 0
    000001D3 00                     513 	.db #0x00	; 0
    000001D4 7E                     514 	.db #0x7e	; 126
    000001D5 7E                     515 	.db #0x7e	; 126
    000001D6 0C                     516 	.db #0x0c	; 12
    000001D7 0C                     517 	.db #0x0c	; 12
    000001D8 38                     518 	.db #0x38	; 56	'8'
    000001D9 38                     519 	.db #0x38	; 56	'8'
    000001DA 06                     520 	.db #0x06	; 6
    000001DB 06                     521 	.db #0x06	; 6
    000001DC C6                     522 	.db #0xc6	; 198
    000001DD C6                     523 	.db #0xc6	; 198
    000001DE 7C                     524 	.db #0x7c	; 124
    000001DF 7C                     525 	.db #0x7c	; 124
    000001E0 00                     526 	.db #0x00	; 0
    000001E1 00                     527 	.db #0x00	; 0
    000001E2 00                     528 	.db #0x00	; 0
    000001E3 00                     529 	.db #0x00	; 0
    000001E4 1C                     530 	.db #0x1c	; 28
    000001E5 1C                     531 	.db #0x1c	; 28
    000001E6 3C                     532 	.db #0x3c	; 60
    000001E7 3C                     533 	.db #0x3c	; 60
    000001E8 6C                     534 	.db #0x6c	; 108	'l'
    000001E9 6C                     535 	.db #0x6c	; 108	'l'
    000001EA CC                     536 	.db #0xcc	; 204
    000001EB CC                     537 	.db #0xcc	; 204
    000001EC FE                     538 	.db #0xfe	; 254
    000001ED FE                     539 	.db #0xfe	; 254
    000001EE 0C                     540 	.db #0x0c	; 12
    000001EF 0C                     541 	.db #0x0c	; 12
    000001F0 00                     542 	.db #0x00	; 0
    000001F1 00                     543 	.db #0x00	; 0
    000001F2 00                     544 	.db #0x00	; 0
    000001F3 00                     545 	.db #0x00	; 0
    000001F4 FC                     546 	.db #0xfc	; 252
    000001F5 FC                     547 	.db #0xfc	; 252
    000001F6 80                     548 	.db #0x80	; 128
    000001F7 80                     549 	.db #0x80	; 128
    000001F8 FC                     550 	.db #0xfc	; 252
    000001F9 FC                     551 	.db #0xfc	; 252
    000001FA 06                     552 	.db #0x06	; 6
    000001FB 06                     553 	.db #0x06	; 6
    000001FC C6                     554 	.db #0xc6	; 198
    000001FD C6                     555 	.db #0xc6	; 198
    000001FE 7C                     556 	.db #0x7c	; 124
    000001FF 7C                     557 	.db #0x7c	; 124
    00000200 00                     558 	.db #0x00	; 0
    00000201 00                     559 	.db #0x00	; 0
    00000202 00                     560 	.db #0x00	; 0
    00000203 00                     561 	.db #0x00	; 0
    00000204 7C                     562 	.db #0x7c	; 124
    00000205 7C                     563 	.db #0x7c	; 124
    00000206 C0                     564 	.db #0xc0	; 192
    00000207 C0                     565 	.db #0xc0	; 192
    00000208 FC                     566 	.db #0xfc	; 252
    00000209 FC                     567 	.db #0xfc	; 252
    0000020A C6                     568 	.db #0xc6	; 198
    0000020B C6                     569 	.db #0xc6	; 198
    0000020C C6                     570 	.db #0xc6	; 198
    0000020D C6                     571 	.db #0xc6	; 198
    0000020E 7C                     572 	.db #0x7c	; 124
    0000020F 7C                     573 	.db #0x7c	; 124
    00000210 00                     574 	.db #0x00	; 0
    00000211 00                     575 	.db #0x00	; 0
    00000212 00                     576 	.db #0x00	; 0
    00000213 00                     577 	.db #0x00	; 0
    00000214 FE                     578 	.db #0xfe	; 254
    00000215 FE                     579 	.db #0xfe	; 254
    00000216 C6                     580 	.db #0xc6	; 198
    00000217 C6                     581 	.db #0xc6	; 198
    00000218 0C                     582 	.db #0x0c	; 12
    00000219 0C                     583 	.db #0x0c	; 12
    0000021A 18                     584 	.db #0x18	; 24
    0000021B 18                     585 	.db #0x18	; 24
    0000021C 30                     586 	.db #0x30	; 48	'0'
    0000021D 30                     587 	.db #0x30	; 48	'0'
    0000021E 30                     588 	.db #0x30	; 48	'0'
    0000021F 30                     589 	.db #0x30	; 48	'0'
    00000220 00                     590 	.db #0x00	; 0
    00000221 00                     591 	.db #0x00	; 0
    00000222 00                     592 	.db #0x00	; 0
    00000223 00                     593 	.db #0x00	; 0
    00000224 7C                     594 	.db #0x7c	; 124
    00000225 7C                     595 	.db #0x7c	; 124
    00000226 C6                     596 	.db #0xc6	; 198
    00000227 C6                     597 	.db #0xc6	; 198
    00000228 7C                     598 	.db #0x7c	; 124
    00000229 7C                     599 	.db #0x7c	; 124
    0000022A C6                     600 	.db #0xc6	; 198
    0000022B C6                     601 	.db #0xc6	; 198
    0000022C C6                     602 	.db #0xc6	; 198
    0000022D C6                     603 	.db #0xc6	; 198
    0000022E 7C                     604 	.db #0x7c	; 124
    0000022F 7C                     605 	.db #0x7c	; 124
    00000230 00                     606 	.db #0x00	; 0
    00000231 00                     607 	.db #0x00	; 0
    00000232 00                     608 	.db #0x00	; 0
    00000233 00                     609 	.db #0x00	; 0
    00000234 7C                     610 	.db #0x7c	; 124
    00000235 7C                     611 	.db #0x7c	; 124
    00000236 C6                     612 	.db #0xc6	; 198
    00000237 C6                     613 	.db #0xc6	; 198
    00000238 C6                     614 	.db #0xc6	; 198
    00000239 C6                     615 	.db #0xc6	; 198
    0000023A 7E                     616 	.db #0x7e	; 126
    0000023B 7E                     617 	.db #0x7e	; 126
    0000023C 06                     618 	.db #0x06	; 6
    0000023D 06                     619 	.db #0x06	; 6
    0000023E 7C                     620 	.db #0x7c	; 124
    0000023F 7C                     621 	.db #0x7c	; 124
    00000240 00                     622 	.db #0x00	; 0
    00000241 00                     623 	.db #0x00	; 0
    00000242 00                     624 	.db #0x00	; 0
    00000243 00                     625 	.db #0x00	; 0
    00000244 00                     626 	.db #0x00	; 0
    00000245 00                     627 	.db #0x00	; 0
    00000246 00                     628 	.db #0x00	; 0
    00000247 00                     629 	.db #0x00	; 0
    00000248 00                     630 	.db #0x00	; 0
    00000249 00                     631 	.db #0x00	; 0
    0000024A 7E                     632 	.db #0x7e	; 126
    0000024B 7E                     633 	.db #0x7e	; 126
    0000024C 00                     634 	.db #0x00	; 0
    0000024D 00                     635 	.db #0x00	; 0
    0000024E 00                     636 	.db #0x00	; 0
    0000024F 00                     637 	.db #0x00	; 0
    00000250 00                     638 	.db #0x00	; 0
    00000251 00                     639 	.db #0x00	; 0
    00000252 00                     640 	.db #0x00	; 0
    00000253 00                     641 	.db #0x00	; 0
    00000254 00                     642 	.db #0x00	; 0
    00000255 00                     643 	.db #0x00	; 0
    00000256 00                     644 	.db #0x00	; 0
    00000257 00                     645 	.db #0x00	; 0
    00000258 30                     646 	.db #0x30	; 48	'0'
    00000259 30                     647 	.db #0x30	; 48	'0'
    0000025A 30                     648 	.db #0x30	; 48	'0'
    0000025B 30                     649 	.db #0x30	; 48	'0'
    0000025C 10                     650 	.db #0x10	; 16
    0000025D 10                     651 	.db #0x10	; 16
    0000025E 20                     652 	.db #0x20	; 32
    0000025F 20                     653 	.db #0x20	; 32
    00000260 00                     654 	.db #0x00	; 0
    00000261 00                     655 	.db #0x00	; 0
    00000262 00                     656 	.db #0x00	; 0
    00000263 00                     657 	.db #0x00	; 0
    00000264 00                     658 	.db #0x00	; 0
    00000265 00                     659 	.db #0x00	; 0
    00000266 00                     660 	.db #0x00	; 0
    00000267 00                     661 	.db #0x00	; 0
    00000268 00                     662 	.db #0x00	; 0
    00000269 00                     663 	.db #0x00	; 0
    0000026A 00                     664 	.db #0x00	; 0
    0000026B 00                     665 	.db #0x00	; 0
    0000026C 30                     666 	.db #0x30	; 48	'0'
    0000026D 30                     667 	.db #0x30	; 48	'0'
    0000026E 30                     668 	.db #0x30	; 48	'0'
    0000026F 30                     669 	.db #0x30	; 48	'0'
    00000270 00                     670 	.db #0x00	; 0
    00000271 00                     671 	.db #0x00	; 0
    00000272 18                     672 	.db #0x18	; 24
    00000273 18                     673 	.db #0x18	; 24
    00000274 3C                     674 	.db #0x3c	; 60
    00000275 3C                     675 	.db #0x3c	; 60
    00000276 3C                     676 	.db #0x3c	; 60
    00000277 3C                     677 	.db #0x3c	; 60
    00000278 18                     678 	.db #0x18	; 24
    00000279 18                     679 	.db #0x18	; 24
    0000027A 18                     680 	.db #0x18	; 24
    0000027B 18                     681 	.db #0x18	; 24
    0000027C 00                     682 	.db #0x00	; 0
    0000027D 00                     683 	.db #0x00	; 0
    0000027E 18                     684 	.db #0x18	; 24
    0000027F 18                     685 	.db #0x18	; 24
    00000280 00                     686 	.db #0x00	; 0
    00000281 00                     687 	.db #0x00	; 0
    00000282 7E                     688 	.db #0x7e	; 126
    00000283 7E                     689 	.db #0x7e	; 126
    00000284 E7                     690 	.db #0xe7	; 231
    00000285 E7                     691 	.db #0xe7	; 231
    00000286 CE                     692 	.db #0xce	; 206
    00000287 CE                     693 	.db #0xce	; 206
    00000288 18                     694 	.db #0x18	; 24
    00000289 18                     695 	.db #0x18	; 24
    0000028A 00                     696 	.db #0x00	; 0
    0000028B 00                     697 	.db #0x00	; 0
    0000028C 18                     698 	.db #0x18	; 24
    0000028D 18                     699 	.db #0x18	; 24
    0000028E 18                     700 	.db #0x18	; 24
    0000028F 18                     701 	.db #0x18	; 24
    00000290 06                     702 	.db #0x06	; 6
    00000291 06                     703 	.db #0x06	; 6
    00000292 0E                     704 	.db #0x0e	; 14
    00000293 0A                     705 	.db #0x0a	; 10
    00000294 1C                     706 	.db #0x1c	; 28
    00000295 14                     707 	.db #0x14	; 20
    00000296 78                     708 	.db #0x78	; 120	'x'
    00000297 68                     709 	.db #0x68	; 104	'h'
    00000298 B0                     710 	.db #0xb0	; 176
    00000299 D6                     711 	.db #0xd6	; 214
    0000029A 50                     712 	.db #0x50	; 80	'P'
    0000029B 7F                     713 	.db #0x7f	; 127
    0000029C A0                     714 	.db #0xa0	; 160
    0000029D A6                     715 	.db #0xa6	; 166
    0000029E 00                     716 	.db #0x00	; 0
    0000029F 06                     717 	.db #0x06	; 6
    000002A0 C6                     718 	.db #0xc6	; 198
    000002A1 C6                     719 	.db #0xc6	; 198
    000002A2 FE                     720 	.db #0xfe	; 254
    000002A3 BA                     721 	.db #0xba	; 186
    000002A4 FE                     722 	.db #0xfe	; 254
    000002A5 82                     723 	.db #0x82	; 130
    000002A6 FE                     724 	.db #0xfe	; 254
    000002A7 82                     725 	.db #0x82	; 130
    000002A8 F8                     726 	.db #0xf8	; 248
    000002A9 86                     727 	.db #0x86	; 134
    000002AA F0                     728 	.db #0xf0	; 240
    000002AB 8F                     729 	.db #0x8f	; 143
    000002AC 78                     730 	.db #0x78	; 120	'x'
    000002AD 46                     731 	.db #0x46	; 70	'F'
    000002AE 38                     732 	.db #0x38	; 56	'8'
    000002AF 3E                     733 	.db #0x3e	; 62
    000002B0 07                     734 	.db #0x07	; 7
    000002B1 07                     735 	.db #0x07	; 7
    000002B2 09                     736 	.db #0x09	; 9
    000002B3 0F                     737 	.db #0x0f	; 15
    000002B4 0D                     738 	.db #0x0d	; 13
    000002B5 0F                     739 	.db #0x0f	; 15
    000002B6 1E                     740 	.db #0x1e	; 30
    000002B7 16                     741 	.db #0x16	; 22
    000002B8 38                     742 	.db #0x38	; 56	'8'
    000002B9 2E                     743 	.db #0x2e	; 46
    000002BA F0                     744 	.db #0xf0	; 240
    000002BB DF                     745 	.db #0xdf	; 223
    000002BC A0                     746 	.db #0xa0	; 160
    000002BD A6                     747 	.db #0xa6	; 166
    000002BE 60                     748 	.db #0x60	; 96
    000002BF 66                     749 	.db #0x66	; 102	'f'
    000002C0 03                     750 	.db #0x03	; 3
    000002C1 03                     751 	.db #0x03	; 3
    000002C2 05                     752 	.db #0x05	; 5
    000002C3 07                     753 	.db #0x07	; 7
    000002C4 1E                     754 	.db #0x1e	; 30
    000002C5 1A                     755 	.db #0x1a	; 26
    000002C6 3C                     756 	.db #0x3c	; 60
    000002C7 2C                     757 	.db #0x2c	; 44
    000002C8 78                     758 	.db #0x78	; 120	'x'
    000002C9 46                     759 	.db #0x46	; 70	'F'
    000002CA F0                     760 	.db #0xf0	; 240
    000002CB 8F                     761 	.db #0x8f	; 143
    000002CC F0                     762 	.db #0xf0	; 240
    000002CD 96                     763 	.db #0x96	; 150
    000002CE 60                     764 	.db #0x60	; 96
    000002CF 66                     765 	.db #0x66	; 102	'f'
    000002D0 44                     766 	.db #0x44	; 68	'D'
    000002D1 7C                     767 	.db #0x7c	; 124
    000002D2 28                     768 	.db #0x28	; 40
    000002D3 28                     769 	.db #0x28	; 40
    000002D4 28                     770 	.db #0x28	; 40
    000002D5 28                     771 	.db #0x28	; 40
    000002D6 44                     772 	.db #0x44	; 68	'D'
    000002D7 44                     773 	.db #0x44	; 68	'D'
    000002D8 F8                     774 	.db #0xf8	; 248
    000002D9 86                     775 	.db #0x86	; 134
    000002DA F0                     776 	.db #0xf0	; 240
    000002DB 8F                     777 	.db #0x8f	; 143
    000002DC F8                     778 	.db #0xf8	; 248
    000002DD 86                     779 	.db #0x86	; 134
    000002DE 78                     780 	.db #0x78	; 120	'x'
    000002DF 7E                     781 	.db #0x7e	; 126
    000002E0 00                     782 	.db #0x00	; 0
    000002E1 00                     783 	.db #0x00	; 0
    000002E2 6C                     784 	.db #0x6c	; 108	'l'
    000002E3 6C                     785 	.db #0x6c	; 108	'l'
    000002E4 9E                     786 	.db #0x9e	; 158
    000002E5 92                     787 	.db #0x92	; 146
    000002E6 BE                     788 	.db #0xbe	; 190
    000002E7 82                     789 	.db #0x82	; 130
    000002E8 F8                     790 	.db #0xf8	; 248
    000002E9 86                     791 	.db #0x86	; 134
    000002EA 70                     792 	.db #0x70	; 112	'p'
    000002EB 4F                     793 	.db #0x4f	; 79	'O'
    000002EC 38                     794 	.db #0x38	; 56	'8'
    000002ED 2E                     795 	.db #0x2e	; 46
    000002EE 10                     796 	.db #0x10	; 16
    000002EF 16                     797 	.db #0x16	; 22
    000002F0 00                     798 	.db #0x00	; 0
    000002F1 00                     799 	.db #0x00	; 0
    000002F2 00                     800 	.db #0x00	; 0
    000002F3 00                     801 	.db #0x00	; 0
    000002F4 00                     802 	.db #0x00	; 0
    000002F5 00                     803 	.db #0x00	; 0
    000002F6 00                     804 	.db #0x00	; 0
    000002F7 00                     805 	.db #0x00	; 0
    000002F8 00                     806 	.db #0x00	; 0
    000002F9 00                     807 	.db #0x00	; 0
    000002FA 00                     808 	.db #0x00	; 0
    000002FB 00                     809 	.db #0x00	; 0
    000002FC 00                     810 	.db #0x00	; 0
    000002FD 00                     811 	.db #0x00	; 0
    000002FE 00                     812 	.db #0x00	; 0
    000002FF 00                     813 	.db #0x00	; 0
    00000300 00                     814 	.db #0x00	; 0
    00000301 00                     815 	.db #0x00	; 0
    00000302 02                     816 	.db #0x02	; 2
    00000303 02                     817 	.db #0x02	; 2
    00000304 04                     818 	.db #0x04	; 4
    00000305 04                     819 	.db #0x04	; 4
    00000306 08                     820 	.db #0x08	; 8
    00000307 08                     821 	.db #0x08	; 8
    00000308 10                     822 	.db #0x10	; 16
    00000309 10                     823 	.db #0x10	; 16
    0000030A 20                     824 	.db #0x20	; 32
    0000030B 20                     825 	.db #0x20	; 32
    0000030C 40                     826 	.db #0x40	; 64
    0000030D 40                     827 	.db #0x40	; 64
    0000030E 80                     828 	.db #0x80	; 128
    0000030F 80                     829 	.db #0x80	; 128
    00000310 00                     830 	.db #0x00	; 0
    00000311 00                     831 	.db #0x00	; 0
    00000312 00                     832 	.db #0x00	; 0
    00000313 00                     833 	.db #0x00	; 0
    00000314 18                     834 	.db #0x18	; 24
    00000315 18                     835 	.db #0x18	; 24
    00000316 18                     836 	.db #0x18	; 24
    00000317 18                     837 	.db #0x18	; 24
    00000318 00                     838 	.db #0x00	; 0
    00000319 00                     839 	.db #0x00	; 0
    0000031A 00                     840 	.db #0x00	; 0
    0000031B 00                     841 	.db #0x00	; 0
    0000031C 18                     842 	.db #0x18	; 24
    0000031D 18                     843 	.db #0x18	; 24
    0000031E 18                     844 	.db #0x18	; 24
    0000031F 18                     845 	.db #0x18	; 24
    00000320 00                     846 	.db #0x00	; 0
    00000321 00                     847 	.db #0x00	; 0
    00000322 3C                     848 	.db #0x3c	; 60
    00000323 3C                     849 	.db #0x3c	; 60
    00000324 4E                     850 	.db #0x4e	; 78	'N'
    00000325 42                     851 	.db #0x42	; 66	'B'
    00000326 9A                     852 	.db #0x9a	; 154
    00000327 86                     853 	.db #0x86	; 134
    00000328 AF                     854 	.db #0xaf	; 175
    00000329 91                     855 	.db #0x91	; 145
    0000032A BB                     856 	.db #0xbb	; 187
    0000032B 85                     857 	.db #0x85	; 133
    0000032C AD                     858 	.db #0xad	; 173
    0000032D D3                     859 	.db #0xd3	; 211
    0000032E 6E                     860 	.db #0x6e	; 110	'n'
    0000032F 6E                     861 	.db #0x6e	; 110	'n'
    00000330                        862 _MiniGUI:
    00000330 07                     863 	.db #0x07	; 7
    00000331 07                     864 	.db #0x07	; 7
    00000332 0F                     865 	.db #0x0f	; 15
    00000333 09                     866 	.db #0x09	; 9
    00000334 07                     867 	.db #0x07	; 7
    00000335 05                     868 	.db #0x05	; 5
    00000336 0A                     869 	.db #0x0a	; 10
    00000337 0A                     870 	.db #0x0a	; 10
    00000338 10                     871 	.db #0x10	; 16
    00000339 70                     872 	.db #0x70	; 112	'p'
    0000033A 20                     873 	.db #0x20	; 32
    0000033B F0                     874 	.db #0xf0	; 240
    0000033C 00                     875 	.db #0x00	; 0
    0000033D 30                     876 	.db #0x30	; 48	'0'
    0000033E 00                     877 	.db #0x00	; 0
    0000033F 20                     878 	.db #0x20	; 32
    00000340 3C                     879 	.db #0x3c	; 60
    00000341 3C                     880 	.db #0x3c	; 60
    00000342 7E                     881 	.db #0x7e	; 126
    00000343 42                     882 	.db #0x42	; 66	'B'
    00000344 24                     883 	.db #0x24	; 36
    00000345 24                     884 	.db #0x24	; 36
    00000346 24                     885 	.db #0x24	; 36
    00000347 24                     886 	.db #0x24	; 36
    00000348 42                     887 	.db #0x42	; 66	'B'
    00000349 7E                     888 	.db #0x7e	; 126
    0000034A 81                     889 	.db #0x81	; 129
    0000034B FF                     890 	.db #0xff	; 255
    0000034C 81                     891 	.db #0x81	; 129
    0000034D FF                     892 	.db #0xff	; 255
    0000034E 7E                     893 	.db #0x7e	; 126
    0000034F 7E                     894 	.db #0x7e	; 126
    00000350 F0                     895 	.db #0xf0	; 240
    00000351 F0                     896 	.db #0xf0	; 240
    00000352 F0                     897 	.db #0xf0	; 240
    00000353 90                     898 	.db #0x90	; 144
    00000354 BC                     899 	.db #0xbc	; 188
    00000355 DC                     900 	.db #0xdc	; 220
    00000356 9C                     901 	.db #0x9c	; 156
    00000357 E4                     902 	.db #0xe4	; 228
    00000358 8F                     903 	.db #0x8f	; 143
    00000359 F7                     904 	.db #0xf7	; 247
    0000035A 87                     905 	.db #0x87	; 135
    0000035B F9                     906 	.db #0xf9	; 249
    0000035C 83                     907 	.db #0x83	; 131
    0000035D FD                     908 	.db #0xfd	; 253
    0000035E FF                     909 	.db #0xff	; 255
    0000035F FF                     910 	.db #0xff	; 255
                                    911 	.area _INITIALIZER
                                    912 	.area _CABS (ABS)
