                                      1 ;--------------------------------------------------------
                                      2 ; File Created by SDCC : free open source ISO C Compiler
                                      3 ; Version 4.5.1 #15267 (Linux)
                                      4 ;--------------------------------------------------------
                                      5 	.module textbox
                                      6 	
                                      7 ;--------------------------------------------------------
                                      8 ; Public variables in this module
                                      9 ;--------------------------------------------------------
                                     10 	.globl _Textbox
                                     11 ;--------------------------------------------------------
                                     12 ; special function registers
                                     13 ;--------------------------------------------------------
                                     14 	.area _HRAM
                                     15 ;--------------------------------------------------------
                                     16 ; ram data
                                     17 ;--------------------------------------------------------
                                     18 	.area _DATA
                                     19 ;--------------------------------------------------------
                                     20 ; ram data
                                     21 ;--------------------------------------------------------
                                     22 	.area _INITIALIZED
                                     23 ;--------------------------------------------------------
                                     24 ; absolute external ram data
                                     25 ;--------------------------------------------------------
                                     26 	.area _DABS (ABS)
                                     27 ;--------------------------------------------------------
                                     28 ; global & static initialisations
                                     29 ;--------------------------------------------------------
                                     30 	.area _HOME
                                     31 	.area _GSINIT
                                     32 	.area _GSFINAL
                                     33 	.area _GSINIT
                                     34 ;--------------------------------------------------------
                                     35 ; Home
                                     36 ;--------------------------------------------------------
                                     37 	.area _HOME
                                     38 	.area _HOME
                                     39 ;--------------------------------------------------------
                                     40 ; code
                                     41 ;--------------------------------------------------------
                                     42 	.area _CODE_1
                                     43 	.area _CODE_1
    00000000                         44 _Textbox:
    00000000 3F                      45 	.db #0x3f	; 63
    00000001 3F                      46 	.db #0x3f	; 63
    00000002 40                      47 	.db #0x40	; 64
    00000003 7F                      48 	.db #0x7f	; 127
    00000004 9F                      49 	.db #0x9f	; 159
    00000005 FF                      50 	.db #0xff	; 255
    00000006 BF                      51 	.db #0xbf	; 191
    00000007 E0                      52 	.db #0xe0	; 224
    00000008 B0                      53 	.db #0xb0	; 176
    00000009 E0                      54 	.db #0xe0	; 224
    0000000A B0                      55 	.db #0xb0	; 176
    0000000B E0                      56 	.db #0xe0	; 224
    0000000C B0                      57 	.db #0xb0	; 176
    0000000D E0                      58 	.db #0xe0	; 224
    0000000E B0                      59 	.db #0xb0	; 176
    0000000F E0                      60 	.db #0xe0	; 224
    00000010 FF                      61 	.db #0xff	; 255
    00000011 FF                      62 	.db #0xff	; 255
    00000012 00                      63 	.db #0x00	; 0
    00000013 FF                      64 	.db #0xff	; 255
    00000014 FF                      65 	.db #0xff	; 255
    00000015 FF                      66 	.db #0xff	; 255
    00000016 FF                      67 	.db #0xff	; 255
    00000017 00                      68 	.db #0x00	; 0
    00000018 00                      69 	.db #0x00	; 0
    00000019 00                      70 	.db #0x00	; 0
    0000001A 00                      71 	.db #0x00	; 0
    0000001B 00                      72 	.db #0x00	; 0
    0000001C 00                      73 	.db #0x00	; 0
    0000001D 00                      74 	.db #0x00	; 0
    0000001E 00                      75 	.db #0x00	; 0
    0000001F 00                      76 	.db #0x00	; 0
    00000020 FC                      77 	.db #0xfc	; 252
    00000021 FC                      78 	.db #0xfc	; 252
    00000022 02                      79 	.db #0x02	; 2
    00000023 FE                      80 	.db #0xfe	; 254
    00000024 F9                      81 	.db #0xf9	; 249
    00000025 FF                      82 	.db #0xff	; 255
    00000026 FD                      83 	.db #0xfd	; 253
    00000027 07                      84 	.db #0x07	; 7
    00000028 0D                      85 	.db #0x0d	; 13
    00000029 07                      86 	.db #0x07	; 7
    0000002A 0D                      87 	.db #0x0d	; 13
    0000002B 07                      88 	.db #0x07	; 7
    0000002C 0D                      89 	.db #0x0d	; 13
    0000002D 07                      90 	.db #0x07	; 7
    0000002E 0D                      91 	.db #0x0d	; 13
    0000002F 07                      92 	.db #0x07	; 7
    00000030 0D                      93 	.db #0x0d	; 13
    00000031 07                      94 	.db #0x07	; 7
    00000032 0D                      95 	.db #0x0d	; 13
    00000033 07                      96 	.db #0x07	; 7
    00000034 0D                      97 	.db #0x0d	; 13
    00000035 07                      98 	.db #0x07	; 7
    00000036 0D                      99 	.db #0x0d	; 13
    00000037 07                     100 	.db #0x07	; 7
    00000038 0D                     101 	.db #0x0d	; 13
    00000039 07                     102 	.db #0x07	; 7
    0000003A 0D                     103 	.db #0x0d	; 13
    0000003B 07                     104 	.db #0x07	; 7
    0000003C 0D                     105 	.db #0x0d	; 13
    0000003D 07                     106 	.db #0x07	; 7
    0000003E 0D                     107 	.db #0x0d	; 13
    0000003F 07                     108 	.db #0x07	; 7
    00000040 0D                     109 	.db #0x0d	; 13
    00000041 07                     110 	.db #0x07	; 7
    00000042 0D                     111 	.db #0x0d	; 13
    00000043 07                     112 	.db #0x07	; 7
    00000044 0D                     113 	.db #0x0d	; 13
    00000045 07                     114 	.db #0x07	; 7
    00000046 0D                     115 	.db #0x0d	; 13
    00000047 07                     116 	.db #0x07	; 7
    00000048 FD                     117 	.db #0xfd	; 253
    00000049 07                     118 	.db #0x07	; 7
    0000004A F9                     119 	.db #0xf9	; 249
    0000004B FF                     120 	.db #0xff	; 255
    0000004C 02                     121 	.db #0x02	; 2
    0000004D FE                     122 	.db #0xfe	; 254
    0000004E FC                     123 	.db #0xfc	; 252
    0000004F FC                     124 	.db #0xfc	; 252
    00000050 00                     125 	.db #0x00	; 0
    00000051 00                     126 	.db #0x00	; 0
    00000052 00                     127 	.db #0x00	; 0
    00000053 00                     128 	.db #0x00	; 0
    00000054 00                     129 	.db #0x00	; 0
    00000055 00                     130 	.db #0x00	; 0
    00000056 00                     131 	.db #0x00	; 0
    00000057 00                     132 	.db #0x00	; 0
    00000058 FF                     133 	.db #0xff	; 255
    00000059 00                     134 	.db #0x00	; 0
    0000005A FF                     135 	.db #0xff	; 255
    0000005B FF                     136 	.db #0xff	; 255
    0000005C 00                     137 	.db #0x00	; 0
    0000005D FF                     138 	.db #0xff	; 255
    0000005E FF                     139 	.db #0xff	; 255
    0000005F FF                     140 	.db #0xff	; 255
    00000060 B0                     141 	.db #0xb0	; 176
    00000061 E0                     142 	.db #0xe0	; 224
    00000062 B0                     143 	.db #0xb0	; 176
    00000063 E0                     144 	.db #0xe0	; 224
    00000064 B0                     145 	.db #0xb0	; 176
    00000065 E0                     146 	.db #0xe0	; 224
    00000066 B0                     147 	.db #0xb0	; 176
    00000067 E0                     148 	.db #0xe0	; 224
    00000068 BF                     149 	.db #0xbf	; 191
    00000069 E0                     150 	.db #0xe0	; 224
    0000006A 9F                     151 	.db #0x9f	; 159
    0000006B FF                     152 	.db #0xff	; 255
    0000006C 40                     153 	.db #0x40	; 64
    0000006D 7F                     154 	.db #0x7f	; 127
    0000006E 3F                     155 	.db #0x3f	; 63
    0000006F 3F                     156 	.db #0x3f	; 63
    00000070 B0                     157 	.db #0xb0	; 176
    00000071 E0                     158 	.db #0xe0	; 224
    00000072 B0                     159 	.db #0xb0	; 176
    00000073 E0                     160 	.db #0xe0	; 224
    00000074 B0                     161 	.db #0xb0	; 176
    00000075 E0                     162 	.db #0xe0	; 224
    00000076 B0                     163 	.db #0xb0	; 176
    00000077 E0                     164 	.db #0xe0	; 224
    00000078 B0                     165 	.db #0xb0	; 176
    00000079 E0                     166 	.db #0xe0	; 224
    0000007A B0                     167 	.db #0xb0	; 176
    0000007B E0                     168 	.db #0xe0	; 224
    0000007C B0                     169 	.db #0xb0	; 176
    0000007D E0                     170 	.db #0xe0	; 224
    0000007E B0                     171 	.db #0xb0	; 176
    0000007F E0                     172 	.db #0xe0	; 224
    00000080 00                     173 	.db #0x00	; 0
    00000081 00                     174 	.db #0x00	; 0
    00000082 00                     175 	.db #0x00	; 0
    00000083 00                     176 	.db #0x00	; 0
    00000084 00                     177 	.db #0x00	; 0
    00000085 00                     178 	.db #0x00	; 0
    00000086 00                     179 	.db #0x00	; 0
    00000087 00                     180 	.db #0x00	; 0
    00000088 00                     181 	.db #0x00	; 0
    00000089 00                     182 	.db #0x00	; 0
    0000008A 00                     183 	.db #0x00	; 0
    0000008B 00                     184 	.db #0x00	; 0
    0000008C 00                     185 	.db #0x00	; 0
    0000008D 00                     186 	.db #0x00	; 0
    0000008E 00                     187 	.db #0x00	; 0
    0000008F 00                     188 	.db #0x00	; 0
    00000090 00                     189 	.db #0x00	; 0
    00000091 00                     190 	.db #0x00	; 0
    00000092 00                     191 	.db #0x00	; 0
    00000093 00                     192 	.db #0x00	; 0
    00000094 00                     193 	.db #0x00	; 0
    00000095 00                     194 	.db #0x00	; 0
    00000096 7E                     195 	.db #0x7e	; 126
    00000097 7E                     196 	.db #0x7e	; 126
    00000098 00                     197 	.db #0x00	; 0
    00000099 00                     198 	.db #0x00	; 0
    0000009A 00                     199 	.db #0x00	; 0
    0000009B 00                     200 	.db #0x00	; 0
    0000009C 00                     201 	.db #0x00	; 0
    0000009D 00                     202 	.db #0x00	; 0
    0000009E 00                     203 	.db #0x00	; 0
    0000009F 00                     204 	.db #0x00	; 0
                                    205 	.area _INITIALIZER
                                    206 	.area _CABS (ABS)
