                                      1 ;--------------------------------------------------------
                                      2 ; File Created by SDCC : free open source ISO C Compiler
                                      3 ; Version 4.5.1 #15267 (Linux)
                                      4 ;--------------------------------------------------------
                                      5 	.module TitleText
                                      6 	
                                      7 ;--------------------------------------------------------
                                      8 ; Public variables in this module
                                      9 ;--------------------------------------------------------
                                     10 	.globl _TitleText
                                     11 ;--------------------------------------------------------
                                     12 ; special function registers
                                     13 ;--------------------------------------------------------
                                     14 	.area _HRAM
                                     15 ;--------------------------------------------------------
                                     16 ; ram data
                                     17 ;--------------------------------------------------------
                                     18 	.area _DATA
                                     19 ;--------------------------------------------------------
                                     20 ; ram data
                                     21 ;--------------------------------------------------------
                                     22 	.area _INITIALIZED
                                     23 ;--------------------------------------------------------
                                     24 ; absolute external ram data
                                     25 ;--------------------------------------------------------
                                     26 	.area _DABS (ABS)
                                     27 ;--------------------------------------------------------
                                     28 ; global & static initialisations
                                     29 ;--------------------------------------------------------
                                     30 	.area _HOME
                                     31 	.area _GSINIT
                                     32 	.area _GSFINAL
                                     33 	.area _GSINIT
                                     34 ;--------------------------------------------------------
                                     35 ; Home
                                     36 ;--------------------------------------------------------
                                     37 	.area _HOME
                                     38 	.area _HOME
                                     39 ;--------------------------------------------------------
                                     40 ; code
                                     41 ;--------------------------------------------------------
                                     42 	.area _CODE_2
                                     43 	.area _CODE_2
    00000000                         44 _TitleText:
    00000000 03                      45 	.db #0x03	; 3
    00000001 FF                      46 	.db #0xff	; 255
    00000002 01                      47 	.db #0x01	; 1
    00000003 03                      48 	.db #0x03	; 3
    00000004 00                      49 	.db #0x00	; 0
    00000005 7D                      50 	.db #0x7d	; 125
    00000006 00                      51 	.db #0x00	; 0
    00000007 7D                      52 	.db #0x7d	; 125
    00000008 01                      53 	.db #0x01	; 1
    00000009 03                      54 	.db #0x03	; 3
    0000000A 03                      55 	.db #0x03	; 3
    0000000B 7F                      56 	.db #0x7f	; 127
    0000000C 3F                      57 	.db #0x3f	; 63
    0000000D 7F                      58 	.db #0x7f	; 127
    0000000E 3F                      59 	.db #0x3f	; 63
    0000000F 7F                      60 	.db #0x7f	; 127
    00000010 03                      61 	.db #0x03	; 3
    00000011 FF                      62 	.db #0xff	; 255
    00000012 01                      63 	.db #0x01	; 1
    00000013 03                      64 	.db #0x03	; 3
    00000014 00                      65 	.db #0x00	; 0
    00000015 7D                      66 	.db #0x7d	; 125
    00000016 00                      67 	.db #0x00	; 0
    00000017 7D                      68 	.db #0x7d	; 125
    00000018 01                      69 	.db #0x01	; 1
    00000019 03                      70 	.db #0x03	; 3
    0000001A 03                      71 	.db #0x03	; 3
    0000001B 77                      72 	.db #0x77	; 119	'w'
    0000001C 31                      73 	.db #0x31	; 49	'1'
    0000001D 7B                      74 	.db #0x7b	; 123
    0000001E 38                      75 	.db #0x38	; 56	'8'
    0000001F 7D                      76 	.db #0x7d	; 125
    00000020 01                      77 	.db #0x01	; 1
    00000021 FF                      78 	.db #0xff	; 255
    00000022 00                      79 	.db #0x00	; 0
    00000023 01                      80 	.db #0x01	; 1
    00000024 01                      81 	.db #0x01	; 1
    00000025 7F                      82 	.db #0x7f	; 127
    00000026 03                      83 	.db #0x03	; 3
    00000027 7F                      84 	.db #0x7f	; 127
    00000028 01                      85 	.db #0x01	; 1
    00000029 03                      86 	.db #0x03	; 3
    0000002A 03                      87 	.db #0x03	; 3
    0000002B 7F                      88 	.db #0x7f	; 127
    0000002C 01                      89 	.db #0x01	; 1
    0000002D 7F                      90 	.db #0x7f	; 127
    0000002E 00                      91 	.db #0x00	; 0
    0000002F 01                      92 	.db #0x01	; 1
    00000030 7D                      93 	.db #0x7d	; 125
    00000031 FF                      94 	.db #0xff	; 255
    00000032 38                      95 	.db #0x38	; 56	'8'
    00000033 7D                      96 	.db #0x7d	; 125
    00000034 10                      97 	.db #0x10	; 16
    00000035 39                      98 	.db #0x39	; 57	'9'
    00000036 00                      99 	.db #0x00	; 0
    00000037 55                     100 	.db #0x55	; 85	'U'
    00000038 00                     101 	.db #0x00	; 0
    00000039 6D                     102 	.db #0x6d	; 109	'm'
    0000003A 28                     103 	.db #0x28	; 40
    0000003B 7D                     104 	.db #0x7d	; 125
    0000003C 38                     105 	.db #0x38	; 56	'8'
    0000003D 7D                     106 	.db #0x7d	; 125
    0000003E 38                     107 	.db #0x38	; 56	'8'
    0000003F 7D                     108 	.db #0x7d	; 125
    00000040 83                     109 	.db #0x83	; 131
    00000041 FF                     110 	.db #0xff	; 255
    00000042 01                     111 	.db #0x01	; 1
    00000043 83                     112 	.db #0x83	; 131
    00000044 83                     113 	.db #0x83	; 131
    00000045 EF                     114 	.db #0xef	; 239
    00000046 C7                     115 	.db #0xc7	; 199
    00000047 EF                     116 	.db #0xef	; 239
    00000048 C7                     117 	.db #0xc7	; 199
    00000049 EF                     118 	.db #0xef	; 239
    0000004A C7                     119 	.db #0xc7	; 199
    0000004B EF                     120 	.db #0xef	; 239
    0000004C 83                     121 	.db #0x83	; 131
    0000004D EF                     122 	.db #0xef	; 239
    0000004E 01                     123 	.db #0x01	; 1
    0000004F 83                     124 	.db #0x83	; 131
    00000050 87                     125 	.db #0x87	; 135
    00000051 FF                     126 	.db #0xff	; 255
    00000052 03                     127 	.db #0x03	; 3
    00000053 87                     128 	.db #0x87	; 135
    00000054 01                     129 	.db #0x01	; 1
    00000055 7B                     130 	.db #0x7b	; 123
    00000056 03                     131 	.db #0x03	; 3
    00000057 7F                     132 	.db #0x7f	; 127
    00000058 01                     133 	.db #0x01	; 1
    00000059 83                     134 	.db #0x83	; 131
    0000005A 00                     135 	.db #0x00	; 0
    0000005B FD                     136 	.db #0xfd	; 253
    0000005C 00                     137 	.db #0x00	; 0
    0000005D 7D                     138 	.db #0x7d	; 125
    0000005E 01                     139 	.db #0x01	; 1
    0000005F 83                     140 	.db #0x83	; 131
    00000060 01                     141 	.db #0x01	; 1
    00000061 FF                     142 	.db #0xff	; 255
    00000062 00                     143 	.db #0x00	; 0
    00000063 01                     144 	.db #0x01	; 1
    00000064 01                     145 	.db #0x01	; 1
    00000065 EF                     146 	.db #0xef	; 239
    00000066 C7                     147 	.db #0xc7	; 199
    00000067 EF                     148 	.db #0xef	; 239
    00000068 C7                     149 	.db #0xc7	; 199
    00000069 EF                     150 	.db #0xef	; 239
    0000006A C7                     151 	.db #0xc7	; 199
    0000006B EF                     152 	.db #0xef	; 239
    0000006C C7                     153 	.db #0xc7	; 199
    0000006D EF                     154 	.db #0xef	; 239
    0000006E C7                     155 	.db #0xc7	; 199
    0000006F EF                     156 	.db #0xef	; 239
    00000070 EF                     157 	.db #0xef	; 239
    00000071 FF                     158 	.db #0xff	; 255
    00000072 C7                     159 	.db #0xc7	; 199
    00000073 EF                     160 	.db #0xef	; 239
    00000074 83                     161 	.db #0x83	; 131
    00000075 D7                     162 	.db #0xd7	; 215
    00000076 83                     163 	.db #0x83	; 131
    00000077 D7                     164 	.db #0xd7	; 215
    00000078 01                     165 	.db #0x01	; 1
    00000079 BB                     166 	.db #0xbb	; 187
    0000007A 01                     167 	.db #0x01	; 1
    0000007B 83                     168 	.db #0x83	; 131
    0000007C 00                     169 	.db #0x00	; 0
    0000007D 7D                     170 	.db #0x7d	; 125
    0000007E 38                     171 	.db #0x38	; 56	'8'
    0000007F 7D                     172 	.db #0x7d	; 125
                                    173 	.area _INITIALIZER
                                    174 	.area _CABS (ABS)
