                                      1 ;--------------------------------------------------------
                                      2 ; File Created by SDCC : free open source ISO C Compiler
                                      3 ; Version 4.5.1 #15267 (MINGW64)
                                      4 ;--------------------------------------------------------
                                      5 	.module wpn_arrow
                                      6 	
                                      7 ;--------------------------------------------------------
                                      8 ; Public variables in this module
                                      9 ;--------------------------------------------------------
                                     10 	.globl _Arrow
                                     11 ;--------------------------------------------------------
                                     12 ; special function registers
                                     13 ;--------------------------------------------------------
                                     14 	.area _HRAM
                                     15 ;--------------------------------------------------------
                                     16 ; ram data
                                     17 ;--------------------------------------------------------
                                     18 	.area _DATA
                                     19 ;--------------------------------------------------------
                                     20 ; ram data
                                     21 ;--------------------------------------------------------
                                     22 	.area _INITIALIZED
                                     23 ;--------------------------------------------------------
                                     24 ; absolute external ram data
                                     25 ;--------------------------------------------------------
                                     26 	.area _DABS (ABS)
                                     27 ;--------------------------------------------------------
                                     28 ; global & static initialisations
                                     29 ;--------------------------------------------------------
                                     30 	.area _HOME
                                     31 	.area _GSINIT
                                     32 	.area _GSFINAL
                                     33 	.area _GSINIT
                                     34 ;--------------------------------------------------------
                                     35 ; Home
                                     36 ;--------------------------------------------------------
                                     37 	.area _HOME
                                     38 	.area _HOME
                                     39 ;--------------------------------------------------------
                                     40 ; code
                                     41 ;--------------------------------------------------------
                                     42 	.area _CODE_1
                                     43 	.area _CODE_1
    00000000                         44 _Arrow:
    00000000 10                      45 	.db #0x10	; 16
    00000001 10                      46 	.db #0x10	; 16
    00000002 38                      47 	.db #0x38	; 56	'8'
    00000003 28                      48 	.db #0x28	; 40
    00000004 7C                      49 	.db #0x7c	; 124
    00000005 7C                      50 	.db #0x7c	; 124
    00000006 10                      51 	.db #0x10	; 16
    00000007 10                      52 	.db #0x10	; 16
    00000008 10                      53 	.db #0x10	; 16
    00000009 10                      54 	.db #0x10	; 16
    0000000A 38                      55 	.db #0x38	; 56	'8'
    0000000B 38                      56 	.db #0x38	; 56	'8'
    0000000C 54                      57 	.db #0x54	; 84	'T'
    0000000D 7C                      58 	.db #0x7c	; 124
    0000000E 6C                      59 	.db #0x6c	; 108	'l'
    0000000F 6C                      60 	.db #0x6c	; 108	'l'
    00000010 00                      61 	.db #0x00	; 0
    00000011 00                      62 	.db #0x00	; 0
    00000012 C4                      63 	.db #0xc4	; 196
    00000013 C4                      64 	.db #0xc4	; 196
    00000014 A6                      65 	.db #0xa6	; 166
    00000015 E6                      66 	.db #0xe6	; 230
    00000016 7F                      67 	.db #0x7f	; 127
    00000017 7D                      68 	.db #0x7d	; 125
    00000018 A6                      69 	.db #0xa6	; 166
    00000019 E6                      70 	.db #0xe6	; 230
    0000001A C4                      71 	.db #0xc4	; 196
    0000001B C4                      72 	.db #0xc4	; 196
    0000001C 00                      73 	.db #0x00	; 0
    0000001D 00                      74 	.db #0x00	; 0
    0000001E 00                      75 	.db #0x00	; 0
    0000001F 00                      76 	.db #0x00	; 0
                                     77 	.area _INITIALIZER
                                     78 	.area _CABS (ABS)
