                                      1 ;--------------------------------------------------------
                                      2 ; File Created by SDCC : free open source ISO C Compiler
                                      3 ; Version 4.5.1 #15267 (MINGW64)
                                      4 ;--------------------------------------------------------
                                      5 	.module boss
                                      6 	
                                      7 ;--------------------------------------------------------
                                      8 ; Public variables in this module
                                      9 ;--------------------------------------------------------
                                     10 	.globl b_hit_sfx
                                     11 	.globl _hit_sfx
                                     12 	.globl b_play_hit_animation
                                     13 	.globl _play_hit_animation
                                     14 	.globl b_show_number
                                     15 	.globl _show_number
                                     16 	.globl _set_sprite_data
                                     17 	.globl _wait_vbl_done
                                     18 	.globl b_spawn_boss
                                     19 	.globl _spawn_boss
                                     20 	.globl b_move_boss
                                     21 	.globl _move_boss
                                     22 	.globl _boss_check_distance_x
                                     23 	.globl _boss_check_distance_y
                                     24 	.globl _boss_attack
                                     25 	.globl _boss_smooth_movement
                                     26 	.globl b_boss_death
                                     27 	.globl _boss_death
                                     28 ;--------------------------------------------------------
                                     29 ; special function registers
                                     30 ;--------------------------------------------------------
                                     31 	.area _HRAM
                                     32 ;--------------------------------------------------------
                                     33 ; ram data
                                     34 ;--------------------------------------------------------
                                     35 	.area _DATA
                                     36 ;--------------------------------------------------------
                                     37 ; ram data
                                     38 ;--------------------------------------------------------
                                     39 	.area _INITIALIZED
                                     40 ;--------------------------------------------------------
                                     41 ; absolute external ram data
                                     42 ;--------------------------------------------------------
                                     43 	.area _DABS (ABS)
                                     44 ;--------------------------------------------------------
                                     45 ; global & static initialisations
                                     46 ;--------------------------------------------------------
                                     47 	.area _HOME
                                     48 	.area _GSINIT
                                     49 	.area _GSFINAL
                                     50 	.area _GSINIT
                                     51 ;--------------------------------------------------------
                                     52 ; Home
                                     53 ;--------------------------------------------------------
                                     54 	.area _HOME
                                     55 	.area _HOME
                                     56 ;--------------------------------------------------------
                                     57 ; code
                                     58 ;--------------------------------------------------------
                                     59 	.area _CODE_3
                                     60 ;src/scripts/boss.c:8: void spawn_boss(Boss *boss) BANKED {
                                     61 ;	---------------------------------
                                     62 ; Function spawn_boss
                                     63 ; ---------------------------------
                         00000003    64 	b_spawn_boss	= 3
    00000000                         65 _spawn_boss::
    00000000 E8 F4            [16]   66 	add	sp, #-12
                                     67 ;src/scripts/boss.c:9: for (uint8_t i = 0; i < 16; i++) {
    00000002 0E 00            [ 8]   68 	ld	c, #0x00
    00000004                         69 00129$:
    00000004 79               [ 4]   70 	ld	a, c
    00000005 D6 10            [ 8]   71 	sub	a, #0x10
    00000007 30 18            [12]   72 	jr	NC, 00101$
                                     73 ;c:\users\utente\desktop\tirocinio\gbdk-win64\gbdk\include\gb\gb.h:1887: shadow_OAM[nb].tile=tile;
    00000009 21r26r00         [12]   74 	ld	hl, #(_shadow_OAM + 38)
    0000000C 36 32            [12]   75 	ld	(hl), #0x32
                                     76 ;src/scripts/boss.c:11: move_sprite(8+i, 0, 0);
    0000000E 79               [ 4]   77 	ld	a, c
    0000000F C6 08            [ 8]   78 	add	a, #0x08
    00000011 5F               [ 4]   79 	ld	e, a
                                     80 ;c:\users\utente\desktop\tirocinio\gbdk-win64\gbdk\include\gb\gb.h:1973: OAM_item_t * itm = &shadow_OAM[nb];
    00000012 AF               [ 4]   81 	xor	a, a
    00000013 6B               [ 4]   82 	ld	l, e
    00000014 67               [ 4]   83 	ld	h, a
    00000015 29               [ 8]   84 	add	hl, hl
    00000016 29               [ 8]   85 	add	hl, hl
    00000017 11r00r00         [12]   86 	ld	de, #_shadow_OAM
    0000001A 19               [ 8]   87 	add	hl, de
                                     88 ;c:\users\utente\desktop\tirocinio\gbdk-win64\gbdk\include\gb\gb.h:1974: itm->y=y, itm->x=x;
    0000001B AF               [ 4]   89 	xor	a, a
    0000001C 22               [ 8]   90 	ld	(hl+), a
    0000001D 77               [ 8]   91 	ld	(hl), a
                                     92 ;src/scripts/boss.c:9: for (uint8_t i = 0; i < 16; i++) {
    0000001E 0C               [ 4]   93 	inc	c
    0000001F 18 E3            [12]   94 	jr	00129$
    00000021                         95 00101$:
                                     96 ;src/scripts/boss.c:16: boss->id = 1;
    00000021 F8 12            [12]   97 	ldhl	sp,	#18
    00000023 2A               [ 8]   98 	ld	a, (hl+)
    00000024 4F               [ 4]   99 	ld	c, a
    00000025 46               [ 8]  100 	ld	b, (hl)
    00000026 59               [ 4]  101 	ld	e, c
    00000027 50               [ 4]  102 	ld	d, b
                                    103 ;src/scripts/boss.c:17: boss->hp = 1;
    00000028 21 03 00         [12]  104 	ld	hl, #0x0003
    0000002B 09               [ 8]  105 	add	hl, bc
    0000002C 33               [ 8]  106 	inc	sp
    0000002D 33               [ 8]  107 	inc	sp
    0000002E E5               [16]  108 	push	hl
                                    109 ;src/scripts/boss.c:18: boss->atk = 20;
    0000002F 21 04 00         [12]  110 	ld	hl, #0x0004
    00000032 09               [ 8]  111 	add	hl, bc
    00000033 E5               [16]  112 	push	hl
    00000034 7D               [ 4]  113 	ld	a, l
    00000035 F8 04            [12]  114 	ldhl	sp,	#4
    00000037 77               [ 8]  115 	ld	(hl), a
    00000038 E1               [12]  116 	pop	hl
    00000039 7C               [ 4]  117 	ld	a, h
    0000003A F8 03            [12]  118 	ldhl	sp,	#3
    0000003C 77               [ 8]  119 	ld	(hl), a
                                    120 ;src/scripts/boss.c:19: boss->def = 23;
    0000003D 21 05 00         [12]  121 	ld	hl, #0x0005
    00000040 09               [ 8]  122 	add	hl, bc
    00000041 E5               [16]  123 	push	hl
    00000042 7D               [ 4]  124 	ld	a, l
    00000043 F8 06            [12]  125 	ldhl	sp,	#6
    00000045 77               [ 8]  126 	ld	(hl), a
    00000046 E1               [12]  127 	pop	hl
    00000047 7C               [ 4]  128 	ld	a, h
    00000048 F8 05            [12]  129 	ldhl	sp,	#5
    0000004A 77               [ 8]  130 	ld	(hl), a
                                    131 ;src/scripts/boss.c:20: boss->exp_reward = 25;
    0000004B 21 06 00         [12]  132 	ld	hl, #0x0006
    0000004E 09               [ 8]  133 	add	hl, bc
    0000004F E5               [16]  134 	push	hl
    00000050 7D               [ 4]  135 	ld	a, l
    00000051 F8 08            [12]  136 	ldhl	sp,	#8
    00000053 77               [ 8]  137 	ld	(hl), a
    00000054 E1               [12]  138 	pop	hl
    00000055 7C               [ 4]  139 	ld	a, h
    00000056 F8 07            [12]  140 	ldhl	sp,	#7
    00000058 77               [ 8]  141 	ld	(hl), a
                                    142 ;src/scripts/boss.c:21: boss->x = 72;
    00000059 69               [ 4]  143 	ld	l, c
    0000005A 60               [ 4]  144 	ld	h, b
    0000005B 23               [ 8]  145 	inc	hl
    0000005C E5               [16]  146 	push	hl
    0000005D 7D               [ 4]  147 	ld	a, l
    0000005E F8 0A            [12]  148 	ldhl	sp,	#10
    00000060 77               [ 8]  149 	ld	(hl), a
    00000061 E1               [12]  150 	pop	hl
    00000062 7C               [ 4]  151 	ld	a, h
    00000063 F8 09            [12]  152 	ldhl	sp,	#9
    00000065 77               [ 8]  153 	ld	(hl), a
                                    154 ;src/scripts/boss.c:22: boss->y = 64;
    00000066 21 02 00         [12]  155 	ld	hl, #0x0002
    00000069 09               [ 8]  156 	add	hl, bc
    0000006A E5               [16]  157 	push	hl
    0000006B 7D               [ 4]  158 	ld	a, l
    0000006C F8 0C            [12]  159 	ldhl	sp,	#12
    0000006E 77               [ 8]  160 	ld	(hl), a
    0000006F E1               [12]  161 	pop	hl
    00000070 7C               [ 4]  162 	ld	a, h
    00000071 F8 0B            [12]  163 	ldhl	sp,	#11
    00000073 77               [ 8]  164 	ld	(hl), a
                                    165 ;src/scripts/boss.c:23: boss->defeated = 0;
    00000074 21 07 00         [12]  166 	ld	hl, #0x0007
    00000077 09               [ 8]  167 	add	hl, bc
    00000078 4D               [ 4]  168 	ld	c, l
    00000079 44               [ 4]  169 	ld	b, h
                                    170 ;src/scripts/boss.c:14: switch (current_floor) {
    0000007A FAr00r00         [16]  171 	ld	a, (#_current_floor)
    0000007D D6 05            [ 8]  172 	sub	a, #0x05
    0000007F 28 22            [12]  173 	jr	Z, 00102$
    00000081 FAr00r00         [16]  174 	ld	a, (#_current_floor)
    00000084 D6 0A            [ 8]  175 	sub	a, #0x0a
    00000086 28 57            [12]  176 	jr	Z, 00103$
    00000088 FAr00r00         [16]  177 	ld	a, (#_current_floor)
    0000008B D6 0F            [ 8]  178 	sub	a, #0x0f
    0000008D CAr1Br01         [16]  179 	jp	Z, 00104$
    00000090 FAr00r00         [16]  180 	ld	a, (#_current_floor)
    00000093 D6 14            [ 8]  181 	sub	a, #0x14
    00000095 CAr56r01         [16]  182 	jp	Z, 00105$
    00000098 FAr00r00         [16]  183 	ld	a, (#_current_floor)
    0000009B D6 19            [ 8]  184 	sub	a, #0x19
    0000009D CAr91r01         [16]  185 	jp	Z, 00106$
    000000A0 C3rCAr01         [16]  186 	jp	00144$
                                    187 ;src/scripts/boss.c:15: case 5:
    000000A3                        188 00102$:
                                    189 ;src/scripts/boss.c:16: boss->id = 1;
    000000A3 3E 01            [ 8]  190 	ld	a, #0x01
    000000A5 12               [ 8]  191 	ld	(de), a
                                    192 ;src/scripts/boss.c:17: boss->hp = 1;
    000000A6 E1               [12]  193 	pop	hl
    000000A7 36 01            [12]  194 	ld	(hl), #0x01
    000000A9 E5               [16]  195 	push	hl
                                    196 ;src/scripts/boss.c:18: boss->atk = 20;
    000000AA F8 02            [12]  197 	ldhl	sp,	#2
    000000AC 2A               [ 8]  198 	ld	a, (hl+)
    000000AD 66               [ 8]  199 	ld	h, (hl)
    000000AE 6F               [ 4]  200 	ld	l, a
    000000AF 36 14            [12]  201 	ld	(hl), #0x14
                                    202 ;src/scripts/boss.c:19: boss->def = 23;
    000000B1 F8 04            [12]  203 	ldhl	sp,	#4
    000000B3 2A               [ 8]  204 	ld	a, (hl+)
    000000B4 66               [ 8]  205 	ld	h, (hl)
    000000B5 6F               [ 4]  206 	ld	l, a
    000000B6 36 17            [12]  207 	ld	(hl), #0x17
                                    208 ;src/scripts/boss.c:20: boss->exp_reward = 25;
    000000B8 F8 06            [12]  209 	ldhl	sp,	#6
    000000BA 2A               [ 8]  210 	ld	a, (hl+)
    000000BB 66               [ 8]  211 	ld	h, (hl)
    000000BC 6F               [ 4]  212 	ld	l, a
    000000BD 36 19            [12]  213 	ld	(hl), #0x19
                                    214 ;src/scripts/boss.c:21: boss->x = 72;
    000000BF F8 08            [12]  215 	ldhl	sp,	#8
    000000C1 2A               [ 8]  216 	ld	a, (hl+)
    000000C2 66               [ 8]  217 	ld	h, (hl)
    000000C3 6F               [ 4]  218 	ld	l, a
    000000C4 36 48            [12]  219 	ld	(hl), #0x48
                                    220 ;src/scripts/boss.c:22: boss->y = 64;
    000000C6 F8 0A            [12]  221 	ldhl	sp,	#10
    000000C8 2A               [ 8]  222 	ld	a, (hl+)
    000000C9 66               [ 8]  223 	ld	h, (hl)
    000000CA 6F               [ 4]  224 	ld	l, a
    000000CB 36 40            [12]  225 	ld	(hl), #0x40
                                    226 ;src/scripts/boss.c:23: boss->defeated = 0;
    000000CD AF               [ 4]  227 	xor	a, a
    000000CE 02               [ 8]  228 	ld	(bc), a
                                    229 ;src/scripts/boss.c:24: set_sprite_data(98, 16, EyeBoss);
    000000CF 11r00r00         [12]  230 	ld	de, #_EyeBoss
    000000D2 D5               [16]  231 	push	de
    000000D3 21 62 10         [12]  232 	ld	hl, #0x1062
    000000D6 E5               [16]  233 	push	hl
    000000D7 CDr00r00         [24]  234 	call	_set_sprite_data
    000000DA E8 04            [16]  235 	add	sp, #4
                                    236 ;src/scripts/boss.c:25: break;
    000000DC C3rCAr01         [16]  237 	jp	00144$
                                    238 ;src/scripts/boss.c:26: case 10:
    000000DF                        239 00103$:
                                    240 ;src/scripts/boss.c:27: boss->id = 2;
    000000DF 3E 02            [ 8]  241 	ld	a, #0x02
    000000E1 12               [ 8]  242 	ld	(de), a
                                    243 ;src/scripts/boss.c:28: boss->hp = 1;
    000000E2 E1               [12]  244 	pop	hl
    000000E3 36 01            [12]  245 	ld	(hl), #0x01
    000000E5 E5               [16]  246 	push	hl
                                    247 ;src/scripts/boss.c:29: boss->atk = 20;
    000000E6 F8 02            [12]  248 	ldhl	sp,	#2
    000000E8 2A               [ 8]  249 	ld	a, (hl+)
    000000E9 66               [ 8]  250 	ld	h, (hl)
    000000EA 6F               [ 4]  251 	ld	l, a
    000000EB 36 14            [12]  252 	ld	(hl), #0x14
                                    253 ;src/scripts/boss.c:30: boss->def = 23;
    000000ED F8 04            [12]  254 	ldhl	sp,	#4
    000000EF 2A               [ 8]  255 	ld	a, (hl+)
    000000F0 66               [ 8]  256 	ld	h, (hl)
    000000F1 6F               [ 4]  257 	ld	l, a
    000000F2 36 17            [12]  258 	ld	(hl), #0x17
                                    259 ;src/scripts/boss.c:31: boss->exp_reward = 50;
    000000F4 F8 06            [12]  260 	ldhl	sp,	#6
    000000F6 2A               [ 8]  261 	ld	a, (hl+)
    000000F7 66               [ 8]  262 	ld	h, (hl)
    000000F8 6F               [ 4]  263 	ld	l, a
    000000F9 36 32            [12]  264 	ld	(hl), #0x32
                                    265 ;src/scripts/boss.c:32: boss->x = 72;
    000000FB F8 08            [12]  266 	ldhl	sp,	#8
    000000FD 2A               [ 8]  267 	ld	a, (hl+)
    000000FE 66               [ 8]  268 	ld	h, (hl)
    000000FF 6F               [ 4]  269 	ld	l, a
    00000100 36 48            [12]  270 	ld	(hl), #0x48
                                    271 ;src/scripts/boss.c:33: boss->y = 64;
    00000102 F8 0A            [12]  272 	ldhl	sp,	#10
    00000104 2A               [ 8]  273 	ld	a, (hl+)
    00000105 66               [ 8]  274 	ld	h, (hl)
    00000106 6F               [ 4]  275 	ld	l, a
    00000107 36 40            [12]  276 	ld	(hl), #0x40
                                    277 ;src/scripts/boss.c:34: boss->defeated = 0;
    00000109 AF               [ 4]  278 	xor	a, a
    0000010A 02               [ 8]  279 	ld	(bc), a
                                    280 ;src/scripts/boss.c:35: set_sprite_data(98, 16, BossMantis);
    0000010B 11r00r00         [12]  281 	ld	de, #_BossMantis
    0000010E D5               [16]  282 	push	de
    0000010F 21 62 10         [12]  283 	ld	hl, #0x1062
    00000112 E5               [16]  284 	push	hl
    00000113 CDr00r00         [24]  285 	call	_set_sprite_data
    00000116 E8 04            [16]  286 	add	sp, #4
                                    287 ;src/scripts/boss.c:36: break;
    00000118 C3rCAr01         [16]  288 	jp	00144$
                                    289 ;src/scripts/boss.c:37: case 15:
    0000011B                        290 00104$:
                                    291 ;src/scripts/boss.c:38: boss->id = 2;
    0000011B 3E 02            [ 8]  292 	ld	a, #0x02
    0000011D 12               [ 8]  293 	ld	(de), a
                                    294 ;src/scripts/boss.c:39: boss->hp = 1;
    0000011E E1               [12]  295 	pop	hl
    0000011F 36 01            [12]  296 	ld	(hl), #0x01
    00000121 E5               [16]  297 	push	hl
                                    298 ;src/scripts/boss.c:40: boss->atk = 20;
    00000122 F8 02            [12]  299 	ldhl	sp,	#2
    00000124 2A               [ 8]  300 	ld	a, (hl+)
    00000125 66               [ 8]  301 	ld	h, (hl)
    00000126 6F               [ 4]  302 	ld	l, a
    00000127 36 14            [12]  303 	ld	(hl), #0x14
                                    304 ;src/scripts/boss.c:41: boss->def = 23;
    00000129 F8 04            [12]  305 	ldhl	sp,	#4
    0000012B 2A               [ 8]  306 	ld	a, (hl+)
    0000012C 66               [ 8]  307 	ld	h, (hl)
    0000012D 6F               [ 4]  308 	ld	l, a
    0000012E 36 17            [12]  309 	ld	(hl), #0x17
                                    310 ;src/scripts/boss.c:42: boss->exp_reward = 100;
    00000130 F8 06            [12]  311 	ldhl	sp,	#6
    00000132 2A               [ 8]  312 	ld	a, (hl+)
    00000133 66               [ 8]  313 	ld	h, (hl)
    00000134 6F               [ 4]  314 	ld	l, a
    00000135 36 64            [12]  315 	ld	(hl), #0x64
                                    316 ;src/scripts/boss.c:43: boss->x = 72;
    00000137 F8 08            [12]  317 	ldhl	sp,	#8
    00000139 2A               [ 8]  318 	ld	a, (hl+)
    0000013A 66               [ 8]  319 	ld	h, (hl)
    0000013B 6F               [ 4]  320 	ld	l, a
    0000013C 36 48            [12]  321 	ld	(hl), #0x48
                                    322 ;src/scripts/boss.c:44: boss->y = 64;
    0000013E F8 0A            [12]  323 	ldhl	sp,	#10
    00000140 2A               [ 8]  324 	ld	a, (hl+)
    00000141 66               [ 8]  325 	ld	h, (hl)
    00000142 6F               [ 4]  326 	ld	l, a
    00000143 36 40            [12]  327 	ld	(hl), #0x40
                                    328 ;src/scripts/boss.c:45: boss->defeated = 0;
    00000145 AF               [ 4]  329 	xor	a, a
    00000146 02               [ 8]  330 	ld	(bc), a
                                    331 ;src/scripts/boss.c:46: set_sprite_data(98, 16, BossOrb);
    00000147 11r00r00         [12]  332 	ld	de, #_BossOrb
    0000014A D5               [16]  333 	push	de
    0000014B 21 62 10         [12]  334 	ld	hl, #0x1062
    0000014E E5               [16]  335 	push	hl
    0000014F CDr00r00         [24]  336 	call	_set_sprite_data
    00000152 E8 04            [16]  337 	add	sp, #4
                                    338 ;src/scripts/boss.c:47: break;
    00000154 18 74            [12]  339 	jr	00144$
                                    340 ;src/scripts/boss.c:48: case 20:
    00000156                        341 00105$:
                                    342 ;src/scripts/boss.c:49: boss->id = 4;
    00000156 3E 04            [ 8]  343 	ld	a, #0x04
    00000158 12               [ 8]  344 	ld	(de), a
                                    345 ;src/scripts/boss.c:50: boss->hp = 1;
    00000159 E1               [12]  346 	pop	hl
    0000015A 36 01            [12]  347 	ld	(hl), #0x01
    0000015C E5               [16]  348 	push	hl
                                    349 ;src/scripts/boss.c:51: boss->atk = 20;
    0000015D F8 02            [12]  350 	ldhl	sp,	#2
    0000015F 2A               [ 8]  351 	ld	a, (hl+)
    00000160 66               [ 8]  352 	ld	h, (hl)
    00000161 6F               [ 4]  353 	ld	l, a
    00000162 36 14            [12]  354 	ld	(hl), #0x14
                                    355 ;src/scripts/boss.c:52: boss->def = 23;
    00000164 F8 04            [12]  356 	ldhl	sp,	#4
    00000166 2A               [ 8]  357 	ld	a, (hl+)
    00000167 66               [ 8]  358 	ld	h, (hl)
    00000168 6F               [ 4]  359 	ld	l, a
    00000169 36 17            [12]  360 	ld	(hl), #0x17
                                    361 ;src/scripts/boss.c:53: boss->exp_reward = 150;
    0000016B F8 06            [12]  362 	ldhl	sp,	#6
    0000016D 2A               [ 8]  363 	ld	a, (hl+)
    0000016E 66               [ 8]  364 	ld	h, (hl)
    0000016F 6F               [ 4]  365 	ld	l, a
    00000170 36 96            [12]  366 	ld	(hl), #0x96
                                    367 ;src/scripts/boss.c:54: boss->x = 72;
    00000172 F8 08            [12]  368 	ldhl	sp,	#8
    00000174 2A               [ 8]  369 	ld	a, (hl+)
    00000175 66               [ 8]  370 	ld	h, (hl)
    00000176 6F               [ 4]  371 	ld	l, a
    00000177 36 48            [12]  372 	ld	(hl), #0x48
                                    373 ;src/scripts/boss.c:55: boss->y = 64;
    00000179 F8 0A            [12]  374 	ldhl	sp,	#10
    0000017B 2A               [ 8]  375 	ld	a, (hl+)
    0000017C 66               [ 8]  376 	ld	h, (hl)
    0000017D 6F               [ 4]  377 	ld	l, a
    0000017E 36 40            [12]  378 	ld	(hl), #0x40
                                    379 ;src/scripts/boss.c:56: boss->defeated = 0;
    00000180 AF               [ 4]  380 	xor	a, a
    00000181 02               [ 8]  381 	ld	(bc), a
                                    382 ;src/scripts/boss.c:57: set_sprite_data(98, 16, BossArmored);
    00000182 11r00r00         [12]  383 	ld	de, #_BossArmored
    00000185 D5               [16]  384 	push	de
    00000186 21 62 10         [12]  385 	ld	hl, #0x1062
    00000189 E5               [16]  386 	push	hl
    0000018A CDr00r00         [24]  387 	call	_set_sprite_data
    0000018D E8 04            [16]  388 	add	sp, #4
                                    389 ;src/scripts/boss.c:58: break;
    0000018F 18 39            [12]  390 	jr	00144$
                                    391 ;src/scripts/boss.c:59: case 25:
    00000191                        392 00106$:
                                    393 ;src/scripts/boss.c:60: boss->id = 5;
    00000191 3E 05            [ 8]  394 	ld	a, #0x05
    00000193 12               [ 8]  395 	ld	(de), a
                                    396 ;src/scripts/boss.c:61: boss->hp = 1;
    00000194 E1               [12]  397 	pop	hl
    00000195 36 01            [12]  398 	ld	(hl), #0x01
    00000197 E5               [16]  399 	push	hl
                                    400 ;src/scripts/boss.c:62: boss->atk = 20;
    00000198 F8 02            [12]  401 	ldhl	sp,	#2
    0000019A 2A               [ 8]  402 	ld	a, (hl+)
    0000019B 66               [ 8]  403 	ld	h, (hl)
    0000019C 6F               [ 4]  404 	ld	l, a
    0000019D 36 14            [12]  405 	ld	(hl), #0x14
                                    406 ;src/scripts/boss.c:63: boss->def = 23;
    0000019F F8 04            [12]  407 	ldhl	sp,	#4
    000001A1 2A               [ 8]  408 	ld	a, (hl+)
    000001A2 66               [ 8]  409 	ld	h, (hl)
    000001A3 6F               [ 4]  410 	ld	l, a
    000001A4 36 17            [12]  411 	ld	(hl), #0x17
                                    412 ;src/scripts/boss.c:64: boss->exp_reward = 250;
    000001A6 F8 06            [12]  413 	ldhl	sp,	#6
    000001A8 2A               [ 8]  414 	ld	a, (hl+)
    000001A9 66               [ 8]  415 	ld	h, (hl)
    000001AA 6F               [ 4]  416 	ld	l, a
    000001AB 36 FA            [12]  417 	ld	(hl), #0xfa
                                    418 ;src/scripts/boss.c:65: boss->x = 72;
    000001AD F8 08            [12]  419 	ldhl	sp,	#8
    000001AF 2A               [ 8]  420 	ld	a, (hl+)
    000001B0 66               [ 8]  421 	ld	h, (hl)
    000001B1 6F               [ 4]  422 	ld	l, a
    000001B2 36 48            [12]  423 	ld	(hl), #0x48
                                    424 ;src/scripts/boss.c:66: boss->y = 64;
    000001B4 F8 0A            [12]  425 	ldhl	sp,	#10
    000001B6 2A               [ 8]  426 	ld	a, (hl+)
    000001B7 66               [ 8]  427 	ld	h, (hl)
    000001B8 6F               [ 4]  428 	ld	l, a
    000001B9 36 40            [12]  429 	ld	(hl), #0x40
                                    430 ;src/scripts/boss.c:67: boss->defeated = 0;
    000001BB AF               [ 4]  431 	xor	a, a
    000001BC 02               [ 8]  432 	ld	(bc), a
                                    433 ;src/scripts/boss.c:68: set_sprite_data(98, 16, BossDragon);
    000001BD 11r00r00         [12]  434 	ld	de, #_BossDragon
    000001C0 D5               [16]  435 	push	de
    000001C1 21 62 10         [12]  436 	ld	hl, #0x1062
    000001C4 E5               [16]  437 	push	hl
    000001C5 CDr00r00         [24]  438 	call	_set_sprite_data
    000001C8 E8 04            [16]  439 	add	sp, #4
                                    440 ;src/scripts/boss.c:71: for (uint8_t i=0; i<16; i++) {
    000001CA                        441 00144$:
    000001CA 0E 00            [ 8]  442 	ld	c, #0x00
    000001CC                        443 00132$:
    000001CC 79               [ 4]  444 	ld	a, c
    000001CD D6 10            [ 8]  445 	sub	a, #0x10
    000001CF 30 1F            [12]  446 	jr	NC, 00108$
                                    447 ;src/scripts/boss.c:72: set_sprite_tile(8+i, 98+i);
    000001D1 59               [ 4]  448 	ld	e, c
    000001D2 7B               [ 4]  449 	ld	a, e
    000001D3 C6 62            [ 8]  450 	add	a, #0x62
    000001D5 F8 0B            [12]  451 	ldhl	sp,	#11
    000001D7 77               [ 8]  452 	ld	(hl), a
    000001D8 7B               [ 4]  453 	ld	a, e
    000001D9 C6 08            [ 8]  454 	add	a, #0x08
    000001DB 5F               [ 4]  455 	ld	e, a
                                    456 ;c:\users\utente\desktop\tirocinio\gbdk-win64\gbdk\include\gb\gb.h:1887: shadow_OAM[nb].tile=tile;
    000001DC AF               [ 4]  457 	xor	a, a
    000001DD 6B               [ 4]  458 	ld	l, e
    000001DE 67               [ 4]  459 	ld	h, a
    000001DF 29               [ 8]  460 	add	hl, hl
    000001E0 29               [ 8]  461 	add	hl, hl
    000001E1 11r00r00         [12]  462 	ld	de, #_shadow_OAM
    000001E4 19               [ 8]  463 	add	hl, de
    000001E5 23               [ 8]  464 	inc	hl
    000001E6 23               [ 8]  465 	inc	hl
    000001E7 5D               [ 4]  466 	ld	e, l
    000001E8 54               [ 4]  467 	ld	d, h
    000001E9 F8 0B            [12]  468 	ldhl	sp,	#11
    000001EB 7E               [ 8]  469 	ld	a, (hl)
    000001EC 12               [ 8]  470 	ld	(de), a
                                    471 ;src/scripts/boss.c:71: for (uint8_t i=0; i<16; i++) {
    000001ED 0C               [ 4]  472 	inc	c
    000001EE 18 DC            [12]  473 	jr	00132$
    000001F0                        474 00108$:
                                    475 ;src/scripts/boss.c:74: move_sprite(8, boss->x, boss->y);
    000001F0 F8 12            [12]  476 	ldhl	sp,	#18
    000001F2 2A               [ 8]  477 	ld	a, (hl+)
    000001F3 4F               [ 4]  478 	ld	c, a
    000001F4 46               [ 8]  479 	ld	b, (hl)
    000001F5 21 02 00         [12]  480 	ld	hl, #0x0002
    000001F8 09               [ 8]  481 	add	hl, bc
    000001F9 E5               [16]  482 	push	hl
    000001FA 7D               [ 4]  483 	ld	a, l
    000001FB F8 0B            [12]  484 	ldhl	sp,	#11
    000001FD 77               [ 8]  485 	ld	(hl), a
    000001FE E1               [12]  486 	pop	hl
    000001FF 7C               [ 4]  487 	ld	a, h
    00000200 F8 0A            [12]  488 	ldhl	sp,	#10
    00000202 32               [ 8]  489 	ld	(hl-), a
    00000203 2A               [ 8]  490 	ld	a, (hl+)
    00000204 5F               [ 4]  491 	ld	e, a
    00000205 2A               [ 8]  492 	ld	a, (hl+)
    00000206 57               [ 4]  493 	ld	d, a
    00000207 1A               [ 8]  494 	ld	a, (de)
    00000208 77               [ 8]  495 	ld	(hl), a
    00000209 03               [ 8]  496 	inc	bc
    0000020A 0A               [ 8]  497 	ld	a, (bc)
    0000020B 5F               [ 4]  498 	ld	e, a
                                    499 ;c:\users\utente\desktop\tirocinio\gbdk-win64\gbdk\include\gb\gb.h:1973: OAM_item_t * itm = &shadow_OAM[nb];
    0000020C 21r20r00         [12]  500 	ld	hl, #(_shadow_OAM + 32)
                                    501 ;c:\users\utente\desktop\tirocinio\gbdk-win64\gbdk\include\gb\gb.h:1974: itm->y=y, itm->x=x;
    0000020F E5               [16]  502 	push	hl
    00000210 F8 0D            [12]  503 	ldhl	sp,	#13
    00000212 7E               [ 8]  504 	ld	a, (hl)
    00000213 E1               [12]  505 	pop	hl
    00000214 22               [ 8]  506 	ld	(hl+), a
    00000215 73               [ 8]  507 	ld	(hl), e
                                    508 ;src/scripts/boss.c:75: move_sprite(9, boss->x+8, boss->y);
    00000216 F8 09            [12]  509 	ldhl	sp,#9
    00000218 2A               [ 8]  510 	ld	a, (hl+)
    00000219 5F               [ 4]  511 	ld	e, a
    0000021A 2A               [ 8]  512 	ld	a, (hl+)
    0000021B 57               [ 4]  513 	ld	d, a
    0000021C 1A               [ 8]  514 	ld	a, (de)
    0000021D 77               [ 8]  515 	ld	(hl), a
    0000021E 0A               [ 8]  516 	ld	a, (bc)
    0000021F C6 08            [ 8]  517 	add	a, #0x08
    00000221 5F               [ 4]  518 	ld	e, a
                                    519 ;c:\users\utente\desktop\tirocinio\gbdk-win64\gbdk\include\gb\gb.h:1973: OAM_item_t * itm = &shadow_OAM[nb];
    00000222 21r24r00         [12]  520 	ld	hl, #(_shadow_OAM + 36)
                                    521 ;c:\users\utente\desktop\tirocinio\gbdk-win64\gbdk\include\gb\gb.h:1974: itm->y=y, itm->x=x;
    00000225 E5               [16]  522 	push	hl
    00000226 F8 0D            [12]  523 	ldhl	sp,	#13
    00000228 7E               [ 8]  524 	ld	a, (hl)
    00000229 E1               [12]  525 	pop	hl
    0000022A 22               [ 8]  526 	ld	(hl+), a
    0000022B 73               [ 8]  527 	ld	(hl), e
                                    528 ;src/scripts/boss.c:76: move_sprite(10, boss->x+16, boss->y);
    0000022C F8 09            [12]  529 	ldhl	sp,#9
    0000022E 2A               [ 8]  530 	ld	a, (hl+)
    0000022F 5F               [ 4]  531 	ld	e, a
    00000230 2A               [ 8]  532 	ld	a, (hl+)
    00000231 57               [ 4]  533 	ld	d, a
    00000232 1A               [ 8]  534 	ld	a, (de)
    00000233 77               [ 8]  535 	ld	(hl), a
    00000234 0A               [ 8]  536 	ld	a, (bc)
    00000235 C6 10            [ 8]  537 	add	a, #0x10
    00000237 5F               [ 4]  538 	ld	e, a
                                    539 ;c:\users\utente\desktop\tirocinio\gbdk-win64\gbdk\include\gb\gb.h:1973: OAM_item_t * itm = &shadow_OAM[nb];
    00000238 21r28r00         [12]  540 	ld	hl, #(_shadow_OAM + 40)
                                    541 ;c:\users\utente\desktop\tirocinio\gbdk-win64\gbdk\include\gb\gb.h:1974: itm->y=y, itm->x=x;
    0000023B E5               [16]  542 	push	hl
    0000023C F8 0D            [12]  543 	ldhl	sp,	#13
    0000023E 7E               [ 8]  544 	ld	a, (hl)
    0000023F E1               [12]  545 	pop	hl
    00000240 22               [ 8]  546 	ld	(hl+), a
    00000241 73               [ 8]  547 	ld	(hl), e
                                    548 ;src/scripts/boss.c:77: move_sprite(11, boss->x+24, boss->y);
    00000242 F8 09            [12]  549 	ldhl	sp,#9
    00000244 2A               [ 8]  550 	ld	a, (hl+)
    00000245 5F               [ 4]  551 	ld	e, a
    00000246 2A               [ 8]  552 	ld	a, (hl+)
    00000247 57               [ 4]  553 	ld	d, a
    00000248 1A               [ 8]  554 	ld	a, (de)
    00000249 77               [ 8]  555 	ld	(hl), a
    0000024A 0A               [ 8]  556 	ld	a, (bc)
    0000024B C6 18            [ 8]  557 	add	a, #0x18
    0000024D 5F               [ 4]  558 	ld	e, a
                                    559 ;c:\users\utente\desktop\tirocinio\gbdk-win64\gbdk\include\gb\gb.h:1973: OAM_item_t * itm = &shadow_OAM[nb];
    0000024E 21r2Cr00         [12]  560 	ld	hl, #(_shadow_OAM + 44)
                                    561 ;c:\users\utente\desktop\tirocinio\gbdk-win64\gbdk\include\gb\gb.h:1974: itm->y=y, itm->x=x;
    00000251 E5               [16]  562 	push	hl
    00000252 F8 0D            [12]  563 	ldhl	sp,	#13
    00000254 7E               [ 8]  564 	ld	a, (hl)
    00000255 E1               [12]  565 	pop	hl
    00000256 22               [ 8]  566 	ld	(hl+), a
    00000257 73               [ 8]  567 	ld	(hl), e
                                    568 ;src/scripts/boss.c:78: move_sprite(12, boss->x, boss->y+8);
    00000258 F8 09            [12]  569 	ldhl	sp,#9
    0000025A 2A               [ 8]  570 	ld	a, (hl+)
    0000025B 5F               [ 4]  571 	ld	e, a
    0000025C 56               [ 8]  572 	ld	d, (hl)
    0000025D 1A               [ 8]  573 	ld	a, (de)
    0000025E C6 08            [ 8]  574 	add	a, #0x08
    00000260 5F               [ 4]  575 	ld	e, a
    00000261 0A               [ 8]  576 	ld	a, (bc)
    00000262 57               [ 4]  577 	ld	d, a
                                    578 ;c:\users\utente\desktop\tirocinio\gbdk-win64\gbdk\include\gb\gb.h:1973: OAM_item_t * itm = &shadow_OAM[nb];
    00000263 21r30r00         [12]  579 	ld	hl, #(_shadow_OAM + 48)
                                    580 ;c:\users\utente\desktop\tirocinio\gbdk-win64\gbdk\include\gb\gb.h:1974: itm->y=y, itm->x=x;
    00000266 7B               [ 4]  581 	ld	a, e
    00000267 22               [ 8]  582 	ld	(hl+), a
    00000268 72               [ 8]  583 	ld	(hl), d
                                    584 ;src/scripts/boss.c:79: move_sprite(13, boss->x+8, boss->y+8);
    00000269 F8 09            [12]  585 	ldhl	sp,#9
    0000026B 2A               [ 8]  586 	ld	a, (hl+)
    0000026C 5F               [ 4]  587 	ld	e, a
    0000026D 56               [ 8]  588 	ld	d, (hl)
    0000026E 1A               [ 8]  589 	ld	a, (de)
    0000026F C6 08            [ 8]  590 	add	a, #0x08
    00000271 5F               [ 4]  591 	ld	e, a
    00000272 0A               [ 8]  592 	ld	a, (bc)
    00000273 C6 08            [ 8]  593 	add	a, #0x08
    00000275 57               [ 4]  594 	ld	d, a
                                    595 ;c:\users\utente\desktop\tirocinio\gbdk-win64\gbdk\include\gb\gb.h:1973: OAM_item_t * itm = &shadow_OAM[nb];
    00000276 21r34r00         [12]  596 	ld	hl, #(_shadow_OAM + 52)
                                    597 ;c:\users\utente\desktop\tirocinio\gbdk-win64\gbdk\include\gb\gb.h:1974: itm->y=y, itm->x=x;
    00000279 7B               [ 4]  598 	ld	a, e
    0000027A 22               [ 8]  599 	ld	(hl+), a
    0000027B 72               [ 8]  600 	ld	(hl), d
                                    601 ;src/scripts/boss.c:80: move_sprite(14, boss->x+16, boss->y+8);
    0000027C F8 09            [12]  602 	ldhl	sp,#9
    0000027E 2A               [ 8]  603 	ld	a, (hl+)
    0000027F 5F               [ 4]  604 	ld	e, a
    00000280 56               [ 8]  605 	ld	d, (hl)
    00000281 1A               [ 8]  606 	ld	a, (de)
    00000282 C6 08            [ 8]  607 	add	a, #0x08
    00000284 5F               [ 4]  608 	ld	e, a
    00000285 0A               [ 8]  609 	ld	a, (bc)
    00000286 C6 10            [ 8]  610 	add	a, #0x10
    00000288 57               [ 4]  611 	ld	d, a
                                    612 ;c:\users\utente\desktop\tirocinio\gbdk-win64\gbdk\include\gb\gb.h:1973: OAM_item_t * itm = &shadow_OAM[nb];
    00000289 21r38r00         [12]  613 	ld	hl, #(_shadow_OAM + 56)
                                    614 ;c:\users\utente\desktop\tirocinio\gbdk-win64\gbdk\include\gb\gb.h:1974: itm->y=y, itm->x=x;
    0000028C 7B               [ 4]  615 	ld	a, e
    0000028D 22               [ 8]  616 	ld	(hl+), a
    0000028E 72               [ 8]  617 	ld	(hl), d
                                    618 ;src/scripts/boss.c:81: move_sprite(15, boss->x+24, boss->y+8);
    0000028F F8 09            [12]  619 	ldhl	sp,#9
    00000291 2A               [ 8]  620 	ld	a, (hl+)
    00000292 5F               [ 4]  621 	ld	e, a
    00000293 56               [ 8]  622 	ld	d, (hl)
    00000294 1A               [ 8]  623 	ld	a, (de)
    00000295 C6 08            [ 8]  624 	add	a, #0x08
    00000297 5F               [ 4]  625 	ld	e, a
    00000298 0A               [ 8]  626 	ld	a, (bc)
    00000299 C6 18            [ 8]  627 	add	a, #0x18
    0000029B 57               [ 4]  628 	ld	d, a
                                    629 ;c:\users\utente\desktop\tirocinio\gbdk-win64\gbdk\include\gb\gb.h:1973: OAM_item_t * itm = &shadow_OAM[nb];
    0000029C 21r3Cr00         [12]  630 	ld	hl, #(_shadow_OAM + 60)
                                    631 ;c:\users\utente\desktop\tirocinio\gbdk-win64\gbdk\include\gb\gb.h:1974: itm->y=y, itm->x=x;
    0000029F 7B               [ 4]  632 	ld	a, e
    000002A0 22               [ 8]  633 	ld	(hl+), a
    000002A1 72               [ 8]  634 	ld	(hl), d
                                    635 ;src/scripts/boss.c:82: move_sprite(16, boss->x, boss->y+16);
    000002A2 F8 09            [12]  636 	ldhl	sp,#9
    000002A4 2A               [ 8]  637 	ld	a, (hl+)
    000002A5 5F               [ 4]  638 	ld	e, a
    000002A6 56               [ 8]  639 	ld	d, (hl)
    000002A7 1A               [ 8]  640 	ld	a, (de)
    000002A8 C6 10            [ 8]  641 	add	a, #0x10
    000002AA 5F               [ 4]  642 	ld	e, a
    000002AB 0A               [ 8]  643 	ld	a, (bc)
    000002AC 57               [ 4]  644 	ld	d, a
                                    645 ;c:\users\utente\desktop\tirocinio\gbdk-win64\gbdk\include\gb\gb.h:1973: OAM_item_t * itm = &shadow_OAM[nb];
    000002AD 21r40r00         [12]  646 	ld	hl, #(_shadow_OAM + 64)
                                    647 ;c:\users\utente\desktop\tirocinio\gbdk-win64\gbdk\include\gb\gb.h:1974: itm->y=y, itm->x=x;
    000002B0 7B               [ 4]  648 	ld	a, e
    000002B1 22               [ 8]  649 	ld	(hl+), a
    000002B2 72               [ 8]  650 	ld	(hl), d
                                    651 ;src/scripts/boss.c:83: move_sprite(17, boss->x+8, boss->y+16);
    000002B3 F8 09            [12]  652 	ldhl	sp,#9
    000002B5 2A               [ 8]  653 	ld	a, (hl+)
    000002B6 5F               [ 4]  654 	ld	e, a
    000002B7 56               [ 8]  655 	ld	d, (hl)
    000002B8 1A               [ 8]  656 	ld	a, (de)
    000002B9 C6 10            [ 8]  657 	add	a, #0x10
    000002BB 5F               [ 4]  658 	ld	e, a
    000002BC 0A               [ 8]  659 	ld	a, (bc)
    000002BD C6 08            [ 8]  660 	add	a, #0x08
    000002BF 57               [ 4]  661 	ld	d, a
                                    662 ;c:\users\utente\desktop\tirocinio\gbdk-win64\gbdk\include\gb\gb.h:1973: OAM_item_t * itm = &shadow_OAM[nb];
    000002C0 21r44r00         [12]  663 	ld	hl, #(_shadow_OAM + 68)
                                    664 ;c:\users\utente\desktop\tirocinio\gbdk-win64\gbdk\include\gb\gb.h:1974: itm->y=y, itm->x=x;
    000002C3 7B               [ 4]  665 	ld	a, e
    000002C4 22               [ 8]  666 	ld	(hl+), a
    000002C5 72               [ 8]  667 	ld	(hl), d
                                    668 ;src/scripts/boss.c:84: move_sprite(18, boss->x+16, boss->y+16);
    000002C6 F8 09            [12]  669 	ldhl	sp,#9
    000002C8 2A               [ 8]  670 	ld	a, (hl+)
    000002C9 5F               [ 4]  671 	ld	e, a
    000002CA 56               [ 8]  672 	ld	d, (hl)
    000002CB 1A               [ 8]  673 	ld	a, (de)
    000002CC C6 10            [ 8]  674 	add	a, #0x10
    000002CE 5F               [ 4]  675 	ld	e, a
    000002CF 0A               [ 8]  676 	ld	a, (bc)
    000002D0 C6 10            [ 8]  677 	add	a, #0x10
    000002D2 57               [ 4]  678 	ld	d, a
                                    679 ;c:\users\utente\desktop\tirocinio\gbdk-win64\gbdk\include\gb\gb.h:1973: OAM_item_t * itm = &shadow_OAM[nb];
    000002D3 21r48r00         [12]  680 	ld	hl, #(_shadow_OAM + 72)
                                    681 ;c:\users\utente\desktop\tirocinio\gbdk-win64\gbdk\include\gb\gb.h:1974: itm->y=y, itm->x=x;
    000002D6 7B               [ 4]  682 	ld	a, e
    000002D7 22               [ 8]  683 	ld	(hl+), a
    000002D8 72               [ 8]  684 	ld	(hl), d
                                    685 ;src/scripts/boss.c:85: move_sprite(19, boss->x+24, boss->y+16);
    000002D9 F8 09            [12]  686 	ldhl	sp,#9
    000002DB 2A               [ 8]  687 	ld	a, (hl+)
    000002DC 5F               [ 4]  688 	ld	e, a
    000002DD 56               [ 8]  689 	ld	d, (hl)
    000002DE 1A               [ 8]  690 	ld	a, (de)
    000002DF C6 10            [ 8]  691 	add	a, #0x10
    000002E1 5F               [ 4]  692 	ld	e, a
    000002E2 0A               [ 8]  693 	ld	a, (bc)
    000002E3 C6 18            [ 8]  694 	add	a, #0x18
    000002E5 57               [ 4]  695 	ld	d, a
                                    696 ;c:\users\utente\desktop\tirocinio\gbdk-win64\gbdk\include\gb\gb.h:1973: OAM_item_t * itm = &shadow_OAM[nb];
    000002E6 21r4Cr00         [12]  697 	ld	hl, #(_shadow_OAM + 76)
                                    698 ;c:\users\utente\desktop\tirocinio\gbdk-win64\gbdk\include\gb\gb.h:1974: itm->y=y, itm->x=x;
    000002E9 7B               [ 4]  699 	ld	a, e
    000002EA 22               [ 8]  700 	ld	(hl+), a
    000002EB 72               [ 8]  701 	ld	(hl), d
                                    702 ;src/scripts/boss.c:86: move_sprite(20, boss->x, boss->y+24);
    000002EC F8 09            [12]  703 	ldhl	sp,#9
    000002EE 2A               [ 8]  704 	ld	a, (hl+)
    000002EF 5F               [ 4]  705 	ld	e, a
    000002F0 56               [ 8]  706 	ld	d, (hl)
    000002F1 1A               [ 8]  707 	ld	a, (de)
    000002F2 C6 18            [ 8]  708 	add	a, #0x18
    000002F4 5F               [ 4]  709 	ld	e, a
    000002F5 0A               [ 8]  710 	ld	a, (bc)
    000002F6 57               [ 4]  711 	ld	d, a
                                    712 ;c:\users\utente\desktop\tirocinio\gbdk-win64\gbdk\include\gb\gb.h:1973: OAM_item_t * itm = &shadow_OAM[nb];
    000002F7 21r50r00         [12]  713 	ld	hl, #(_shadow_OAM + 80)
                                    714 ;c:\users\utente\desktop\tirocinio\gbdk-win64\gbdk\include\gb\gb.h:1974: itm->y=y, itm->x=x;
    000002FA 7B               [ 4]  715 	ld	a, e
    000002FB 22               [ 8]  716 	ld	(hl+), a
    000002FC 72               [ 8]  717 	ld	(hl), d
                                    718 ;src/scripts/boss.c:87: move_sprite(21, boss->x+8, boss->y+24);
    000002FD F8 09            [12]  719 	ldhl	sp,#9
    000002FF 2A               [ 8]  720 	ld	a, (hl+)
    00000300 5F               [ 4]  721 	ld	e, a
    00000301 56               [ 8]  722 	ld	d, (hl)
    00000302 1A               [ 8]  723 	ld	a, (de)
    00000303 C6 18            [ 8]  724 	add	a, #0x18
    00000305 5F               [ 4]  725 	ld	e, a
    00000306 0A               [ 8]  726 	ld	a, (bc)
    00000307 C6 08            [ 8]  727 	add	a, #0x08
    00000309 57               [ 4]  728 	ld	d, a
                                    729 ;c:\users\utente\desktop\tirocinio\gbdk-win64\gbdk\include\gb\gb.h:1973: OAM_item_t * itm = &shadow_OAM[nb];
    0000030A 21r54r00         [12]  730 	ld	hl, #(_shadow_OAM + 84)
                                    731 ;c:\users\utente\desktop\tirocinio\gbdk-win64\gbdk\include\gb\gb.h:1974: itm->y=y, itm->x=x;
    0000030D 7B               [ 4]  732 	ld	a, e
    0000030E 22               [ 8]  733 	ld	(hl+), a
    0000030F 72               [ 8]  734 	ld	(hl), d
                                    735 ;src/scripts/boss.c:88: move_sprite(22, boss->x+16, boss->y+24);
    00000310 F8 09            [12]  736 	ldhl	sp,#9
    00000312 2A               [ 8]  737 	ld	a, (hl+)
    00000313 5F               [ 4]  738 	ld	e, a
    00000314 56               [ 8]  739 	ld	d, (hl)
    00000315 1A               [ 8]  740 	ld	a, (de)
    00000316 C6 18            [ 8]  741 	add	a, #0x18
    00000318 57               [ 4]  742 	ld	d, a
    00000319 0A               [ 8]  743 	ld	a, (bc)
    0000031A C6 10            [ 8]  744 	add	a, #0x10
    0000031C 5F               [ 4]  745 	ld	e, a
                                    746 ;c:\users\utente\desktop\tirocinio\gbdk-win64\gbdk\include\gb\gb.h:1973: OAM_item_t * itm = &shadow_OAM[nb];
    0000031D 21r58r00         [12]  747 	ld	hl, #(_shadow_OAM + 88)
                                    748 ;c:\users\utente\desktop\tirocinio\gbdk-win64\gbdk\include\gb\gb.h:1974: itm->y=y, itm->x=x;
    00000320 7A               [ 4]  749 	ld	a, d
    00000321 22               [ 8]  750 	ld	(hl+), a
    00000322 73               [ 8]  751 	ld	(hl), e
                                    752 ;src/scripts/boss.c:89: move_sprite(23, boss->x+24, boss->y+24);
    00000323 F8 09            [12]  753 	ldhl	sp,#9
    00000325 2A               [ 8]  754 	ld	a, (hl+)
    00000326 5F               [ 4]  755 	ld	e, a
    00000327 56               [ 8]  756 	ld	d, (hl)
    00000328 1A               [ 8]  757 	ld	a, (de)
    00000329 C6 18            [ 8]  758 	add	a, #0x18
    0000032B 5F               [ 4]  759 	ld	e, a
    0000032C 0A               [ 8]  760 	ld	a, (bc)
    0000032D C6 18            [ 8]  761 	add	a, #0x18
    0000032F 4F               [ 4]  762 	ld	c, a
                                    763 ;c:\users\utente\desktop\tirocinio\gbdk-win64\gbdk\include\gb\gb.h:1973: OAM_item_t * itm = &shadow_OAM[nb];
    00000330 21r5Cr00         [12]  764 	ld	hl, #(_shadow_OAM + 92)
                                    765 ;c:\users\utente\desktop\tirocinio\gbdk-win64\gbdk\include\gb\gb.h:1974: itm->y=y, itm->x=x;
    00000333 7B               [ 4]  766 	ld	a, e
    00000334 22               [ 8]  767 	ld	(hl+), a
    00000335 71               [ 8]  768 	ld	(hl), c
                                    769 ;src/scripts/boss.c:89: move_sprite(23, boss->x+24, boss->y+24);
                                    770 ;src/scripts/boss.c:90: }
    00000336 E8 0C            [16]  771 	add	sp, #12
    00000338 C9               [16]  772 	ret
                                    773 ;src/scripts/boss.c:92: void move_boss(Boss *boss) BANKED {
                                    774 ;	---------------------------------
                                    775 ; Function move_boss
                                    776 ; ---------------------------------
                         00000003   777 	b_move_boss	= 3
    00000339                        778 _move_boss::
    00000339 E8 F8            [16]  779 	add	sp, #-8
                                    780 ;src/scripts/boss.c:93: if (boss->defeated) {
    0000033B F8 0E            [12]  781 	ldhl	sp,	#14
    0000033D 7E               [ 8]  782 	ld	a, (hl)
    0000033E F8 00            [12]  783 	ldhl	sp,	#0
    00000340 77               [ 8]  784 	ld	(hl), a
    00000341 F8 0F            [12]  785 	ldhl	sp,	#15
    00000343 7E               [ 8]  786 	ld	a, (hl)
    00000344 F8 01            [12]  787 	ldhl	sp,	#1
    00000346 77               [ 8]  788 	ld	(hl), a
    00000347 D1               [12]  789 	pop	de
    00000348 D5               [16]  790 	push	de
    00000349 21 07 00         [12]  791 	ld	hl, #0x0007
    0000034C 19               [ 8]  792 	add	hl, de
    0000034D 4D               [ 4]  793 	ld	c, l
    0000034E 44               [ 4]  794 	ld	b, h
    0000034F 0A               [ 8]  795 	ld	a, (bc)
    00000350 B7               [ 4]  796 	or	a, a
                                    797 ;src/scripts/boss.c:94: return;
    00000351 C2r6Dr04         [16]  798 	jp	NZ, 00132$
                                    799 ;src/scripts/boss.c:100: dx = boss_check_distance_x(boss);
    00000354 D1               [12]  800 	pop	de
    00000355 D5               [16]  801 	push	de
    00000356 CDr70r04         [24]  802 	call	_boss_check_distance_x
    00000359 5F               [ 4]  803 	ld	e, a
                                    804 ;src/scripts/boss.c:101: dy = boss_check_distance_y(boss);
    0000035A D5               [16]  805 	push	de
    0000035B F8 10            [12]  806 	ldhl	sp,	#16
    0000035D 2A               [ 8]  807 	ld	a, (hl+)
    0000035E 5F               [ 4]  808 	ld	e, a
    0000035F 56               [ 8]  809 	ld	d, (hl)
    00000360 CDr82r04         [24]  810 	call	_boss_check_distance_y
    00000363 4F               [ 4]  811 	ld	c, a
    00000364 D1               [12]  812 	pop	de
                                    813 ;src/scripts/boss.c:105: if (dx == 0 && dy == 16 || dx == 16 && dy == 16 || dx == 32 && dy == 0 || dx == 32 && dy == 16 || dx == 16 && dy == 32 || dx == 0 && dy == 32 || dx == 16 && dy == 0) {
    00000365 79               [ 4]  814 	ld	a, c
    00000366 D6 10            [ 8]  815 	sub	a, #0x10
    00000368 3E 01            [ 8]  816 	ld	a, #0x01
    0000036A 28 01            [12]  817 	jr	Z, 00214$
    0000036C AF               [ 4]  818 	xor	a, a
    0000036D                        819 00214$:
    0000036D 57               [ 4]  820 	ld	d, a
    0000036E 7B               [ 4]  821 	ld	a, e
    0000036F B7               [ 4]  822 	or	a, a
    00000370 20 03            [12]  823 	jr	NZ, 00107$
    00000372 B2               [ 4]  824 	or	a, d
    00000373 20 44            [12]  825 	jr	NZ, 00103$
    00000375                        826 00107$:
    00000375 7B               [ 4]  827 	ld	a, e
    00000376 D6 10            [ 8]  828 	sub	a, #0x10
    00000378 3E 01            [ 8]  829 	ld	a, #0x01
    0000037A 28 01            [12]  830 	jr	Z, 00216$
    0000037C AF               [ 4]  831 	xor	a, a
    0000037D                        832 00216$:
    0000037D 47               [ 4]  833 	ld	b, a
    0000037E B7               [ 4]  834 	or	a, a
    0000037F 28 04            [12]  835 	jr	Z, 00109$
    00000381 7A               [ 4]  836 	ld	a, d
    00000382 B7               [ 4]  837 	or	a, a
    00000383 20 34            [12]  838 	jr	NZ, 00103$
    00000385                        839 00109$:
    00000385 7B               [ 4]  840 	ld	a, e
    00000386 D6 20            [ 8]  841 	sub	a, #0x20
    00000388 3E 01            [ 8]  842 	ld	a, #0x01
    0000038A 28 01            [12]  843 	jr	Z, 00218$
    0000038C AF               [ 4]  844 	xor	a, a
    0000038D                        845 00218$:
    0000038D B7               [ 4]  846 	or	a, a
    0000038E 28 04            [12]  847 	jr	Z, 00111$
    00000390 0C               [ 4]  848 	inc	c
    00000391 0D               [ 4]  849 	dec	c
    00000392 28 25            [12]  850 	jr	Z, 00103$
    00000394                        851 00111$:
    00000394 B7               [ 4]  852 	or	a, a
    00000395 28 04            [12]  853 	jr	Z, 00113$
    00000397 7A               [ 4]  854 	ld	a, d
    00000398 B7               [ 4]  855 	or	a, a
    00000399 20 1E            [12]  856 	jr	NZ, 00103$
    0000039B                        857 00113$:
    0000039B 79               [ 4]  858 	ld	a, c
    0000039C D6 20            [ 8]  859 	sub	a, #0x20
    0000039E 3E 01            [ 8]  860 	ld	a, #0x01
    000003A0 28 01            [12]  861 	jr	Z, 00220$
    000003A2 AF               [ 4]  862 	xor	a, a
    000003A3                        863 00220$:
    000003A3 04               [ 4]  864 	inc	b
    000003A4 05               [ 4]  865 	dec	b
    000003A5 28 03            [12]  866 	jr	Z, 00115$
    000003A7 B7               [ 4]  867 	or	a, a
    000003A8 20 0F            [12]  868 	jr	NZ, 00103$
    000003AA                        869 00115$:
    000003AA 1C               [ 4]  870 	inc	e
    000003AB 1D               [ 4]  871 	dec	e
    000003AC 20 03            [12]  872 	jr	NZ, 00117$
    000003AE B7               [ 4]  873 	or	a, a
    000003AF 20 08            [12]  874 	jr	NZ, 00103$
    000003B1                        875 00117$:
    000003B1 78               [ 4]  876 	ld	a, b
    000003B2 B7               [ 4]  877 	or	a, a
    000003B3 28 0C            [12]  878 	jr	Z, 00104$
    000003B5 79               [ 4]  879 	ld	a, c
    000003B6 B7               [ 4]  880 	or	a, a
    000003B7 20 08            [12]  881 	jr	NZ, 00104$
    000003B9                        882 00103$:
                                    883 ;src/scripts/boss.c:106: boss_attack(boss);
    000003B9 D1               [12]  884 	pop	de
    000003BA D5               [16]  885 	push	de
    000003BB CDr95r04         [24]  886 	call	_boss_attack
                                    887 ;src/scripts/boss.c:107: return;
    000003BE C3r6Dr04         [16]  888 	jp	00132$
    000003C1                        889 00104$:
                                    890 ;src/scripts/boss.c:113: int16_t diff_x = boss_check_distance_x(boss);
    000003C1 D1               [12]  891 	pop	de
    000003C2 D5               [16]  892 	push	de
    000003C3 CDr70r04         [24]  893 	call	_boss_check_distance_x
    000003C6 F8 02            [12]  894 	ldhl	sp,	#2
    000003C8 77               [ 8]  895 	ld	(hl), a
                                    896 ;src/scripts/boss.c:114: int16_t diff_y = boss_check_distance_y(boss);
    000003C9 F8 0E            [12]  897 	ldhl	sp,	#14
    000003CB 2A               [ 8]  898 	ld	a, (hl+)
    000003CC 5F               [ 4]  899 	ld	e, a
    000003CD 56               [ 8]  900 	ld	d, (hl)
    000003CE CDr82r04         [24]  901 	call	_boss_check_distance_y
    000003D1 F8 03            [12]  902 	ldhl	sp,	#3
    000003D3 77               [ 8]  903 	ld	(hl), a
                                    904 ;src/scripts/boss.c:117: if (x > boss->x) {
    000003D4 D1               [12]  905 	pop	de
    000003D5 D5               [16]  906 	push	de
    000003D6 6B               [ 4]  907 	ld	l, e
    000003D7 62               [ 4]  908 	ld	h, d
    000003D8 23               [ 8]  909 	inc	hl
    000003D9 E5               [16]  910 	push	hl
    000003DA 7D               [ 4]  911 	ld	a, l
    000003DB F8 06            [12]  912 	ldhl	sp,	#6
    000003DD 77               [ 8]  913 	ld	(hl), a
    000003DE E1               [12]  914 	pop	hl
    000003DF 7C               [ 4]  915 	ld	a, h
    000003E0 F8 05            [12]  916 	ldhl	sp,	#5
    000003E2 77               [ 8]  917 	ld	(hl), a
                                    918 ;src/scripts/boss.c:125: if (y > boss->y) {
    000003E3 D1               [12]  919 	pop	de
    000003E4 D5               [16]  920 	push	de
    000003E5 21 02 00         [12]  921 	ld	hl, #0x0002
    000003E8 19               [ 8]  922 	add	hl, de
    000003E9 E5               [16]  923 	push	hl
    000003EA 7D               [ 4]  924 	ld	a, l
    000003EB F8 08            [12]  925 	ldhl	sp,	#8
    000003ED 77               [ 8]  926 	ld	(hl), a
    000003EE E1               [12]  927 	pop	hl
    000003EF 7C               [ 4]  928 	ld	a, h
    000003F0 F8 07            [12]  929 	ldhl	sp,	#7
                                    930 ;src/scripts/boss.c:117: if (x > boss->x) {
    000003F2 32               [ 8]  931 	ld	(hl-), a
    000003F3 2B               [ 8]  932 	dec	hl
    000003F4 2B               [ 8]  933 	dec	hl
    000003F5 2A               [ 8]  934 	ld	a, (hl+)
    000003F6 5F               [ 4]  935 	ld	e, a
                                    936 ;src/scripts/boss.c:125: if (y > boss->y) {
    000003F7 2A               [ 8]  937 	ld	a, (hl+)
    000003F8 57               [ 4]  938 	ld	d, a
    000003F9 1A               [ 8]  939 	ld	a, (de)
    000003FA 4F               [ 4]  940 	ld	c, a
    000003FB 2A               [ 8]  941 	ld	a, (hl+)
    000003FC 5F               [ 4]  942 	ld	e, a
    000003FD 56               [ 8]  943 	ld	d, (hl)
    000003FE 1A               [ 8]  944 	ld	a, (de)
    000003FF 47               [ 4]  945 	ld	b, a
                                    946 ;src/scripts/boss.c:116: if (diff_x > diff_y) {
    00000400 F8 03            [12]  947 	ldhl	sp,	#3
    00000402 3A               [ 8]  948 	ld	a, (hl-)
    00000403 96               [ 8]  949 	sub	a, (hl)
    00000404 30 0F            [12]  950 	jr	NC, 00125$
                                    951 ;src/scripts/boss.c:117: if (x > boss->x) {
    00000406 79               [ 4]  952 	ld	a, c
    00000407 21r00r00         [12]  953 	ld	hl, #_x
    0000040A 96               [ 8]  954 	sub	a, (hl)
    0000040B 30 04            [12]  955 	jr	NC, 00119$
                                    956 ;src/scripts/boss.c:118: direction = 1;
    0000040D 1E 01            [ 8]  957 	ld	e, #0x01
    0000040F 18 11            [12]  958 	jr	00126$
    00000411                        959 00119$:
                                    960 ;src/scripts/boss.c:121: direction = 3;
    00000411 1E 03            [ 8]  961 	ld	e, #0x03
    00000413 18 0D            [12]  962 	jr	00126$
    00000415                        963 00125$:
                                    964 ;src/scripts/boss.c:125: if (y > boss->y) {
    00000415 78               [ 4]  965 	ld	a, b
    00000416 21r00r00         [12]  966 	ld	hl, #_y
    00000419 96               [ 8]  967 	sub	a, (hl)
    0000041A 30 04            [12]  968 	jr	NC, 00122$
                                    969 ;src/scripts/boss.c:126: direction = 2;
    0000041C 1E 02            [ 8]  970 	ld	e, #0x02
    0000041E 18 02            [12]  971 	jr	00126$
    00000420                        972 00122$:
                                    973 ;src/scripts/boss.c:129: direction = 0;
    00000420 1E 00            [ 8]  974 	ld	e, #0x00
    00000422                        975 00126$:
                                    976 ;src/scripts/boss.c:133: uint8_t next_x = boss->x;
                                    977 ;src/scripts/boss.c:134: uint8_t next_y = boss->y;
                                    978 ;src/scripts/boss.c:137: next_y -= 16;
    00000422 F8 03            [12]  979 	ldhl	sp,	#3
    00000424 70               [ 8]  980 	ld	(hl), b
                                    981 ;src/scripts/boss.c:140: next_x += 16;
    00000425 51               [ 4]  982 	ld	d, c
                                    983 ;src/scripts/boss.c:135: switch (direction) {
    00000426 D5               [16]  984 	push	de
    00000427 16 00            [ 8]  985 	ld	d, #0x00
    00000429 21r34r04         [12]  986 	ld	hl, #00221$
    0000042C 19               [ 8]  987 	add	hl, de
    0000042D 19               [ 8]  988 	add	hl, de
    0000042E 5E               [ 8]  989 	ld	e, (hl)
    0000042F 23               [ 8]  990 	inc	hl
    00000430 66               [ 8]  991 	ld	h, (hl)
    00000431 6B               [ 4]  992 	ld	l, e
    00000432 D1               [12]  993 	pop	de
    00000433 E9               [ 4]  994 	jp	(hl)
    00000434                        995 00221$:
    00000434r3Cr04                  996 	.dw	00127$
    00000436r44r04                  997 	.dw	00128$
    00000438r4Ar04                  998 	.dw	00129$
    0000043Ar52r04                  999 	.dw	00130$
                                   1000 ;src/scripts/boss.c:136: case 0:
    0000043C                       1001 00127$:
                                   1002 ;src/scripts/boss.c:137: next_y -= 16;
    0000043C F8 03            [12] 1003 	ldhl	sp,	#3
    0000043E 7E               [ 8] 1004 	ld	a, (hl)
    0000043F C6 F0            [ 8] 1005 	add	a, #0xf0
    00000441 47               [ 4] 1006 	ld	b, a
                                   1007 ;src/scripts/boss.c:138: break;
    00000442 18 12            [12] 1008 	jr	00131$
                                   1009 ;src/scripts/boss.c:139: case 1:
    00000444                       1010 00128$:
                                   1011 ;src/scripts/boss.c:140: next_x += 16;
    00000444 7A               [ 4] 1012 	ld	a, d
    00000445 C6 10            [ 8] 1013 	add	a, #0x10
    00000447 4F               [ 4] 1014 	ld	c, a
                                   1015 ;src/scripts/boss.c:141: break;
    00000448 18 0C            [12] 1016 	jr	00131$
                                   1017 ;src/scripts/boss.c:142: case 2:
    0000044A                       1018 00129$:
                                   1019 ;src/scripts/boss.c:143: next_y += 16;
    0000044A F8 03            [12] 1020 	ldhl	sp,	#3
    0000044C 7E               [ 8] 1021 	ld	a, (hl)
    0000044D C6 10            [ 8] 1022 	add	a, #0x10
    0000044F 47               [ 4] 1023 	ld	b, a
                                   1024 ;src/scripts/boss.c:144: break;
    00000450 18 04            [12] 1025 	jr	00131$
                                   1026 ;src/scripts/boss.c:145: case 3:
    00000452                       1027 00130$:
                                   1028 ;src/scripts/boss.c:146: next_x -= 16;
    00000452 7A               [ 4] 1029 	ld	a, d
    00000453 C6 F0            [ 8] 1030 	add	a, #0xf0
    00000455 4F               [ 4] 1031 	ld	c, a
                                   1032 ;src/scripts/boss.c:148: }
    00000456                       1033 00131$:
                                   1034 ;src/scripts/boss.c:149: boss_smooth_movement(boss, direction);
    00000456 C5               [16] 1035 	push	bc
    00000457 7B               [ 4] 1036 	ld	a, e
    00000458 F8 02            [12] 1037 	ldhl	sp,	#2
    0000045A 5E               [ 8] 1038 	ld	e, (hl)
    0000045B 23               [ 8] 1039 	inc	hl
    0000045C 56               [ 8] 1040 	ld	d, (hl)
    0000045D CDrDFr04         [24] 1041 	call	_boss_smooth_movement
    00000460 C1               [12] 1042 	pop	bc
                                   1043 ;src/scripts/boss.c:150: boss->x = next_x;
    00000461 F8 04            [12] 1044 	ldhl	sp,	#4
    00000463 2A               [ 8] 1045 	ld	a, (hl+)
    00000464 66               [ 8] 1046 	ld	h, (hl)
    00000465 6F               [ 4] 1047 	ld	l, a
    00000466 71               [ 8] 1048 	ld	(hl), c
                                   1049 ;src/scripts/boss.c:151: boss->y = next_y;
    00000467 F8 06            [12] 1050 	ldhl	sp,	#6
    00000469 2A               [ 8] 1051 	ld	a, (hl+)
    0000046A 66               [ 8] 1052 	ld	h, (hl)
    0000046B 6F               [ 4] 1053 	ld	l, a
    0000046C 70               [ 8] 1054 	ld	(hl), b
                                   1055 ;src/scripts/boss.c:152: return;
    0000046D                       1056 00132$:
                                   1057 ;src/scripts/boss.c:153: }
    0000046D E8 08            [16] 1058 	add	sp, #8
    0000046F C9               [16] 1059 	ret
                                   1060 ;src/scripts/boss.c:155: uint8_t boss_check_distance_x(Boss* boss) {
                                   1061 ;	---------------------------------
                                   1062 ; Function boss_check_distance_x
                                   1063 ; ---------------------------------
    00000470                       1064 _boss_check_distance_x::
                                   1065 ;src/scripts/boss.c:156: if (x > boss->x) {
    00000470 13               [ 8] 1066 	inc	de
    00000471 1A               [ 8] 1067 	ld	a, (de)
    00000472 4F               [ 4] 1068 	ld	c, a
    00000473 21r00r00         [12] 1069 	ld	hl, #_x
    00000476 96               [ 8] 1070 	sub	a, (hl)
    00000477 30 03            [12] 1071 	jr	NC, 00102$
                                   1072 ;src/scripts/boss.c:157: return(x - boss->x);
    00000479 7E               [ 8] 1073 	ld	a, (hl)
    0000047A 91               [ 4] 1074 	sub	a, c
    0000047B C9               [16] 1075 	ret
    0000047C                       1076 00102$:
                                   1077 ;src/scripts/boss.c:160: return(boss->x - x);
    0000047C 79               [ 4] 1078 	ld	a, c
    0000047D 21r00r00         [12] 1079 	ld	hl, #_x
    00000480 96               [ 8] 1080 	sub	a, (hl)
                                   1081 ;src/scripts/boss.c:162: }
    00000481 C9               [16] 1082 	ret
                                   1083 ;src/scripts/boss.c:164: uint8_t boss_check_distance_y(Boss* boss) {
                                   1084 ;	---------------------------------
                                   1085 ; Function boss_check_distance_y
                                   1086 ; ---------------------------------
    00000482                       1087 _boss_check_distance_y::
                                   1088 ;src/scripts/boss.c:165: if (y > boss->y) {
    00000482 13               [ 8] 1089 	inc	de
    00000483 13               [ 8] 1090 	inc	de
    00000484 1A               [ 8] 1091 	ld	a, (de)
    00000485 4F               [ 4] 1092 	ld	c, a
    00000486 21r00r00         [12] 1093 	ld	hl, #_y
    00000489 96               [ 8] 1094 	sub	a, (hl)
    0000048A 30 03            [12] 1095 	jr	NC, 00102$
                                   1096 ;src/scripts/boss.c:166: return(y - boss->y);
    0000048C 7E               [ 8] 1097 	ld	a, (hl)
    0000048D 91               [ 4] 1098 	sub	a, c
    0000048E C9               [16] 1099 	ret
    0000048F                       1100 00102$:
                                   1101 ;src/scripts/boss.c:169: return(boss->y - y);
    0000048F 79               [ 4] 1102 	ld	a, c
    00000490 21r00r00         [12] 1103 	ld	hl, #_y
    00000493 96               [ 8] 1104 	sub	a, (hl)
                                   1105 ;src/scripts/boss.c:171: }
    00000494 C9               [16] 1106 	ret
                                   1107 ;src/scripts/boss.c:173: void boss_attack(Boss* boss) {
                                   1108 ;	---------------------------------
                                   1109 ; Function boss_attack
                                   1110 ; ---------------------------------
    00000495                       1111 _boss_attack::
                                   1112 ;src/scripts/boss.c:174: hit_sfx();
    00000495 D5               [16] 1113 	push	de
    00000496 1Er00            [ 8] 1114 	ld	e, #b_hit_sfx
    00000498 21r00r00         [12] 1115 	ld	hl, #_hit_sfx
    0000049B CDr00r00         [24] 1116 	call	___sdcc_bcall_ehl
    0000049E D1               [12] 1117 	pop	de
                                   1118 ;src/scripts/boss.c:176: if (boss->atk > defense) {
    0000049F 21 04 00         [12] 1119 	ld	hl, #0x0004
    000004A2 19               [ 8] 1120 	add	hl, de
    000004A3 4E               [ 8] 1121 	ld	c, (hl)
    000004A4 21r00r00         [12] 1122 	ld	hl, #_defense
    000004A7 7E               [ 8] 1123 	ld	a, (hl)
    000004A8 91               [ 4] 1124 	sub	a, c
    000004A9 30 05            [12] 1125 	jr	NC, 00102$
                                   1126 ;src/scripts/boss.c:177: damage = boss->atk - defense;
    000004AB 79               [ 4] 1127 	ld	a, c
    000004AC 96               [ 8] 1128 	sub	a, (hl)
    000004AD 47               [ 4] 1129 	ld	b, a
    000004AE 18 02            [12] 1130 	jr	00103$
    000004B0                       1131 00102$:
                                   1132 ;src/scripts/boss.c:180: damage = 1;
    000004B0 06 01            [ 8] 1133 	ld	b, #0x01
    000004B2                       1134 00103$:
                                   1135 ;src/scripts/boss.c:183: if (damage < current_hp) {
    000004B2 78               [ 4] 1136 	ld	a, b
    000004B3 21r00r00         [12] 1137 	ld	hl, #_current_hp
    000004B6 96               [ 8] 1138 	sub	a, (hl)
    000004B7 30 05            [12] 1139 	jr	NC, 00105$
                                   1140 ;src/scripts/boss.c:184: current_hp -= damage;
    000004B9 7E               [ 8] 1141 	ld	a, (hl)
    000004BA 90               [ 4] 1142 	sub	a, b
    000004BB 77               [ 8] 1143 	ld	(hl), a
    000004BC 18 04            [12] 1144 	jr	00106$
    000004BE                       1145 00105$:
                                   1146 ;src/scripts/boss.c:187: current_hp = 0;
    000004BE AF               [ 4] 1147 	xor	a, a
    000004BF EAr00r00         [16] 1148 	ld	(#_current_hp),a
    000004C2                       1149 00106$:
                                   1150 ;src/scripts/boss.c:189: play_hit_animation();
    000004C2 C5               [16] 1151 	push	bc
    000004C3 1Er00            [ 8] 1152 	ld	e, #b_play_hit_animation
    000004C5 21r00r00         [12] 1153 	ld	hl, #_play_hit_animation
    000004C8 CDr00r00         [24] 1154 	call	___sdcc_bcall_ehl
    000004CB C1               [12] 1155 	pop	bc
                                   1156 ;src/scripts/boss.c:190: show_number(damage, 0, 0, 0);
    000004CC AF               [ 4] 1157 	xor	a, a
    000004CD 0F               [ 4] 1158 	rrca
    000004CE F5               [16] 1159 	push	af
    000004CF AF               [ 4] 1160 	xor	a, a
    000004D0 F5               [16] 1161 	push	af
    000004D1 33               [ 8] 1162 	inc	sp
    000004D2 C5               [16] 1163 	push	bc
    000004D3 33               [ 8] 1164 	inc	sp
    000004D4 1Er00            [ 8] 1165 	ld	e, #b_show_number
    000004D6 21r00r00         [12] 1166 	ld	hl, #_show_number
    000004D9 CDr00r00         [24] 1167 	call	___sdcc_bcall_ehl
    000004DC E8 04            [16] 1168 	add	sp, #4
                                   1169 ;src/scripts/boss.c:192: }
    000004DE C9               [16] 1170 	ret
                                   1171 ;src/scripts/boss.c:194: void boss_smooth_movement(Boss* boss, uint8_t dir) {
                                   1172 ;	---------------------------------
                                   1173 ; Function boss_smooth_movement
                                   1174 ; ---------------------------------
    000004DF                       1175 _boss_smooth_movement::
    000004DF E8 F8            [16] 1176 	add	sp, #-8
    000004E1 F8 06            [12] 1177 	ldhl	sp,	#6
    000004E3 77               [ 8] 1178 	ld	(hl), a
                                   1179 ;src/scripts/boss.c:197: mov_x = boss->x;
    000004E4 4B               [ 4] 1180 	ld	c, e
    000004E5 42               [ 4] 1181 	ld	b, d
    000004E6 03               [ 8] 1182 	inc	bc
    000004E7 0A               [ 8] 1183 	ld	a, (bc)
    000004E8 F8 00            [12] 1184 	ldhl	sp,	#0
                                   1185 ;src/scripts/boss.c:198: mov_y = boss->y;
    000004EA 22               [ 8] 1186 	ld	(hl+), a
    000004EB 13               [ 8] 1187 	inc	de
    000004EC 13               [ 8] 1188 	inc	de
    000004ED 1A               [ 8] 1189 	ld	a, (de)
    000004EE 77               [ 8] 1190 	ld	(hl), a
                                   1191 ;src/scripts/boss.c:199: while (frame < 8) {
    000004EF 3E 03            [ 8] 1192 	ld	a, #0x03
    000004F1 F8 06            [12] 1193 	ldhl	sp,	#6
    000004F3 96               [ 8] 1194 	sub	a, (hl)
    000004F4 3E 00            [ 8] 1195 	ld	a, #0x00
    000004F6 17               [ 4] 1196 	rla
    000004F7 F8 02            [12] 1197 	ldhl	sp,	#2
    000004F9 77               [ 8] 1198 	ld	(hl), a
    000004FA F8 07            [12] 1199 	ldhl	sp,	#7
    000004FC 36 00            [12] 1200 	ld	(hl), #0x00
    000004FE                       1201 00106$:
    000004FE F8 07            [12] 1202 	ldhl	sp,	#7
    00000500 7E               [ 8] 1203 	ld	a, (hl)
    00000501 D6 08            [ 8] 1204 	sub	a, #0x08
    00000503 D2r0Er06         [16] 1205 	jp	NC, 00125$
                                   1206 ;src/scripts/boss.c:200: wait_vbl_done();
    00000506 CDr00r00         [24] 1207 	call	_wait_vbl_done
                                   1208 ;src/scripts/boss.c:201: switch (dir) {
    00000509 F8 02            [12] 1209 	ldhl	sp,	#2
    0000050B 7E               [ 8] 1210 	ld	a, (hl)
    0000050C B7               [ 4] 1211 	or	a, a
    0000050D 20 39            [12] 1212 	jr	NZ, 00105$
                                   1213 ;src/scripts/boss.c:203: mov_y-=2;
    0000050F 2B               [ 8] 1214 	dec	hl
    00000510 4E               [ 8] 1215 	ld	c, (hl)
                                   1216 ;src/scripts/boss.c:206: mov_x+=2;
    00000511 2B               [ 8] 1217 	dec	hl
    00000512 46               [ 8] 1218 	ld	b, (hl)
                                   1219 ;src/scripts/boss.c:201: switch (dir) {
    00000513 F8 06            [12] 1220 	ldhl	sp,	#6
    00000515 5E               [ 8] 1221 	ld	e, (hl)
    00000516 16 00            [ 8] 1222 	ld	d, #0x00
    00000518 21r22r05         [12] 1223 	ld	hl, #00149$
    0000051B 19               [ 8] 1224 	add	hl, de
    0000051C 19               [ 8] 1225 	add	hl, de
    0000051D 5E               [ 8] 1226 	ld	e, (hl)
    0000051E 23               [ 8] 1227 	inc	hl
    0000051F 66               [ 8] 1228 	ld	h, (hl)
    00000520 6B               [ 4] 1229 	ld	l, e
    00000521 E9               [ 4] 1230 	jp	(hl)
    00000522                       1231 00149$:
    00000522r2Ar05                 1232 	.dw	00101$
    00000524r32r05                 1233 	.dw	00102$
    00000526r3Ar05                 1234 	.dw	00103$
    00000528r42r05                 1235 	.dw	00104$
                                   1236 ;src/scripts/boss.c:202: case 0:
    0000052A                       1237 00101$:
                                   1238 ;src/scripts/boss.c:203: mov_y-=2;
    0000052A 79               [ 4] 1239 	ld	a, c
    0000052B C6 FE            [ 8] 1240 	add	a, #0xfe
    0000052D F8 01            [12] 1241 	ldhl	sp,	#1
    0000052F 77               [ 8] 1242 	ld	(hl), a
                                   1243 ;src/scripts/boss.c:204: break;
    00000530 18 16            [12] 1244 	jr	00105$
                                   1245 ;src/scripts/boss.c:205: case 1:
    00000532                       1246 00102$:
                                   1247 ;src/scripts/boss.c:206: mov_x+=2;
    00000532 78               [ 4] 1248 	ld	a, b
    00000533 C6 02            [ 8] 1249 	add	a, #0x02
    00000535 F8 00            [12] 1250 	ldhl	sp,	#0
    00000537 77               [ 8] 1251 	ld	(hl), a
                                   1252 ;src/scripts/boss.c:207: break;
    00000538 18 0E            [12] 1253 	jr	00105$
                                   1254 ;src/scripts/boss.c:208: case 2:
    0000053A                       1255 00103$:
                                   1256 ;src/scripts/boss.c:209: mov_y+=2;
    0000053A 79               [ 4] 1257 	ld	a, c
    0000053B C6 02            [ 8] 1258 	add	a, #0x02
    0000053D F8 01            [12] 1259 	ldhl	sp,	#1
    0000053F 77               [ 8] 1260 	ld	(hl), a
                                   1261 ;src/scripts/boss.c:210: break;
    00000540 18 06            [12] 1262 	jr	00105$
                                   1263 ;src/scripts/boss.c:211: case 3:
    00000542                       1264 00104$:
                                   1265 ;src/scripts/boss.c:212: mov_x-=2;
    00000542 78               [ 4] 1266 	ld	a, b
    00000543 C6 FE            [ 8] 1267 	add	a, #0xfe
    00000545 F8 00            [12] 1268 	ldhl	sp,	#0
    00000547 77               [ 8] 1269 	ld	(hl), a
                                   1270 ;src/scripts/boss.c:214: }
    00000548                       1271 00105$:
                                   1272 ;c:\users\utente\desktop\tirocinio\gbdk-win64\gbdk\include\gb\gb.h:1973: OAM_item_t * itm = &shadow_OAM[nb];
    00000548 01r20r00         [12] 1273 	ld	bc, #(_shadow_OAM + 32)
                                   1274 ;c:\users\utente\desktop\tirocinio\gbdk-win64\gbdk\include\gb\gb.h:1974: itm->y=y, itm->x=x;
    0000054B F8 01            [12] 1275 	ldhl	sp,	#1
    0000054D 3A               [ 8] 1276 	ld	a, (hl-)
    0000054E 02               [ 8] 1277 	ld	(bc), a
    0000054F 03               [ 8] 1278 	inc	bc
    00000550 7E               [ 8] 1279 	ld	a, (hl)
    00000551 02               [ 8] 1280 	ld	(bc), a
                                   1281 ;src/scripts/boss.c:216: move_sprite(9, mov_x+8, mov_y);
    00000552 46               [ 8] 1282 	ld	b, (hl)
    00000553 78               [ 4] 1283 	ld	a, b
    00000554 C6 08            [ 8] 1284 	add	a, #0x08
    00000556 F8 03            [12] 1285 	ldhl	sp,	#3
    00000558 77               [ 8] 1286 	ld	(hl), a
                                   1287 ;c:\users\utente\desktop\tirocinio\gbdk-win64\gbdk\include\gb\gb.h:1973: OAM_item_t * itm = &shadow_OAM[nb];
                                   1288 ;c:\users\utente\desktop\tirocinio\gbdk-win64\gbdk\include\gb\gb.h:1974: itm->y=y, itm->x=x;
    00000559 3A               [ 8] 1289 	ld	a, (hl-)
    0000055A 2B               [ 8] 1290 	dec	hl
    0000055B 4F               [ 4] 1291 	ld	c, a
    0000055C 11r24r00         [12] 1292 	ld	de, #(_shadow_OAM + 36)
    0000055F 7E               [ 8] 1293 	ld	a, (hl)
    00000560 12               [ 8] 1294 	ld	(de), a
    00000561 13               [ 8] 1295 	inc	de
    00000562 79               [ 4] 1296 	ld	a, c
    00000563 12               [ 8] 1297 	ld	(de), a
                                   1298 ;src/scripts/boss.c:217: move_sprite(10, mov_x+16, mov_y);
    00000564 78               [ 4] 1299 	ld	a, b
    00000565 C6 10            [ 8] 1300 	add	a, #0x10
    00000567 4F               [ 4] 1301 	ld	c, a
    00000568 59               [ 4] 1302 	ld	e, c
                                   1303 ;c:\users\utente\desktop\tirocinio\gbdk-win64\gbdk\include\gb\gb.h:1973: OAM_item_t * itm = &shadow_OAM[nb];
    00000569 21r28r00         [12] 1304 	ld	hl, #(_shadow_OAM + 40)
                                   1305 ;c:\users\utente\desktop\tirocinio\gbdk-win64\gbdk\include\gb\gb.h:1974: itm->y=y, itm->x=x;
    0000056C E5               [16] 1306 	push	hl
    0000056D F8 03            [12] 1307 	ldhl	sp,	#3
    0000056F 7E               [ 8] 1308 	ld	a, (hl)
    00000570 E1               [12] 1309 	pop	hl
    00000571 22               [ 8] 1310 	ld	(hl+), a
    00000572 73               [ 8] 1311 	ld	(hl), e
                                   1312 ;src/scripts/boss.c:218: move_sprite(11, mov_x+24, mov_y);
    00000573 78               [ 4] 1313 	ld	a, b
    00000574 C6 18            [ 8] 1314 	add	a, #0x18
    00000576 F8 04            [12] 1315 	ldhl	sp,	#4
    00000578 77               [ 8] 1316 	ld	(hl), a
    00000579 46               [ 8] 1317 	ld	b, (hl)
                                   1318 ;c:\users\utente\desktop\tirocinio\gbdk-win64\gbdk\include\gb\gb.h:1973: OAM_item_t * itm = &shadow_OAM[nb];
    0000057A 11r2Cr00         [12] 1319 	ld	de, #(_shadow_OAM + 44)
                                   1320 ;c:\users\utente\desktop\tirocinio\gbdk-win64\gbdk\include\gb\gb.h:1974: itm->y=y, itm->x=x;
    0000057D F8 01            [12] 1321 	ldhl	sp,	#1
    0000057F 7E               [ 8] 1322 	ld	a, (hl)
    00000580 12               [ 8] 1323 	ld	(de), a
    00000581 13               [ 8] 1324 	inc	de
    00000582 78               [ 4] 1325 	ld	a, b
    00000583 12               [ 8] 1326 	ld	(de), a
                                   1327 ;src/scripts/boss.c:219: move_sprite(12, mov_x, mov_y+8);
    00000584 7E               [ 8] 1328 	ld	a, (hl)
    00000585 F8 05            [12] 1329 	ldhl	sp,	#5
    00000587 77               [ 8] 1330 	ld	(hl), a
    00000588 7E               [ 8] 1331 	ld	a, (hl)
    00000589 C6 08            [ 8] 1332 	add	a, #0x08
    0000058B 47               [ 4] 1333 	ld	b, a
    0000058C 58               [ 4] 1334 	ld	e, b
                                   1335 ;c:\users\utente\desktop\tirocinio\gbdk-win64\gbdk\include\gb\gb.h:1973: OAM_item_t * itm = &shadow_OAM[nb];
    0000058D 21r30r00         [12] 1336 	ld	hl, #(_shadow_OAM + 48)
                                   1337 ;c:\users\utente\desktop\tirocinio\gbdk-win64\gbdk\include\gb\gb.h:1974: itm->y=y, itm->x=x;
    00000590 73               [ 8] 1338 	ld	(hl), e
    00000591 11r31r00         [12] 1339 	ld	de, #(_shadow_OAM + 49)
    00000594 F8 00            [12] 1340 	ldhl	sp,	#0
    00000596 7E               [ 8] 1341 	ld	a, (hl)
    00000597 12               [ 8] 1342 	ld	(de), a
                                   1343 ;c:\users\utente\desktop\tirocinio\gbdk-win64\gbdk\include\gb\gb.h:1973: OAM_item_t * itm = &shadow_OAM[nb];
    00000598 11r34r00         [12] 1344 	ld	de, #(_shadow_OAM + 52)
                                   1345 ;c:\users\utente\desktop\tirocinio\gbdk-win64\gbdk\include\gb\gb.h:1974: itm->y=y, itm->x=x;
    0000059B 78               [ 4] 1346 	ld	a, b
    0000059C 12               [ 8] 1347 	ld	(de), a
    0000059D 13               [ 8] 1348 	inc	de
    0000059E F8 03            [12] 1349 	ldhl	sp,	#3
    000005A0 7E               [ 8] 1350 	ld	a, (hl)
    000005A1 12               [ 8] 1351 	ld	(de), a
                                   1352 ;c:\users\utente\desktop\tirocinio\gbdk-win64\gbdk\include\gb\gb.h:1973: OAM_item_t * itm = &shadow_OAM[nb];
    000005A2 21r38r00         [12] 1353 	ld	hl, #(_shadow_OAM + 56)
                                   1354 ;c:\users\utente\desktop\tirocinio\gbdk-win64\gbdk\include\gb\gb.h:1974: itm->y=y, itm->x=x;
    000005A5 78               [ 4] 1355 	ld	a, b
    000005A6 22               [ 8] 1356 	ld	(hl+), a
    000005A7 71               [ 8] 1357 	ld	(hl), c
                                   1358 ;c:\users\utente\desktop\tirocinio\gbdk-win64\gbdk\include\gb\gb.h:1973: OAM_item_t * itm = &shadow_OAM[nb];
    000005A8 11r3Cr00         [12] 1359 	ld	de, #(_shadow_OAM + 60)
                                   1360 ;c:\users\utente\desktop\tirocinio\gbdk-win64\gbdk\include\gb\gb.h:1974: itm->y=y, itm->x=x;
    000005AB 78               [ 4] 1361 	ld	a, b
    000005AC 12               [ 8] 1362 	ld	(de), a
    000005AD 13               [ 8] 1363 	inc	de
    000005AE F8 04            [12] 1364 	ldhl	sp,	#4
                                   1365 ;src/scripts/boss.c:223: move_sprite(16, mov_x, mov_y+16);
    000005B0 2A               [ 8] 1366 	ld	a, (hl+)
    000005B1 12               [ 8] 1367 	ld	(de), a
    000005B2 7E               [ 8] 1368 	ld	a, (hl)
    000005B3 C6 10            [ 8] 1369 	add	a, #0x10
                                   1370 ;c:\users\utente\desktop\tirocinio\gbdk-win64\gbdk\include\gb\gb.h:1973: OAM_item_t * itm = &shadow_OAM[nb];
                                   1371 ;c:\users\utente\desktop\tirocinio\gbdk-win64\gbdk\include\gb\gb.h:1974: itm->y=y, itm->x=x;
    000005B5 5F               [ 4] 1372 	ld	e, a
    000005B6 21r40r00         [12] 1373 	ld	hl, #(_shadow_OAM + 64)
    000005B9 22               [ 8] 1374 	ld	(hl+), a
    000005BA E5               [16] 1375 	push	hl
    000005BB F8 02            [12] 1376 	ldhl	sp,	#2
    000005BD 7E               [ 8] 1377 	ld	a, (hl)
    000005BE E1               [12] 1378 	pop	hl
    000005BF 77               [ 8] 1379 	ld	(hl), a
                                   1380 ;c:\users\utente\desktop\tirocinio\gbdk-win64\gbdk\include\gb\gb.h:1973: OAM_item_t * itm = &shadow_OAM[nb];
    000005C0 21r44r00         [12] 1381 	ld	hl, #(_shadow_OAM + 68)
                                   1382 ;c:\users\utente\desktop\tirocinio\gbdk-win64\gbdk\include\gb\gb.h:1974: itm->y=y, itm->x=x;
    000005C3 7B               [ 4] 1383 	ld	a, e
    000005C4 22               [ 8] 1384 	ld	(hl+), a
    000005C5 E5               [16] 1385 	push	hl
    000005C6 F8 05            [12] 1386 	ldhl	sp,	#5
    000005C8 7E               [ 8] 1387 	ld	a, (hl)
    000005C9 E1               [12] 1388 	pop	hl
    000005CA 77               [ 8] 1389 	ld	(hl), a
                                   1390 ;c:\users\utente\desktop\tirocinio\gbdk-win64\gbdk\include\gb\gb.h:1973: OAM_item_t * itm = &shadow_OAM[nb];
    000005CB 21r48r00         [12] 1391 	ld	hl, #(_shadow_OAM + 72)
                                   1392 ;c:\users\utente\desktop\tirocinio\gbdk-win64\gbdk\include\gb\gb.h:1974: itm->y=y, itm->x=x;
    000005CE 7B               [ 4] 1393 	ld	a, e
    000005CF 22               [ 8] 1394 	ld	(hl+), a
    000005D0 71               [ 8] 1395 	ld	(hl), c
                                   1396 ;c:\users\utente\desktop\tirocinio\gbdk-win64\gbdk\include\gb\gb.h:1973: OAM_item_t * itm = &shadow_OAM[nb];
    000005D1 21r4Cr00         [12] 1397 	ld	hl, #(_shadow_OAM + 76)
                                   1398 ;c:\users\utente\desktop\tirocinio\gbdk-win64\gbdk\include\gb\gb.h:1974: itm->y=y, itm->x=x;
    000005D4 73               [ 8] 1399 	ld	(hl), e
    000005D5 11r4Dr00         [12] 1400 	ld	de, #(_shadow_OAM + 77)
    000005D8 F8 04            [12] 1401 	ldhl	sp,	#4
                                   1402 ;src/scripts/boss.c:227: move_sprite(20, mov_x, mov_y+24);
    000005DA 2A               [ 8] 1403 	ld	a, (hl+)
    000005DB 12               [ 8] 1404 	ld	(de), a
    000005DC 7E               [ 8] 1405 	ld	a, (hl)
    000005DD C6 18            [ 8] 1406 	add	a, #0x18
    000005DF 77               [ 8] 1407 	ld	(hl), a
                                   1408 ;c:\users\utente\desktop\tirocinio\gbdk-win64\gbdk\include\gb\gb.h:1973: OAM_item_t * itm = &shadow_OAM[nb];
                                   1409 ;c:\users\utente\desktop\tirocinio\gbdk-win64\gbdk\include\gb\gb.h:1974: itm->y=y, itm->x=x;
    000005E0 7E               [ 8] 1410 	ld	a, (hl)
    000005E1 11r50r00         [12] 1411 	ld	de, #(_shadow_OAM + 80)
    000005E4 12               [ 8] 1412 	ld	(de), a
    000005E5 13               [ 8] 1413 	inc	de
    000005E6 F8 00            [12] 1414 	ldhl	sp,	#0
    000005E8 7E               [ 8] 1415 	ld	a, (hl)
    000005E9 12               [ 8] 1416 	ld	(de), a
                                   1417 ;c:\users\utente\desktop\tirocinio\gbdk-win64\gbdk\include\gb\gb.h:1973: OAM_item_t * itm = &shadow_OAM[nb];
    000005EA 11r54r00         [12] 1418 	ld	de, #(_shadow_OAM + 84)
                                   1419 ;c:\users\utente\desktop\tirocinio\gbdk-win64\gbdk\include\gb\gb.h:1974: itm->y=y, itm->x=x;
    000005ED F8 05            [12] 1420 	ldhl	sp,	#5
    000005EF 3A               [ 8] 1421 	ld	a, (hl-)
    000005F0 2B               [ 8] 1422 	dec	hl
    000005F1 12               [ 8] 1423 	ld	(de), a
    000005F2 13               [ 8] 1424 	inc	de
                                   1425 ;c:\users\utente\desktop\tirocinio\gbdk-win64\gbdk\include\gb\gb.h:1973: OAM_item_t * itm = &shadow_OAM[nb];
                                   1426 ;c:\users\utente\desktop\tirocinio\gbdk-win64\gbdk\include\gb\gb.h:1974: itm->y=y, itm->x=x;
    000005F3 2A               [ 8] 1427 	ld	a, (hl+)
    000005F4 23               [ 8] 1428 	inc	hl
    000005F5 12               [ 8] 1429 	ld	(de), a
    000005F6 11r58r00         [12] 1430 	ld	de, #(_shadow_OAM + 88)
    000005F9 7E               [ 8] 1431 	ld	a, (hl)
    000005FA 12               [ 8] 1432 	ld	(de), a
    000005FB 13               [ 8] 1433 	inc	de
    000005FC 79               [ 4] 1434 	ld	a, c
    000005FD 12               [ 8] 1435 	ld	(de), a
                                   1436 ;c:\users\utente\desktop\tirocinio\gbdk-win64\gbdk\include\gb\gb.h:1973: OAM_item_t * itm = &shadow_OAM[nb];
                                   1437 ;c:\users\utente\desktop\tirocinio\gbdk-win64\gbdk\include\gb\gb.h:1974: itm->y=y, itm->x=x;
    000005FE 11r5Cr00         [12] 1438 	ld	de, #(_shadow_OAM + 92)
    00000601 3A               [ 8] 1439 	ld	a, (hl-)
    00000602 12               [ 8] 1440 	ld	(de), a
    00000603 11r5Dr00         [12] 1441 	ld	de, #(_shadow_OAM + 93)
    00000606 7E               [ 8] 1442 	ld	a, (hl)
    00000607 12               [ 8] 1443 	ld	(de), a
                                   1444 ;src/scripts/boss.c:231: frame++;
    00000608 F8 07            [12] 1445 	ldhl	sp,	#7
    0000060A 34               [12] 1446 	inc	(hl)
    0000060B C3rFEr04         [16] 1447 	jp	00106$
    0000060E                       1448 00125$:
                                   1449 ;src/scripts/boss.c:233: }
    0000060E E8 08            [16] 1450 	add	sp, #8
    00000610 C9               [16] 1451 	ret
                                   1452 ;src/scripts/boss.c:235: void boss_death(Boss* boss) BANKED {
                                   1453 ;	---------------------------------
                                   1454 ; Function boss_death
                                   1455 ; ---------------------------------
                         00000003  1456 	b_boss_death	= 3
    00000611                       1457 _boss_death::
                                   1458 ;src/scripts/boss.c:238: boss->hp = 0;
    00000611 F8 06            [12] 1459 	ldhl	sp,	#6
    00000613 2A               [ 8] 1460 	ld	a, (hl+)
    00000614 4F               [ 4] 1461 	ld	c, a
    00000615 46               [ 8] 1462 	ld	b, (hl)
    00000616 69               [ 4] 1463 	ld	l, c
    00000617 60               [ 4] 1464 	ld	h, b
    00000618 23               [ 8] 1465 	inc	hl
    00000619 23               [ 8] 1466 	inc	hl
    0000061A 23               [ 8] 1467 	inc	hl
    0000061B 36 00            [12] 1468 	ld	(hl), #0x00
                                   1469 ;src/scripts/boss.c:239: boss->defeated = 1;
    0000061D 21 07 00         [12] 1470 	ld	hl, #0x0007
    00000620 09               [ 8] 1471 	add	hl, bc
    00000621 36 01            [12] 1472 	ld	(hl), #0x01
                                   1473 ;src/scripts/boss.c:240: boss->x = 0;
    00000623 69               [ 4] 1474 	ld	l, c
    00000624 60               [ 4] 1475 	ld	h, b
    00000625 23               [ 8] 1476 	inc	hl
    00000626 36 00            [12] 1477 	ld	(hl), #0x00
                                   1478 ;src/scripts/boss.c:241: boss->y = 0;
    00000628 03               [ 8] 1479 	inc	bc
    00000629 03               [ 8] 1480 	inc	bc
    0000062A AF               [ 4] 1481 	xor	a, a
    0000062B 02               [ 8] 1482 	ld	(bc), a
                                   1483 ;src/scripts/boss.c:242: for (uint8_t i = 0; i < 16; i++) {
    0000062C 0E 00            [ 8] 1484 	ld	c, #0x00
    0000062E                       1485 00105$:
    0000062E 79               [ 4] 1486 	ld	a, c
    0000062F D6 10            [ 8] 1487 	sub	a, #0x10
    00000631 D0               [20] 1488 	ret	NC
                                   1489 ;c:\users\utente\desktop\tirocinio\gbdk-win64\gbdk\include\gb\gb.h:1887: shadow_OAM[nb].tile=tile;
    00000632 21r26r00         [12] 1490 	ld	hl, #(_shadow_OAM + 38)
    00000635 36 32            [12] 1491 	ld	(hl), #0x32
                                   1492 ;src/scripts/boss.c:244: move_sprite(8+i, 0, 0);
    00000637 79               [ 4] 1493 	ld	a, c
    00000638 C6 08            [ 8] 1494 	add	a, #0x08
    0000063A 47               [ 4] 1495 	ld	b, a
                                   1496 ;c:\users\utente\desktop\tirocinio\gbdk-win64\gbdk\include\gb\gb.h:1973: OAM_item_t * itm = &shadow_OAM[nb];
    0000063B AF               [ 4] 1497 	xor	a, a
    0000063C 68               [ 4] 1498 	ld	l, b
    0000063D 67               [ 4] 1499 	ld	h, a
    0000063E 29               [ 8] 1500 	add	hl, hl
    0000063F 29               [ 8] 1501 	add	hl, hl
    00000640 11r00r00         [12] 1502 	ld	de, #_shadow_OAM
    00000643 19               [ 8] 1503 	add	hl, de
                                   1504 ;c:\users\utente\desktop\tirocinio\gbdk-win64\gbdk\include\gb\gb.h:1974: itm->y=y, itm->x=x;
    00000644 AF               [ 4] 1505 	xor	a, a
    00000645 22               [ 8] 1506 	ld	(hl+), a
    00000646 77               [ 8] 1507 	ld	(hl), a
                                   1508 ;src/scripts/boss.c:242: for (uint8_t i = 0; i < 16; i++) {
    00000647 0C               [ 4] 1509 	inc	c
                                   1510 ;src/scripts/boss.c:246: }
    00000648 18 E4            [12] 1511 	jr	00105$
                                   1512 	.area _CODE_3
                                   1513 	.area _INITIALIZER
                                   1514 	.area _CABS (ABS)
