                                      1 ;--------------------------------------------------------
                                      2 ; File Created by SDCC : free open source ISO C Compiler
                                      3 ; Version 4.5.1 #15267 (MINGW64)
                                      4 ;--------------------------------------------------------
                                      5 	.module drop
                                      6 	
                                      7 ;--------------------------------------------------------
                                      8 ; Public variables in this module
                                      9 ;--------------------------------------------------------
                                     10 	.globl b_heal_sfx
                                     11 	.globl _heal_sfx
                                     12 	.globl _drops
                                     13 	.globl _spawn_drop
                                     14 	.globl _clear_drops
                                     15 	.globl _check_drops
                                     16 ;--------------------------------------------------------
                                     17 ; special function registers
                                     18 ;--------------------------------------------------------
                                     19 	.area _HRAM
                                     20 ;--------------------------------------------------------
                                     21 ; ram data
                                     22 ;--------------------------------------------------------
                                     23 	.area _DATA
    00000000                         24 _drops::
    00000000                         25 	.ds 6
                                     26 ;--------------------------------------------------------
                                     27 ; ram data
                                     28 ;--------------------------------------------------------
                                     29 	.area _INITIALIZED
                                     30 ;--------------------------------------------------------
                                     31 ; absolute external ram data
                                     32 ;--------------------------------------------------------
                                     33 	.area _DABS (ABS)
                                     34 ;--------------------------------------------------------
                                     35 ; global & static initialisations
                                     36 ;--------------------------------------------------------
                                     37 	.area _HOME
                                     38 	.area _GSINIT
                                     39 	.area _GSFINAL
                                     40 	.area _GSINIT
                                     41 ;--------------------------------------------------------
                                     42 ; Home
                                     43 ;--------------------------------------------------------
                                     44 	.area _HOME
                                     45 	.area _HOME
                                     46 ;--------------------------------------------------------
                                     47 ; code
                                     48 ;--------------------------------------------------------
                                     49 	.area _CODE
                                     50 ;src/scripts/drop.c:6: void spawn_drop(uint8_t x, uint8_t y) {
                                     51 ;	---------------------------------
                                     52 ; Function spawn_drop
                                     53 ; ---------------------------------
    00000000                         54 _spawn_drop::
    00000000 E8 FD            [16]   55 	add	sp, #-3
    00000002 F8 02            [12]   56 	ldhl	sp,	#2
    00000004 32               [ 8]   57 	ld	(hl-), a
    00000005 73               [ 8]   58 	ld	(hl), e
                                     59 ;src/scripts/drop.c:8: uint8_t drop_chance = arand() & 3;
    00000006 CDr00r00         [24]   60 	call	_arand
    00000009 79               [ 4]   61 	ld	a, c
    0000000A E6 03            [ 8]   62 	and	a, #0x03
    0000000C F8 00            [12]   63 	ldhl	sp,	#0
    0000000E 77               [ 8]   64 	ld	(hl), a
                                     65 ;src/scripts/drop.c:9: if (drops[0].drop_type == 0) {
    0000000F FAr00r00         [16]   66 	ld	a, (#_drops + 0)
                                     67 ;src/scripts/drop.c:10: drop_idx = 0;
    00000012 B7               [ 4]   68 	or	a, a
    00000013 20 03            [12]   69 	jr	NZ, 00102$
    00000015 4F               [ 4]   70 	ld	c, a
    00000016 18 02            [12]   71 	jr	00103$
    00000018                         72 00102$:
                                     73 ;src/scripts/drop.c:13: drop_idx = 1;
    00000018 0E 01            [ 8]   74 	ld	c, #0x01
    0000001A                         75 00103$:
                                     76 ;src/scripts/drop.c:16: drops[drop_idx].drop_type = 1;
    0000001A 06 00            [ 8]   77 	ld	b, #0x00
    0000001C 69               [ 4]   78 	ld	l, c
    0000001D 60               [ 4]   79 	ld	h, b
    0000001E 29               [ 8]   80 	add	hl, hl
    0000001F 09               [ 8]   81 	add	hl, bc
                                     82 ;src/scripts/drop.c:17: set_sprite_tile(33+drop_idx, 82);
    00000020 41               [ 4]   83 	ld	b, c
                                     84 ;src/scripts/drop.c:16: drops[drop_idx].drop_type = 1;
    00000021 3Er00            [ 8]   85 	ld	a, #<(_drops)
    00000023 85               [ 4]   86 	add	a, l
    00000024 5F               [ 4]   87 	ld	e, a
    00000025 3Es00            [ 8]   88 	ld	a, #>(_drops)
    00000027 8C               [ 4]   89 	adc	a, h
    00000028 57               [ 4]   90 	ld	d, a
                                     91 ;src/scripts/drop.c:17: set_sprite_tile(33+drop_idx, 82);
    00000029 78               [ 4]   92 	ld	a, b
    0000002A C6 21            [ 8]   93 	add	a, #0x21
    0000002C 47               [ 4]   94 	ld	b, a
                                     95 ;src/scripts/drop.c:15: if (drop_chance == 3) {
    0000002D F8 00            [12]   96 	ldhl	sp,	#0
    0000002F 7E               [ 8]   97 	ld	a, (hl)
    00000030 D6 03            [ 8]   98 	sub	a, #0x03
    00000032 20 24            [12]   99 	jr	NZ, 00108$
                                    100 ;src/scripts/drop.c:16: drops[drop_idx].drop_type = 1;
    00000034 3E 01            [ 8]  101 	ld	a, #0x01
    00000036 12               [ 8]  102 	ld	(de), a
                                    103 ;src/scripts/drop.c:17: set_sprite_tile(33+drop_idx, 82);
                                    104 ;c:\users\utente\desktop\tirocinio\gbdk-win64\gbdk\include\gb\gb.h:1887: shadow_OAM[nb].tile=tile;
    00000037 68               [ 4]  105 	ld	l, b
    00000038 26 00            [ 8]  106 	ld	h, #0x00
    0000003A 29               [ 8]  107 	add	hl, hl
    0000003B 29               [ 8]  108 	add	hl, hl
    0000003C 11r00r00         [12]  109 	ld	de, #_shadow_OAM
    0000003F 19               [ 8]  110 	add	hl, de
    00000040 23               [ 8]  111 	inc	hl
    00000041 23               [ 8]  112 	inc	hl
    00000042 36 52            [12]  113 	ld	(hl), #0x52
                                    114 ;src/scripts/drop.c:18: move_sprite(33+drop_idx, x, y);
                                    115 ;c:\users\utente\desktop\tirocinio\gbdk-win64\gbdk\include\gb\gb.h:1973: OAM_item_t * itm = &shadow_OAM[nb];
    00000044 68               [ 4]  116 	ld	l, b
    00000045 26 00            [ 8]  117 	ld	h, #0x00
    00000047 29               [ 8]  118 	add	hl, hl
    00000048 29               [ 8]  119 	add	hl, hl
    00000049 11r00r00         [12]  120 	ld	de, #_shadow_OAM
    0000004C 19               [ 8]  121 	add	hl, de
    0000004D 5D               [ 4]  122 	ld	e, l
    0000004E 54               [ 4]  123 	ld	d, h
                                    124 ;c:\users\utente\desktop\tirocinio\gbdk-win64\gbdk\include\gb\gb.h:1974: itm->y=y, itm->x=x;
    0000004F F8 01            [12]  125 	ldhl	sp,	#1
    00000051 2A               [ 8]  126 	ld	a, (hl+)
    00000052 12               [ 8]  127 	ld	(de), a
    00000053 13               [ 8]  128 	inc	de
    00000054 7E               [ 8]  129 	ld	a, (hl)
    00000055 12               [ 8]  130 	ld	(de), a
                                    131 ;src/scripts/drop.c:18: move_sprite(33+drop_idx, x, y);
    00000056 18 48            [12]  132 	jr	00109$
    00000058                        133 00108$:
                                    134 ;src/scripts/drop.c:20: else if (drop_chance == 2) {
    00000058 F8 00            [12]  135 	ldhl	sp,	#0
    0000005A 7E               [ 8]  136 	ld	a, (hl)
    0000005B D6 02            [ 8]  137 	sub	a, #0x02
    0000005D 20 25            [12]  138 	jr	NZ, 00105$
                                    139 ;src/scripts/drop.c:21: drops[drop_idx].drop_type = 2;
    0000005F 3E 02            [ 8]  140 	ld	a, #0x02
    00000061 12               [ 8]  141 	ld	(de), a
                                    142 ;src/scripts/drop.c:22: set_sprite_tile(33+drop_idx, 83);
    00000062 58               [ 4]  143 	ld	e, b
                                    144 ;c:\users\utente\desktop\tirocinio\gbdk-win64\gbdk\include\gb\gb.h:1887: shadow_OAM[nb].tile=tile;
    00000063 AF               [ 4]  145 	xor	a, a
    00000064 6B               [ 4]  146 	ld	l, e
    00000065 67               [ 4]  147 	ld	h, a
    00000066 29               [ 8]  148 	add	hl, hl
    00000067 29               [ 8]  149 	add	hl, hl
    00000068 11r00r00         [12]  150 	ld	de, #_shadow_OAM
    0000006B 19               [ 8]  151 	add	hl, de
    0000006C 23               [ 8]  152 	inc	hl
    0000006D 23               [ 8]  153 	inc	hl
    0000006E 36 53            [12]  154 	ld	(hl), #0x53
                                    155 ;src/scripts/drop.c:23: move_sprite(33+drop_idx, x, y);
                                    156 ;c:\users\utente\desktop\tirocinio\gbdk-win64\gbdk\include\gb\gb.h:1973: OAM_item_t * itm = &shadow_OAM[nb];
    00000070 AF               [ 4]  157 	xor	a, a
    00000071 68               [ 4]  158 	ld	l, b
    00000072 67               [ 4]  159 	ld	h, a
    00000073 29               [ 8]  160 	add	hl, hl
    00000074 29               [ 8]  161 	add	hl, hl
    00000075 11r00r00         [12]  162 	ld	de, #_shadow_OAM
    00000078 19               [ 8]  163 	add	hl, de
    00000079 5D               [ 4]  164 	ld	e, l
    0000007A 54               [ 4]  165 	ld	d, h
                                    166 ;c:\users\utente\desktop\tirocinio\gbdk-win64\gbdk\include\gb\gb.h:1974: itm->y=y, itm->x=x;
    0000007B F8 01            [12]  167 	ldhl	sp,	#1
    0000007D 2A               [ 8]  168 	ld	a, (hl+)
    0000007E 12               [ 8]  169 	ld	(de), a
    0000007F 13               [ 8]  170 	inc	de
    00000080 7E               [ 8]  171 	ld	a, (hl)
    00000081 12               [ 8]  172 	ld	(de), a
                                    173 ;src/scripts/drop.c:23: move_sprite(33+drop_idx, x, y);
    00000082 18 1C            [12]  174 	jr	00109$
    00000084                        175 00105$:
                                    176 ;src/scripts/drop.c:26: drops[drop_idx].drop_type = 0;
    00000084 AF               [ 4]  177 	xor	a, a
    00000085 12               [ 8]  178 	ld	(de), a
                                    179 ;src/scripts/drop.c:27: set_sprite_tile(33+drop_idx, 50);
    00000086 58               [ 4]  180 	ld	e, b
                                    181 ;c:\users\utente\desktop\tirocinio\gbdk-win64\gbdk\include\gb\gb.h:1887: shadow_OAM[nb].tile=tile;
    00000087 AF               [ 4]  182 	xor	a, a
    00000088 6B               [ 4]  183 	ld	l, e
    00000089 67               [ 4]  184 	ld	h, a
    0000008A 29               [ 8]  185 	add	hl, hl
    0000008B 29               [ 8]  186 	add	hl, hl
    0000008C 11r00r00         [12]  187 	ld	de, #_shadow_OAM
    0000008F 19               [ 8]  188 	add	hl, de
    00000090 23               [ 8]  189 	inc	hl
    00000091 23               [ 8]  190 	inc	hl
    00000092 36 32            [12]  191 	ld	(hl), #0x32
                                    192 ;src/scripts/drop.c:28: move_sprite(33+drop_idx, 0, 0);
                                    193 ;c:\users\utente\desktop\tirocinio\gbdk-win64\gbdk\include\gb\gb.h:1973: OAM_item_t * itm = &shadow_OAM[nb];
    00000094 AF               [ 4]  194 	xor	a, a
    00000095 68               [ 4]  195 	ld	l, b
    00000096 67               [ 4]  196 	ld	h, a
    00000097 29               [ 8]  197 	add	hl, hl
    00000098 29               [ 8]  198 	add	hl, hl
    00000099 11r00r00         [12]  199 	ld	de, #_shadow_OAM
    0000009C 19               [ 8]  200 	add	hl, de
                                    201 ;c:\users\utente\desktop\tirocinio\gbdk-win64\gbdk\include\gb\gb.h:1974: itm->y=y, itm->x=x;
    0000009D AF               [ 4]  202 	xor	a, a
    0000009E 22               [ 8]  203 	ld	(hl+), a
    0000009F 77               [ 8]  204 	ld	(hl), a
                                    205 ;src/scripts/drop.c:28: move_sprite(33+drop_idx, 0, 0);
    000000A0                        206 00109$:
                                    207 ;src/scripts/drop.c:30: drops[drop_idx].x = x;
    000000A0 06 00            [ 8]  208 	ld	b, #0x00
    000000A2 69               [ 4]  209 	ld	l, c
    000000A3 60               [ 4]  210 	ld	h, b
    000000A4 29               [ 8]  211 	add	hl, hl
    000000A5 09               [ 8]  212 	add	hl, bc
    000000A6 7D               [ 4]  213 	ld	a, l
    000000A7 C6r00            [ 8]  214 	add	a, #<(_drops)
    000000A9 4F               [ 4]  215 	ld	c, a
    000000AA 7C               [ 4]  216 	ld	a, h
    000000AB CEs00            [ 8]  217 	adc	a, #>(_drops)
    000000AD 47               [ 4]  218 	ld	b, a
    000000AE 59               [ 4]  219 	ld	e, c
    000000AF 50               [ 4]  220 	ld	d, b
    000000B0 13               [ 8]  221 	inc	de
    000000B1 F8 02            [12]  222 	ldhl	sp,	#2
                                    223 ;src/scripts/drop.c:31: drops[drop_idx].y = y;
    000000B3 3A               [ 8]  224 	ld	a, (hl-)
    000000B4 12               [ 8]  225 	ld	(de), a
    000000B5 03               [ 8]  226 	inc	bc
    000000B6 03               [ 8]  227 	inc	bc
    000000B7 7E               [ 8]  228 	ld	a, (hl)
    000000B8 02               [ 8]  229 	ld	(bc), a
                                    230 ;src/scripts/drop.c:32: }
    000000B9 E8 03            [16]  231 	add	sp, #3
    000000BB C9               [16]  232 	ret
                                    233 ;src/scripts/drop.c:34: void clear_drops() {
                                    234 ;	---------------------------------
                                    235 ; Function clear_drops
                                    236 ; ---------------------------------
    000000BC                        237 _clear_drops::
                                    238 ;src/scripts/drop.c:35: for (int i=0; i<2; i++) {
    000000BC 01 00 00         [12]  239 	ld	bc, #0x0000
    000000BF                        240 00104$:
    000000BF 79               [ 4]  241 	ld	a, c
    000000C0 D6 02            [ 8]  242 	sub	a, #0x02
    000000C2 D0               [20]  243 	ret	NC
                                    244 ;src/scripts/drop.c:36: drops[i].drop_type = 0;
    000000C3 69               [ 4]  245 	ld	l, c
    000000C4 60               [ 4]  246 	ld	h, b
    000000C5 29               [ 8]  247 	add	hl, hl
    000000C6 09               [ 8]  248 	add	hl, bc
    000000C7 11r00r00         [12]  249 	ld	de, #_drops
    000000CA 19               [ 8]  250 	add	hl, de
    000000CB 36 00            [12]  251 	ld	(hl), #0x00
                                    252 ;src/scripts/drop.c:37: drops[i].x = 0;
    000000CD 5D               [ 4]  253 	ld	e, l
    000000CE 54               [ 4]  254 	ld	d, h
                                    255 ;src/scripts/drop.c:38: drops[i].y = 0;
    000000CF 23               [ 8]  256 	inc	hl
    000000D0 23               [ 8]  257 	inc	hl
    000000D1 13               [ 8]  258 	inc	de
    000000D2 AF               [ 4]  259 	xor	a, a
    000000D3 12               [ 8]  260 	ld	(de), a
    000000D4 36 00            [12]  261 	ld	(hl), #0x00
                                    262 ;src/scripts/drop.c:39: move_sprite(33+i, 0, 0);
    000000D6 79               [ 4]  263 	ld	a, c
    000000D7 C6 21            [ 8]  264 	add	a, #0x21
    000000D9 5F               [ 4]  265 	ld	e, a
                                    266 ;c:\users\utente\desktop\tirocinio\gbdk-win64\gbdk\include\gb\gb.h:1973: OAM_item_t * itm = &shadow_OAM[nb];
    000000DA AF               [ 4]  267 	xor	a, a
    000000DB 6B               [ 4]  268 	ld	l, e
    000000DC 67               [ 4]  269 	ld	h, a
    000000DD 29               [ 8]  270 	add	hl, hl
    000000DE 29               [ 8]  271 	add	hl, hl
    000000DF 11r00r00         [12]  272 	ld	de, #_shadow_OAM
    000000E2 19               [ 8]  273 	add	hl, de
                                    274 ;c:\users\utente\desktop\tirocinio\gbdk-win64\gbdk\include\gb\gb.h:1974: itm->y=y, itm->x=x;
    000000E3 AF               [ 4]  275 	xor	a, a
    000000E4 22               [ 8]  276 	ld	(hl+), a
    000000E5 77               [ 8]  277 	ld	(hl), a
                                    278 ;src/scripts/drop.c:35: for (int i=0; i<2; i++) {
    000000E6 03               [ 8]  279 	inc	bc
                                    280 ;src/scripts/drop.c:41: }
    000000E7 18 D6            [12]  281 	jr	00104$
                                    282 ;src/scripts/drop.c:43: void check_drops(uint8_t x, uint8_t y) {
                                    283 ;	---------------------------------
                                    284 ; Function check_drops
                                    285 ; ---------------------------------
    000000E9                        286 _check_drops::
    000000E9 E8 F8            [16]  287 	add	sp, #-8
    000000EB F8 07            [12]  288 	ldhl	sp,	#7
    000000ED 32               [ 8]  289 	ld	(hl-), a
    000000EE 73               [ 8]  290 	ld	(hl), e
                                    291 ;src/scripts/drop.c:44: for (int i=0; i<2; i++) {
    000000EF 01 00 00         [12]  292 	ld	bc, #0x0000
    000000F2                        293 00116$:
    000000F2 79               [ 4]  294 	ld	a, c
    000000F3 D6 02            [ 8]  295 	sub	a, #0x02
    000000F5 D2rB2r01         [16]  296 	jp	NC, 00118$
                                    297 ;src/scripts/drop.c:45: if (x==drops[i].x && y==drops[i].y) {
    000000F8 69               [ 4]  298 	ld	l, c
    000000F9 60               [ 4]  299 	ld	h, b
    000000FA 29               [ 8]  300 	add	hl, hl
    000000FB 09               [ 8]  301 	add	hl, bc
    000000FC E5               [16]  302 	push	hl
    000000FD 7D               [ 4]  303 	ld	a, l
    000000FE F8 04            [12]  304 	ldhl	sp,	#4
    00000100 77               [ 8]  305 	ld	(hl), a
    00000101 E1               [12]  306 	pop	hl
    00000102 7C               [ 4]  307 	ld	a, h
    00000103 F8 03            [12]  308 	ldhl	sp,	#3
    00000105 32               [ 8]  309 	ld	(hl-), a
    00000106 2A               [ 8]  310 	ld	a, (hl+)
    00000107 5F               [ 4]  311 	ld	e, a
    00000108 56               [ 8]  312 	ld	d, (hl)
    00000109 21r00r00         [12]  313 	ld	hl, #_drops
    0000010C 19               [ 8]  314 	add	hl, de
    0000010D E5               [16]  315 	push	hl
    0000010E 7D               [ 4]  316 	ld	a, l
    0000010F F8 06            [12]  317 	ldhl	sp,	#6
    00000111 77               [ 8]  318 	ld	(hl), a
    00000112 E1               [12]  319 	pop	hl
    00000113 7C               [ 4]  320 	ld	a, h
    00000114 F8 05            [12]  321 	ldhl	sp,	#5
    00000116 32               [ 8]  322 	ld	(hl-), a
    00000117 2A               [ 8]  323 	ld	a, (hl+)
    00000118 5F               [ 4]  324 	ld	e, a
    00000119 56               [ 8]  325 	ld	d, (hl)
    0000011A 6B               [ 4]  326 	ld	l, e
    0000011B 62               [ 4]  327 	ld	h, d
    0000011C 23               [ 8]  328 	inc	hl
    0000011D 33               [ 8]  329 	inc	sp
    0000011E 33               [ 8]  330 	inc	sp
    0000011F 5D               [ 4]  331 	ld	e, l
    00000120 54               [ 4]  332 	ld	d, h
    00000121 D5               [16]  333 	push	de
    00000122 1A               [ 8]  334 	ld	a, (de)
    00000123 F8 07            [12]  335 	ldhl	sp,	#7
    00000125 96               [ 8]  336 	sub	a, (hl)
    00000126 C2rAEr01         [16]  337 	jp	NZ, 00117$
    00000129 F8 04            [12]  338 	ldhl	sp,#4
    0000012B 2A               [ 8]  339 	ld	a, (hl+)
    0000012C 5F               [ 4]  340 	ld	e, a
    0000012D 56               [ 8]  341 	ld	d, (hl)
    0000012E 21 02 00         [12]  342 	ld	hl, #0x0002
    00000131 19               [ 8]  343 	add	hl, de
    00000132 E5               [16]  344 	push	hl
    00000133 7D               [ 4]  345 	ld	a, l
    00000134 F8 04            [12]  346 	ldhl	sp,	#4
    00000136 77               [ 8]  347 	ld	(hl), a
    00000137 E1               [12]  348 	pop	hl
    00000138 7C               [ 4]  349 	ld	a, h
    00000139 F8 03            [12]  350 	ldhl	sp,	#3
    0000013B 32               [ 8]  351 	ld	(hl-), a
    0000013C 2A               [ 8]  352 	ld	a, (hl+)
    0000013D 5F               [ 4]  353 	ld	e, a
    0000013E 56               [ 8]  354 	ld	d, (hl)
    0000013F 1A               [ 8]  355 	ld	a, (de)
    00000140 F8 06            [12]  356 	ldhl	sp,	#6
    00000142 96               [ 8]  357 	sub	a, (hl)
    00000143 20 69            [12]  358 	jr	NZ, 00117$
                                    359 ;src/scripts/drop.c:46: if (drops[i].drop_type == 2) {
    00000145 F8 04            [12]  360 	ldhl	sp,#4
    00000147 2A               [ 8]  361 	ld	a, (hl+)
    00000148 5F               [ 4]  362 	ld	e, a
    00000149 56               [ 8]  363 	ld	d, (hl)
    0000014A 1A               [ 8]  364 	ld	a, (de)
    0000014B FE 02            [ 8]  365 	cp	a, #0x02
    0000014D 20 19            [12]  366 	jr	NZ, 00108$
                                    367 ;src/scripts/drop.c:47: if (num_arrows < max_num_arrows) {
    0000014F FAr00r00         [16]  368 	ld	a, (#_num_arrows)
    00000152 21r00r00         [12]  369 	ld	hl, #_max_num_arrows
    00000155 96               [ 8]  370 	sub	a, (hl)
    00000156 30 34            [12]  371 	jr	NC, 00109$
                                    372 ;src/scripts/drop.c:48: num_arrows++;
    00000158 21r00r00         [12]  373 	ld	hl, #_num_arrows
    0000015B 34               [12]  374 	inc	(hl)
                                    375 ;src/scripts/drop.c:49: heal_sfx();
    0000015C C5               [16]  376 	push	bc
    0000015D 1Er00            [ 8]  377 	ld	e, #b_heal_sfx
    0000015F 21r00r00         [12]  378 	ld	hl, #_heal_sfx
    00000162 CDr00r00         [24]  379 	call	___sdcc_bcall_ehl
    00000165 C1               [12]  380 	pop	bc
    00000166 18 24            [12]  381 	jr	00109$
    00000168                        382 00108$:
                                    383 ;src/scripts/drop.c:52: else if (drops[i].drop_type == 1) {
    00000168 3D               [ 4]  384 	dec	a
    00000169 20 21            [12]  385 	jr	NZ, 00109$
                                    386 ;src/scripts/drop.c:53: current_hp += 5;
    0000016B FAr00r00         [16]  387 	ld	a, (_current_hp)
    0000016E C6 05            [ 8]  388 	add	a, #0x05
    00000170 EAr00r00         [16]  389 	ld	(#_current_hp),a
                                    390 ;src/scripts/drop.c:54: if (current_hp > max_hp) {
    00000173 FAr00r00         [16]  391 	ld	a, (#_max_hp)
    00000176 21r00r00         [12]  392 	ld	hl, #_current_hp
    00000179 96               [ 8]  393 	sub	a, (hl)
    0000017A 30 10            [12]  394 	jr	NC, 00109$
                                    395 ;src/scripts/drop.c:55: current_hp = max_hp;
    0000017C FAr00r00         [16]  396 	ld	a, (#_max_hp)
    0000017F EAr00r00         [16]  397 	ld	(#_current_hp),a
                                    398 ;src/scripts/drop.c:56: heal_sfx();
    00000182 C5               [16]  399 	push	bc
    00000183 1Er00            [ 8]  400 	ld	e, #b_heal_sfx
    00000185 21r00r00         [12]  401 	ld	hl, #_heal_sfx
    00000188 CDr00r00         [24]  402 	call	___sdcc_bcall_ehl
    0000018B C1               [12]  403 	pop	bc
    0000018C                        404 00109$:
                                    405 ;src/scripts/drop.c:59: drops[i].x = 0;
    0000018C E1               [12]  406 	pop	hl
    0000018D 36 00            [12]  407 	ld	(hl), #0x00
    0000018F E5               [16]  408 	push	hl
                                    409 ;src/scripts/drop.c:60: drops[i].y = 0;
    00000190 F8 02            [12]  410 	ldhl	sp,	#2
    00000192 2A               [ 8]  411 	ld	a, (hl+)
    00000193 66               [ 8]  412 	ld	h, (hl)
    00000194 6F               [ 4]  413 	ld	l, a
    00000195 36 00            [12]  414 	ld	(hl), #0x00
                                    415 ;src/scripts/drop.c:61: drops[i].drop_type = 0;
    00000197 F8 04            [12]  416 	ldhl	sp,	#4
    00000199 2A               [ 8]  417 	ld	a, (hl+)
    0000019A 66               [ 8]  418 	ld	h, (hl)
    0000019B 6F               [ 4]  419 	ld	l, a
    0000019C 36 00            [12]  420 	ld	(hl), #0x00
                                    421 ;src/scripts/drop.c:62: move_sprite(33+i, 0, 0);
    0000019E 79               [ 4]  422 	ld	a, c
    0000019F C6 21            [ 8]  423 	add	a, #0x21
    000001A1 5F               [ 4]  424 	ld	e, a
                                    425 ;c:\users\utente\desktop\tirocinio\gbdk-win64\gbdk\include\gb\gb.h:1973: OAM_item_t * itm = &shadow_OAM[nb];
    000001A2 AF               [ 4]  426 	xor	a, a
    000001A3 6B               [ 4]  427 	ld	l, e
    000001A4 67               [ 4]  428 	ld	h, a
    000001A5 29               [ 8]  429 	add	hl, hl
    000001A6 29               [ 8]  430 	add	hl, hl
    000001A7 11r00r00         [12]  431 	ld	de, #_shadow_OAM
    000001AA 19               [ 8]  432 	add	hl, de
                                    433 ;c:\users\utente\desktop\tirocinio\gbdk-win64\gbdk\include\gb\gb.h:1974: itm->y=y, itm->x=x;
    000001AB AF               [ 4]  434 	xor	a, a
    000001AC 22               [ 8]  435 	ld	(hl+), a
    000001AD 77               [ 8]  436 	ld	(hl), a
                                    437 ;src/scripts/drop.c:62: move_sprite(33+i, 0, 0);
    000001AE                        438 00117$:
                                    439 ;src/scripts/drop.c:44: for (int i=0; i<2; i++) {
    000001AE 03               [ 8]  440 	inc	bc
    000001AF C3rF2r00         [16]  441 	jp	00116$
    000001B2                        442 00118$:
                                    443 ;src/scripts/drop.c:65: }
    000001B2 E8 08            [16]  444 	add	sp, #8
    000001B4 C9               [16]  445 	ret
                                    446 	.area _CODE
                                    447 	.area _INITIALIZER
                                    448 	.area _CABS (ABS)
