                                      1 ;--------------------------------------------------------
                                      2 ; File Created by SDCC : free open source ISO C Compiler
                                      3 ; Version 4.5.1 #15267 (MINGW64)
                                      4 ;--------------------------------------------------------
                                      5 	.module dungeon_management
                                      6 	
                                      7 ;--------------------------------------------------------
                                      8 ; Public variables in this module
                                      9 ;--------------------------------------------------------
                                     10 	.globl _set_bkg_tiles
                                     11 	.globl b_assign_obstacles
                                     12 	.globl _assign_obstacles
                                     13 	.globl b_put_on_room
                                     14 	.globl _put_on_room
                                     15 	.globl b_set_room_tiles
                                     16 	.globl _set_room_tiles
                                     17 ;--------------------------------------------------------
                                     18 ; special function registers
                                     19 ;--------------------------------------------------------
                                     20 	.area _HRAM
                                     21 ;--------------------------------------------------------
                                     22 ; ram data
                                     23 ;--------------------------------------------------------
                                     24 	.area _DATA
                                     25 ;--------------------------------------------------------
                                     26 ; ram data
                                     27 ;--------------------------------------------------------
                                     28 	.area _INITIALIZED
                                     29 ;--------------------------------------------------------
                                     30 ; absolute external ram data
                                     31 ;--------------------------------------------------------
                                     32 	.area _DABS (ABS)
                                     33 ;--------------------------------------------------------
                                     34 ; global & static initialisations
                                     35 ;--------------------------------------------------------
                                     36 	.area _HOME
                                     37 	.area _GSINIT
                                     38 	.area _GSFINAL
                                     39 	.area _GSINIT
                                     40 ;--------------------------------------------------------
                                     41 ; Home
                                     42 ;--------------------------------------------------------
                                     43 	.area _HOME
                                     44 	.area _HOME
                                     45 ;--------------------------------------------------------
                                     46 ; code
                                     47 ;--------------------------------------------------------
                                     48 	.area _CODE_2
                                     49 ;src/scripts/dungeon_management.c:7: void assign_obstacles(uint8_t x, uint8_t y) BANKED {
                                     50 ;	---------------------------------
                                     51 ; Function assign_obstacles
                                     52 ; ---------------------------------
                         00000002    53 	b_assign_obstacles	= 2
    00000000                         54 _assign_obstacles::
    00000000 E8 FD            [16]   55 	add	sp, #-3
                                     56 ;src/scripts/dungeon_management.c:9: uint8_t high_obj = obstacles[x][y] >> 4;
    00000002 01r00r00         [12]   57 	ld	bc, #_obstacles+0
    00000005 F8 09            [12]   58 	ldhl	sp,	#9
    00000007 5E               [ 8]   59 	ld	e, (hl)
    00000008 AF               [ 4]   60 	xor	a, a
    00000009 6B               [ 4]   61 	ld	l, e
    0000000A 67               [ 4]   62 	ld	h, a
    0000000B 29               [ 8]   63 	add	hl, hl
    0000000C 29               [ 8]   64 	add	hl, hl
    0000000D 09               [ 8]   65 	add	hl, bc
    0000000E 4D               [ 4]   66 	ld	c, l
    0000000F 44               [ 4]   67 	ld	b, h
    00000010 F8 0A            [12]   68 	ldhl	sp,	#10
    00000012 6E               [ 8]   69 	ld	l, (hl)
    00000013 26 00            [ 8]   70 	ld	h, #0x00
    00000015 09               [ 8]   71 	add	hl, bc
    00000016 7E               [ 8]   72 	ld	a, (hl)
    00000017 F5               [16]   73 	push	af
    00000018 CB 37            [ 8]   74 	swap	a
    0000001A E6 0F            [ 8]   75 	and	a, #0x0f
    0000001C 4F               [ 4]   76 	ld	c, a
    0000001D F1               [12]   77 	pop	af
                                     78 ;src/scripts/dungeon_management.c:10: uint8_t low_obj = obstacles[x][y] & 0x0F;
    0000001E E6 0F            [ 8]   79 	and	a, #0x0f
    00000020 F8 02            [12]   80 	ldhl	sp,	#2
    00000022 77               [ 8]   81 	ld	(hl), a
                                     82 ;src/scripts/dungeon_management.c:11: switch (high_obj) {
    00000023 3E 06            [ 8]   83 	ld	a, #0x06
    00000025 91               [ 4]   84 	sub	a, c
    00000026 DArCFr00         [16]   85 	jp	C, 00107$
    00000029 06 00            [ 8]   86 	ld	b, #0x00
    0000002B 21r35r00         [12]   87 	ld	hl, #00131$
    0000002E 09               [ 8]   88 	add	hl, bc
    0000002F 09               [ 8]   89 	add	hl, bc
    00000030 4E               [ 8]   90 	ld	c, (hl)
    00000031 23               [ 8]   91 	inc	hl
    00000032 66               [ 8]   92 	ld	h, (hl)
    00000033 69               [ 4]   93 	ld	l, c
    00000034 E9               [ 4]   94 	jp	(hl)
    00000035                         95 00131$:
    00000035rCFr00                   96 	.dw	00107$
    00000037r43r00                   97 	.dw	00101$
    00000039r5Ar00                   98 	.dw	00102$
    0000003Br72r00                   99 	.dw	00103$
    0000003Dr8Ar00                  100 	.dw	00104$
    0000003FrA1r00                  101 	.dw	00105$
    00000041rB9r00                  102 	.dw	00106$
                                    103 ;src/scripts/dungeon_management.c:12: case 1:
    00000043                        104 00101$:
                                    105 ;src/scripts/dungeon_management.c:13: put_on_room(deco1, 0, 12, 6);
    00000043 21 0C 06         [12]  106 	ld	hl, #0x60c
    00000046 E5               [16]  107 	push	hl
    00000047 AF               [ 4]  108 	xor	a, a
    00000048 F5               [16]  109 	push	af
    00000049 33               [ 8]  110 	inc	sp
    0000004A 11r00r00         [12]  111 	ld	de, #_deco1
    0000004D D5               [16]  112 	push	de
    0000004E 1Er00            [ 8]  113 	ld	e, #b_put_on_room
    00000050 21r81r01         [12]  114 	ld	hl, #_put_on_room
    00000053 CDr00r00         [24]  115 	call	___sdcc_bcall_ehl
    00000056 E8 05            [16]  116 	add	sp, #5
                                    117 ;src/scripts/dungeon_management.c:14: break;
    00000058 18 75            [12]  118 	jr	00107$
                                    119 ;src/scripts/dungeon_management.c:15: case 2:
    0000005A                        120 00102$:
                                    121 ;src/scripts/dungeon_management.c:16: put_on_room(deco2, 14, 12, 6);
    0000005A 21 0C 06         [12]  122 	ld	hl, #0x60c
    0000005D E5               [16]  123 	push	hl
    0000005E 3E 0E            [ 8]  124 	ld	a, #0x0e
    00000060 F5               [16]  125 	push	af
    00000061 33               [ 8]  126 	inc	sp
    00000062 11r00r00         [12]  127 	ld	de, #_deco2
    00000065 D5               [16]  128 	push	de
    00000066 1Er00            [ 8]  129 	ld	e, #b_put_on_room
    00000068 21r81r01         [12]  130 	ld	hl, #_put_on_room
    0000006B CDr00r00         [24]  131 	call	___sdcc_bcall_ehl
    0000006E E8 05            [16]  132 	add	sp, #5
                                    133 ;src/scripts/dungeon_management.c:17: break;
    00000070 18 5D            [12]  134 	jr	00107$
                                    135 ;src/scripts/dungeon_management.c:18: case 3:
    00000072                        136 00103$:
                                    137 ;src/scripts/dungeon_management.c:19: put_on_room(deco3, 14, 0, 6);
    00000072 3E 06            [ 8]  138 	ld	a, #0x06
    00000074 F5               [16]  139 	push	af
    00000075 33               [ 8]  140 	inc	sp
    00000076 21 0E 00         [12]  141 	ld	hl, #0x0e
    00000079 E5               [16]  142 	push	hl
    0000007A 11r00r00         [12]  143 	ld	de, #_deco3
    0000007D D5               [16]  144 	push	de
    0000007E 1Er00            [ 8]  145 	ld	e, #b_put_on_room
    00000080 21r81r01         [12]  146 	ld	hl, #_put_on_room
    00000083 CDr00r00         [24]  147 	call	___sdcc_bcall_ehl
    00000086 E8 05            [16]  148 	add	sp, #5
                                    149 ;src/scripts/dungeon_management.c:20: break;
    00000088 18 45            [12]  150 	jr	00107$
                                    151 ;src/scripts/dungeon_management.c:21: case 4:
    0000008A                        152 00104$:
                                    153 ;src/scripts/dungeon_management.c:22: put_on_room(deco4, 0, 0, 6);
    0000008A 3E 06            [ 8]  154 	ld	a, #0x06
    0000008C F5               [16]  155 	push	af
    0000008D 33               [ 8]  156 	inc	sp
    0000008E AF               [ 4]  157 	xor	a, a
    0000008F 0F               [ 4]  158 	rrca
    00000090 F5               [16]  159 	push	af
    00000091 11r00r00         [12]  160 	ld	de, #_deco4
    00000094 D5               [16]  161 	push	de
    00000095 1Er00            [ 8]  162 	ld	e, #b_put_on_room
    00000097 21r81r01         [12]  163 	ld	hl, #_put_on_room
    0000009A CDr00r00         [24]  164 	call	___sdcc_bcall_ehl
    0000009D E8 05            [16]  165 	add	sp, #5
                                    166 ;src/scripts/dungeon_management.c:23: break;
    0000009F 18 2E            [12]  167 	jr	00107$
                                    168 ;src/scripts/dungeon_management.c:24: case 5:
    000000A1                        169 00105$:
                                    170 ;src/scripts/dungeon_management.c:25: put_on_room(deco5, 10, 4, 4);
    000000A1 21 04 04         [12]  171 	ld	hl, #0x404
    000000A4 E5               [16]  172 	push	hl
    000000A5 3E 0A            [ 8]  173 	ld	a, #0x0a
    000000A7 F5               [16]  174 	push	af
    000000A8 33               [ 8]  175 	inc	sp
    000000A9 11r00r00         [12]  176 	ld	de, #_deco5
    000000AC D5               [16]  177 	push	de
    000000AD 1Er00            [ 8]  178 	ld	e, #b_put_on_room
    000000AF 21r81r01         [12]  179 	ld	hl, #_put_on_room
    000000B2 CDr00r00         [24]  180 	call	___sdcc_bcall_ehl
    000000B5 E8 05            [16]  181 	add	sp, #5
                                    182 ;src/scripts/dungeon_management.c:26: break;
    000000B7 18 16            [12]  183 	jr	00107$
                                    184 ;src/scripts/dungeon_management.c:27: case 6:
    000000B9                        185 00106$:
                                    186 ;src/scripts/dungeon_management.c:28: put_on_room(deco5, 6, 8, 4);
    000000B9 21 08 04         [12]  187 	ld	hl, #0x408
    000000BC E5               [16]  188 	push	hl
    000000BD 3E 06            [ 8]  189 	ld	a, #0x06
    000000BF F5               [16]  190 	push	af
    000000C0 33               [ 8]  191 	inc	sp
    000000C1 11r00r00         [12]  192 	ld	de, #_deco5
    000000C4 D5               [16]  193 	push	de
    000000C5 1Er00            [ 8]  194 	ld	e, #b_put_on_room
    000000C7 21r81r01         [12]  195 	ld	hl, #_put_on_room
    000000CA CDr00r00         [24]  196 	call	___sdcc_bcall_ehl
    000000CD E8 05            [16]  197 	add	sp, #5
                                    198 ;src/scripts/dungeon_management.c:30: }
    000000CF                        199 00107$:
                                    200 ;src/scripts/dungeon_management.c:32: switch (low_obj) {
    000000CF 3E 06            [ 8]  201 	ld	a, #0x06
    000000D1 F8 02            [12]  202 	ldhl	sp,	#2
    000000D3 96               [ 8]  203 	sub	a, (hl)
    000000D4 DAr7Er01         [16]  204 	jp	C, 00115$
    000000D7 4E               [ 8]  205 	ld	c, (hl)
    000000D8 06 00            [ 8]  206 	ld	b, #0x00
    000000DA 21rE4r00         [12]  207 	ld	hl, #00132$
    000000DD 09               [ 8]  208 	add	hl, bc
    000000DE 09               [ 8]  209 	add	hl, bc
    000000DF 4E               [ 8]  210 	ld	c, (hl)
    000000E0 23               [ 8]  211 	inc	hl
    000000E1 66               [ 8]  212 	ld	h, (hl)
    000000E2 69               [ 4]  213 	ld	l, c
    000000E3 E9               [ 4]  214 	jp	(hl)
    000000E4                        215 00132$:
    000000E4r7Er01                  216 	.dw	00115$
    000000E6rF2r00                  217 	.dw	00108$
    000000E8r09r01                  218 	.dw	00109$
    000000EAr21r01                  219 	.dw	00110$
    000000ECr39r01                  220 	.dw	00111$
    000000EEr50r01                  221 	.dw	00112$
    000000F0r68r01                  222 	.dw	00113$
                                    223 ;src/scripts/dungeon_management.c:33: case 1:
    000000F2                        224 00108$:
                                    225 ;src/scripts/dungeon_management.c:34: put_on_room(deco1, 0, 12, 6);
    000000F2 21 0C 06         [12]  226 	ld	hl, #0x60c
    000000F5 E5               [16]  227 	push	hl
    000000F6 AF               [ 4]  228 	xor	a, a
    000000F7 F5               [16]  229 	push	af
    000000F8 33               [ 8]  230 	inc	sp
    000000F9 11r00r00         [12]  231 	ld	de, #_deco1
    000000FC D5               [16]  232 	push	de
    000000FD 1Er00            [ 8]  233 	ld	e, #b_put_on_room
    000000FF 21r81r01         [12]  234 	ld	hl, #_put_on_room
    00000102 CDr00r00         [24]  235 	call	___sdcc_bcall_ehl
    00000105 E8 05            [16]  236 	add	sp, #5
                                    237 ;src/scripts/dungeon_management.c:35: break;
    00000107 18 75            [12]  238 	jr	00115$
                                    239 ;src/scripts/dungeon_management.c:36: case 2:
    00000109                        240 00109$:
                                    241 ;src/scripts/dungeon_management.c:37: put_on_room(deco2, 14, 12, 6);
    00000109 21 0C 06         [12]  242 	ld	hl, #0x60c
    0000010C E5               [16]  243 	push	hl
    0000010D 3E 0E            [ 8]  244 	ld	a, #0x0e
    0000010F F5               [16]  245 	push	af
    00000110 33               [ 8]  246 	inc	sp
    00000111 11r00r00         [12]  247 	ld	de, #_deco2
    00000114 D5               [16]  248 	push	de
    00000115 1Er00            [ 8]  249 	ld	e, #b_put_on_room
    00000117 21r81r01         [12]  250 	ld	hl, #_put_on_room
    0000011A CDr00r00         [24]  251 	call	___sdcc_bcall_ehl
    0000011D E8 05            [16]  252 	add	sp, #5
                                    253 ;src/scripts/dungeon_management.c:38: break;
    0000011F 18 5D            [12]  254 	jr	00115$
                                    255 ;src/scripts/dungeon_management.c:39: case 3:
    00000121                        256 00110$:
                                    257 ;src/scripts/dungeon_management.c:40: put_on_room(deco3, 14, 0, 6);
    00000121 3E 06            [ 8]  258 	ld	a, #0x06
    00000123 F5               [16]  259 	push	af
    00000124 33               [ 8]  260 	inc	sp
    00000125 21 0E 00         [12]  261 	ld	hl, #0x0e
    00000128 E5               [16]  262 	push	hl
    00000129 11r00r00         [12]  263 	ld	de, #_deco3
    0000012C D5               [16]  264 	push	de
    0000012D 1Er00            [ 8]  265 	ld	e, #b_put_on_room
    0000012F 21r81r01         [12]  266 	ld	hl, #_put_on_room
    00000132 CDr00r00         [24]  267 	call	___sdcc_bcall_ehl
    00000135 E8 05            [16]  268 	add	sp, #5
                                    269 ;src/scripts/dungeon_management.c:41: break;
    00000137 18 45            [12]  270 	jr	00115$
                                    271 ;src/scripts/dungeon_management.c:42: case 4:
    00000139                        272 00111$:
                                    273 ;src/scripts/dungeon_management.c:43: put_on_room(deco4, 0, 0, 6);
    00000139 01r00r00         [12]  274 	ld	bc, #_deco4
    0000013C 3E 06            [ 8]  275 	ld	a, #0x06
    0000013E F5               [16]  276 	push	af
    0000013F 33               [ 8]  277 	inc	sp
    00000140 AF               [ 4]  278 	xor	a, a
    00000141 0F               [ 4]  279 	rrca
    00000142 F5               [16]  280 	push	af
    00000143 C5               [16]  281 	push	bc
    00000144 1Er00            [ 8]  282 	ld	e, #b_put_on_room
    00000146 21r81r01         [12]  283 	ld	hl, #_put_on_room
    00000149 CDr00r00         [24]  284 	call	___sdcc_bcall_ehl
    0000014C E8 05            [16]  285 	add	sp, #5
                                    286 ;src/scripts/dungeon_management.c:44: break;
    0000014E 18 2E            [12]  287 	jr	00115$
                                    288 ;src/scripts/dungeon_management.c:45: case 5:
    00000150                        289 00112$:
                                    290 ;src/scripts/dungeon_management.c:46: put_on_room(deco5, 10, 4, 4);
    00000150 21 04 04         [12]  291 	ld	hl, #0x404
    00000153 E5               [16]  292 	push	hl
    00000154 3E 0A            [ 8]  293 	ld	a, #0x0a
    00000156 F5               [16]  294 	push	af
    00000157 33               [ 8]  295 	inc	sp
    00000158 11r00r00         [12]  296 	ld	de, #_deco5
    0000015B D5               [16]  297 	push	de
    0000015C 1Er00            [ 8]  298 	ld	e, #b_put_on_room
    0000015E 21r81r01         [12]  299 	ld	hl, #_put_on_room
    00000161 CDr00r00         [24]  300 	call	___sdcc_bcall_ehl
    00000164 E8 05            [16]  301 	add	sp, #5
                                    302 ;src/scripts/dungeon_management.c:47: break;
    00000166 18 16            [12]  303 	jr	00115$
                                    304 ;src/scripts/dungeon_management.c:48: case 6:
    00000168                        305 00113$:
                                    306 ;src/scripts/dungeon_management.c:49: put_on_room(deco5, 6, 8, 4);
    00000168 21 08 04         [12]  307 	ld	hl, #0x408
    0000016B E5               [16]  308 	push	hl
    0000016C 3E 06            [ 8]  309 	ld	a, #0x06
    0000016E F5               [16]  310 	push	af
    0000016F 33               [ 8]  311 	inc	sp
    00000170 11r00r00         [12]  312 	ld	de, #_deco5
    00000173 D5               [16]  313 	push	de
    00000174 1Er00            [ 8]  314 	ld	e, #b_put_on_room
    00000176 21r81r01         [12]  315 	ld	hl, #_put_on_room
    00000179 CDr00r00         [24]  316 	call	___sdcc_bcall_ehl
    0000017C E8 05            [16]  317 	add	sp, #5
                                    318 ;src/scripts/dungeon_management.c:51: }
    0000017E                        319 00115$:
                                    320 ;src/scripts/dungeon_management.c:52: }
    0000017E E8 03            [16]  321 	add	sp, #3
    00000180 C9               [16]  322 	ret
                                    323 ;src/scripts/dungeon_management.c:54: void put_on_room(unsigned char *obstacle, uint8_t x, uint8_t y, uint8_t size) BANKED {
                                    324 ;	---------------------------------
                                    325 ; Function put_on_room
                                    326 ; ---------------------------------
                         00000002   327 	b_put_on_room	= 2
    00000181                        328 _put_on_room::
    00000181 E8 F7            [16]  329 	add	sp, #-9
                                    330 ;src/scripts/dungeon_management.c:58: for (uint8_t r=0; r < size; r++) {
    00000183 F8 07            [12]  331 	ldhl	sp,	#7
    00000185 36 00            [12]  332 	ld	(hl), #0x00
    00000187                        333 00109$:
    00000187 F8 07            [12]  334 	ldhl	sp,	#7
    00000189 7E               [ 8]  335 	ld	a, (hl)
    0000018A F8 13            [12]  336 	ldhl	sp,	#19
    0000018C 96               [ 8]  337 	sub	a, (hl)
    0000018D D2r1Ar02         [16]  338 	jp	NC, 00111$
                                    339 ;src/scripts/dungeon_management.c:59: for (uint8_t c = 0; c < size; c++) {
    00000190 5E               [ 8]  340 	ld	e, (hl)
    00000191 F8 07            [12]  341 	ldhl	sp,	#7
    00000193 7E               [ 8]  342 	ld	a, (hl)
    00000194 CDr00r00         [24]  343 	call	__muluchar
    00000197 F8 08            [12]  344 	ldhl	sp,	#8
    00000199 36 00            [12]  345 	ld	(hl), #0x00
    0000019B                        346 00106$:
    0000019B F8 08            [12]  347 	ldhl	sp,	#8
    0000019D 7E               [ 8]  348 	ld	a, (hl)
    0000019E F8 13            [12]  349 	ldhl	sp,	#19
    000001A0 96               [ 8]  350 	sub	a, (hl)
    000001A1 30 71            [12]  351 	jr	NC, 00110$
                                    352 ;src/scripts/dungeon_management.c:60: tile = obstacle[(r*size) + c];
    000001A3 F8 08            [12]  353 	ldhl	sp,	#8
    000001A5 7E               [ 8]  354 	ld	a, (hl)
    000001A6 F8 02            [12]  355 	ldhl	sp,	#2
    000001A8 22               [ 8]  356 	ld	(hl+), a
    000001A9 AF               [ 4]  357 	xor	a, a
    000001AA 32               [ 8]  358 	ld	(hl-), a
    000001AB 2A               [ 8]  359 	ld	a,	(hl+)
    000001AC 66               [ 8]  360 	ld	h, (hl)
    000001AD 6F               [ 4]  361 	ld	l, a
    000001AE 09               [ 8]  362 	add	hl, bc
    000001AF 5D               [ 4]  363 	ld	e, l
    000001B0 54               [ 4]  364 	ld	d, h
    000001B1 F8 0F            [12]  365 	ldhl	sp,	#15
    000001B3 2A               [ 8]  366 	ld	a,	(hl+)
    000001B4 66               [ 8]  367 	ld	h, (hl)
    000001B5 6F               [ 4]  368 	ld	l, a
    000001B6 19               [ 8]  369 	add	hl, de
    000001B7 5D               [ 4]  370 	ld	e, l
    000001B8 54               [ 4]  371 	ld	d, h
    000001B9 1A               [ 8]  372 	ld	a, (de)
    000001BA F8 04            [12]  373 	ldhl	sp,	#4
    000001BC 77               [ 8]  374 	ld	(hl), a
                                    375 ;src/scripts/dungeon_management.c:61: if (tile > 3) {
    000001BD 3E 03            [ 8]  376 	ld	a, #0x03
    000001BF 96               [ 8]  377 	sub	a, (hl)
    000001C0 30 4D            [12]  378 	jr	NC, 00107$
                                    379 ;src/scripts/dungeon_management.c:62: room_idx = ((y+r) * 20) + (x + c);
    000001C2 F8 12            [12]  380 	ldhl	sp,	#18
    000001C4 5E               [ 8]  381 	ld	e, (hl)
    000001C5 16 00            [ 8]  382 	ld	d, #0x00
    000001C7 F8 07            [12]  383 	ldhl	sp,	#7
    000001C9 7E               [ 8]  384 	ld	a, (hl)
    000001CA F8 00            [12]  385 	ldhl	sp,	#0
    000001CC 22               [ 8]  386 	ld	(hl+), a
    000001CD 36 00            [12]  387 	ld	(hl), #0x00
    000001CF E1               [12]  388 	pop	hl
    000001D0 E5               [16]  389 	push	hl
    000001D1 19               [ 8]  390 	add	hl, de
    000001D2 E5               [16]  391 	push	hl
    000001D3 7D               [ 4]  392 	ld	a, l
    000001D4 F8 07            [12]  393 	ldhl	sp,	#7
    000001D6 77               [ 8]  394 	ld	(hl), a
    000001D7 E1               [12]  395 	pop	hl
    000001D8 7C               [ 4]  396 	ld	a, h
    000001D9 F8 06            [12]  397 	ldhl	sp,	#6
    000001DB 32               [ 8]  398 	ld	(hl-), a
    000001DC 2A               [ 8]  399 	ld	a, (hl+)
    000001DD 5F               [ 4]  400 	ld	e, a
    000001DE 56               [ 8]  401 	ld	d, (hl)
    000001DF 6B               [ 4]  402 	ld	l, e
    000001E0 62               [ 4]  403 	ld	h, d
    000001E1 29               [ 8]  404 	add	hl, hl
    000001E2 29               [ 8]  405 	add	hl, hl
    000001E3 19               [ 8]  406 	add	hl, de
    000001E4 29               [ 8]  407 	add	hl, hl
    000001E5 29               [ 8]  408 	add	hl, hl
    000001E6 E5               [16]  409 	push	hl
    000001E7 7D               [ 4]  410 	ld	a, l
    000001E8 F8 07            [12]  411 	ldhl	sp,	#7
    000001EA 77               [ 8]  412 	ld	(hl), a
    000001EB E1               [12]  413 	pop	hl
    000001EC 7C               [ 4]  414 	ld	a, h
    000001ED F8 06            [12]  415 	ldhl	sp,	#6
    000001EF 77               [ 8]  416 	ld	(hl), a
    000001F0 F8 11            [12]  417 	ldhl	sp,	#17
    000001F2 5E               [ 8]  418 	ld	e, (hl)
    000001F3 16 00            [ 8]  419 	ld	d, #0x00
    000001F5 F8 02            [12]  420 	ldhl	sp,	#2
    000001F7 2A               [ 8]  421 	ld	a,	(hl+)
    000001F8 66               [ 8]  422 	ld	h, (hl)
    000001F9 6F               [ 4]  423 	ld	l, a
    000001FA 19               [ 8]  424 	add	hl, de
    000001FB 5D               [ 4]  425 	ld	e, l
    000001FC 54               [ 4]  426 	ld	d, h
    000001FD F8 05            [12]  427 	ldhl	sp,	#5
    000001FF 2A               [ 8]  428 	ld	a,	(hl+)
    00000200 66               [ 8]  429 	ld	h, (hl)
    00000201 6F               [ 4]  430 	ld	l, a
    00000202 19               [ 8]  431 	add	hl, de
    00000203 5D               [ 4]  432 	ld	e, l
    00000204 54               [ 4]  433 	ld	d, h
                                    434 ;src/scripts/dungeon_management.c:63: current_room[room_idx] = tile;
    00000205 21r00r00         [12]  435 	ld	hl, #_current_room
    00000208 19               [ 8]  436 	add	hl, de
    00000209 5D               [ 4]  437 	ld	e, l
    0000020A 54               [ 4]  438 	ld	d, h
    0000020B F8 04            [12]  439 	ldhl	sp,	#4
    0000020D 7E               [ 8]  440 	ld	a, (hl)
    0000020E 12               [ 8]  441 	ld	(de), a
    0000020F                        442 00107$:
                                    443 ;src/scripts/dungeon_management.c:59: for (uint8_t c = 0; c < size; c++) {
    0000020F F8 08            [12]  444 	ldhl	sp,	#8
    00000211 34               [12]  445 	inc	(hl)
    00000212 18 87            [12]  446 	jr	00106$
    00000214                        447 00110$:
                                    448 ;src/scripts/dungeon_management.c:58: for (uint8_t r=0; r < size; r++) {
    00000214 F8 07            [12]  449 	ldhl	sp,	#7
    00000216 34               [12]  450 	inc	(hl)
    00000217 C3r87r01         [16]  451 	jp	00109$
    0000021A                        452 00111$:
                                    453 ;src/scripts/dungeon_management.c:67: }
    0000021A E8 09            [16]  454 	add	sp, #9
    0000021C C9               [16]  455 	ret
                                    456 ;src/scripts/dungeon_management.c:69: void set_room_tiles(uint8_t door, const unsigned char* room_ptr, Coords coord) BANKED {
                                    457 ;	---------------------------------
                                    458 ; Function set_room_tiles
                                    459 ; ---------------------------------
                         00000002   460 	b_set_room_tiles	= 2
    0000021D                        461 _set_room_tiles::
    0000021D 3B               [ 8]  462 	dec	sp
    0000021E 3B               [ 8]  463 	dec	sp
                                    464 ;src/scripts/dungeon_management.c:70: switch (door) {
    0000021F 3E 0F            [ 8]  465 	ld	a, #0x0f
    00000221 F8 08            [12]  466 	ldhl	sp,	#8
    00000223 96               [ 8]  467 	sub	a, (hl)
    00000224 DArD9r02         [16]  468 	jp	C, 00125$
    00000227 4E               [ 8]  469 	ld	c, (hl)
    00000228 06 00            [ 8]  470 	ld	b, #0x00
    0000022A 21r34r02         [12]  471 	ld	hl, #00145$
    0000022D 09               [ 8]  472 	add	hl, bc
    0000022E 09               [ 8]  473 	add	hl, bc
    0000022F 4E               [ 8]  474 	ld	c, (hl)
    00000230 23               [ 8]  475 	inc	hl
    00000231 66               [ 8]  476 	ld	h, (hl)
    00000232 69               [ 4]  477 	ld	l, c
    00000233 E9               [ 4]  478 	jp	(hl)
    00000234                        479 00145$:
    00000234rD9r02                  480 	.dw	00125$
    00000236r54r02                  481 	.dw	00101$
    00000238r5Dr02                  482 	.dw	00102$
    0000023Ar66r02                  483 	.dw	00103$
    0000023Cr6Fr02                  484 	.dw	00104$
    0000023Er78r02                  485 	.dw	00105$
    00000240r81r02                  486 	.dw	00106$
    00000242r8Ar02                  487 	.dw	00107$
    00000244r93r02                  488 	.dw	00108$
    00000246r9Cr02                  489 	.dw	00109$
    00000248rA5r02                  490 	.dw	00110$
    0000024ArAEr02                  491 	.dw	00111$
    0000024CrB7r02                  492 	.dw	00112$
    0000024ErC0r02                  493 	.dw	00113$
    00000250rC9r02                  494 	.dw	00114$
    00000252rD2r02                  495 	.dw	00115$
                                    496 ;src/scripts/dungeon_management.c:71: case 1:
    00000254                        497 00101$:
                                    498 ;src/scripts/dungeon_management.c:72: room_ptr = room1;
    00000254 F8 09            [12]  499 	ldhl	sp,	#9
    00000256 3Er00            [ 8]  500 	ld	a, #<(_room1)
    00000258 22               [ 8]  501 	ld	(hl+), a
    00000259 36s00            [12]  502 	ld	(hl), #>(_room1)
                                    503 ;src/scripts/dungeon_management.c:73: break;
    0000025B 18 7C            [12]  504 	jr	00125$
                                    505 ;src/scripts/dungeon_management.c:74: case 2:
    0000025D                        506 00102$:
                                    507 ;src/scripts/dungeon_management.c:75: room_ptr = room2;
    0000025D F8 09            [12]  508 	ldhl	sp,	#9
    0000025F 3Er00            [ 8]  509 	ld	a, #<(_room2)
    00000261 22               [ 8]  510 	ld	(hl+), a
    00000262 36s00            [12]  511 	ld	(hl), #>(_room2)
                                    512 ;src/scripts/dungeon_management.c:76: break;
    00000264 18 73            [12]  513 	jr	00125$
                                    514 ;src/scripts/dungeon_management.c:77: case 3:
    00000266                        515 00103$:
                                    516 ;src/scripts/dungeon_management.c:78: room_ptr = room3;
    00000266 F8 09            [12]  517 	ldhl	sp,	#9
    00000268 3Er00            [ 8]  518 	ld	a, #<(_room3)
    0000026A 22               [ 8]  519 	ld	(hl+), a
    0000026B 36s00            [12]  520 	ld	(hl), #>(_room3)
                                    521 ;src/scripts/dungeon_management.c:79: break;
    0000026D 18 6A            [12]  522 	jr	00125$
                                    523 ;src/scripts/dungeon_management.c:80: case 4:
    0000026F                        524 00104$:
                                    525 ;src/scripts/dungeon_management.c:81: room_ptr = room4;
    0000026F F8 09            [12]  526 	ldhl	sp,	#9
    00000271 3Er00            [ 8]  527 	ld	a, #<(_room4)
    00000273 22               [ 8]  528 	ld	(hl+), a
    00000274 36s00            [12]  529 	ld	(hl), #>(_room4)
                                    530 ;src/scripts/dungeon_management.c:82: break;
    00000276 18 61            [12]  531 	jr	00125$
                                    532 ;src/scripts/dungeon_management.c:83: case 5:
    00000278                        533 00105$:
                                    534 ;src/scripts/dungeon_management.c:84: room_ptr = room5;
    00000278 F8 09            [12]  535 	ldhl	sp,	#9
    0000027A 3Er00            [ 8]  536 	ld	a, #<(_room5)
    0000027C 22               [ 8]  537 	ld	(hl+), a
    0000027D 36s00            [12]  538 	ld	(hl), #>(_room5)
                                    539 ;src/scripts/dungeon_management.c:85: break;
    0000027F 18 58            [12]  540 	jr	00125$
                                    541 ;src/scripts/dungeon_management.c:86: case 6:
    00000281                        542 00106$:
                                    543 ;src/scripts/dungeon_management.c:87: room_ptr = room6;
    00000281 F8 09            [12]  544 	ldhl	sp,	#9
    00000283 3Er00            [ 8]  545 	ld	a, #<(_room6)
    00000285 22               [ 8]  546 	ld	(hl+), a
    00000286 36s00            [12]  547 	ld	(hl), #>(_room6)
                                    548 ;src/scripts/dungeon_management.c:88: break;
    00000288 18 4F            [12]  549 	jr	00125$
                                    550 ;src/scripts/dungeon_management.c:89: case 7:
    0000028A                        551 00107$:
                                    552 ;src/scripts/dungeon_management.c:90: room_ptr = room7;
    0000028A F8 09            [12]  553 	ldhl	sp,	#9
    0000028C 3Er00            [ 8]  554 	ld	a, #<(_room7)
    0000028E 22               [ 8]  555 	ld	(hl+), a
    0000028F 36s00            [12]  556 	ld	(hl), #>(_room7)
                                    557 ;src/scripts/dungeon_management.c:91: break;
    00000291 18 46            [12]  558 	jr	00125$
                                    559 ;src/scripts/dungeon_management.c:92: case 8:
    00000293                        560 00108$:
                                    561 ;src/scripts/dungeon_management.c:93: room_ptr = room8;
    00000293 F8 09            [12]  562 	ldhl	sp,	#9
    00000295 3Er00            [ 8]  563 	ld	a, #<(_room8)
    00000297 22               [ 8]  564 	ld	(hl+), a
    00000298 36s00            [12]  565 	ld	(hl), #>(_room8)
                                    566 ;src/scripts/dungeon_management.c:94: break;
    0000029A 18 3D            [12]  567 	jr	00125$
                                    568 ;src/scripts/dungeon_management.c:95: case 9:
    0000029C                        569 00109$:
                                    570 ;src/scripts/dungeon_management.c:96: room_ptr = room9;
    0000029C F8 09            [12]  571 	ldhl	sp,	#9
    0000029E 3Er00            [ 8]  572 	ld	a, #<(_room9)
    000002A0 22               [ 8]  573 	ld	(hl+), a
    000002A1 36s00            [12]  574 	ld	(hl), #>(_room9)
                                    575 ;src/scripts/dungeon_management.c:97: break;
    000002A3 18 34            [12]  576 	jr	00125$
                                    577 ;src/scripts/dungeon_management.c:98: case 10:
    000002A5                        578 00110$:
                                    579 ;src/scripts/dungeon_management.c:99: room_ptr = room10;
    000002A5 F8 09            [12]  580 	ldhl	sp,	#9
    000002A7 3Er00            [ 8]  581 	ld	a, #<(_room10)
    000002A9 22               [ 8]  582 	ld	(hl+), a
    000002AA 36s00            [12]  583 	ld	(hl), #>(_room10)
                                    584 ;src/scripts/dungeon_management.c:100: break;
    000002AC 18 2B            [12]  585 	jr	00125$
                                    586 ;src/scripts/dungeon_management.c:101: case 11:
    000002AE                        587 00111$:
                                    588 ;src/scripts/dungeon_management.c:102: room_ptr = room11;
    000002AE F8 09            [12]  589 	ldhl	sp,	#9
    000002B0 3Er00            [ 8]  590 	ld	a, #<(_room11)
    000002B2 22               [ 8]  591 	ld	(hl+), a
    000002B3 36s00            [12]  592 	ld	(hl), #>(_room11)
                                    593 ;src/scripts/dungeon_management.c:103: break;
    000002B5 18 22            [12]  594 	jr	00125$
                                    595 ;src/scripts/dungeon_management.c:104: case 12:
    000002B7                        596 00112$:
                                    597 ;src/scripts/dungeon_management.c:105: room_ptr = room12;
    000002B7 F8 09            [12]  598 	ldhl	sp,	#9
    000002B9 3Er00            [ 8]  599 	ld	a, #<(_room12)
    000002BB 22               [ 8]  600 	ld	(hl+), a
    000002BC 36s00            [12]  601 	ld	(hl), #>(_room12)
                                    602 ;src/scripts/dungeon_management.c:106: break;
    000002BE 18 19            [12]  603 	jr	00125$
                                    604 ;src/scripts/dungeon_management.c:107: case 13:
    000002C0                        605 00113$:
                                    606 ;src/scripts/dungeon_management.c:108: room_ptr = room13;
    000002C0 F8 09            [12]  607 	ldhl	sp,	#9
    000002C2 3Er00            [ 8]  608 	ld	a, #<(_room13)
    000002C4 22               [ 8]  609 	ld	(hl+), a
    000002C5 36s00            [12]  610 	ld	(hl), #>(_room13)
                                    611 ;src/scripts/dungeon_management.c:109: break;
    000002C7 18 10            [12]  612 	jr	00125$
                                    613 ;src/scripts/dungeon_management.c:110: case 14:
    000002C9                        614 00114$:
                                    615 ;src/scripts/dungeon_management.c:111: room_ptr = room14;
    000002C9 F8 09            [12]  616 	ldhl	sp,	#9
    000002CB 3Er00            [ 8]  617 	ld	a, #<(_room14)
    000002CD 22               [ 8]  618 	ld	(hl+), a
    000002CE 36s00            [12]  619 	ld	(hl), #>(_room14)
                                    620 ;src/scripts/dungeon_management.c:112: break;
    000002D0 18 07            [12]  621 	jr	00125$
                                    622 ;src/scripts/dungeon_management.c:113: case 15:
    000002D2                        623 00115$:
                                    624 ;src/scripts/dungeon_management.c:114: room_ptr = room15;
    000002D2 F8 09            [12]  625 	ldhl	sp,	#9
    000002D4 3Er00            [ 8]  626 	ld	a, #<(_room15)
    000002D6 22               [ 8]  627 	ld	(hl+), a
    000002D7 36s00            [12]  628 	ld	(hl), #>(_room15)
                                    629 ;src/scripts/dungeon_management.c:117: for (uint16_t i = 0; i<360; i++) {
    000002D9                        630 00125$:
    000002D9 01 00 00         [12]  631 	ld	bc, #0x0000
    000002DC                        632 00119$:
    000002DC 59               [ 4]  633 	ld	e, c
    000002DD 50               [ 4]  634 	ld	d, b
    000002DE 7B               [ 4]  635 	ld	a, e
    000002DF D6 68            [ 8]  636 	sub	a, #0x68
    000002E1 7A               [ 4]  637 	ld	a, d
    000002E2 DE 01            [ 8]  638 	sbc	a, #0x01
    000002E4 30 16            [12]  639 	jr	NC, 00117$
                                    640 ;src/scripts/dungeon_management.c:118: current_room[i] = room_ptr[i];
    000002E6 21r00r00         [12]  641 	ld	hl, #_current_room
    000002E9 09               [ 8]  642 	add	hl, bc
    000002EA 33               [ 8]  643 	inc	sp
    000002EB 33               [ 8]  644 	inc	sp
    000002EC E5               [16]  645 	push	hl
    000002ED F8 09            [12]  646 	ldhl	sp,	#9
    000002EF 2A               [ 8]  647 	ld	a,	(hl+)
    000002F0 66               [ 8]  648 	ld	h, (hl)
    000002F1 6F               [ 4]  649 	ld	l, a
    000002F2 09               [ 8]  650 	add	hl, bc
    000002F3 5D               [ 4]  651 	ld	e, l
    000002F4 54               [ 4]  652 	ld	d, h
    000002F5 1A               [ 8]  653 	ld	a, (de)
    000002F6 E1               [12]  654 	pop	hl
    000002F7 E5               [16]  655 	push	hl
    000002F8 77               [ 8]  656 	ld	(hl), a
                                    657 ;src/scripts/dungeon_management.c:117: for (uint16_t i = 0; i<360; i++) {
    000002F9 03               [ 8]  658 	inc	bc
    000002FA 18 E0            [12]  659 	jr	00119$
    000002FC                        660 00117$:
                                    661 ;src/scripts/dungeon_management.c:120: assign_obstacles(coord.x, coord.y);
    000002FC F8 0C            [12]  662 	ldhl	sp,	#12
    000002FE 3A               [ 8]  663 	ld	a, (hl-)
    000002FF 46               [ 8]  664 	ld	b, (hl)
    00000300 F5               [16]  665 	push	af
    00000301 33               [ 8]  666 	inc	sp
    00000302 C5               [16]  667 	push	bc
    00000303 33               [ 8]  668 	inc	sp
    00000304 1Er00            [ 8]  669 	ld	e, #b_assign_obstacles
    00000306 21r00r00         [12]  670 	ld	hl, #_assign_obstacles
    00000309 CDr00r00         [24]  671 	call	___sdcc_bcall_ehl
    0000030C E1               [12]  672 	pop	hl
                                    673 ;src/scripts/dungeon_management.c:121: set_bkg_tiles(0, 0, 20, 18, current_room);
    0000030D 11r00r00         [12]  674 	ld	de, #_current_room
    00000310 D5               [16]  675 	push	de
    00000311 21 14 12         [12]  676 	ld	hl, #0x1214
    00000314 E5               [16]  677 	push	hl
    00000315 AF               [ 4]  678 	xor	a, a
    00000316 0F               [ 4]  679 	rrca
    00000317 F5               [16]  680 	push	af
    00000318 CDr00r00         [24]  681 	call	_set_bkg_tiles
                                    682 ;src/scripts/dungeon_management.c:122: }
    0000031B E8 08            [16]  683 	add	sp, #8
    0000031D C9               [16]  684 	ret
                                    685 	.area _CODE_2
                                    686 	.area _INITIALIZER
                                    687 	.area _CABS (ABS)
