                                      1 ;--------------------------------------------------------
                                      2 ; File Created by SDCC : free open source ISO C Compiler
                                      3 ; Version 4.5.1 #15267 (MINGW64)
                                      4 ;--------------------------------------------------------
                                      5 	.module ending_sequence
                                      6 	
                                      7 ;--------------------------------------------------------
                                      8 ; Public variables in this module
                                      9 ;--------------------------------------------------------
                                     10 	.globl _wait_next
                                     11 	.globl _set_bkg_tiles
                                     12 	.globl _set_bkg_data
                                     13 	.globl _display_off
                                     14 	.globl b_play_ending
                                     15 	.globl _play_ending
                                     16 	.globl _set_slide1_data
                                     17 	.globl _set_slide2_data
                                     18 ;--------------------------------------------------------
                                     19 ; special function registers
                                     20 ;--------------------------------------------------------
                                     21 	.area _HRAM
                                     22 ;--------------------------------------------------------
                                     23 ; ram data
                                     24 ;--------------------------------------------------------
                                     25 	.area _DATA
                                     26 ;--------------------------------------------------------
                                     27 ; ram data
                                     28 ;--------------------------------------------------------
                                     29 	.area _INITIALIZED
                                     30 ;--------------------------------------------------------
                                     31 ; absolute external ram data
                                     32 ;--------------------------------------------------------
                                     33 	.area _DABS (ABS)
                                     34 ;--------------------------------------------------------
                                     35 ; global & static initialisations
                                     36 ;--------------------------------------------------------
                                     37 	.area _HOME
                                     38 	.area _GSINIT
                                     39 	.area _GSFINAL
                                     40 	.area _GSINIT
                                     41 ;--------------------------------------------------------
                                     42 ; Home
                                     43 ;--------------------------------------------------------
                                     44 	.area _HOME
                                     45 	.area _HOME
                                     46 ;--------------------------------------------------------
                                     47 ; code
                                     48 ;--------------------------------------------------------
                                     49 	.area _CODE_6
                                     50 ;src/scripts/ending_sequence.c:8: void play_ending() BANKED {
                                     51 ;	---------------------------------
                                     52 ; Function play_ending
                                     53 ; ---------------------------------
                         00000006    54 	b_play_ending	= 6
    00000000                         55 _play_ending::
                                     56 ;src/scripts/ending_sequence.c:9: HIDE_SPRITES;
    00000000 F0r00            [12]   57 	ldh	a, (_LCDC_REG + 0)
    00000002 E6 FD            [ 8]   58 	and	a, #0xfd
    00000004 E0r00            [12]   59 	ldh	(_LCDC_REG + 0), a
                                     60 ;src/scripts/ending_sequence.c:10: HIDE_WIN;
    00000006 F0r00            [12]   61 	ldh	a, (_LCDC_REG + 0)
    00000008 E6 DF            [ 8]   62 	and	a, #0xdf
    0000000A E0r00            [12]   63 	ldh	(_LCDC_REG + 0), a
                                     64 ;src/scripts/ending_sequence.c:11: DISPLAY_OFF;
    0000000C CDr00r00         [24]   65 	call	_display_off
                                     66 ;src/scripts/ending_sequence.c:12: set_bkg_data(0, 101, EndingTiles);
    0000000F 11r00r00         [12]   67 	ld	de, #_EndingTiles
    00000012 D5               [16]   68 	push	de
    00000013 21 00 65         [12]   69 	ld	hl, #0x6500
    00000016 E5               [16]   70 	push	hl
    00000017 CDr00r00         [24]   71 	call	_set_bkg_data
    0000001A E8 04            [16]   72 	add	sp, #4
                                     73 ;src/scripts/ending_sequence.c:13: set_bkg_tiles(0, 0, 20, 18, Ending1);
    0000001C 11r00r00         [12]   74 	ld	de, #_Ending1
    0000001F D5               [16]   75 	push	de
    00000020 21 14 12         [12]   76 	ld	hl, #0x1214
    00000023 E5               [16]   77 	push	hl
    00000024 AF               [ 4]   78 	xor	a, a
    00000025 0F               [ 4]   79 	rrca
    00000026 F5               [16]   80 	push	af
    00000027 CDr00r00         [24]   81 	call	_set_bkg_tiles
    0000002A E8 06            [16]   82 	add	sp, #6
                                     83 ;src/scripts/ending_sequence.c:14: set_slide1_data();
    0000002C CDr57r00         [24]   84 	call	_set_slide1_data
                                     85 ;src/scripts/ending_sequence.c:15: DISPLAY_ON;
    0000002F F0r00            [12]   86 	ldh	a, (_LCDC_REG + 0)
    00000031 F6 80            [ 8]   87 	or	a, #0x80
    00000033 E0r00            [12]   88 	ldh	(_LCDC_REG + 0), a
                                     89 ;src/scripts/ending_sequence.c:16: wait_next();
    00000035 CDr00r00         [24]   90 	call	_wait_next
                                     91 ;src/scripts/ending_sequence.c:17: DISPLAY_OFF;
    00000038 CDr00r00         [24]   92 	call	_display_off
                                     93 ;src/scripts/ending_sequence.c:18: set_bkg_tiles(0, 0, 20, 18, Ending2);
    0000003B 11r00r00         [12]   94 	ld	de, #_Ending2
    0000003E D5               [16]   95 	push	de
    0000003F 21 14 12         [12]   96 	ld	hl, #0x1214
    00000042 E5               [16]   97 	push	hl
    00000043 AF               [ 4]   98 	xor	a, a
    00000044 0F               [ 4]   99 	rrca
    00000045 F5               [16]  100 	push	af
    00000046 CDr00r00         [24]  101 	call	_set_bkg_tiles
    00000049 E8 06            [16]  102 	add	sp, #6
                                    103 ;src/scripts/ending_sequence.c:19: set_slide2_data();
    0000004B CDr0Cr01         [24]  104 	call	_set_slide2_data
                                    105 ;src/scripts/ending_sequence.c:20: DISPLAY_ON;
    0000004E F0r00            [12]  106 	ldh	a, (_LCDC_REG + 0)
    00000050 F6 80            [ 8]  107 	or	a, #0x80
    00000052 E0r00            [12]  108 	ldh	(_LCDC_REG + 0), a
                                    109 ;src/scripts/ending_sequence.c:21: wait_next();
                                    110 ;src/scripts/ending_sequence.c:22: return;
                                    111 ;src/scripts/ending_sequence.c:23: }
    00000054 C3r00r00         [16]  112 	jp	_wait_next
                                    113 ;src/scripts/ending_sequence.c:25: void set_slide1_data() {
                                    114 ;	---------------------------------
                                    115 ; Function set_slide1_data
                                    116 ; ---------------------------------
    00000057                        117 _set_slide1_data::
    00000057 E8 FD            [16]  118 	add	sp, #-3
                                    119 ;src/scripts/ending_sequence.c:28: lvl[0] = level / 10 + 75;
    00000059 FAr00r00         [16]  120 	ld	a, (_level)
    0000005C 1E 0A            [ 8]  121 	ld	e, #0x0a
    0000005E CDr00r00         [24]  122 	call	__divuchar
    00000061 79               [ 4]  123 	ld	a, c
    00000062 C6 4B            [ 8]  124 	add	a, #0x4b
    00000064 F8 00            [12]  125 	ldhl	sp,	#0
    00000066 77               [ 8]  126 	ld	(hl), a
                                    127 ;src/scripts/ending_sequence.c:29: lvl[1] = level % 10 + 75;
    00000067 FAr00r00         [16]  128 	ld	a, (_level)
    0000006A 1E 0A            [ 8]  129 	ld	e, #0x0a
    0000006C CDr00r00         [24]  130 	call	__moduchar
    0000006F 79               [ 4]  131 	ld	a, c
    00000070 C6 4B            [ 8]  132 	add	a, #0x4b
    00000072 F8 01            [12]  133 	ldhl	sp,	#1
    00000074 77               [ 8]  134 	ld	(hl), a
                                    135 ;src/scripts/ending_sequence.c:30: set_bkg_tiles(13, 9, 2, 1, lvl);
    00000075 21 00 00         [12]  136 	ld	hl, #0
    00000078 39               [ 8]  137 	add	hl, sp
    00000079 E5               [16]  138 	push	hl
    0000007A 21 02 01         [12]  139 	ld	hl, #0x102
    0000007D E5               [16]  140 	push	hl
    0000007E 21 0D 09         [12]  141 	ld	hl, #0x90d
    00000081 E5               [16]  142 	push	hl
    00000082 CDr00r00         [24]  143 	call	_set_bkg_tiles
    00000085 E8 06            [16]  144 	add	sp, #6
                                    145 ;src/scripts/ending_sequence.c:31: stat = sword_lvl + 75;
    00000087 FAr00r00         [16]  146 	ld	a, (_sword_lvl)
    0000008A C6 4B            [ 8]  147 	add	a, #0x4b
                                    148 ;src/scripts/ending_sequence.c:32: set_bkg_tiles(4, 13, 1, 1, &stat);
    0000008C F8 02            [12]  149 	ldhl	sp,#2
    0000008E 77               [ 8]  150 	ld	(hl), a
    0000008F E5               [16]  151 	push	hl
    00000090 21 01 01         [12]  152 	ld	hl, #0x101
    00000093 E5               [16]  153 	push	hl
    00000094 21 04 0D         [12]  154 	ld	hl, #0xd04
    00000097 E5               [16]  155 	push	hl
    00000098 CDr00r00         [24]  156 	call	_set_bkg_tiles
    0000009B E8 06            [16]  157 	add	sp, #6
                                    158 ;src/scripts/ending_sequence.c:33: stat = shield_lvl + 75;
    0000009D FAr00r00         [16]  159 	ld	a, (_shield_lvl)
    000000A0 C6 4B            [ 8]  160 	add	a, #0x4b
                                    161 ;src/scripts/ending_sequence.c:34: set_bkg_tiles(4, 15, 1, 1, &stat);
    000000A2 F8 02            [12]  162 	ldhl	sp,#2
    000000A4 77               [ 8]  163 	ld	(hl), a
    000000A5 E5               [16]  164 	push	hl
    000000A6 21 01 01         [12]  165 	ld	hl, #0x101
    000000A9 E5               [16]  166 	push	hl
    000000AA 21 04 0F         [12]  167 	ld	hl, #0xf04
    000000AD E5               [16]  168 	push	hl
    000000AE CDr00r00         [24]  169 	call	_set_bkg_tiles
    000000B1 E8 06            [16]  170 	add	sp, #6
                                    171 ;src/scripts/ending_sequence.c:35: stat = arrow_lvl + 75;
    000000B3 FAr00r00         [16]  172 	ld	a, (_arrow_lvl)
    000000B6 C6 4B            [ 8]  173 	add	a, #0x4b
                                    174 ;src/scripts/ending_sequence.c:36: set_bkg_tiles(9, 13, 1, 1, &stat);
    000000B8 F8 02            [12]  175 	ldhl	sp,#2
    000000BA 77               [ 8]  176 	ld	(hl), a
    000000BB E5               [16]  177 	push	hl
    000000BC 21 01 01         [12]  178 	ld	hl, #0x101
    000000BF E5               [16]  179 	push	hl
    000000C0 21 09 0D         [12]  180 	ld	hl, #0xd09
    000000C3 E5               [16]  181 	push	hl
    000000C4 CDr00r00         [24]  182 	call	_set_bkg_tiles
    000000C7 E8 06            [16]  183 	add	sp, #6
                                    184 ;src/scripts/ending_sequence.c:37: stat = quiver_lvl + 75;
    000000C9 FAr00r00         [16]  185 	ld	a, (_quiver_lvl)
    000000CC C6 4B            [ 8]  186 	add	a, #0x4b
                                    187 ;src/scripts/ending_sequence.c:38: set_bkg_tiles(9, 15, 1, 1, &stat);
    000000CE F8 02            [12]  188 	ldhl	sp,#2
    000000D0 77               [ 8]  189 	ld	(hl), a
    000000D1 E5               [16]  190 	push	hl
    000000D2 21 01 01         [12]  191 	ld	hl, #0x101
    000000D5 E5               [16]  192 	push	hl
    000000D6 21 09 0F         [12]  193 	ld	hl, #0xf09
    000000D9 E5               [16]  194 	push	hl
    000000DA CDr00r00         [24]  195 	call	_set_bkg_tiles
    000000DD E8 06            [16]  196 	add	sp, #6
                                    197 ;src/scripts/ending_sequence.c:39: stat = potion_quant_lvl + 75;
    000000DF FAr00r00         [16]  198 	ld	a, (_potion_quant_lvl)
    000000E2 C6 4B            [ 8]  199 	add	a, #0x4b
                                    200 ;src/scripts/ending_sequence.c:40: set_bkg_tiles(14, 13, 1, 1, &stat);
    000000E4 F8 02            [12]  201 	ldhl	sp,#2
    000000E6 77               [ 8]  202 	ld	(hl), a
    000000E7 E5               [16]  203 	push	hl
    000000E8 21 01 01         [12]  204 	ld	hl, #0x101
    000000EB E5               [16]  205 	push	hl
    000000EC 21 0E 0D         [12]  206 	ld	hl, #0xd0e
    000000EF E5               [16]  207 	push	hl
    000000F0 CDr00r00         [24]  208 	call	_set_bkg_tiles
    000000F3 E8 06            [16]  209 	add	sp, #6
                                    210 ;src/scripts/ending_sequence.c:41: stat = potion_heal_lvl + 75;
    000000F5 FAr00r00         [16]  211 	ld	a, (_potion_heal_lvl)
    000000F8 C6 4B            [ 8]  212 	add	a, #0x4b
                                    213 ;src/scripts/ending_sequence.c:42: set_bkg_tiles(14, 15, 1, 1, &stat);
    000000FA F8 02            [12]  214 	ldhl	sp,#2
    000000FC 77               [ 8]  215 	ld	(hl), a
    000000FD E5               [16]  216 	push	hl
    000000FE 21 01 01         [12]  217 	ld	hl, #0x101
    00000101 E5               [16]  218 	push	hl
    00000102 21 0E 0F         [12]  219 	ld	hl, #0xf0e
    00000105 E5               [16]  220 	push	hl
    00000106 CDr00r00         [24]  221 	call	_set_bkg_tiles
                                    222 ;src/scripts/ending_sequence.c:43: }
    00000109 E8 09            [16]  223 	add	sp, #9
    0000010B C9               [16]  224 	ret
                                    225 ;src/scripts/ending_sequence.c:45: void set_slide2_data() {
                                    226 ;	---------------------------------
                                    227 ; Function set_slide2_data
                                    228 ; ---------------------------------
    0000010C                        229 _set_slide2_data::
    0000010C E8 FA            [16]  230 	add	sp, #-6
                                    231 ;src/scripts/ending_sequence.c:49: if (hours < 10) {
    0000010E FAr00r00         [16]  232 	ld	a, (#_hours)
    00000111 D6 0A            [ 8]  233 	sub	a, #0x0a
    00000113 30 06            [12]  234 	jr	NC, 00102$
                                    235 ;src/scripts/ending_sequence.c:50: hr[0] = 16;
    00000115 F8 00            [12]  236 	ldhl	sp,	#0
    00000117 36 10            [12]  237 	ld	(hl), #0x10
    00000119 18 0E            [12]  238 	jr	00103$
    0000011B                        239 00102$:
                                    240 ;src/scripts/ending_sequence.c:53: hr[0] = hours / 10 + 75;
    0000011B FAr00r00         [16]  241 	ld	a, (_hours)
    0000011E 1E 0A            [ 8]  242 	ld	e, #0x0a
    00000120 CDr00r00         [24]  243 	call	__divuchar
    00000123 79               [ 4]  244 	ld	a, c
    00000124 C6 4B            [ 8]  245 	add	a, #0x4b
    00000126 F8 00            [12]  246 	ldhl	sp,	#0
    00000128 77               [ 8]  247 	ld	(hl), a
    00000129                        248 00103$:
                                    249 ;src/scripts/ending_sequence.c:55: hr[1] = hours % 10 + 75;
    00000129 FAr00r00         [16]  250 	ld	a, (_hours)
    0000012C 1E 0A            [ 8]  251 	ld	e, #0x0a
    0000012E CDr00r00         [24]  252 	call	__moduchar
    00000131 79               [ 4]  253 	ld	a, c
    00000132 C6 4B            [ 8]  254 	add	a, #0x4b
    00000134 F8 01            [12]  255 	ldhl	sp,	#1
    00000136 77               [ 8]  256 	ld	(hl), a
                                    257 ;src/scripts/ending_sequence.c:56: mn[0] = minutes / 10 + 75;
    00000137 FAr00r00         [16]  258 	ld	a, (_minutes)
    0000013A 1E 0A            [ 8]  259 	ld	e, #0x0a
    0000013C CDr00r00         [24]  260 	call	__divuchar
    0000013F 79               [ 4]  261 	ld	a, c
    00000140 C6 4B            [ 8]  262 	add	a, #0x4b
    00000142 F8 02            [12]  263 	ldhl	sp,	#2
    00000144 77               [ 8]  264 	ld	(hl), a
                                    265 ;src/scripts/ending_sequence.c:57: mn[1] = minutes % 10 + 75;
    00000145 FAr00r00         [16]  266 	ld	a, (_minutes)
    00000148 1E 0A            [ 8]  267 	ld	e, #0x0a
    0000014A CDr00r00         [24]  268 	call	__moduchar
    0000014D 79               [ 4]  269 	ld	a, c
    0000014E C6 4B            [ 8]  270 	add	a, #0x4b
    00000150 F8 03            [12]  271 	ldhl	sp,	#3
    00000152 77               [ 8]  272 	ld	(hl), a
                                    273 ;src/scripts/ending_sequence.c:58: sc[0] = seconds / 10 + 75;
    00000153 FAr00r00         [16]  274 	ld	a, (_seconds)
    00000156 1E 0A            [ 8]  275 	ld	e, #0x0a
    00000158 CDr00r00         [24]  276 	call	__divuchar
    0000015B 79               [ 4]  277 	ld	a, c
    0000015C C6 4B            [ 8]  278 	add	a, #0x4b
    0000015E F8 04            [12]  279 	ldhl	sp,	#4
    00000160 77               [ 8]  280 	ld	(hl), a
                                    281 ;src/scripts/ending_sequence.c:59: sc[1] = seconds % 10 + 75;
    00000161 FAr00r00         [16]  282 	ld	a, (_seconds)
    00000164 1E 0A            [ 8]  283 	ld	e, #0x0a
    00000166 CDr00r00         [24]  284 	call	__moduchar
    00000169 79               [ 4]  285 	ld	a, c
    0000016A C6 4B            [ 8]  286 	add	a, #0x4b
    0000016C F8 05            [12]  287 	ldhl	sp,	#5
    0000016E 77               [ 8]  288 	ld	(hl), a
                                    289 ;src/scripts/ending_sequence.c:60: set_bkg_tiles(10, 14, 2, 1, hr);
    0000016F 21 00 00         [12]  290 	ld	hl, #0
    00000172 39               [ 8]  291 	add	hl, sp
    00000173 E5               [16]  292 	push	hl
    00000174 21 02 01         [12]  293 	ld	hl, #0x102
    00000177 E5               [16]  294 	push	hl
    00000178 21 0A 0E         [12]  295 	ld	hl, #0xe0a
    0000017B E5               [16]  296 	push	hl
    0000017C CDr00r00         [24]  297 	call	_set_bkg_tiles
    0000017F E8 06            [16]  298 	add	sp, #6
                                    299 ;src/scripts/ending_sequence.c:61: set_bkg_tiles(13, 14, 2, 1, mn);
    00000181 21 02 00         [12]  300 	ld	hl, #2
    00000184 39               [ 8]  301 	add	hl, sp
    00000185 E5               [16]  302 	push	hl
    00000186 21 02 01         [12]  303 	ld	hl, #0x102
    00000189 E5               [16]  304 	push	hl
    0000018A 21 0D 0E         [12]  305 	ld	hl, #0xe0d
    0000018D E5               [16]  306 	push	hl
    0000018E CDr00r00         [24]  307 	call	_set_bkg_tiles
    00000191 E8 06            [16]  308 	add	sp, #6
                                    309 ;src/scripts/ending_sequence.c:62: set_bkg_tiles(16, 14, 2, 1, sc);
    00000193 21 04 00         [12]  310 	ld	hl, #4
    00000196 39               [ 8]  311 	add	hl, sp
    00000197 E5               [16]  312 	push	hl
    00000198 21 02 01         [12]  313 	ld	hl, #0x102
    0000019B E5               [16]  314 	push	hl
    0000019C 21 10 0E         [12]  315 	ld	hl, #0xe10
    0000019F E5               [16]  316 	push	hl
    000001A0 CDr00r00         [24]  317 	call	_set_bkg_tiles
                                    318 ;src/scripts/ending_sequence.c:63: }
    000001A3 E8 0C            [16]  319 	add	sp, #12
    000001A5 C9               [16]  320 	ret
                                    321 	.area _CODE_6
                                    322 	.area _INITIALIZER
                                    323 	.area _CABS (ABS)
