                                      1 ;--------------------------------------------------------
                                      2 ; File Created by SDCC : free open source ISO C Compiler
                                      3 ; Version 4.5.1 #15267 (MINGW64)
                                      4 ;--------------------------------------------------------
                                      5 	.module game_vars
                                      6 	
                                      7 ;--------------------------------------------------------
                                      8 ; Public variables in this module
                                      9 ;--------------------------------------------------------
                                     10 	.globl _level_curve
                                     11 	.globl _cure_upgrade_costs
                                     12 	.globl _upgrade_costs
                                     13 	.globl _walk_step
                                     14 	.globl _ng
                                     15 	.globl _current_song_bank
                                     16 	.globl _returning_to_camp
                                     17 	.globl _boss_floor_defeated
                                     18 	.globl _boss_battle
                                     19 	.globl _lock_opened
                                     20 	.globl _treasure_obtained
                                     21 	.globl _key_obtained
                                     22 	.globl _map_option
                                     23 	.globl _safy_option
                                     24 	.globl _hector_option
                                     25 	.globl _current_floor
                                     26 	.globl _current_location
                                     27 	.globl _menu_opened
                                     28 	.globl _current_joypad
                                     29 	.globl _last_joypad
                                     30 	.globl _power_ups
                                     31 	.globl _max_floor
                                     32 	.globl _enemies_defeated
                                     33 	.globl _hours
                                     34 	.globl _minutes
                                     35 	.globl _seconds
                                     36 	.globl _frames
                                     37 	.globl _tile_id
                                     38 	.globl _debug
                                     39 	.globl _map
                                     40 	.globl _seed
                                     41 ;--------------------------------------------------------
                                     42 ; special function registers
                                     43 ;--------------------------------------------------------
                                     44 	.area _HRAM
                                     45 ;--------------------------------------------------------
                                     46 ; ram data
                                     47 ;--------------------------------------------------------
                                     48 	.area _DATA
    00000000                         49 _seed::
    00000000                         50 	.ds 2
    00000002                         51 _map::
    00000002                         52 	.ds 16
                                     53 ;--------------------------------------------------------
                                     54 ; ram data
                                     55 ;--------------------------------------------------------
                                     56 	.area _INITIALIZED
    00000000                         57 _debug::
    00000000                         58 	.ds 1
    00000001                         59 _tile_id::
    00000001                         60 	.ds 2
    00000003                         61 _frames::
    00000003                         62 	.ds 1
    00000004                         63 _seconds::
    00000004                         64 	.ds 1
    00000005                         65 _minutes::
    00000005                         66 	.ds 1
    00000006                         67 _hours::
    00000006                         68 	.ds 1
    00000007                         69 _enemies_defeated::
    00000007                         70 	.ds 1
    00000008                         71 _max_floor::
    00000008                         72 	.ds 1
    00000009                         73 _power_ups::
    00000009                         74 	.ds 1
    0000000A                         75 _last_joypad::
    0000000A                         76 	.ds 1
    0000000B                         77 _current_joypad::
    0000000B                         78 	.ds 1
    0000000C                         79 _menu_opened::
    0000000C                         80 	.ds 1
    0000000D                         81 _current_location::
    0000000D                         82 	.ds 1
    0000000E                         83 _current_floor::
    0000000E                         84 	.ds 1
    0000000F                         85 _hector_option::
    0000000F                         86 	.ds 1
    00000010                         87 _safy_option::
    00000010                         88 	.ds 1
    00000011                         89 _map_option::
    00000011                         90 	.ds 1
    00000012                         91 _key_obtained::
    00000012                         92 	.ds 1
    00000013                         93 _treasure_obtained::
    00000013                         94 	.ds 1
    00000014                         95 _lock_opened::
    00000014                         96 	.ds 1
    00000015                         97 _boss_battle::
    00000015                         98 	.ds 1
    00000016                         99 _boss_floor_defeated::
    00000016                        100 	.ds 1
    00000017                        101 _returning_to_camp::
    00000017                        102 	.ds 1
    00000018                        103 _current_song_bank::
    00000018                        104 	.ds 1
    00000019                        105 _ng::
    00000019                        106 	.ds 1
    0000001A                        107 _walk_step::
    0000001A                        108 	.ds 1
                                    109 ;--------------------------------------------------------
                                    110 ; absolute external ram data
                                    111 ;--------------------------------------------------------
                                    112 	.area _DABS (ABS)
                                    113 ;--------------------------------------------------------
                                    114 ; global & static initialisations
                                    115 ;--------------------------------------------------------
                                    116 	.area _HOME
                                    117 	.area _GSINIT
                                    118 	.area _GSFINAL
                                    119 	.area _GSINIT
                                    120 ;--------------------------------------------------------
                                    121 ; Home
                                    122 ;--------------------------------------------------------
                                    123 	.area _HOME
                                    124 	.area _HOME
                                    125 ;--------------------------------------------------------
                                    126 ; code
                                    127 ;--------------------------------------------------------
                                    128 	.area _CODE
                                    129 	.area _CODE
    00000000                        130 _upgrade_costs:
    00000000 02                     131 	.db #0x02	; 2
    00000001 04                     132 	.db #0x04	; 4
    00000002 07                     133 	.db #0x07	; 7
    00000003 0A                     134 	.db #0x0a	; 10
    00000004 0E                     135 	.db #0x0e	; 14
    00000005 12                     136 	.db #0x12	; 18
    00000006 18                     137 	.db #0x18	; 24
    00000007 1E                     138 	.db #0x1e	; 30
    00000008                        139 _cure_upgrade_costs:
    00000008 0A 00                  140 	.dw #0x000a
    0000000A 3C 00                  141 	.dw #0x003c
    0000000C 96 00                  142 	.dw #0x0096
    0000000E 5E 01                  143 	.dw #0x015e
    00000010 BC 02                  144 	.dw #0x02bc
    00000012 B0 04                  145 	.dw #0x04b0
    00000014 08 07                  146 	.dw #0x0708
    00000016 FC 08                  147 	.dw #0x08fc
    00000018 F0 0A                  148 	.dw #0x0af0
    0000001A                        149 _level_curve:
    0000001A 0A 00                  150 	.dw #0x000a
    0000001C 19 00                  151 	.dw #0x0019
    0000001E 2D 00                  152 	.dw #0x002d
    00000020 46 00                  153 	.dw #0x0046
    00000022 64 00                  154 	.dw #0x0064
    00000024 87 00                  155 	.dw #0x0087
    00000026 AF 00                  156 	.dw #0x00af
    00000028 DC 00                  157 	.dw #0x00dc
    0000002A 0E 01                  158 	.dw #0x010e
    0000002C 45 01                  159 	.dw #0x0145
    0000002E 81 01                  160 	.dw #0x0181
    00000030 C2 01                  161 	.dw #0x01c2
    00000032 08 02                  162 	.dw #0x0208
    00000034 53 02                  163 	.dw #0x0253
    00000036 A3 02                  164 	.dw #0x02a3
    00000038 F8 02                  165 	.dw #0x02f8
    0000003A 52 03                  166 	.dw #0x0352
    0000003C B1 03                  167 	.dw #0x03b1
    0000003E 15 04                  168 	.dw #0x0415
    00000040 7E 04                  169 	.dw #0x047e
    00000042 BA 04                  170 	.dw #0x04ba
    00000044 F6 04                  171 	.dw #0x04f6
    00000046 32 05                  172 	.dw #0x0532
    00000048 6E 05                  173 	.dw #0x056e
    0000004A AA 05                  174 	.dw #0x05aa
    0000004C E6 05                  175 	.dw #0x05e6
    0000004E 22 06                  176 	.dw #0x0622
    00000050 5E 06                  177 	.dw #0x065e
    00000052 9A 06                  178 	.dw #0x069a
    00000054 D6 06                  179 	.dw #0x06d6
    00000056 12 07                  180 	.dw #0x0712
    00000058 4E 07                  181 	.dw #0x074e
    0000005A 8A 07                  182 	.dw #0x078a
    0000005C C6 07                  183 	.dw #0x07c6
    0000005E 02 08                  184 	.dw #0x0802
    00000060 3E 08                  185 	.dw #0x083e
    00000062 7A 08                  186 	.dw #0x087a
    00000064 B6 08                  187 	.dw #0x08b6
    00000066 F2 08                  188 	.dw #0x08f2
    00000068 2E 09                  189 	.dw #0x092e
    0000006A 6A 09                  190 	.dw #0x096a
    0000006C A6 09                  191 	.dw #0x09a6
    0000006E E2 09                  192 	.dw #0x09e2
    00000070 1E 0A                  193 	.dw #0x0a1e
    00000072 5A 0A                  194 	.dw #0x0a5a
    00000074 96 0A                  195 	.dw #0x0a96
    00000076 B4 0A                  196 	.dw #0x0ab4
    00000078 D2 0A                  197 	.dw #0x0ad2
    0000007A E6 0A                  198 	.dw #0x0ae6
    0000007C F0 0A                  199 	.dw #0x0af0
                                    200 	.area _INITIALIZER
    00000000                        201 __xinit__debug:
    00000000 00                     202 	.db #0x00	; 0
    00000001                        203 __xinit__tile_id:
    00000001 00 00                  204 	.dw #0x0000
    00000003                        205 __xinit__frames:
    00000003 00                     206 	.db #0x00	; 0
    00000004                        207 __xinit__seconds:
    00000004 00                     208 	.db #0x00	; 0
    00000005                        209 __xinit__minutes:
    00000005 00                     210 	.db #0x00	; 0
    00000006                        211 __xinit__hours:
    00000006 00                     212 	.db #0x00	; 0
    00000007                        213 __xinit__enemies_defeated:
    00000007 00                     214 	.db #0x00	; 0
    00000008                        215 __xinit__max_floor:
    00000008 00                     216 	.db #0x00	; 0
    00000009                        217 __xinit__power_ups:
    00000009 00                     218 	.db #0x00	; 0
    0000000A                        219 __xinit__last_joypad:
    0000000A 00                     220 	.db #0x00	; 0
    0000000B                        221 __xinit__current_joypad:
    0000000B 00                     222 	.db #0x00	; 0
    0000000C                        223 __xinit__menu_opened:
    0000000C 00                     224 	.db #0x00	; 0
    0000000D                        225 __xinit__current_location:
    0000000D 00                     226 	.db #0x00	; 0
    0000000E                        227 __xinit__current_floor:
    0000000E 01                     228 	.db #0x01	; 1
    0000000F                        229 __xinit__hector_option:
    0000000F 01                     230 	.db #0x01	; 1
    00000010                        231 __xinit__safy_option:
    00000010 01                     232 	.db #0x01	; 1
    00000011                        233 __xinit__map_option:
    00000011 00                     234 	.db #0x00	; 0
    00000012                        235 __xinit__key_obtained:
    00000012 00                     236 	.db #0x00	; 0
    00000013                        237 __xinit__treasure_obtained:
    00000013 00                     238 	.db #0x00	; 0
    00000014                        239 __xinit__lock_opened:
    00000014 00                     240 	.db #0x00	; 0
    00000015                        241 __xinit__boss_battle:
    00000015 00                     242 	.db #0x00	; 0
    00000016                        243 __xinit__boss_floor_defeated:
    00000016 00                     244 	.db #0x00	; 0
    00000017                        245 __xinit__returning_to_camp:
    00000017 00                     246 	.db #0x00	; 0
    00000018                        247 __xinit__current_song_bank:
    00000018 03                     248 	.db #0x03	; 3
    00000019                        249 __xinit__ng:
    00000019 00                     250 	.db #0x00	; 0
    0000001A                        251 __xinit__walk_step:
    0000001A 00                     252 	.db #0x00	; 0
                                    253 	.area _CABS (ABS)
