                                      1 ;--------------------------------------------------------
                                      2 ; File Created by SDCC : free open source ISO C Compiler
                                      3 ; Version 4.5.1 #15267 (MINGW64)
                                      4 ;--------------------------------------------------------
                                      5 	.module init
                                      6 	
                                      7 ;--------------------------------------------------------
                                      8 ; Public variables in this module
                                      9 ;--------------------------------------------------------
                                     10 	.globl b_load_game
                                     11 	.globl _load_game
                                     12 	.globl _music_vbl_interrupt
                                     13 	.globl b_start_sfx
                                     14 	.globl _start_sfx
                                     15 	.globl b_init_sound
                                     16 	.globl _init_sound
                                     17 	.globl _play_song
                                     18 	.globl b_set_mini_menu
                                     19 	.globl _set_mini_menu
                                     20 	.globl _go_into_dungeon
                                     21 	.globl _set_camp_map
                                     22 	.globl _move_character
                                     23 	.globl b_insert_name
                                     24 	.globl _insert_name
                                     25 	.globl _set_tutorial
                                     26 	.globl b_start_intro
                                     27 	.globl _start_intro
                                     28 	.globl b_set_titlescreen
                                     29 	.globl _set_titlescreen
                                     30 	.globl _set_sprite_data
                                     31 	.globl _set_bkg_tiles
                                     32 	.globl _set_bkg_data
                                     33 	.globl _delay
                                     34 	.globl _add_VBL
                                     35 	.globl _black
                                     36 	.globl _blank
                                     37 	.globl _game_init
                                     38 	.globl _set_title_data
                                     39 	.globl _set_game_sprites
                                     40 	.globl _set_game_gui
                                     41 ;--------------------------------------------------------
                                     42 ; special function registers
                                     43 ;--------------------------------------------------------
                                     44 	.area _HRAM
                                     45 ;--------------------------------------------------------
                                     46 ; ram data
                                     47 ;--------------------------------------------------------
                                     48 	.area _DATA
                                     49 ;--------------------------------------------------------
                                     50 ; ram data
                                     51 ;--------------------------------------------------------
                                     52 	.area _INITIALIZED
                                     53 ;--------------------------------------------------------
                                     54 ; absolute external ram data
                                     55 ;--------------------------------------------------------
                                     56 	.area _DABS (ABS)
                                     57 ;--------------------------------------------------------
                                     58 ; global & static initialisations
                                     59 ;--------------------------------------------------------
                                     60 	.area _HOME
                                     61 	.area _GSINIT
                                     62 	.area _GSFINAL
                                     63 	.area _GSINIT
                                     64 ;--------------------------------------------------------
                                     65 ; Home
                                     66 ;--------------------------------------------------------
                                     67 	.area _HOME
                                     68 	.area _HOME
                                     69 ;--------------------------------------------------------
                                     70 ; code
                                     71 ;--------------------------------------------------------
                                     72 	.area _CODE
                                     73 ;src/scripts/init.c:25: void game_init() {
                                     74 ;	---------------------------------
                                     75 ; Function game_init
                                     76 ; ---------------------------------
    00000000                         77 _game_init::
                                     78 ;src/scripts/init.c:26: cls();
    00000000 CDr00r00         [24]   79 	call	_cls
                                     80 ;src/scripts/init.c:27: init_sound();
    00000003 1Er00            [ 8]   81 	ld	e, #b_init_sound
    00000005 21r00r00         [12]   82 	ld	hl, #_init_sound
    00000008 CDr00r00         [24]   83 	call	___sdcc_bcall_ehl
                                     84 ;src/scripts/init.c:30: }
    0000000B F3               [ 4]   85 	di
                                     86 ;src/scripts/init.c:29: add_VBL(music_vbl_interrupt);
    0000000C 11r00r00         [12]   87 	ld	de, #_music_vbl_interrupt
    0000000F CDr00r00         [24]   88 	call	_add_VBL
    00000012 FB               [ 4]   89 	ei
                                     90 ;src/scripts/init.c:31: set_title_data();
    00000013 CDrB5r00         [24]   91 	call	_set_title_data
                                     92 ;src/scripts/init.c:32: DISPLAY_ON;
    00000016 F0r00            [12]   93 	ldh	a, (_LCDC_REG + 0)
    00000018 F6 80            [ 8]   94 	or	a, #0x80
    0000001A E0r00            [12]   95 	ldh	(_LCDC_REG + 0), a
                                     96 ;src/scripts/init.c:33: ng = set_titlescreen();
    0000001C 1Er00            [ 8]   97 	ld	e, #b_set_titlescreen
    0000001E 21r00r00         [12]   98 	ld	hl, #_set_titlescreen
    00000021 CDr00r00         [24]   99 	call	___sdcc_bcall_ehl
    00000024 EAr00r00         [16]  100 	ld	(#_ng),a
                                    101 ;src/scripts/init.c:34: start_sfx();
    00000027 1Er00            [ 8]  102 	ld	e, #b_start_sfx
    00000029 21r00r00         [12]  103 	ld	hl, #_start_sfx
    0000002C CDr00r00         [24]  104 	call	___sdcc_bcall_ehl
                                    105 ;src/scripts/init.c:35: if (ng) {
    0000002F FAr00r00         [16]  106 	ld	a, (#_ng)
    00000032 B7               [ 4]  107 	or	a, a
    00000033 28 08            [12]  108 	jr	Z, 00102$
                                    109 ;src/scripts/init.c:36: start_intro();
    00000035 1Er00            [ 8]  110 	ld	e, #b_start_intro
    00000037 21r00r00         [12]  111 	ld	hl, #_start_intro
    0000003A CDr00r00         [24]  112 	call	___sdcc_bcall_ehl
    0000003D                        113 00102$:
                                    114 ;src/scripts/init.c:38: set_game_sprites();
    0000003D CDrF6r00         [24]  115 	call	_set_game_sprites
                                    116 ;src/scripts/init.c:39: set_game_gui();
    00000040 CDr93r01         [24]  117 	call	_set_game_gui
                                    118 ;src/scripts/init.c:40: if (!load_game()) {
    00000043 1Er00            [ 8]  119 	ld	e, #b_load_game
    00000045 21r00r00         [12]  120 	ld	hl, #_load_game
    00000048 CDr00r00         [24]  121 	call	___sdcc_bcall_ehl
    0000004B B7               [ 4]  122 	or	a, a
    0000004C 20 08            [12]  123 	jr	NZ, 00104$
                                    124 ;src/scripts/init.c:41: insert_name();
    0000004E 1Er00            [ 8]  125 	ld	e, #b_insert_name
    00000050 21r00r00         [12]  126 	ld	hl, #_insert_name
    00000053 CDr00r00         [24]  127 	call	___sdcc_bcall_ehl
    00000056                        128 00104$:
                                    129 ;src/scripts/init.c:43: set_sprite_data(4, 4, MC_up);
    00000056 11r00r00         [12]  130 	ld	de, #_MC_up
    00000059 D5               [16]  131 	push	de
    0000005A 21 04 04         [12]  132 	ld	hl, #0x404
    0000005D E5               [16]  133 	push	hl
    0000005E CDr00r00         [24]  134 	call	_set_sprite_data
    00000061 E8 04            [16]  135 	add	sp, #4
                                    136 ;src/scripts/init.c:44: if (current_location == 0){
    00000063 FAr00r00         [16]  137 	ld	a, (#_current_location)
    00000066 B7               [ 4]  138 	or	a, a
    00000067 20 05            [12]  139 	jr	NZ, 00106$
                                    140 ;src/scripts/init.c:45: set_camp_map();
    00000069 CDr00r00         [24]  141 	call	_set_camp_map
    0000006C 18 03            [12]  142 	jr	00107$
    0000006E                        143 00106$:
                                    144 ;src/scripts/init.c:48: go_into_dungeon();
    0000006E CDr00r00         [24]  145 	call	_go_into_dungeon
    00000071                        146 00107$:
                                    147 ;src/scripts/init.c:50: if (ng) { // tutorial
    00000071 FAr00r00         [16]  148 	ld	a, (#_ng)
    00000074 B7               [ 4]  149 	or	a, a
    00000075 28 03            [12]  150 	jr	Z, 00109$
                                    151 ;src/scripts/init.c:51: set_tutorial();
    00000077 CDr00r00         [24]  152 	call	_set_tutorial
    0000007A                        153 00109$:
                                    154 ;src/scripts/init.c:54: move_character();
    0000007A CDr00r00         [24]  155 	call	_move_character
                                    156 ;src/scripts/init.c:55: SHOW_SPRITES;
    0000007D F0r00            [12]  157 	ldh	a, (_LCDC_REG + 0)
    0000007F F6 02            [ 8]  158 	or	a, #0x02
    00000081 E0r00            [12]  159 	ldh	(_LCDC_REG + 0), a
                                    160 ;src/scripts/init.c:56: SHOW_BKG;
    00000083 F0r00            [12]  161 	ldh	a, (_LCDC_REG + 0)
    00000085 F6 01            [ 8]  162 	or	a, #0x01
    00000087 E0r00            [12]  163 	ldh	(_LCDC_REG + 0), a
                                    164 ;src/scripts/init.c:57: SHOW_WIN;
    00000089 F0r00            [12]  165 	ldh	a, (_LCDC_REG + 0)
    0000008B F6 20            [ 8]  166 	or	a, #0x20
    0000008D E0r00            [12]  167 	ldh	(_LCDC_REG + 0), a
                                    168 ;src/scripts/init.c:58: delay(100);
    0000008F 11 64 00         [12]  169 	ld	de, #0x0064
                                    170 ;src/scripts/init.c:59: }
    00000092 C3r00r00         [16]  171 	jp	_delay
    00000095                        172 _blank:
    00000095 00                     173 	.db #0x00	; 0
    00000096 00                     174 	.db #0x00	; 0
    00000097 00                     175 	.db #0x00	; 0
    00000098 00                     176 	.db #0x00	; 0
    00000099 00                     177 	.db #0x00	; 0
    0000009A 00                     178 	.db #0x00	; 0
    0000009B 00                     179 	.db #0x00	; 0
    0000009C 00                     180 	.db #0x00	; 0
    0000009D 00                     181 	.db #0x00	; 0
    0000009E 00                     182 	.db #0x00	; 0
    0000009F 00                     183 	.db #0x00	; 0
    000000A0 00                     184 	.db #0x00	; 0
    000000A1 00                     185 	.db #0x00	; 0
    000000A2 00                     186 	.db #0x00	; 0
    000000A3 00                     187 	.db #0x00	; 0
    000000A4 00                     188 	.db #0x00	; 0
    000000A5                        189 _black:
    000000A5 FF                     190 	.db #0xff	; 255
    000000A6 FF                     191 	.db #0xff	; 255
    000000A7 FF                     192 	.db #0xff	; 255
    000000A8 FF                     193 	.db #0xff	; 255
    000000A9 FF                     194 	.db #0xff	; 255
    000000AA FF                     195 	.db #0xff	; 255
    000000AB FF                     196 	.db #0xff	; 255
    000000AC FF                     197 	.db #0xff	; 255
    000000AD FF                     198 	.db #0xff	; 255
    000000AE FF                     199 	.db #0xff	; 255
    000000AF FF                     200 	.db #0xff	; 255
    000000B0 FF                     201 	.db #0xff	; 255
    000000B1 FF                     202 	.db #0xff	; 255
    000000B2 FF                     203 	.db #0xff	; 255
    000000B3 FF                     204 	.db #0xff	; 255
    000000B4 FF                     205 	.db #0xff	; 255
                                    206 ;src/scripts/init.c:61: void set_title_data() {
                                    207 ;	---------------------------------
                                    208 ; Function set_title_data
                                    209 ; ---------------------------------
    000000B5                        210 _set_title_data::
                                    211 ;src/scripts/init.c:62: SWITCH_ROM(2);
    000000B5 3E 02            [ 8]  212 	ld	a, #0x02
    000000B7 E0r00            [12]  213 	ldh	(__current_bank + 0), a
    000000B9 21r00r00         [12]  214 	ld	hl, #_rROMB0
    000000BC 36 02            [12]  215 	ld	(hl), #0x02
                                    216 ;src/scripts/init.c:63: set_bkg_data(0, 241, Titlescreen);
    000000BE 11r00r00         [12]  217 	ld	de, #_Titlescreen
    000000C1 D5               [16]  218 	push	de
    000000C2 21 00 F1         [12]  219 	ld	hl, #0xf100
    000000C5 E5               [16]  220 	push	hl
    000000C6 CDr00r00         [24]  221 	call	_set_bkg_data
    000000C9 E8 04            [16]  222 	add	sp, #4
                                    223 ;src/scripts/init.c:64: set_bkg_data(241, 8, TitleText);
    000000CB 11r00r00         [12]  224 	ld	de, #_TitleText
    000000CE D5               [16]  225 	push	de
    000000CF 21 F1 08         [12]  226 	ld	hl, #0x8f1
    000000D2 E5               [16]  227 	push	hl
    000000D3 CDr00r00         [24]  228 	call	_set_bkg_data
    000000D6 E8 04            [16]  229 	add	sp, #4
                                    230 ;src/scripts/init.c:65: set_bkg_tiles(0, 0, 20, 18, Title);
    000000D8 11r00r00         [12]  231 	ld	de, #_Title
    000000DB D5               [16]  232 	push	de
    000000DC 21 14 12         [12]  233 	ld	hl, #0x1214
    000000DF E5               [16]  234 	push	hl
    000000E0 AF               [ 4]  235 	xor	a, a
    000000E1 0F               [ 4]  236 	rrca
    000000E2 F5               [16]  237 	push	af
    000000E3 CDr00r00         [24]  238 	call	_set_bkg_tiles
    000000E6 E8 06            [16]  239 	add	sp, #6
                                    240 ;src/scripts/init.c:66: SWITCH_ROM(1);
    000000E8 3E 01            [ 8]  241 	ld	a, #0x01
    000000EA E0r00            [12]  242 	ldh	(__current_bank + 0), a
    000000EC 21r00r00         [12]  243 	ld	hl, #_rROMB0
    000000EF 36 01            [12]  244 	ld	(hl), #0x01
                                    245 ;src/scripts/init.c:67: play_song(6);
    000000F1 3E 06            [ 8]  246 	ld	a, #0x06
                                    247 ;src/scripts/init.c:68: }
    000000F3 C3r00r00         [16]  248 	jp	_play_song
                                    249 ;src/scripts/init.c:70: void set_game_sprites() {
                                    250 ;	---------------------------------
                                    251 ; Function set_game_sprites
                                    252 ; ---------------------------------
    000000F6                        253 _set_game_sprites::
                                    254 ;src/scripts/init.c:71: set_sprite_data(0, 4, MC_down);
    000000F6 11r00r00         [12]  255 	ld	de, #_MC_down
    000000F9 D5               [16]  256 	push	de
    000000FA 21 00 04         [12]  257 	ld	hl, #0x400
    000000FD E5               [16]  258 	push	hl
    000000FE CDr00r00         [24]  259 	call	_set_sprite_data
    00000101 E8 04            [16]  260 	add	sp, #4
                                    261 ;src/scripts/init.c:72: set_sprite_data(8, 4, MC_right);
    00000103 11r00r00         [12]  262 	ld	de, #_MC_right
    00000106 D5               [16]  263 	push	de
    00000107 21 08 04         [12]  264 	ld	hl, #0x408
    0000010A E5               [16]  265 	push	hl
    0000010B CDr00r00         [24]  266 	call	_set_sprite_data
    0000010E E8 04            [16]  267 	add	sp, #4
                                    268 ;src/scripts/init.c:73: set_sprite_data(12, 4, MC_left);
    00000110 11r00r00         [12]  269 	ld	de, #_MC_left
    00000113 D5               [16]  270 	push	de
    00000114 21 0C 04         [12]  271 	ld	hl, #0x40c
    00000117 E5               [16]  272 	push	hl
    00000118 CDr00r00         [24]  273 	call	_set_sprite_data
    0000011B E8 04            [16]  274 	add	sp, #4
                                    275 ;src/scripts/init.c:74: set_sprite_data(16, 4, Hector);
    0000011D 11r00r00         [12]  276 	ld	de, #_Hector
    00000120 D5               [16]  277 	push	de
    00000121 21 10 04         [12]  278 	ld	hl, #0x410
    00000124 E5               [16]  279 	push	hl
    00000125 CDr00r00         [24]  280 	call	_set_sprite_data
    00000128 E8 04            [16]  281 	add	sp, #4
                                    282 ;src/scripts/init.c:75: set_sprite_data(20, 4, Safy);
    0000012A 11r00r00         [12]  283 	ld	de, #_Safy
    0000012D D5               [16]  284 	push	de
    0000012E 21 14 04         [12]  285 	ld	hl, #0x414
    00000131 E5               [16]  286 	push	hl
    00000132 CDr00r00         [24]  287 	call	_set_sprite_data
    00000135 E8 04            [16]  288 	add	sp, #4
                                    289 ;src/scripts/init.c:76: set_sprite_data(50, 1, blank);
    00000137 11r95r00         [12]  290 	ld	de, #_blank
    0000013A D5               [16]  291 	push	de
    0000013B 21 32 01         [12]  292 	ld	hl, #0x132
    0000013E E5               [16]  293 	push	hl
    0000013F CDr00r00         [24]  294 	call	_set_sprite_data
    00000142 E8 04            [16]  295 	add	sp, #4
                                    296 ;src/scripts/init.c:77: set_sprite_data(51, 8, Lock);
    00000144 11r00r00         [12]  297 	ld	de, #_Lock
    00000147 D5               [16]  298 	push	de
    00000148 21 33 08         [12]  299 	ld	hl, #0x833
    0000014B E5               [16]  300 	push	hl
    0000014C CDr00r00         [24]  301 	call	_set_sprite_data
    0000014F E8 04            [16]  302 	add	sp, #4
                                    303 ;src/scripts/init.c:78: set_sprite_data(59, 2, Key);
    00000151 11r00r00         [12]  304 	ld	de, #_Key
    00000154 D5               [16]  305 	push	de
    00000155 21 3B 02         [12]  306 	ld	hl, #0x23b
    00000158 E5               [16]  307 	push	hl
    00000159 CDr00r00         [24]  308 	call	_set_sprite_data
    0000015C E8 04            [16]  309 	add	sp, #4
                                    310 ;src/scripts/init.c:79: set_sprite_data(61, 4, Mythril);
    0000015E 11r00r00         [12]  311 	ld	de, #_Mythril
    00000161 D5               [16]  312 	push	de
    00000162 21 3D 04         [12]  313 	ld	hl, #0x43d
    00000165 E5               [16]  314 	push	hl
    00000166 CDr00r00         [24]  315 	call	_set_sprite_data
    00000169 E8 04            [16]  316 	add	sp, #4
                                    317 ;src/scripts/init.c:80: set_sprite_data(65, 12, Numbers);
    0000016B 11r00r00         [12]  318 	ld	de, #_Numbers
    0000016E D5               [16]  319 	push	de
    0000016F 21 41 0C         [12]  320 	ld	hl, #0xc41
    00000172 E5               [16]  321 	push	hl
    00000173 CDr00r00         [24]  322 	call	_set_sprite_data
    00000176 E8 04            [16]  323 	add	sp, #4
                                    324 ;src/scripts/init.c:81: set_sprite_data(80, 2, Arrow);
    00000178 11r00r00         [12]  325 	ld	de, #_Arrow
    0000017B D5               [16]  326 	push	de
    0000017C 21 50 02         [12]  327 	ld	hl, #0x250
    0000017F E5               [16]  328 	push	hl
    00000180 CDr00r00         [24]  329 	call	_set_sprite_data
    00000183 E8 04            [16]  330 	add	sp, #4
                                    331 ;src/scripts/init.c:82: set_sprite_data(82, 2, Drops);
    00000185 11r00r00         [12]  332 	ld	de, #_Drops
    00000188 D5               [16]  333 	push	de
    00000189 21 52 02         [12]  334 	ld	hl, #0x252
    0000018C E5               [16]  335 	push	hl
    0000018D CDr00r00         [24]  336 	call	_set_sprite_data
    00000190 E8 04            [16]  337 	add	sp, #4
                                    338 ;src/scripts/init.c:83: }
    00000192 C9               [16]  339 	ret
                                    340 ;src/scripts/init.c:85: void set_game_gui() {
                                    341 ;	---------------------------------
                                    342 ; Function set_game_gui
                                    343 ; ---------------------------------
    00000193                        344 _set_game_gui::
                                    345 ;src/scripts/init.c:86: SWITCH_ROM(3);
    00000193 3E 03            [ 8]  346 	ld	a, #0x03
    00000195 E0r00            [12]  347 	ldh	(__current_bank + 0), a
    00000197 21r00r00         [12]  348 	ld	hl, #_rROMB0
    0000019A 36 03            [12]  349 	ld	(hl), #0x03
                                    350 ;src/scripts/init.c:87: set_bkg_data(108, 17, Minimap);
    0000019C 11r00r00         [12]  351 	ld	de, #_Minimap
    0000019F D5               [16]  352 	push	de
    000001A0 21 6C 11         [12]  353 	ld	hl, #0x116c
    000001A3 E5               [16]  354 	push	hl
    000001A4 CDr00r00         [24]  355 	call	_set_bkg_data
    000001A7 E8 04            [16]  356 	add	sp, #4
                                    357 ;src/scripts/init.c:88: SWITCH_ROM(2);
    000001A9 3E 02            [ 8]  358 	ld	a, #0x02
    000001AB E0r00            [12]  359 	ldh	(__current_bank + 0), a
    000001AD 21r00r00         [12]  360 	ld	hl, #_rROMB0
    000001B0 36 02            [12]  361 	ld	(hl), #0x02
                                    362 ;src/scripts/init.c:89: set_bkg_data(128, 51, Text);
    000001B2 11r00r00         [12]  363 	ld	de, #_Text
    000001B5 D5               [16]  364 	push	de
    000001B6 21 80 33         [12]  365 	ld	hl, #0x3380
    000001B9 E5               [16]  366 	push	hl
    000001BA CDr00r00         [24]  367 	call	_set_bkg_data
    000001BD E8 04            [16]  368 	add	sp, #4
                                    369 ;src/scripts/init.c:90: SWITCH_ROM(1);
    000001BF 3E 01            [ 8]  370 	ld	a, #0x01
    000001C1 E0r00            [12]  371 	ldh	(__current_bank + 0), a
    000001C3 21r00r00         [12]  372 	ld	hl, #_rROMB0
    000001C6 36 01            [12]  373 	ld	(hl), #0x01
                                    374 ;src/scripts/init.c:91: set_bkg_data(179, 9, Textbox);
    000001C8 11r00r00         [12]  375 	ld	de, #_Textbox
    000001CB D5               [16]  376 	push	de
    000001CC 21 B3 09         [12]  377 	ld	hl, #0x9b3
    000001CF E5               [16]  378 	push	hl
    000001D0 CDr00r00         [24]  379 	call	_set_bkg_data
    000001D3 E8 04            [16]  380 	add	sp, #4
                                    381 ;src/scripts/init.c:92: set_bkg_data(188, 16, Mugshot);
    000001D5 11r00r00         [12]  382 	ld	de, #_Mugshot
    000001D8 D5               [16]  383 	push	de
    000001D9 21 BC 10         [12]  384 	ld	hl, #0x10bc
    000001DC E5               [16]  385 	push	hl
    000001DD CDr00r00         [24]  386 	call	_set_bkg_data
    000001E0 E8 04            [16]  387 	add	sp, #4
                                    388 ;src/scripts/init.c:93: SWITCH_ROM(2);
    000001E2 3E 02            [ 8]  389 	ld	a, #0x02
    000001E4 E0r00            [12]  390 	ldh	(__current_bank + 0), a
    000001E6 21r00r00         [12]  391 	ld	hl, #_rROMB0
    000001E9 36 02            [12]  392 	ld	(hl), #0x02
                                    393 ;src/scripts/init.c:94: set_bkg_data(220, 4, MiniGUI);
    000001EB 11r00r00         [12]  394 	ld	de, #_MiniGUI
    000001EE D5               [16]  395 	push	de
    000001EF 21 DC 04         [12]  396 	ld	hl, #0x4dc
    000001F2 E5               [16]  397 	push	hl
    000001F3 CDr00r00         [24]  398 	call	_set_bkg_data
    000001F6 E8 04            [16]  399 	add	sp, #4
                                    400 ;src/scripts/init.c:95: SWITCH_ROM(1);
    000001F8 3E 01            [ 8]  401 	ld	a, #0x01
    000001FA E0r00            [12]  402 	ldh	(__current_bank + 0), a
    000001FC 21r00r00         [12]  403 	ld	hl, #_rROMB0
    000001FF 36 01            [12]  404 	ld	(hl), #0x01
                                    405 ;src/scripts/init.c:96: set_bkg_data(225, 20, Objects);
    00000201 11r00r00         [12]  406 	ld	de, #_Objects
    00000204 D5               [16]  407 	push	de
    00000205 21 E1 14         [12]  408 	ld	hl, #0x14e1
    00000208 E5               [16]  409 	push	hl
    00000209 CDr00r00         [24]  410 	call	_set_bkg_data
    0000020C E8 04            [16]  411 	add	sp, #4
                                    412 ;src/scripts/init.c:97: set_bkg_data(245, 1, arrow);
    0000020E 11r00r00         [12]  413 	ld	de, #_arrow
    00000211 D5               [16]  414 	push	de
    00000212 21 F5 01         [12]  415 	ld	hl, #0x1f5
    00000215 E5               [16]  416 	push	hl
    00000216 CDr00r00         [24]  417 	call	_set_bkg_data
    00000219 E8 04            [16]  418 	add	sp, #4
                                    419 ;src/scripts/init.c:98: set_bkg_data(246, 1, black);
    0000021B 11rA5r00         [12]  420 	ld	de, #_black
    0000021E D5               [16]  421 	push	de
    0000021F 21 F6 01         [12]  422 	ld	hl, #0x1f6
    00000222 E5               [16]  423 	push	hl
    00000223 CDr00r00         [24]  424 	call	_set_bkg_data
    00000226 E8 04            [16]  425 	add	sp, #4
                                    426 ;c:\users\utente\desktop\tirocinio\gbdk-win64\gbdk\include\gb\gb.h:1739: WX_REG=x, WY_REG=y;
    00000228 3E 07            [ 8]  427 	ld	a, #0x07
    0000022A E0r00            [12]  428 	ldh	(_WX_REG + 0), a
    0000022C 3E 88            [ 8]  429 	ld	a, #0x88
    0000022E E0r00            [12]  430 	ldh	(_WY_REG + 0), a
                                    431 ;src/scripts/init.c:100: set_mini_menu();
    00000230 1Er00            [ 8]  432 	ld	e, #b_set_mini_menu
    00000232 21r00r00         [12]  433 	ld	hl, #_set_mini_menu
    00000235 CDr00r00         [24]  434 	call	___sdcc_bcall_ehl
                                    435 ;c:\users\utente\desktop\tirocinio\gbdk-win64\gbdk\include\gb\gb.h:1887: shadow_OAM[nb].tile=tile;
    00000238 21r12r00         [12]  436 	ld	hl, #(_shadow_OAM + 18)
    0000023B 36 00            [12]  437 	ld	(hl), #0x00
    0000023D 21r16r00         [12]  438 	ld	hl, #(_shadow_OAM + 22)
    00000240 36 01            [12]  439 	ld	(hl), #0x01
    00000242 21r1Ar00         [12]  440 	ld	hl, #(_shadow_OAM + 26)
    00000245 36 02            [12]  441 	ld	(hl), #0x02
    00000247 21r1Er00         [12]  442 	ld	hl, #(_shadow_OAM + 30)
    0000024A 36 03            [12]  443 	ld	(hl), #0x03
    0000024C 21r8Er00         [12]  444 	ld	hl, #(_shadow_OAM + 142)
    0000024F 36 3D            [12]  445 	ld	(hl), #0x3d
    00000251 21r92r00         [12]  446 	ld	hl, #(_shadow_OAM + 146)
    00000254 36 3E            [12]  447 	ld	(hl), #0x3e
    00000256 21r96r00         [12]  448 	ld	hl, #(_shadow_OAM + 150)
    00000259 36 3F            [12]  449 	ld	(hl), #0x3f
    0000025B 21r9Ar00         [12]  450 	ld	hl, #(_shadow_OAM + 154)
    0000025E 36 40            [12]  451 	ld	(hl), #0x40
                                    452 ;src/scripts/init.c:112: set_sprite_tile(38, 64);
                                    453 ;src/scripts/init.c:113: }
    00000260 C9               [16]  454 	ret
                                    455 	.area _CODE
                                    456 	.area _INITIALIZER
                                    457 	.area _CABS (ABS)
