                                      1 ;--------------------------------------------------------
                                      2 ; File Created by SDCC : free open source ISO C Compiler
                                      3 ; Version 4.5.1 #15267 (Linux)
                                      4 ;--------------------------------------------------------
                                      5 	.module insert_name
                                      6 	
                                      7 ;--------------------------------------------------------
                                      8 ; Public variables in this module
                                      9 ;--------------------------------------------------------
                                     10 	.globl _set_sprite_data
                                     11 	.globl _set_bkg_tiles
                                     12 	.globl _wait_vbl_done
                                     13 	.globl _joypad
                                     14 	.globl _delay
                                     15 	.globl _curr_letter
                                     16 	.globl _option_y
                                     17 	.globl _option_x
                                     18 	.globl _char_option
                                     19 	.globl _name_arrow
                                     20 	.globl b_insert_name
                                     21 	.globl _insert_name
                                     22 	.globl _check_name_input
                                     23 ;--------------------------------------------------------
                                     24 ; special function registers
                                     25 ;--------------------------------------------------------
                                     26 	.area _HRAM
                                     27 ;--------------------------------------------------------
                                     28 ; ram data
                                     29 ;--------------------------------------------------------
                                     30 	.area _DATA
                                     31 ;--------------------------------------------------------
                                     32 ; ram data
                                     33 ;--------------------------------------------------------
                                     34 	.area _INITIALIZED
    00000000                         35 _char_option::
    00000000                         36 	.ds 1
    00000001                         37 _option_x::
    00000001                         38 	.ds 1
    00000002                         39 _option_y::
    00000002                         40 	.ds 1
    00000003                         41 _curr_letter::
    00000003                         42 	.ds 1
                                     43 ;--------------------------------------------------------
                                     44 ; absolute external ram data
                                     45 ;--------------------------------------------------------
                                     46 	.area _DABS (ABS)
                                     47 ;--------------------------------------------------------
                                     48 ; global & static initialisations
                                     49 ;--------------------------------------------------------
                                     50 	.area _HOME
                                     51 	.area _GSINIT
                                     52 	.area _GSFINAL
                                     53 	.area _GSINIT
                                     54 ;--------------------------------------------------------
                                     55 ; Home
                                     56 ;--------------------------------------------------------
                                     57 	.area _HOME
                                     58 	.area _HOME
                                     59 ;--------------------------------------------------------
                                     60 ; code
                                     61 ;--------------------------------------------------------
                                     62 	.area _CODE_3
                                     63 ;src/scripts/insert_name.c:23: void insert_name() BANKED {
                                     64 ;	---------------------------------
                                     65 ; Function insert_name
                                     66 ; ---------------------------------
                         00000003    67 	b_insert_name	= 3
    00000000                         68 _insert_name::
                                     69 ;src/scripts/insert_name.c:24: set_sprite_data(4, 1, name_arrow);
    00000000 11rB7r00         [12]   70 	ld	de, #_name_arrow
    00000003 D5               [16]   71 	push	de
    00000004 21 04 01         [12]   72 	ld	hl, #0x104
    00000007 E5               [16]   73 	push	hl
    00000008 CDr00r00         [24]   74 	call	_set_sprite_data
    0000000B E8 04            [16]   75 	add	sp, #4
                                     76 ;/opt/gbdk/include/gb/gb.h:1887: shadow_OAM[nb].tile=tile;
    0000000D 21r02r00         [12]   77 	ld	hl, #(_shadow_OAM + 2)
    00000010 36 00            [12]   78 	ld	(hl), #0x00
    00000012 21r06r00         [12]   79 	ld	hl, #(_shadow_OAM + 6)
    00000015 36 01            [12]   80 	ld	(hl), #0x01
    00000017 21r0Ar00         [12]   81 	ld	hl, #(_shadow_OAM + 10)
    0000001A 36 02            [12]   82 	ld	(hl), #0x02
    0000001C 21r0Er00         [12]   83 	ld	hl, #(_shadow_OAM + 14)
    0000001F 36 03            [12]   84 	ld	(hl), #0x03
    00000021 21r12r00         [12]   85 	ld	hl, #(_shadow_OAM + 18)
    00000024 36 04            [12]   86 	ld	(hl), #0x04
                                     87 ;/opt/gbdk/include/gb/gb.h:1973: OAM_item_t * itm = &shadow_OAM[nb];
    00000026 21r00r00         [12]   88 	ld	hl, #_shadow_OAM
                                     89 ;/opt/gbdk/include/gb/gb.h:1974: itm->y=y, itm->x=x;
    00000029 3E 30            [ 8]   90 	ld	a, #0x30
    0000002B 22               [ 8]   91 	ld	(hl+), a
    0000002C 36 88            [12]   92 	ld	(hl), #0x88
                                     93 ;/opt/gbdk/include/gb/gb.h:1973: OAM_item_t * itm = &shadow_OAM[nb];
    0000002E 21r04r00         [12]   94 	ld	hl, #(_shadow_OAM + 4)
                                     95 ;/opt/gbdk/include/gb/gb.h:1974: itm->y=y, itm->x=x;
    00000031 3E 30            [ 8]   96 	ld	a, #0x30
    00000033 22               [ 8]   97 	ld	(hl+), a
    00000034 36 90            [12]   98 	ld	(hl), #0x90
                                     99 ;/opt/gbdk/include/gb/gb.h:1973: OAM_item_t * itm = &shadow_OAM[nb];
    00000036 21r08r00         [12]  100 	ld	hl, #(_shadow_OAM + 8)
                                    101 ;/opt/gbdk/include/gb/gb.h:1974: itm->y=y, itm->x=x;
    00000039 3E 38            [ 8]  102 	ld	a, #0x38
    0000003B 22               [ 8]  103 	ld	(hl+), a
    0000003C 36 88            [12]  104 	ld	(hl), #0x88
                                    105 ;/opt/gbdk/include/gb/gb.h:1973: OAM_item_t * itm = &shadow_OAM[nb];
    0000003E 21r0Cr00         [12]  106 	ld	hl, #(_shadow_OAM + 12)
                                    107 ;/opt/gbdk/include/gb/gb.h:1974: itm->y=y, itm->x=x;
    00000041 3E 38            [ 8]  108 	ld	a, #0x38
    00000043 22               [ 8]  109 	ld	(hl+), a
    00000044 36 90            [12]  110 	ld	(hl), #0x90
                                    111 ;src/scripts/insert_name.c:34: set_bkg_tiles(0, 0, 20, 18, NameMap);
    00000046 11r00r00         [12]  112 	ld	de, #_NameMap
    00000049 D5               [16]  113 	push	de
    0000004A 21 14 12         [12]  114 	ld	hl, #0x1214
    0000004D E5               [16]  115 	push	hl
    0000004E AF               [ 4]  116 	xor	a, a
    0000004F 0F               [ 4]  117 	rrca
    00000050 F5               [16]  118 	push	af
    00000051 CDr00r00         [24]  119 	call	_set_bkg_tiles
    00000054 E8 06            [16]  120 	add	sp, #6
                                    121 ;src/scripts/insert_name.c:35: SHOW_SPRITES;
    00000056 F0r00            [12]  122 	ldh	a, (_LCDC_REG + 0)
    00000058 F6 02            [ 8]  123 	or	a, #0x02
    0000005A E0r00            [12]  124 	ldh	(_LCDC_REG + 0), a
                                    125 ;src/scripts/insert_name.c:36: DISPLAY_ON;
    0000005C F0r00            [12]  126 	ldh	a, (_LCDC_REG + 0)
    0000005E F6 80            [ 8]  127 	or	a, #0x80
    00000060 E0r00            [12]  128 	ldh	(_LCDC_REG + 0), a
                                    129 ;src/scripts/insert_name.c:37: while (1) {
    00000062                        130 00108$:
                                    131 ;src/scripts/insert_name.c:38: check_name_input();
    00000062 CDrC7r00         [24]  132 	call	_check_name_input
                                    133 ;src/scripts/insert_name.c:39: move_sprite(4, option_x, option_y);
    00000065 FAr02r00         [16]  134 	ld	a, (_option_y)
    00000068 47               [ 4]  135 	ld	b, a
    00000069 FAr01r00         [16]  136 	ld	a, (_option_x)
    0000006C 4F               [ 4]  137 	ld	c, a
                                    138 ;/opt/gbdk/include/gb/gb.h:1973: OAM_item_t * itm = &shadow_OAM[nb];
    0000006D 21r10r00         [12]  139 	ld	hl, #(_shadow_OAM + 16)
                                    140 ;/opt/gbdk/include/gb/gb.h:1974: itm->y=y, itm->x=x;
    00000070 78               [ 4]  141 	ld	a, b
    00000071 22               [ 8]  142 	ld	(hl+), a
    00000072 71               [ 8]  143 	ld	(hl), c
                                    144 ;src/scripts/insert_name.c:40: if (joypad() & J_START && player_name[0] != 164) {
    00000073 CDr00r00         [24]  145 	call	_joypad
    00000076 07               [ 4]  146 	rlca
    00000077 30 39            [12]  147 	jr	NC, 00105$
    00000079 FAr00r00         [16]  148 	ld	a, (#_player_name + 0)
    0000007C D6 A4            [ 8]  149 	sub	a, #0xa4
    0000007E 28 32            [12]  150 	jr	Z, 00105$
                                    151 ;src/scripts/insert_name.c:41: for (int i = 0; i < 5; i++) {
    00000080 0E 00            [ 8]  152 	ld	c, #0x00
    00000082                        153 00125$:
    00000082 79               [ 4]  154 	ld	a, c
    00000083 D6 05            [ 8]  155 	sub	a, #0x05
    00000085 30 10            [12]  156 	jr	NC, 00103$
                                    157 ;src/scripts/insert_name.c:42: if (player_name[i] == 164) {
    00000087 21r00r00         [12]  158 	ld	hl, #_player_name
    0000008A 06 00            [ 8]  159 	ld	b, #0x00
    0000008C 09               [ 8]  160 	add	hl, bc
    0000008D 7E               [ 8]  161 	ld	a, (hl)
    0000008E D6 A4            [ 8]  162 	sub	a, #0xa4
    00000090 20 02            [12]  163 	jr	NZ, 00126$
                                    164 ;src/scripts/insert_name.c:43: player_name[i] = 187;
    00000092 36 BB            [12]  165 	ld	(hl), #0xbb
    00000094                        166 00126$:
                                    167 ;src/scripts/insert_name.c:41: for (int i = 0; i < 5; i++) {
    00000094 0C               [ 4]  168 	inc	c
    00000095 18 EB            [12]  169 	jr	00125$
    00000097                        170 00103$:
                                    171 ;src/scripts/insert_name.c:46: delay(150);
    00000097 11 96 00         [12]  172 	ld	de, #0x0096
    0000009A CDr00r00         [24]  173 	call	_delay
                                    174 ;/opt/gbdk/include/gb/gb.h:1887: shadow_OAM[nb].tile=tile;
    0000009D 21r02r00         [12]  175 	ld	hl, #(_shadow_OAM + 2)
    000000A0 36 32            [12]  176 	ld	(hl), #0x32
    000000A2 21r06r00         [12]  177 	ld	hl, #(_shadow_OAM + 6)
    000000A5 36 32            [12]  178 	ld	(hl), #0x32
    000000A7 21r0Ar00         [12]  179 	ld	hl, #(_shadow_OAM + 10)
    000000AA 36 32            [12]  180 	ld	(hl), #0x32
    000000AC 21r0Er00         [12]  181 	ld	hl, #(_shadow_OAM + 14)
    000000AF 36 32            [12]  182 	ld	(hl), #0x32
                                    183 ;src/scripts/insert_name.c:51: return;
    000000B1 C9               [16]  184 	ret
    000000B2                        185 00105$:
                                    186 ;src/scripts/insert_name.c:53: wait_vbl_done();
    000000B2 CDr00r00         [24]  187 	call	_wait_vbl_done
                                    188 ;src/scripts/insert_name.c:55: }
    000000B5 18 AB            [12]  189 	jr	00108$
    000000B7                        190 _name_arrow:
    000000B7 00                     191 	.db #0x00	; 0
    000000B8 FF                     192 	.db #0xff	; 255
    000000B9 00                     193 	.db #0x00	; 0
    000000BA 81                     194 	.db #0x81	; 129
    000000BB 00                     195 	.db #0x00	; 0
    000000BC 81                     196 	.db #0x81	; 129
    000000BD 00                     197 	.db #0x00	; 0
    000000BE 81                     198 	.db #0x81	; 129
    000000BF 00                     199 	.db #0x00	; 0
    000000C0 81                     200 	.db #0x81	; 129
    000000C1 00                     201 	.db #0x00	; 0
    000000C2 81                     202 	.db #0x81	; 129
    000000C3 00                     203 	.db #0x00	; 0
    000000C4 81                     204 	.db #0x81	; 129
    000000C5 00                     205 	.db #0x00	; 0
    000000C6 FF                     206 	.db #0xff	; 255
                                    207 ;src/scripts/insert_name.c:57: void check_name_input() {
                                    208 ;	---------------------------------
                                    209 ; Function check_name_input
                                    210 ; ---------------------------------
    000000C7                        211 _check_name_input::
                                    212 ;src/scripts/insert_name.c:58: if (joypad() & J_LEFT && char_option > 0) {
    000000C7 CDr00r00         [24]  213 	call	_joypad
    000000CA CB 4F            [ 8]  214 	bit	1, a
    000000CC 28 2A            [12]  215 	jr	Z, 00129$
    000000CE 21r00r00         [12]  216 	ld	hl, #_char_option
    000000D1 7E               [ 8]  217 	ld	a, (hl)
    000000D2 B7               [ 4]  218 	or	a, a
    000000D3 28 23            [12]  219 	jr	Z, 00129$
                                    220 ;src/scripts/insert_name.c:59: char_option--;
    000000D5 35               [12]  221 	dec	(hl)
                                    222 ;src/scripts/insert_name.c:60: option_x -= 16;
    000000D6 FAr01r00         [16]  223 	ld	a, (_option_x)
    000000D9 C6 F0            [ 8]  224 	add	a, #0xf0
    000000DB EAr01r00         [16]  225 	ld	(#_option_x),a
                                    226 ;src/scripts/insert_name.c:61: if (char_option % 8 == 7) {
    000000DE FAr00r00         [16]  227 	ld	a, (_char_option)
    000000E1 E6 07            [ 8]  228 	and	a, #0x07
    000000E3 D6 07            [ 8]  229 	sub	a, #0x07
    000000E5 20 08            [12]  230 	jr	NZ, 00102$
                                    231 ;src/scripts/insert_name.c:62: option_y-=16;
    000000E7 FAr02r00         [16]  232 	ld	a, (_option_y)
    000000EA C6 F0            [ 8]  233 	add	a, #0xf0
    000000EC EAr02r00         [16]  234 	ld	(#_option_y),a
    000000EF                        235 00102$:
                                    236 ;src/scripts/insert_name.c:64: delay(100);
    000000EF 11 64 00         [12]  237 	ld	de, #0x0064
    000000F2 CDr00r00         [24]  238 	call	_delay
    000000F5 C3rE5r01         [16]  239 	jp	00130$
    000000F8                        240 00129$:
                                    241 ;src/scripts/insert_name.c:66: else if (joypad() & J_RIGHT && char_option < 35) {
    000000F8 CDr00r00         [24]  242 	call	_joypad
    000000FB 0F               [ 4]  243 	rrca
    000000FC 30 29            [12]  244 	jr	NC, 00125$
    000000FE 21r00r00         [12]  245 	ld	hl, #_char_option
    00000101 7E               [ 8]  246 	ld	a, (hl)
    00000102 D6 23            [ 8]  247 	sub	a, #0x23
    00000104 30 21            [12]  248 	jr	NC, 00125$
                                    249 ;src/scripts/insert_name.c:67: char_option++;
    00000106 34               [12]  250 	inc	(hl)
                                    251 ;src/scripts/insert_name.c:68: option_x += 16;
    00000107 FAr01r00         [16]  252 	ld	a, (_option_x)
    0000010A C6 10            [ 8]  253 	add	a, #0x10
    0000010C EAr01r00         [16]  254 	ld	(#_option_x),a
                                    255 ;src/scripts/insert_name.c:69: if (char_option % 8 == 0) {
    0000010F FAr00r00         [16]  256 	ld	a, (_char_option)
    00000112 E6 07            [ 8]  257 	and	a, #0x07
    00000114 20 08            [12]  258 	jr	NZ, 00104$
                                    259 ;src/scripts/insert_name.c:70: option_y+=16;
    00000116 FAr02r00         [16]  260 	ld	a, (_option_y)
    00000119 C6 10            [ 8]  261 	add	a, #0x10
    0000011B EAr02r00         [16]  262 	ld	(#_option_y),a
    0000011E                        263 00104$:
                                    264 ;src/scripts/insert_name.c:72: delay(100);
    0000011E 11 64 00         [12]  265 	ld	de, #0x0064
    00000121 CDr00r00         [24]  266 	call	_delay
    00000124 C3rE5r01         [16]  267 	jp	00130$
    00000127                        268 00125$:
                                    269 ;src/scripts/insert_name.c:74: else if (joypad() & J_UP && char_option > 7) {
    00000127 CDr00r00         [24]  270 	call	_joypad
    0000012A CB 57            [ 8]  271 	bit	2, a
    0000012C 28 1D            [12]  272 	jr	Z, 00121$
    0000012E 3E 07            [ 8]  273 	ld	a, #0x07
    00000130 21r00r00         [12]  274 	ld	hl, #_char_option
    00000133 96               [ 8]  275 	sub	a, (hl)
    00000134 30 15            [12]  276 	jr	NC, 00121$
                                    277 ;src/scripts/insert_name.c:75: char_option-=8;
    00000136 7E               [ 8]  278 	ld	a, (hl)
    00000137 C6 F8            [ 8]  279 	add	a, #0xf8
    00000139 77               [ 8]  280 	ld	(hl), a
                                    281 ;src/scripts/insert_name.c:76: option_y-= 16;
    0000013A FAr02r00         [16]  282 	ld	a, (_option_y)
    0000013D C6 F0            [ 8]  283 	add	a, #0xf0
    0000013F EAr02r00         [16]  284 	ld	(#_option_y),a
                                    285 ;src/scripts/insert_name.c:77: delay(100);
    00000142 11 64 00         [12]  286 	ld	de, #0x0064
    00000145 CDr00r00         [24]  287 	call	_delay
    00000148 C3rE5r01         [16]  288 	jp	00130$
    0000014B                        289 00121$:
                                    290 ;src/scripts/insert_name.c:79: else if (joypad() & J_DOWN && char_option < 28) {
    0000014B CDr00r00         [24]  291 	call	_joypad
    0000014E CB 5F            [ 8]  292 	bit	3, a
    00000150 28 1B            [12]  293 	jr	Z, 00117$
    00000152 21r00r00         [12]  294 	ld	hl, #_char_option
                                    295 ;src/scripts/insert_name.c:80: char_option+=8;
    00000155 7E               [ 8]  296 	ld	a,(hl)
    00000156 FE 1C            [ 8]  297 	cp	a,#0x1c
    00000158 30 13            [12]  298 	jr	NC, 00117$
    0000015A C6 08            [ 8]  299 	add	a, #0x08
    0000015C 77               [ 8]  300 	ld	(hl), a
                                    301 ;src/scripts/insert_name.c:81: option_y+=16;
    0000015D FAr02r00         [16]  302 	ld	a, (_option_y)
    00000160 C6 10            [ 8]  303 	add	a, #0x10
    00000162 EAr02r00         [16]  304 	ld	(#_option_y),a
                                    305 ;src/scripts/insert_name.c:82: delay(100);
    00000165 11 64 00         [12]  306 	ld	de, #0x0064
    00000168 CDr00r00         [24]  307 	call	_delay
    0000016B 18 78            [12]  308 	jr	00130$
    0000016D                        309 00117$:
                                    310 ;src/scripts/insert_name.c:84: else if (joypad() & J_A && curr_letter < 5) {
    0000016D CDr00r00         [24]  311 	call	_joypad
    00000170 CB 67            [ 8]  312 	bit	4, a
    00000172 28 3B            [12]  313 	jr	Z, 00113$
    00000174 21r03r00         [12]  314 	ld	hl, #_curr_letter
    00000177 7E               [ 8]  315 	ld	a, (hl)
    00000178 D6 05            [ 8]  316 	sub	a, #0x05
    0000017A 30 33            [12]  317 	jr	NC, 00113$
                                    318 ;src/scripts/insert_name.c:85: player_name[curr_letter] = OFFSET + char_option;
    0000017C 01r00r00         [12]  319 	ld	bc, #_player_name+0
    0000017F 79               [ 4]  320 	ld	a, c
    00000180 86               [ 8]  321 	add	a, (hl)
    00000181 5F               [ 4]  322 	ld	e, a
    00000182 78               [ 4]  323 	ld	a, b
    00000183 CE 00            [ 8]  324 	adc	a, #0x00
    00000185 57               [ 4]  325 	ld	d, a
    00000186 FAr00r00         [16]  326 	ld	a, (_char_option)
    00000189 C6 80            [ 8]  327 	add	a, #0x80
    0000018B 12               [ 8]  328 	ld	(de), a
                                    329 ;src/scripts/insert_name.c:86: curr_letter++;
    0000018C 34               [12]  330 	inc	(hl)
                                    331 ;src/scripts/insert_name.c:87: set_bkg_tiles(8, 4, 5, 1, player_name);
    0000018D C5               [16]  332 	push	bc
    0000018E 21 05 01         [12]  333 	ld	hl, #0x105
    00000191 E5               [16]  334 	push	hl
    00000192 21 08 04         [12]  335 	ld	hl, #0x408
    00000195 E5               [16]  336 	push	hl
    00000196 CDr00r00         [24]  337 	call	_set_bkg_tiles
    00000199 E8 06            [16]  338 	add	sp, #6
                                    339 ;src/scripts/insert_name.c:88: if (curr_letter == 5) {
    0000019B FAr03r00         [16]  340 	ld	a, (#_curr_letter)
    0000019E D6 05            [ 8]  341 	sub	a, #0x05
    000001A0 20 05            [12]  342 	jr	NZ, 00106$
                                    343 ;src/scripts/insert_name.c:89: curr_letter = 4;
    000001A2 21r03r00         [12]  344 	ld	hl, #_curr_letter
    000001A5 36 04            [12]  345 	ld	(hl), #0x04
    000001A7                        346 00106$:
                                    347 ;src/scripts/insert_name.c:91: delay(150);
    000001A7 11 96 00         [12]  348 	ld	de, #0x0096
    000001AA CDr00r00         [24]  349 	call	_delay
    000001AD 18 36            [12]  350 	jr	00130$
    000001AF                        351 00113$:
                                    352 ;src/scripts/insert_name.c:93: else if (joypad() & J_B && curr_letter >= 0) {
    000001AF CDr00r00         [24]  353 	call	_joypad
    000001B2 CB 6F            [ 8]  354 	bit	5, a
    000001B4 28 2F            [12]  355 	jr	Z, 00130$
                                    356 ;src/scripts/insert_name.c:95: player_name[curr_letter] = 164;
    000001B6 01r00r00         [12]  357 	ld	bc, #_player_name+0
    000001B9 79               [ 4]  358 	ld	a, c
    000001BA 21r03r00         [12]  359 	ld	hl, #_curr_letter
    000001BD 86               [ 8]  360 	add	a, (hl)
    000001BE 5F               [ 4]  361 	ld	e, a
    000001BF 78               [ 4]  362 	ld	a, b
    000001C0 CE 00            [ 8]  363 	adc	a, #0x00
    000001C2 57               [ 4]  364 	ld	d, a
    000001C3 3E A4            [ 8]  365 	ld	a, #0xa4
    000001C5 12               [ 8]  366 	ld	(de), a
                                    367 ;src/scripts/insert_name.c:96: curr_letter--;
    000001C6 35               [12]  368 	dec	(hl)
                                    369 ;src/scripts/insert_name.c:97: set_bkg_tiles(8, 4, 5, 1, player_name);
    000001C7 C5               [16]  370 	push	bc
    000001C8 21 05 01         [12]  371 	ld	hl, #0x105
    000001CB E5               [16]  372 	push	hl
    000001CC 21 08 04         [12]  373 	ld	hl, #0x408
    000001CF E5               [16]  374 	push	hl
    000001D0 CDr00r00         [24]  375 	call	_set_bkg_tiles
    000001D3 E8 06            [16]  376 	add	sp, #6
                                    377 ;src/scripts/insert_name.c:98: if (curr_letter > 6) {
    000001D5 3E 06            [ 8]  378 	ld	a, #0x06
    000001D7 21r03r00         [12]  379 	ld	hl, #_curr_letter
    000001DA 96               [ 8]  380 	sub	a, (hl)
    000001DB 30 02            [12]  381 	jr	NC, 00108$
                                    382 ;src/scripts/insert_name.c:99: curr_letter = 0;
    000001DD 36 00            [12]  383 	ld	(hl), #0x00
    000001DF                        384 00108$:
                                    385 ;src/scripts/insert_name.c:101: delay(150);
    000001DF 11 96 00         [12]  386 	ld	de, #0x0096
    000001E2 CDr00r00         [24]  387 	call	_delay
    000001E5                        388 00130$:
                                    389 ;src/scripts/insert_name.c:103: if (char_option % 8 == 0) {
    000001E5 FAr00r00         [16]  390 	ld	a, (_char_option)
    000001E8 E6 07            [ 8]  391 	and	a, #0x07
    000001EA 20 06            [12]  392 	jr	NZ, 00141$
                                    393 ;src/scripts/insert_name.c:104: option_x = 24;
    000001EC 21r01r00         [12]  394 	ld	hl, #_option_x
    000001EF 36 18            [12]  395 	ld	(hl), #0x18
    000001F1 C9               [16]  396 	ret
    000001F2                        397 00141$:
                                    398 ;src/scripts/insert_name.c:106: else if (char_option % 8 == 3) {
    000001F2 FE 03            [ 8]  399 	cp	a, #0x03
    000001F4 20 06            [12]  400 	jr	NZ, 00138$
                                    401 ;src/scripts/insert_name.c:107: option_x = 72;
    000001F6 21r01r00         [12]  402 	ld	hl, #_option_x
    000001F9 36 48            [12]  403 	ld	(hl), #0x48
    000001FB C9               [16]  404 	ret
    000001FC                        405 00138$:
                                    406 ;src/scripts/insert_name.c:109: else if (char_option % 8 == 4) {
    000001FC FE 04            [ 8]  407 	cp	a, #0x04
    000001FE 20 06            [12]  408 	jr	NZ, 00135$
                                    409 ;src/scripts/insert_name.c:110: option_x = 96;
    00000200 21r01r00         [12]  410 	ld	hl, #_option_x
    00000203 36 60            [12]  411 	ld	(hl), #0x60
    00000205 C9               [16]  412 	ret
    00000206                        413 00135$:
                                    414 ;src/scripts/insert_name.c:112: else if (char_option % 8 == 7) {
    00000206 D6 07            [ 8]  415 	sub	a, #0x07
    00000208 C0               [20]  416 	ret	NZ
                                    417 ;src/scripts/insert_name.c:113: option_x = 144;
    00000209 21r01r00         [12]  418 	ld	hl, #_option_x
    0000020C 36 90            [12]  419 	ld	(hl), #0x90
                                    420 ;src/scripts/insert_name.c:115: }
    0000020E C9               [16]  421 	ret
                                    422 	.area _CODE_3
                                    423 	.area _INITIALIZER
    00000000                        424 __xinit__char_option:
    00000000 00                     425 	.db #0x00	; 0
    00000001                        426 __xinit__option_x:
    00000001 18                     427 	.db #0x18	; 24
    00000002                        428 __xinit__option_y:
    00000002 48                     429 	.db #0x48	; 72	'H'
    00000003                        430 __xinit__curr_letter:
    00000003 00                     431 	.db #0x00	; 0
                                    432 	.area _CABS (ABS)
