                                      1 ;--------------------------------------------------------
                                      2 ; File Created by SDCC : free open source ISO C Compiler
                                      3 ; Version 4.5.1 #15267 (MINGW64)
                                      4 ;--------------------------------------------------------
                                      5 	.module player_vars
                                      6 	
                                      7 ;--------------------------------------------------------
                                      8 ; Public variables in this module
                                      9 ;--------------------------------------------------------
                                     10 	.globl _obt_exp
                                     11 	.globl _obt_mythril
                                     12 	.globl _minerals
                                     13 	.globl _max_num_arrows
                                     14 	.globl _num_arrows
                                     15 	.globl _arrow_damage
                                     16 	.globl _heal_quantity
                                     17 	.globl _heals
                                     18 	.globl _max_heals
                                     19 	.globl _potion_heal_lvl
                                     20 	.globl _potion_quant_lvl
                                     21 	.globl _quiver_lvl
                                     22 	.globl _arrow_lvl
                                     23 	.globl _shield_lvl
                                     24 	.globl _sword_lvl
                                     25 	.globl _experience
                                     26 	.globl _level
                                     27 	.globl _defense
                                     28 	.globl _attack
                                     29 	.globl _current_hp
                                     30 	.globl _max_hp
                                     31 	.globl _player_name
                                     32 	.globl _last_direction
                                     33 	.globl _y
                                     34 	.globl _x
                                     35 	.globl _player_coords
                                     36 ;--------------------------------------------------------
                                     37 ; special function registers
                                     38 ;--------------------------------------------------------
                                     39 	.area _HRAM
                                     40 ;--------------------------------------------------------
                                     41 ; ram data
                                     42 ;--------------------------------------------------------
                                     43 	.area _DATA
    00000000                         44 _player_coords::
    00000000                         45 	.ds 2
                                     46 ;--------------------------------------------------------
                                     47 ; ram data
                                     48 ;--------------------------------------------------------
                                     49 	.area _INITIALIZED
    00000000                         50 _x::
    00000000                         51 	.ds 1
    00000001                         52 _y::
    00000001                         53 	.ds 1
    00000002                         54 _last_direction::
    00000002                         55 	.ds 1
    00000003                         56 _player_name::
    00000003                         57 	.ds 5
    00000008                         58 _max_hp::
    00000008                         59 	.ds 1
    00000009                         60 _current_hp::
    00000009                         61 	.ds 1
    0000000A                         62 _attack::
    0000000A                         63 	.ds 1
    0000000B                         64 _defense::
    0000000B                         65 	.ds 1
    0000000C                         66 _level::
    0000000C                         67 	.ds 1
    0000000D                         68 _experience::
    0000000D                         69 	.ds 2
    0000000F                         70 _sword_lvl::
    0000000F                         71 	.ds 1
    00000010                         72 _shield_lvl::
    00000010                         73 	.ds 1
    00000011                         74 _arrow_lvl::
    00000011                         75 	.ds 1
    00000012                         76 _quiver_lvl::
    00000012                         77 	.ds 1
    00000013                         78 _potion_quant_lvl::
    00000013                         79 	.ds 1
    00000014                         80 _potion_heal_lvl::
    00000014                         81 	.ds 1
    00000015                         82 _max_heals::
    00000015                         83 	.ds 1
    00000016                         84 _heals::
    00000016                         85 	.ds 1
    00000017                         86 _heal_quantity::
    00000017                         87 	.ds 1
    00000018                         88 _arrow_damage::
    00000018                         89 	.ds 1
    00000019                         90 _num_arrows::
    00000019                         91 	.ds 1
    0000001A                         92 _max_num_arrows::
    0000001A                         93 	.ds 1
    0000001B                         94 _minerals::
    0000001B                         95 	.ds 1
    0000001C                         96 _obt_mythril::
    0000001C                         97 	.ds 1
    0000001D                         98 _obt_exp::
    0000001D                         99 	.ds 1
                                    100 ;--------------------------------------------------------
                                    101 ; absolute external ram data
                                    102 ;--------------------------------------------------------
                                    103 	.area _DABS (ABS)
                                    104 ;--------------------------------------------------------
                                    105 ; global & static initialisations
                                    106 ;--------------------------------------------------------
                                    107 	.area _HOME
                                    108 	.area _GSINIT
                                    109 	.area _GSFINAL
                                    110 	.area _GSINIT
                                    111 ;--------------------------------------------------------
                                    112 ; Home
                                    113 ;--------------------------------------------------------
                                    114 	.area _HOME
                                    115 	.area _HOME
                                    116 ;--------------------------------------------------------
                                    117 ; code
                                    118 ;--------------------------------------------------------
                                    119 	.area _CODE
                                    120 	.area _CODE
                                    121 	.area _INITIALIZER
    00000000                        122 __xinit__x:
    00000000 78                     123 	.db #0x78	; 120	'x'
    00000001                        124 __xinit__y:
    00000001 70                     125 	.db #0x70	; 112	'p'
    00000002                        126 __xinit__last_direction:
    00000002 01                     127 	.db #0x01	; 1
    00000003                        128 __xinit__player_name:
    00000003 A4                     129 	.db #0xa4	; 164
    00000004 A4                     130 	.db #0xa4	; 164
    00000005 A4                     131 	.db #0xa4	; 164
    00000006 A4                     132 	.db #0xa4	; 164
    00000007 A4                     133 	.db #0xa4	; 164
    00000008                        134 __xinit__max_hp:
    00000008 17                     135 	.db #0x17	; 23
    00000009                        136 __xinit__current_hp:
    00000009 17                     137 	.db #0x17	; 23
    0000000A                        138 __xinit__attack:
    0000000A 05                     139 	.db #0x05	; 5
    0000000B                        140 __xinit__defense:
    0000000B 03                     141 	.db #0x03	; 3
    0000000C                        142 __xinit__level:
    0000000C 01                     143 	.db #0x01	; 1
    0000000D                        144 __xinit__experience:
    0000000D 00 00                  145 	.dw #0x0000
    0000000F                        146 __xinit__sword_lvl:
    0000000F 01                     147 	.db #0x01	; 1
    00000010                        148 __xinit__shield_lvl:
    00000010 01                     149 	.db #0x01	; 1
    00000011                        150 __xinit__arrow_lvl:
    00000011 01                     151 	.db #0x01	; 1
    00000012                        152 __xinit__quiver_lvl:
    00000012 01                     153 	.db #0x01	; 1
    00000013                        154 __xinit__potion_quant_lvl:
    00000013 01                     155 	.db #0x01	; 1
    00000014                        156 __xinit__potion_heal_lvl:
    00000014 01                     157 	.db #0x01	; 1
    00000015                        158 __xinit__max_heals:
    00000015 05                     159 	.db #0x05	; 5
    00000016                        160 __xinit__heals:
    00000016 05                     161 	.db #0x05	; 5
    00000017                        162 __xinit__heal_quantity:
    00000017 0A                     163 	.db #0x0a	; 10
    00000018                        164 __xinit__arrow_damage:
    00000018 03                     165 	.db #0x03	; 3
    00000019                        166 __xinit__num_arrows:
    00000019 0A                     167 	.db #0x0a	; 10
    0000001A                        168 __xinit__max_num_arrows:
    0000001A 0A                     169 	.db #0x0a	; 10
    0000001B                        170 __xinit__minerals:
    0000001B 00                     171 	.db #0x00	; 0
    0000001C                        172 __xinit__obt_mythril:
    0000001C 00                     173 	.db #0x00	; 0
    0000001D                        174 __xinit__obt_exp:
    0000001D 00                     175 	.db #0x00	; 0
                                    176 	.area _CABS (ABS)
