                                      1 ;--------------------------------------------------------
                                      2 ; File Created by SDCC : free open source ISO C Compiler
                                      3 ; Version 4.5.1 #15267 (Linux)
                                      4 ;--------------------------------------------------------
                                      5 	.module play_effects
                                      6 	
                                      7 ;--------------------------------------------------------
                                      8 ; Public variables in this module
                                      9 ;--------------------------------------------------------
                                     10 	.globl _set_sprite_data
                                     11 	.globl _wait_vbl_done
                                     12 	.globl _delay
                                     13 	.globl b_play_attack_animation
                                     14 	.globl _play_attack_animation
                                     15 	.globl b_play_walk_animation
                                     16 	.globl _play_walk_animation
                                     17 	.globl b_play_heal_animation
                                     18 	.globl _play_heal_animation
                                     19 	.globl b_play_hit_animation
                                     20 	.globl _play_hit_animation
                                     21 	.globl b_play_explosion_animation
                                     22 	.globl _play_explosion_animation
                                     23 ;--------------------------------------------------------
                                     24 ; special function registers
                                     25 ;--------------------------------------------------------
                                     26 	.area _HRAM
                                     27 ;--------------------------------------------------------
                                     28 ; ram data
                                     29 ;--------------------------------------------------------
                                     30 	.area _DATA
                                     31 ;--------------------------------------------------------
                                     32 ; ram data
                                     33 ;--------------------------------------------------------
                                     34 	.area _INITIALIZED
                                     35 ;--------------------------------------------------------
                                     36 ; absolute external ram data
                                     37 ;--------------------------------------------------------
                                     38 	.area _DABS (ABS)
                                     39 ;--------------------------------------------------------
                                     40 ; global & static initialisations
                                     41 ;--------------------------------------------------------
                                     42 	.area _HOME
                                     43 	.area _GSINIT
                                     44 	.area _GSFINAL
                                     45 	.area _GSINIT
                                     46 ;--------------------------------------------------------
                                     47 ; Home
                                     48 ;--------------------------------------------------------
                                     49 	.area _HOME
                                     50 	.area _HOME
                                     51 ;--------------------------------------------------------
                                     52 ; code
                                     53 ;--------------------------------------------------------
                                     54 	.area _CODE_1
                                     55 ;src/scripts/play_effects.c:8: void play_attack_animation(uint8_t dir) BANKED {
                                     56 ;	---------------------------------
                                     57 ; Function play_attack_animation
                                     58 ; ---------------------------------
                         00000001    59 	b_play_attack_animation	= 1
    00000000                         60 _play_attack_animation::
                                     61 ;src/scripts/play_effects.c:12: switch (dir) {
    00000000 F8 06            [12]   62 	ldhl	sp,	#6
    00000002 7E               [ 8]   63 	ld	a, (hl)
    00000003 3D               [ 4]   64 	dec	a
    00000004 28 19            [12]   65 	jr	Z, 00101$
    00000006 F8 06            [12]   66 	ldhl	sp,	#6
    00000008 7E               [ 8]   67 	ld	a, (hl)
    00000009 D6 02            [ 8]   68 	sub	a, #0x02
    0000000B 28 41            [12]   69 	jr	Z, 00102$
    0000000D F8 06            [12]   70 	ldhl	sp,	#6
    0000000F 7E               [ 8]   71 	ld	a, (hl)
    00000010 D6 04            [ 8]   72 	sub	a, #0x04
    00000012 28 68            [12]   73 	jr	Z, 00103$
    00000014 F8 06            [12]   74 	ldhl	sp,	#6
    00000016 7E               [ 8]   75 	ld	a, (hl)
    00000017 D6 08            [ 8]   76 	sub	a, #0x08
    00000019 CArA8r00         [16]   77 	jp	Z, 00104$
    0000001C C3rD4r00         [16]   78 	jp	00105$
                                     79 ;src/scripts/play_effects.c:13: case 1:
    0000001F                         80 00101$:
                                     81 ;src/scripts/play_effects.c:14: set_sprite_data(114, 8, MC_attack_up);
    0000001F 11r00r00         [12]   82 	ld	de, #_MC_attack_up
    00000022 D5               [16]   83 	push	de
    00000023 21 72 08         [12]   84 	ld	hl, #0x872
    00000026 E5               [16]   85 	push	hl
    00000027 CDr00r00         [24]   86 	call	_set_sprite_data
    0000002A E8 04            [16]   87 	add	sp, #4
                                     88 ;src/scripts/play_effects.c:15: set_sprite_data(122, 2, SwordUp);
    0000002C 11r00r00         [12]   89 	ld	de, #_SwordUp
    0000002F D5               [16]   90 	push	de
    00000030 21 7A 02         [12]   91 	ld	hl, #0x27a
    00000033 E5               [16]   92 	push	hl
    00000034 CDr00r00         [24]   93 	call	_set_sprite_data
    00000037 E8 04            [16]   94 	add	sp, #4
                                     95 ;src/scripts/play_effects.c:16: move_sprite(3, x+8, y-8);
    00000039 FAr00r00         [16]   96 	ld	a, (_y)
    0000003C C6 F8            [ 8]   97 	add	a, #0xf8
    0000003E 47               [ 4]   98 	ld	b, a
    0000003F FAr00r00         [16]   99 	ld	a, (_x)
    00000042 C6 08            [ 8]  100 	add	a, #0x08
    00000044 4F               [ 4]  101 	ld	c, a
                                    102 ;/opt/gbdk/include/gb/gb.h:1973: OAM_item_t * itm = &shadow_OAM[nb];
    00000045 21r0Cr00         [12]  103 	ld	hl, #(_shadow_OAM + 12)
                                    104 ;/opt/gbdk/include/gb/gb.h:1974: itm->y=y, itm->x=x;
    00000048 70               [ 8]  105 	ld	(hl), b
    00000049 23               [ 8]  106 	inc	hl
    0000004A 71               [ 8]  107 	ld	(hl), c
                                    108 ;src/scripts/play_effects.c:17: break;
    0000004B C3rD4r00         [16]  109 	jp	00105$
                                    110 ;src/scripts/play_effects.c:18: case 2:
    0000004E                        111 00102$:
                                    112 ;src/scripts/play_effects.c:19: set_sprite_data(114, 8, MC_attack_right);
    0000004E 11r00r00         [12]  113 	ld	de, #_MC_attack_right
    00000051 D5               [16]  114 	push	de
    00000052 21 72 08         [12]  115 	ld	hl, #0x872
    00000055 E5               [16]  116 	push	hl
    00000056 CDr00r00         [24]  117 	call	_set_sprite_data
    00000059 E8 04            [16]  118 	add	sp, #4
                                    119 ;src/scripts/play_effects.c:20: set_sprite_data(122, 2, SwordRight);
    0000005B 11r00r00         [12]  120 	ld	de, #_SwordRight
    0000005E D5               [16]  121 	push	de
    0000005F 21 7A 02         [12]  122 	ld	hl, #0x27a
    00000062 E5               [16]  123 	push	hl
    00000063 CDr00r00         [24]  124 	call	_set_sprite_data
    00000066 E8 04            [16]  125 	add	sp, #4
                                    126 ;src/scripts/play_effects.c:21: move_sprite(3, x+16, y+8);
    00000068 FAr00r00         [16]  127 	ld	a, (_y)
    0000006B C6 08            [ 8]  128 	add	a, #0x08
    0000006D 47               [ 4]  129 	ld	b, a
    0000006E FAr00r00         [16]  130 	ld	a, (_x)
    00000071 C6 10            [ 8]  131 	add	a, #0x10
    00000073 4F               [ 4]  132 	ld	c, a
                                    133 ;/opt/gbdk/include/gb/gb.h:1973: OAM_item_t * itm = &shadow_OAM[nb];
    00000074 21r0Cr00         [12]  134 	ld	hl, #(_shadow_OAM + 12)
                                    135 ;/opt/gbdk/include/gb/gb.h:1974: itm->y=y, itm->x=x;
    00000077 70               [ 8]  136 	ld	(hl), b
    00000078 23               [ 8]  137 	inc	hl
    00000079 71               [ 8]  138 	ld	(hl), c
                                    139 ;src/scripts/play_effects.c:22: break;
    0000007A 18 58            [12]  140 	jr	00105$
                                    141 ;src/scripts/play_effects.c:23: case 4:
    0000007C                        142 00103$:
                                    143 ;src/scripts/play_effects.c:24: set_sprite_data(114, 8, MC_attack_down);
    0000007C 11r00r00         [12]  144 	ld	de, #_MC_attack_down
    0000007F D5               [16]  145 	push	de
    00000080 21 72 08         [12]  146 	ld	hl, #0x872
    00000083 E5               [16]  147 	push	hl
    00000084 CDr00r00         [24]  148 	call	_set_sprite_data
    00000087 E8 04            [16]  149 	add	sp, #4
                                    150 ;src/scripts/play_effects.c:25: set_sprite_data(122, 2, SwordDown);
    00000089 11r00r00         [12]  151 	ld	de, #_SwordDown
    0000008C D5               [16]  152 	push	de
    0000008D 21 7A 02         [12]  153 	ld	hl, #0x27a
    00000090 E5               [16]  154 	push	hl
    00000091 CDr00r00         [24]  155 	call	_set_sprite_data
    00000094 E8 04            [16]  156 	add	sp, #4
                                    157 ;src/scripts/play_effects.c:26: move_sprite(3, x, y+16);
    00000096 FAr00r00         [16]  158 	ld	a, (_y)
    00000099 C6 10            [ 8]  159 	add	a, #0x10
    0000009B 47               [ 4]  160 	ld	b, a
    0000009C FAr00r00         [16]  161 	ld	a, (_x)
    0000009F 4F               [ 4]  162 	ld	c, a
                                    163 ;/opt/gbdk/include/gb/gb.h:1973: OAM_item_t * itm = &shadow_OAM[nb];
    000000A0 21r0Cr00         [12]  164 	ld	hl, #(_shadow_OAM + 12)
                                    165 ;/opt/gbdk/include/gb/gb.h:1974: itm->y=y, itm->x=x;
    000000A3 70               [ 8]  166 	ld	(hl), b
    000000A4 23               [ 8]  167 	inc	hl
    000000A5 71               [ 8]  168 	ld	(hl), c
                                    169 ;src/scripts/play_effects.c:27: break;
    000000A6 18 2C            [12]  170 	jr	00105$
                                    171 ;src/scripts/play_effects.c:28: case 8:
    000000A8                        172 00104$:
                                    173 ;src/scripts/play_effects.c:29: set_sprite_data(114, 8, MC_attack_left);
    000000A8 11r00r00         [12]  174 	ld	de, #_MC_attack_left
    000000AB D5               [16]  175 	push	de
    000000AC 21 72 08         [12]  176 	ld	hl, #0x872
    000000AF E5               [16]  177 	push	hl
    000000B0 CDr00r00         [24]  178 	call	_set_sprite_data
    000000B3 E8 04            [16]  179 	add	sp, #4
                                    180 ;src/scripts/play_effects.c:30: set_sprite_data(122, 2, SwordLeft);
    000000B5 11r00r00         [12]  181 	ld	de, #_SwordLeft
    000000B8 D5               [16]  182 	push	de
    000000B9 21 7A 02         [12]  183 	ld	hl, #0x27a
    000000BC E5               [16]  184 	push	hl
    000000BD CDr00r00         [24]  185 	call	_set_sprite_data
    000000C0 E8 04            [16]  186 	add	sp, #4
                                    187 ;src/scripts/play_effects.c:31: move_sprite(3, x-8, y+8);
    000000C2 FAr00r00         [16]  188 	ld	a, (_y)
    000000C5 C6 08            [ 8]  189 	add	a, #0x08
    000000C7 47               [ 4]  190 	ld	b, a
    000000C8 FAr00r00         [16]  191 	ld	a, (_x)
    000000CB C6 F8            [ 8]  192 	add	a, #0xf8
    000000CD 4F               [ 4]  193 	ld	c, a
                                    194 ;/opt/gbdk/include/gb/gb.h:1973: OAM_item_t * itm = &shadow_OAM[nb];
    000000CE 21r0Cr00         [12]  195 	ld	hl, #(_shadow_OAM + 12)
                                    196 ;/opt/gbdk/include/gb/gb.h:1974: itm->y=y, itm->x=x;
    000000D1 70               [ 8]  197 	ld	(hl), b
    000000D2 23               [ 8]  198 	inc	hl
    000000D3 71               [ 8]  199 	ld	(hl), c
                                    200 ;src/scripts/play_effects.c:33: }
    000000D4                        201 00105$:
                                    202 ;/opt/gbdk/include/gb/gb.h:1887: shadow_OAM[nb].tile=tile;
    000000D4 21r0Er00         [12]  203 	ld	hl, #(_shadow_OAM + 14)
    000000D7 36 7A            [12]  204 	ld	(hl), #0x7a
    000000D9 21r12r00         [12]  205 	ld	hl, #(_shadow_OAM + 18)
    000000DC 36 72            [12]  206 	ld	(hl), #0x72
    000000DE 21r16r00         [12]  207 	ld	hl, #(_shadow_OAM + 22)
    000000E1 36 73            [12]  208 	ld	(hl), #0x73
    000000E3 21r1Ar00         [12]  209 	ld	hl, #(_shadow_OAM + 26)
    000000E6 36 74            [12]  210 	ld	(hl), #0x74
    000000E8 21r1Er00         [12]  211 	ld	hl, #(_shadow_OAM + 30)
    000000EB 36 75            [12]  212 	ld	(hl), #0x75
                                    213 ;src/scripts/play_effects.c:39: delay(200);
    000000ED 11 C8 00         [12]  214 	ld	de, #0x00c8
    000000F0 CDr00r00         [24]  215 	call	_delay
                                    216 ;/opt/gbdk/include/gb/gb.h:1887: shadow_OAM[nb].tile=tile;
    000000F3 21r0Er00         [12]  217 	ld	hl, #(_shadow_OAM + 14)
    000000F6 36 7B            [12]  218 	ld	(hl), #0x7b
    000000F8 21r12r00         [12]  219 	ld	hl, #(_shadow_OAM + 18)
    000000FB 36 76            [12]  220 	ld	(hl), #0x76
    000000FD 21r16r00         [12]  221 	ld	hl, #(_shadow_OAM + 22)
    00000100 36 77            [12]  222 	ld	(hl), #0x77
    00000102 21r1Ar00         [12]  223 	ld	hl, #(_shadow_OAM + 26)
    00000105 36 78            [12]  224 	ld	(hl), #0x78
    00000107 21r1Er00         [12]  225 	ld	hl, #(_shadow_OAM + 30)
    0000010A 36 79            [12]  226 	ld	(hl), #0x79
                                    227 ;src/scripts/play_effects.c:45: delay(100);
    0000010C 11 64 00         [12]  228 	ld	de, #0x0064
                                    229 ;src/scripts/play_effects.c:46: return;
                                    230 ;src/scripts/play_effects.c:47: }
    0000010F C3r00r00         [16]  231 	jp	_delay
                                    232 ;src/scripts/play_effects.c:49: void play_walk_animation(uint8_t dir) BANKED {
                                    233 ;	---------------------------------
                                    234 ; Function play_walk_animation
                                    235 ; ---------------------------------
                         00000001   236 	b_play_walk_animation	= 1
    00000112                        237 _play_walk_animation::
                                    238 ;src/scripts/play_effects.c:50: switch (dir) {
    00000112 F8 06            [12]  239 	ldhl	sp,	#6
    00000114 7E               [ 8]  240 	ld	a, (hl)
    00000115 3D               [ 4]  241 	dec	a
    00000116 3E 01            [ 8]  242 	ld	a, #0x01
    00000118 28 01            [12]  243 	jr	Z, 00164$
    0000011A AF               [ 4]  244 	xor	a, a
    0000011B                        245 00164$:
    0000011B 4F               [ 4]  246 	ld	c, a
    0000011C B7               [ 4]  247 	or	a, a
    0000011D 20 17            [12]  248 	jr	NZ, 00101$
    0000011F F8 06            [12]  249 	ldhl	sp,	#6
    00000121 7E               [ 8]  250 	ld	a, (hl)
    00000122 D6 02            [ 8]  251 	sub	a, #0x02
    00000124 28 1F            [12]  252 	jr	Z, 00102$
    00000126 F8 06            [12]  253 	ldhl	sp,	#6
    00000128 7E               [ 8]  254 	ld	a, (hl)
    00000129 D6 04            [ 8]  255 	sub	a, #0x04
    0000012B 28 27            [12]  256 	jr	Z, 00103$
    0000012D F8 06            [12]  257 	ldhl	sp,	#6
    0000012F 7E               [ 8]  258 	ld	a, (hl)
    00000130 D6 08            [ 8]  259 	sub	a, #0x08
    00000132 28 2F            [12]  260 	jr	Z, 00104$
    00000134 18 3A            [12]  261 	jr	00105$
                                    262 ;src/scripts/play_effects.c:51: case 1:
    00000136                        263 00101$:
                                    264 ;src/scripts/play_effects.c:52: set_sprite_data(114, 8, MC_walk_up);
    00000136 11r00r00         [12]  265 	ld	de, #_MC_walk_up
    00000139 D5               [16]  266 	push	de
    0000013A 21 72 08         [12]  267 	ld	hl, #0x872
    0000013D E5               [16]  268 	push	hl
    0000013E CDr00r00         [24]  269 	call	_set_sprite_data
    00000141 E8 04            [16]  270 	add	sp, #4
                                    271 ;src/scripts/play_effects.c:53: break;
    00000143 18 2B            [12]  272 	jr	00105$
                                    273 ;src/scripts/play_effects.c:54: case 2:
    00000145                        274 00102$:
                                    275 ;src/scripts/play_effects.c:55: set_sprite_data(114, 4, MC_walk_right);
    00000145 11r00r00         [12]  276 	ld	de, #_MC_walk_right
    00000148 D5               [16]  277 	push	de
    00000149 21 72 04         [12]  278 	ld	hl, #0x472
    0000014C E5               [16]  279 	push	hl
    0000014D CDr00r00         [24]  280 	call	_set_sprite_data
    00000150 E8 04            [16]  281 	add	sp, #4
                                    282 ;src/scripts/play_effects.c:56: break;
    00000152 18 1C            [12]  283 	jr	00105$
                                    284 ;src/scripts/play_effects.c:57: case 4:
    00000154                        285 00103$:
                                    286 ;src/scripts/play_effects.c:58: set_sprite_data(114, 8, MC_walk_down);
    00000154 11r00r00         [12]  287 	ld	de, #_MC_walk_down
    00000157 D5               [16]  288 	push	de
    00000158 21 72 08         [12]  289 	ld	hl, #0x872
    0000015B E5               [16]  290 	push	hl
    0000015C CDr00r00         [24]  291 	call	_set_sprite_data
    0000015F E8 04            [16]  292 	add	sp, #4
                                    293 ;src/scripts/play_effects.c:59: break;
    00000161 18 0D            [12]  294 	jr	00105$
                                    295 ;src/scripts/play_effects.c:60: case 8:
    00000163                        296 00104$:
                                    297 ;src/scripts/play_effects.c:61: set_sprite_data(114, 4, MC_walk_left);
    00000163 11r00r00         [12]  298 	ld	de, #_MC_walk_left
    00000166 D5               [16]  299 	push	de
    00000167 21 72 04         [12]  300 	ld	hl, #0x472
    0000016A E5               [16]  301 	push	hl
    0000016B CDr00r00         [24]  302 	call	_set_sprite_data
    0000016E E8 04            [16]  303 	add	sp, #4
                                    304 ;src/scripts/play_effects.c:63: }
    00000170                        305 00105$:
                                    306 ;/opt/gbdk/include/gb/gb.h:1887: shadow_OAM[nb].tile=tile;
    00000170 21r12r00         [12]  307 	ld	hl, #(_shadow_OAM + 18)
    00000173 36 72            [12]  308 	ld	(hl), #0x72
    00000175 21r16r00         [12]  309 	ld	hl, #(_shadow_OAM + 22)
    00000178 36 73            [12]  310 	ld	(hl), #0x73
    0000017A 21r1Ar00         [12]  311 	ld	hl, #(_shadow_OAM + 26)
    0000017D 36 74            [12]  312 	ld	(hl), #0x74
    0000017F 21r1Er00         [12]  313 	ld	hl, #(_shadow_OAM + 30)
    00000182 36 75            [12]  314 	ld	(hl), #0x75
                                    315 ;src/scripts/play_effects.c:68: if (dir == 1 || dir == 4) {
    00000184 79               [ 4]  316 	ld	a, c
    00000185 B7               [ 4]  317 	or	a, a
    00000186 20 06            [12]  318 	jr	NZ, 00108$
    00000188 F8 06            [12]  319 	ldhl	sp,	#6
    0000018A 7E               [ 8]  320 	ld	a, (hl)
    0000018B D6 04            [ 8]  321 	sub	a, #0x04
    0000018D C0               [20]  322 	ret	NZ
    0000018E                        323 00108$:
                                    324 ;src/scripts/play_effects.c:69: walk_step = !walk_step;
    0000018E 21r00r00         [12]  325 	ld	hl, #_walk_step
    00000191 7E               [ 8]  326 	ld	a, (hl)
    00000192 D6 01            [ 8]  327 	sub	a, #0x01
    00000194 3E 00            [ 8]  328 	ld	a, #0x00
    00000196 17               [ 4]  329 	rla
    00000197 77               [ 8]  330 	ld	(hl), a
                                    331 ;src/scripts/play_effects.c:70: if (walk_step) {
    00000198 7E               [ 8]  332 	ld	a, (hl)
    00000199 B7               [ 4]  333 	or	a, a
    0000019A C8               [20]  334 	ret	Z
                                    335 ;/opt/gbdk/include/gb/gb.h:1887: shadow_OAM[nb].tile=tile;
    0000019B 21r12r00         [12]  336 	ld	hl, #(_shadow_OAM + 18)
    0000019E 36 76            [12]  337 	ld	(hl), #0x76
    000001A0 21r16r00         [12]  338 	ld	hl, #(_shadow_OAM + 22)
    000001A3 36 77            [12]  339 	ld	(hl), #0x77
    000001A5 21r1Ar00         [12]  340 	ld	hl, #(_shadow_OAM + 26)
    000001A8 36 78            [12]  341 	ld	(hl), #0x78
    000001AA 21r1Er00         [12]  342 	ld	hl, #(_shadow_OAM + 30)
    000001AD 36 79            [12]  343 	ld	(hl), #0x79
                                    344 ;src/scripts/play_effects.c:74: set_sprite_tile(7, 121);
                                    345 ;src/scripts/play_effects.c:77: }
    000001AF C9               [16]  346 	ret
                                    347 ;src/scripts/play_effects.c:80: void play_heal_animation() BANKED {
                                    348 ;	---------------------------------
                                    349 ; Function play_heal_animation
                                    350 ; ---------------------------------
                         00000001   351 	b_play_heal_animation	= 1
    000001B0                        352 _play_heal_animation::
                                    353 ;src/scripts/play_effects.c:82: set_sprite_data(124, 2, HealEff);
    000001B0 11r00r00         [12]  354 	ld	de, #_HealEff
    000001B3 D5               [16]  355 	push	de
    000001B4 21 7C 02         [12]  356 	ld	hl, #0x27c
    000001B7 E5               [16]  357 	push	hl
    000001B8 CDr00r00         [24]  358 	call	_set_sprite_data
    000001BB E8 04            [16]  359 	add	sp, #4
                                    360 ;/opt/gbdk/include/gb/gb.h:1887: shadow_OAM[nb].tile=tile;
    000001BD 21r02r00         [12]  361 	ld	hl, #(_shadow_OAM + 2)
    000001C0 36 7C            [12]  362 	ld	(hl), #0x7c
    000001C2 21r06r00         [12]  363 	ld	hl, #(_shadow_OAM + 6)
    000001C5 36 7D            [12]  364 	ld	(hl), #0x7d
                                    365 ;src/scripts/play_effects.c:85: move_sprite(0, x+8, y);
    000001C7 FAr00r00         [16]  366 	ld	a, (_y)
    000001CA 47               [ 4]  367 	ld	b, a
    000001CB FAr00r00         [16]  368 	ld	a, (_x)
    000001CE C6 08            [ 8]  369 	add	a, #0x08
    000001D0 4F               [ 4]  370 	ld	c, a
                                    371 ;/opt/gbdk/include/gb/gb.h:1973: OAM_item_t * itm = &shadow_OAM[nb];
    000001D1 21r00r00         [12]  372 	ld	hl, #_shadow_OAM
                                    373 ;/opt/gbdk/include/gb/gb.h:1974: itm->y=y, itm->x=x;
    000001D4 78               [ 4]  374 	ld	a, b
    000001D5 22               [ 8]  375 	ld	(hl+), a
    000001D6 71               [ 8]  376 	ld	(hl), c
                                    377 ;src/scripts/play_effects.c:86: move_sprite(1, x, y+8);
    000001D7 FAr00r00         [16]  378 	ld	a, (_y)
    000001DA C6 08            [ 8]  379 	add	a, #0x08
    000001DC 47               [ 4]  380 	ld	b, a
    000001DD FAr00r00         [16]  381 	ld	a, (_x)
    000001E0 4F               [ 4]  382 	ld	c, a
                                    383 ;/opt/gbdk/include/gb/gb.h:1973: OAM_item_t * itm = &shadow_OAM[nb];
    000001E1 21r04r00         [12]  384 	ld	hl, #(_shadow_OAM + 4)
                                    385 ;/opt/gbdk/include/gb/gb.h:1974: itm->y=y, itm->x=x;
    000001E4 78               [ 4]  386 	ld	a, b
    000001E5 22               [ 8]  387 	ld	(hl+), a
    000001E6 71               [ 8]  388 	ld	(hl), c
                                    389 ;src/scripts/play_effects.c:87: delay(150);
    000001E7 11 96 00         [12]  390 	ld	de, #0x0096
    000001EA CDr00r00         [24]  391 	call	_delay
                                    392 ;src/scripts/play_effects.c:88: move_sprite(0, x, y+8);
    000001ED FAr00r00         [16]  393 	ld	a, (_y)
    000001F0 C6 08            [ 8]  394 	add	a, #0x08
    000001F2 47               [ 4]  395 	ld	b, a
    000001F3 FAr00r00         [16]  396 	ld	a, (_x)
    000001F6 4F               [ 4]  397 	ld	c, a
                                    398 ;/opt/gbdk/include/gb/gb.h:1973: OAM_item_t * itm = &shadow_OAM[nb];
    000001F7 21r00r00         [12]  399 	ld	hl, #_shadow_OAM
                                    400 ;/opt/gbdk/include/gb/gb.h:1974: itm->y=y, itm->x=x;
    000001FA 78               [ 4]  401 	ld	a, b
    000001FB 22               [ 8]  402 	ld	(hl+), a
    000001FC 71               [ 8]  403 	ld	(hl), c
                                    404 ;src/scripts/play_effects.c:89: move_sprite(1, x+8, y);
    000001FD FAr00r00         [16]  405 	ld	a, (_y)
    00000200 47               [ 4]  406 	ld	b, a
    00000201 FAr00r00         [16]  407 	ld	a, (_x)
    00000204 C6 08            [ 8]  408 	add	a, #0x08
    00000206 4F               [ 4]  409 	ld	c, a
                                    410 ;/opt/gbdk/include/gb/gb.h:1973: OAM_item_t * itm = &shadow_OAM[nb];
    00000207 21r04r00         [12]  411 	ld	hl, #(_shadow_OAM + 4)
                                    412 ;/opt/gbdk/include/gb/gb.h:1974: itm->y=y, itm->x=x;
    0000020A 78               [ 4]  413 	ld	a, b
    0000020B 22               [ 8]  414 	ld	(hl+), a
    0000020C 71               [ 8]  415 	ld	(hl), c
                                    416 ;src/scripts/play_effects.c:90: delay(150);
    0000020D 11 96 00         [12]  417 	ld	de, #0x0096
    00000210 CDr00r00         [24]  418 	call	_delay
                                    419 ;src/scripts/play_effects.c:91: move_sprite(0, x+8, y);
    00000213 FAr00r00         [16]  420 	ld	a, (_y)
    00000216 47               [ 4]  421 	ld	b, a
    00000217 FAr00r00         [16]  422 	ld	a, (_x)
    0000021A C6 08            [ 8]  423 	add	a, #0x08
    0000021C 4F               [ 4]  424 	ld	c, a
                                    425 ;/opt/gbdk/include/gb/gb.h:1973: OAM_item_t * itm = &shadow_OAM[nb];
    0000021D 21r00r00         [12]  426 	ld	hl, #_shadow_OAM
                                    427 ;/opt/gbdk/include/gb/gb.h:1974: itm->y=y, itm->x=x;
    00000220 78               [ 4]  428 	ld	a, b
    00000221 22               [ 8]  429 	ld	(hl+), a
    00000222 71               [ 8]  430 	ld	(hl), c
                                    431 ;src/scripts/play_effects.c:92: move_sprite(1, x, y+8);
    00000223 FAr00r00         [16]  432 	ld	a, (_y)
    00000226 C6 08            [ 8]  433 	add	a, #0x08
    00000228 47               [ 4]  434 	ld	b, a
    00000229 FAr00r00         [16]  435 	ld	a, (_x)
    0000022C 4F               [ 4]  436 	ld	c, a
                                    437 ;/opt/gbdk/include/gb/gb.h:1973: OAM_item_t * itm = &shadow_OAM[nb];
    0000022D 21r04r00         [12]  438 	ld	hl, #(_shadow_OAM + 4)
                                    439 ;/opt/gbdk/include/gb/gb.h:1974: itm->y=y, itm->x=x;
    00000230 78               [ 4]  440 	ld	a, b
    00000231 22               [ 8]  441 	ld	(hl+), a
    00000232 71               [ 8]  442 	ld	(hl), c
                                    443 ;src/scripts/play_effects.c:93: delay(150);
    00000233 11 96 00         [12]  444 	ld	de, #0x0096
    00000236 CDr00r00         [24]  445 	call	_delay
                                    446 ;/opt/gbdk/include/gb/gb.h:1887: shadow_OAM[nb].tile=tile;
    00000239 21r02r00         [12]  447 	ld	hl, #(_shadow_OAM + 2)
    0000023C 36 32            [12]  448 	ld	(hl), #0x32
    0000023E 21r06r00         [12]  449 	ld	hl, #(_shadow_OAM + 6)
    00000241 36 32            [12]  450 	ld	(hl), #0x32
                                    451 ;/opt/gbdk/include/gb/gb.h:1973: OAM_item_t * itm = &shadow_OAM[nb];
    00000243 21r00r00         [12]  452 	ld	hl, #_shadow_OAM
                                    453 ;/opt/gbdk/include/gb/gb.h:1974: itm->y=y, itm->x=x;
    00000246 AF               [ 4]  454 	xor	a, a
    00000247 22               [ 8]  455 	ld	(hl+), a
    00000248 77               [ 8]  456 	ld	(hl), a
                                    457 ;/opt/gbdk/include/gb/gb.h:1973: OAM_item_t * itm = &shadow_OAM[nb];
    00000249 21r04r00         [12]  458 	ld	hl, #(_shadow_OAM + 4)
                                    459 ;/opt/gbdk/include/gb/gb.h:1974: itm->y=y, itm->x=x;
    0000024C AF               [ 4]  460 	xor	a, a
    0000024D 22               [ 8]  461 	ld	(hl+), a
    0000024E 77               [ 8]  462 	ld	(hl), a
                                    463 ;src/scripts/play_effects.c:98: return;
                                    464 ;src/scripts/play_effects.c:99: }
    0000024F C9               [16]  465 	ret
                                    466 ;src/scripts/play_effects.c:101: void play_hit_animation() BANKED {
                                    467 ;	---------------------------------
                                    468 ; Function play_hit_animation
                                    469 ; ---------------------------------
                         00000001   470 	b_play_hit_animation	= 1
    00000250                        471 _play_hit_animation::
                                    472 ;src/scripts/play_effects.c:103: set_sprite_data(124, 3, HitEff);
    00000250 11r00r00         [12]  473 	ld	de, #_HitEff
    00000253 D5               [16]  474 	push	de
    00000254 21 7C 03         [12]  475 	ld	hl, #0x37c
    00000257 E5               [16]  476 	push	hl
    00000258 CDr00r00         [24]  477 	call	_set_sprite_data
    0000025B E8 04            [16]  478 	add	sp, #4
                                    479 ;/opt/gbdk/include/gb/gb.h:1887: shadow_OAM[nb].tile=tile;
    0000025D 21r02r00         [12]  480 	ld	hl, #(_shadow_OAM + 2)
    00000260 36 7C            [12]  481 	ld	(hl), #0x7c
    00000262 21r06r00         [12]  482 	ld	hl, #(_shadow_OAM + 6)
    00000265 36 7D            [12]  483 	ld	(hl), #0x7d
                                    484 ;src/scripts/play_effects.c:106: move_sprite(0, x, y);
    00000267 FAr00r00         [16]  485 	ld	a, (_y)
    0000026A 47               [ 4]  486 	ld	b, a
    0000026B FAr00r00         [16]  487 	ld	a, (_x)
    0000026E 4F               [ 4]  488 	ld	c, a
                                    489 ;/opt/gbdk/include/gb/gb.h:1973: OAM_item_t * itm = &shadow_OAM[nb];
    0000026F 21r00r00         [12]  490 	ld	hl, #_shadow_OAM
                                    491 ;/opt/gbdk/include/gb/gb.h:1974: itm->y=y, itm->x=x;
    00000272 78               [ 4]  492 	ld	a, b
    00000273 22               [ 8]  493 	ld	(hl+), a
    00000274 71               [ 8]  494 	ld	(hl), c
                                    495 ;src/scripts/play_effects.c:107: move_sprite(1, x+8, y+8);
    00000275 FAr00r00         [16]  496 	ld	a, (_y)
    00000278 C6 08            [ 8]  497 	add	a, #0x08
    0000027A 47               [ 4]  498 	ld	b, a
    0000027B FAr00r00         [16]  499 	ld	a, (_x)
    0000027E C6 08            [ 8]  500 	add	a, #0x08
    00000280 4F               [ 4]  501 	ld	c, a
                                    502 ;/opt/gbdk/include/gb/gb.h:1973: OAM_item_t * itm = &shadow_OAM[nb];
    00000281 21r04r00         [12]  503 	ld	hl, #(_shadow_OAM + 4)
                                    504 ;/opt/gbdk/include/gb/gb.h:1974: itm->y=y, itm->x=x;
    00000284 78               [ 4]  505 	ld	a, b
    00000285 22               [ 8]  506 	ld	(hl+), a
    00000286 71               [ 8]  507 	ld	(hl), c
                                    508 ;src/scripts/play_effects.c:108: delay(150);
    00000287 11 96 00         [12]  509 	ld	de, #0x0096
    0000028A CDr00r00         [24]  510 	call	_delay
                                    511 ;/opt/gbdk/include/gb/gb.h:1887: shadow_OAM[nb].tile=tile;
    0000028D 21r06r00         [12]  512 	ld	hl, #(_shadow_OAM + 6)
    00000290 36 7E            [12]  513 	ld	(hl), #0x7e
                                    514 ;src/scripts/play_effects.c:110: move_sprite(0, x+8, y+8);
    00000292 FAr00r00         [16]  515 	ld	a, (_y)
    00000295 C6 08            [ 8]  516 	add	a, #0x08
    00000297 47               [ 4]  517 	ld	b, a
    00000298 FAr00r00         [16]  518 	ld	a, (_x)
    0000029B C6 08            [ 8]  519 	add	a, #0x08
    0000029D 4F               [ 4]  520 	ld	c, a
                                    521 ;/opt/gbdk/include/gb/gb.h:1973: OAM_item_t * itm = &shadow_OAM[nb];
    0000029E 21r00r00         [12]  522 	ld	hl, #_shadow_OAM
                                    523 ;/opt/gbdk/include/gb/gb.h:1974: itm->y=y, itm->x=x;
    000002A1 78               [ 4]  524 	ld	a, b
    000002A2 22               [ 8]  525 	ld	(hl+), a
    000002A3 71               [ 8]  526 	ld	(hl), c
                                    527 ;src/scripts/play_effects.c:111: move_sprite(1, x, y);
    000002A4 FAr00r00         [16]  528 	ld	a, (_y)
    000002A7 47               [ 4]  529 	ld	b, a
    000002A8 FAr00r00         [16]  530 	ld	a, (_x)
    000002AB 4F               [ 4]  531 	ld	c, a
                                    532 ;/opt/gbdk/include/gb/gb.h:1973: OAM_item_t * itm = &shadow_OAM[nb];
    000002AC 21r04r00         [12]  533 	ld	hl, #(_shadow_OAM + 4)
                                    534 ;/opt/gbdk/include/gb/gb.h:1974: itm->y=y, itm->x=x;
    000002AF 78               [ 4]  535 	ld	a, b
    000002B0 22               [ 8]  536 	ld	(hl+), a
    000002B1 71               [ 8]  537 	ld	(hl), c
                                    538 ;src/scripts/play_effects.c:112: delay(150);
    000002B2 11 96 00         [12]  539 	ld	de, #0x0096
    000002B5 CDr00r00         [24]  540 	call	_delay
                                    541 ;/opt/gbdk/include/gb/gb.h:1887: shadow_OAM[nb].tile=tile;
    000002B8 21r02r00         [12]  542 	ld	hl, #(_shadow_OAM + 2)
                                    543 ;src/scripts/play_effects.c:114: move_sprite(0, x, y);
                                    544 ;/opt/gbdk/include/gb/gb.h:1973: OAM_item_t * itm = &shadow_OAM[nb];
    000002BB 3E 7D            [ 8]  545 	ld	a, #0x7d
    000002BD 32               [ 8]  546 	ld	(hl-), a
    000002BE 2B               [ 8]  547 	dec	hl
    000002BF FAr00r00         [16]  548 	ld	a, (_y)
    000002C2 47               [ 4]  549 	ld	b, a
    000002C3 FAr00r00         [16]  550 	ld	a, (_x)
    000002C6 4F               [ 4]  551 	ld	c, a
                                    552 ;/opt/gbdk/include/gb/gb.h:1974: itm->y=y, itm->x=x;
    000002C7 78               [ 4]  553 	ld	a, b
    000002C8 22               [ 8]  554 	ld	(hl+), a
    000002C9 71               [ 8]  555 	ld	(hl), c
                                    556 ;src/scripts/play_effects.c:115: move_sprite(1, x+8, y+8);
    000002CA FAr00r00         [16]  557 	ld	a, (_y)
    000002CD C6 08            [ 8]  558 	add	a, #0x08
    000002CF 47               [ 4]  559 	ld	b, a
    000002D0 FAr00r00         [16]  560 	ld	a, (_x)
    000002D3 C6 08            [ 8]  561 	add	a, #0x08
    000002D5 4F               [ 4]  562 	ld	c, a
                                    563 ;/opt/gbdk/include/gb/gb.h:1973: OAM_item_t * itm = &shadow_OAM[nb];
    000002D6 21r04r00         [12]  564 	ld	hl, #(_shadow_OAM + 4)
                                    565 ;/opt/gbdk/include/gb/gb.h:1974: itm->y=y, itm->x=x;
    000002D9 78               [ 4]  566 	ld	a, b
    000002DA 22               [ 8]  567 	ld	(hl+), a
    000002DB 71               [ 8]  568 	ld	(hl), c
                                    569 ;src/scripts/play_effects.c:116: delay(150);
    000002DC 11 96 00         [12]  570 	ld	de, #0x0096
    000002DF CDr00r00         [24]  571 	call	_delay
                                    572 ;/opt/gbdk/include/gb/gb.h:1887: shadow_OAM[nb].tile=tile;
    000002E2 21r02r00         [12]  573 	ld	hl, #(_shadow_OAM + 2)
    000002E5 36 32            [12]  574 	ld	(hl), #0x32
    000002E7 21r06r00         [12]  575 	ld	hl, #(_shadow_OAM + 6)
    000002EA 36 32            [12]  576 	ld	(hl), #0x32
                                    577 ;/opt/gbdk/include/gb/gb.h:1973: OAM_item_t * itm = &shadow_OAM[nb];
    000002EC 21r00r00         [12]  578 	ld	hl, #_shadow_OAM
                                    579 ;/opt/gbdk/include/gb/gb.h:1974: itm->y=y, itm->x=x;
    000002EF AF               [ 4]  580 	xor	a, a
    000002F0 22               [ 8]  581 	ld	(hl+), a
    000002F1 77               [ 8]  582 	ld	(hl), a
                                    583 ;/opt/gbdk/include/gb/gb.h:1973: OAM_item_t * itm = &shadow_OAM[nb];
    000002F2 21r04r00         [12]  584 	ld	hl, #(_shadow_OAM + 4)
                                    585 ;/opt/gbdk/include/gb/gb.h:1974: itm->y=y, itm->x=x;
    000002F5 AF               [ 4]  586 	xor	a, a
    000002F6 22               [ 8]  587 	ld	(hl+), a
    000002F7 77               [ 8]  588 	ld	(hl), a
                                    589 ;src/scripts/play_effects.c:121: return;
                                    590 ;src/scripts/play_effects.c:123: }
    000002F8 C9               [16]  591 	ret
                                    592 ;src/scripts/play_effects.c:125: void play_explosion_animation(uint8_t en_x, uint8_t en_y) BANKED {
                                    593 ;	---------------------------------
                                    594 ; Function play_explosion_animation
                                    595 ; ---------------------------------
                         00000001   596 	b_play_explosion_animation	= 1
    000002F9                        597 _play_explosion_animation::
    000002F9 3B               [ 8]  598 	dec	sp
                                    599 ;src/scripts/play_effects.c:127: set_sprite_data(114, 12, ExplosionEff);
    000002FA 11r00r00         [12]  600 	ld	de, #_ExplosionEff
    000002FD D5               [16]  601 	push	de
    000002FE 21 72 0C         [12]  602 	ld	hl, #0xc72
    00000301 E5               [16]  603 	push	hl
    00000302 CDr00r00         [24]  604 	call	_set_sprite_data
    00000305 E8 04            [16]  605 	add	sp, #4
                                    606 ;/opt/gbdk/include/gb/gb.h:1887: shadow_OAM[nb].tile=tile;
    00000307 21r02r00         [12]  607 	ld	hl, #(_shadow_OAM + 2)
    0000030A 36 32            [12]  608 	ld	(hl), #0x32
    0000030C 21r06r00         [12]  609 	ld	hl, #(_shadow_OAM + 6)
    0000030F 36 32            [12]  610 	ld	(hl), #0x32
    00000311 21r0Ar00         [12]  611 	ld	hl, #(_shadow_OAM + 10)
    00000314 36 32            [12]  612 	ld	(hl), #0x32
    00000316 21r0Er00         [12]  613 	ld	hl, #(_shadow_OAM + 14)
    00000319 36 32            [12]  614 	ld	(hl), #0x32
                                    615 ;src/scripts/play_effects.c:132: move_sprite(0, en_x, en_y);
    0000031B F8 08            [12]  616 	ldhl	sp,	#8
    0000031D 3A               [ 8]  617 	ld	a, (hl-)
    0000031E 47               [ 4]  618 	ld	b, a
    0000031F 4E               [ 8]  619 	ld	c, (hl)
                                    620 ;/opt/gbdk/include/gb/gb.h:1973: OAM_item_t * itm = &shadow_OAM[nb];
    00000320 21r00r00         [12]  621 	ld	hl, #_shadow_OAM
                                    622 ;/opt/gbdk/include/gb/gb.h:1974: itm->y=y, itm->x=x;
    00000323 78               [ 4]  623 	ld	a, b
    00000324 22               [ 8]  624 	ld	(hl+), a
    00000325 71               [ 8]  625 	ld	(hl), c
                                    626 ;src/scripts/play_effects.c:133: move_sprite(1, en_x+8, en_y);
    00000326 79               [ 4]  627 	ld	a, c
    00000327 C6 08            [ 8]  628 	add	a, #0x08
    00000329 F8 00            [12]  629 	ldhl	sp,	#0
    0000032B 77               [ 8]  630 	ld	(hl), a
    0000032C 5E               [ 8]  631 	ld	e, (hl)
                                    632 ;/opt/gbdk/include/gb/gb.h:1973: OAM_item_t * itm = &shadow_OAM[nb];
    0000032D 21r04r00         [12]  633 	ld	hl, #(_shadow_OAM + 4)
                                    634 ;/opt/gbdk/include/gb/gb.h:1974: itm->y=y, itm->x=x;
    00000330 78               [ 4]  635 	ld	a, b
    00000331 22               [ 8]  636 	ld	(hl+), a
    00000332 73               [ 8]  637 	ld	(hl), e
                                    638 ;src/scripts/play_effects.c:134: move_sprite(2, en_x, en_y+8);
    00000333 78               [ 4]  639 	ld	a, b
    00000334 C6 08            [ 8]  640 	add	a, #0x08
                                    641 ;/opt/gbdk/include/gb/gb.h:1973: OAM_item_t * itm = &shadow_OAM[nb];
                                    642 ;/opt/gbdk/include/gb/gb.h:1974: itm->y=y, itm->x=x;
    00000336 5F               [ 4]  643 	ld	e, a
    00000337 21r08r00         [12]  644 	ld	hl, #(_shadow_OAM + 8)
    0000033A 22               [ 8]  645 	ld	(hl+), a
    0000033B 71               [ 8]  646 	ld	(hl), c
                                    647 ;/opt/gbdk/include/gb/gb.h:1973: OAM_item_t * itm = &shadow_OAM[nb];
    0000033C 01r0Cr00         [12]  648 	ld	bc, #_shadow_OAM+12
                                    649 ;/opt/gbdk/include/gb/gb.h:1974: itm->y=y, itm->x=x;
    0000033F 7B               [ 4]  650 	ld	a, e
    00000340 02               [ 8]  651 	ld	(bc), a
    00000341 03               [ 8]  652 	inc	bc
    00000342 F8 00            [12]  653 	ldhl	sp,	#0
    00000344 7E               [ 8]  654 	ld	a, (hl)
    00000345 02               [ 8]  655 	ld	(bc), a
                                    656 ;src/scripts/play_effects.c:136: wait_vbl_done();
    00000346 CDr00r00         [24]  657 	call	_wait_vbl_done
                                    658 ;/opt/gbdk/include/gb/gb.h:1887: shadow_OAM[nb].tile=tile;
    00000349 21r02r00         [12]  659 	ld	hl, #(_shadow_OAM + 2)
    0000034C 36 72            [12]  660 	ld	(hl), #0x72
    0000034E 21r06r00         [12]  661 	ld	hl, #(_shadow_OAM + 6)
    00000351 36 73            [12]  662 	ld	(hl), #0x73
    00000353 21r0Ar00         [12]  663 	ld	hl, #(_shadow_OAM + 10)
    00000356 36 74            [12]  664 	ld	(hl), #0x74
    00000358 21r0Er00         [12]  665 	ld	hl, #(_shadow_OAM + 14)
    0000035B 36 75            [12]  666 	ld	(hl), #0x75
                                    667 ;src/scripts/play_effects.c:141: delay(150);
    0000035D 11 96 00         [12]  668 	ld	de, #0x0096
    00000360 CDr00r00         [24]  669 	call	_delay
                                    670 ;/opt/gbdk/include/gb/gb.h:1887: shadow_OAM[nb].tile=tile;
    00000363 21r02r00         [12]  671 	ld	hl, #(_shadow_OAM + 2)
    00000366 36 76            [12]  672 	ld	(hl), #0x76
    00000368 21r06r00         [12]  673 	ld	hl, #(_shadow_OAM + 6)
    0000036B 36 77            [12]  674 	ld	(hl), #0x77
    0000036D 21r0Ar00         [12]  675 	ld	hl, #(_shadow_OAM + 10)
    00000370 36 78            [12]  676 	ld	(hl), #0x78
    00000372 21r0Er00         [12]  677 	ld	hl, #(_shadow_OAM + 14)
    00000375 36 79            [12]  678 	ld	(hl), #0x79
                                    679 ;src/scripts/play_effects.c:146: delay(150);
    00000377 11 96 00         [12]  680 	ld	de, #0x0096
    0000037A CDr00r00         [24]  681 	call	_delay
                                    682 ;/opt/gbdk/include/gb/gb.h:1887: shadow_OAM[nb].tile=tile;
    0000037D 21r02r00         [12]  683 	ld	hl, #(_shadow_OAM + 2)
    00000380 36 7A            [12]  684 	ld	(hl), #0x7a
    00000382 21r06r00         [12]  685 	ld	hl, #(_shadow_OAM + 6)
    00000385 36 7B            [12]  686 	ld	(hl), #0x7b
    00000387 21r0Ar00         [12]  687 	ld	hl, #(_shadow_OAM + 10)
    0000038A 36 7C            [12]  688 	ld	(hl), #0x7c
    0000038C 21r0Er00         [12]  689 	ld	hl, #(_shadow_OAM + 14)
    0000038F 36 7D            [12]  690 	ld	(hl), #0x7d
                                    691 ;src/scripts/play_effects.c:151: delay(150);
    00000391 11 96 00         [12]  692 	ld	de, #0x0096
    00000394 CDr00r00         [24]  693 	call	_delay
                                    694 ;/opt/gbdk/include/gb/gb.h:1887: shadow_OAM[nb].tile=tile;
    00000397 21r02r00         [12]  695 	ld	hl, #(_shadow_OAM + 2)
    0000039A 36 32            [12]  696 	ld	(hl), #0x32
    0000039C 21r06r00         [12]  697 	ld	hl, #(_shadow_OAM + 6)
    0000039F 36 32            [12]  698 	ld	(hl), #0x32
    000003A1 21r0Ar00         [12]  699 	ld	hl, #(_shadow_OAM + 10)
    000003A4 36 32            [12]  700 	ld	(hl), #0x32
    000003A6 21r0Er00         [12]  701 	ld	hl, #(_shadow_OAM + 14)
    000003A9 36 32            [12]  702 	ld	(hl), #0x32
                                    703 ;/opt/gbdk/include/gb/gb.h:1973: OAM_item_t * itm = &shadow_OAM[nb];
    000003AB 21r00r00         [12]  704 	ld	hl, #_shadow_OAM
                                    705 ;/opt/gbdk/include/gb/gb.h:1974: itm->y=y, itm->x=x;
    000003AE AF               [ 4]  706 	xor	a, a
    000003AF 22               [ 8]  707 	ld	(hl+), a
    000003B0 77               [ 8]  708 	ld	(hl), a
                                    709 ;/opt/gbdk/include/gb/gb.h:1973: OAM_item_t * itm = &shadow_OAM[nb];
    000003B1 21r04r00         [12]  710 	ld	hl, #(_shadow_OAM + 4)
                                    711 ;/opt/gbdk/include/gb/gb.h:1974: itm->y=y, itm->x=x;
    000003B4 AF               [ 4]  712 	xor	a, a
    000003B5 22               [ 8]  713 	ld	(hl+), a
    000003B6 77               [ 8]  714 	ld	(hl), a
                                    715 ;/opt/gbdk/include/gb/gb.h:1973: OAM_item_t * itm = &shadow_OAM[nb];
    000003B7 21r08r00         [12]  716 	ld	hl, #(_shadow_OAM + 8)
                                    717 ;/opt/gbdk/include/gb/gb.h:1974: itm->y=y, itm->x=x;
    000003BA AF               [ 4]  718 	xor	a, a
    000003BB 22               [ 8]  719 	ld	(hl+), a
    000003BC 77               [ 8]  720 	ld	(hl), a
                                    721 ;/opt/gbdk/include/gb/gb.h:1973: OAM_item_t * itm = &shadow_OAM[nb];
    000003BD 21r0Cr00         [12]  722 	ld	hl, #(_shadow_OAM + 12)
                                    723 ;/opt/gbdk/include/gb/gb.h:1974: itm->y=y, itm->x=x;
    000003C0 AF               [ 4]  724 	xor	a, a
    000003C1 22               [ 8]  725 	ld	(hl+), a
    000003C2 77               [ 8]  726 	ld	(hl), a
                                    727 ;src/scripts/play_effects.c:160: return;
                                    728 ;src/scripts/play_effects.c:161: }
    000003C3 33               [ 8]  729 	inc	sp
    000003C4 C9               [16]  730 	ret
                                    731 	.area _CODE_1
                                    732 	.area _INITIALIZER
                                    733 	.area _CABS (ABS)
