                                      1 ;--------------------------------------------------------
                                      2 ; File Created by SDCC : free open source ISO C Compiler
                                      3 ; Version 4.5.1 #15267 (Linux)
                                      4 ;--------------------------------------------------------
                                      5 	.module sound
                                      6 	
                                      7 ;--------------------------------------------------------
                                      8 ; Public variables in this module
                                      9 ;--------------------------------------------------------
                                     10 	.globl b_enemy_death_sfx
                                     11 	.globl _enemy_death_sfx
                                     12 	.globl b_death_sfx
                                     13 	.globl _death_sfx
                                     14 	.globl b_start_sfx
                                     15 	.globl _start_sfx
                                     16 	.globl b_unlock_sfx
                                     17 	.globl _unlock_sfx
                                     18 	.globl b_stairs_sfx
                                     19 	.globl _stairs_sfx
                                     20 	.globl b_heal_sfx
                                     21 	.globl _heal_sfx
                                     22 	.globl b_hit_sfx
                                     23 	.globl _hit_sfx
                                     24 	.globl b_arrow_sfx
                                     25 	.globl _arrow_sfx
                                     26 	.globl b_init_sound
                                     27 	.globl _init_sound
                                     28 	.globl _delay
                                     29 ;--------------------------------------------------------
                                     30 ; special function registers
                                     31 ;--------------------------------------------------------
                                     32 	.area _HRAM
                                     33 ;--------------------------------------------------------
                                     34 ; ram data
                                     35 ;--------------------------------------------------------
                                     36 	.area _DATA
                                     37 ;--------------------------------------------------------
                                     38 ; ram data
                                     39 ;--------------------------------------------------------
                                     40 	.area _INITIALIZED
                                     41 ;--------------------------------------------------------
                                     42 ; absolute external ram data
                                     43 ;--------------------------------------------------------
                                     44 	.area _DABS (ABS)
                                     45 ;--------------------------------------------------------
                                     46 ; global & static initialisations
                                     47 ;--------------------------------------------------------
                                     48 	.area _HOME
                                     49 	.area _GSINIT
                                     50 	.area _GSFINAL
                                     51 	.area _GSINIT
                                     52 ;--------------------------------------------------------
                                     53 ; Home
                                     54 ;--------------------------------------------------------
                                     55 	.area _HOME
                                     56 	.area _HOME
                                     57 ;--------------------------------------------------------
                                     58 ; code
                                     59 ;--------------------------------------------------------
                                     60 	.area _CODE_3
                                     61 ;src/scripts/sound.c:4: void init_sound() BANKED {
                                     62 ;	---------------------------------
                                     63 ; Function init_sound
                                     64 ; ---------------------------------
                         00000003    65 	b_init_sound	= 3
    00000000                         66 _init_sound::
                                     67 ;src/scripts/sound.c:5: NR52_REG = 0x80;
    00000000 3E 80            [ 8]   68 	ld	a, #0x80
    00000002 E0r00            [12]   69 	ldh	(_NR52_REG + 0), a
                                     70 ;src/scripts/sound.c:6: NR51_REG = 0xFF;
    00000004 3E FF            [ 8]   71 	ld	a, #0xff
    00000006 E0r00            [12]   72 	ldh	(_NR51_REG + 0), a
                                     73 ;src/scripts/sound.c:7: NR50_REG = 0x77;
    00000008 3E 77            [ 8]   74 	ld	a, #0x77
    0000000A E0r00            [12]   75 	ldh	(_NR50_REG + 0), a
                                     76 ;src/scripts/sound.c:8: }
    0000000C C9               [16]   77 	ret
                                     78 ;src/scripts/sound.c:10: void arrow_sfx() BANKED {
                                     79 ;	---------------------------------
                                     80 ; Function arrow_sfx
                                     81 ; ---------------------------------
                         00000003    82 	b_arrow_sfx	= 3
    0000000D                         83 _arrow_sfx::
                                     84 ;src/scripts/sound.c:11: NR10_REG = 0x1E;
    0000000D 3E 1E            [ 8]   85 	ld	a, #0x1e
    0000000F E0r00            [12]   86 	ldh	(_NR10_REG + 0), a
                                     87 ;src/scripts/sound.c:12: NR11_REG = 0x41;
    00000011 3E 41            [ 8]   88 	ld	a, #0x41
    00000013 E0r00            [12]   89 	ldh	(_NR11_REG + 0), a
                                     90 ;src/scripts/sound.c:13: NR12_REG = 0x73;
    00000015 3E 73            [ 8]   91 	ld	a, #0x73
    00000017 E0r00            [12]   92 	ldh	(_NR12_REG + 0), a
                                     93 ;src/scripts/sound.c:14: NR13_REG = 0x00;
    00000019 AF               [ 4]   94 	xor	a, a
    0000001A E0r00            [12]   95 	ldh	(_NR13_REG + 0), a
                                     96 ;src/scripts/sound.c:15: NR14_REG = 0x86;
    0000001C 3E 86            [ 8]   97 	ld	a, #0x86
    0000001E E0r00            [12]   98 	ldh	(_NR14_REG + 0), a
                                     99 ;src/scripts/sound.c:16: }
    00000020 C9               [16]  100 	ret
                                    101 ;src/scripts/sound.c:18: void hit_sfx() BANKED {
                                    102 ;	---------------------------------
                                    103 ; Function hit_sfx
                                    104 ; ---------------------------------
                         00000003   105 	b_hit_sfx	= 3
    00000021                        106 _hit_sfx::
                                    107 ;src/scripts/sound.c:19: NR41_REG = 0x1F;
    00000021 3E 1F            [ 8]  108 	ld	a, #0x1f
    00000023 E0r00            [12]  109 	ldh	(_NR41_REG + 0), a
                                    110 ;src/scripts/sound.c:20: NR42_REG = 0xA1;
    00000025 3E A1            [ 8]  111 	ld	a, #0xa1
    00000027 E0r00            [12]  112 	ldh	(_NR42_REG + 0), a
                                    113 ;src/scripts/sound.c:21: NR43_REG = 0x51;
    00000029 3E 51            [ 8]  114 	ld	a, #0x51
    0000002B E0r00            [12]  115 	ldh	(_NR43_REG + 0), a
                                    116 ;src/scripts/sound.c:22: NR44_REG = 0xC0;
    0000002D 3E C0            [ 8]  117 	ld	a, #0xc0
    0000002F E0r00            [12]  118 	ldh	(_NR44_REG + 0), a
                                    119 ;src/scripts/sound.c:23: }
    00000031 C9               [16]  120 	ret
                                    121 ;src/scripts/sound.c:25: void heal_sfx() BANKED {
                                    122 ;	---------------------------------
                                    123 ; Function heal_sfx
                                    124 ; ---------------------------------
                         00000003   125 	b_heal_sfx	= 3
    00000032                        126 _heal_sfx::
                                    127 ;src/scripts/sound.c:26: NR10_REG = 0x74; 
    00000032 3E 74            [ 8]  128 	ld	a, #0x74
    00000034 E0r00            [12]  129 	ldh	(_NR10_REG + 0), a
                                    130 ;src/scripts/sound.c:27: NR11_REG = 0x87; 
    00000036 3E 87            [ 8]  131 	ld	a, #0x87
    00000038 E0r00            [12]  132 	ldh	(_NR11_REG + 0), a
                                    133 ;src/scripts/sound.c:28: NR12_REG = 0x44; 
    0000003A 3E 44            [ 8]  134 	ld	a, #0x44
    0000003C E0r00            [12]  135 	ldh	(_NR12_REG + 0), a
                                    136 ;src/scripts/sound.c:29: NR13_REG = 0x73; 
    0000003E 3E 73            [ 8]  137 	ld	a, #0x73
    00000040 E0r00            [12]  138 	ldh	(_NR13_REG + 0), a
                                    139 ;src/scripts/sound.c:30: NR14_REG = 0x86;
    00000042 3E 86            [ 8]  140 	ld	a, #0x86
    00000044 E0r00            [12]  141 	ldh	(_NR14_REG + 0), a
                                    142 ;src/scripts/sound.c:31: }
    00000046 C9               [16]  143 	ret
                                    144 ;src/scripts/sound.c:33: void stairs_sfx() BANKED {
                                    145 ;	---------------------------------
                                    146 ; Function stairs_sfx
                                    147 ; ---------------------------------
                         00000003   148 	b_stairs_sfx	= 3
    00000047                        149 _stairs_sfx::
                                    150 ;src/scripts/sound.c:34: NR41_REG = 0x1E; 
    00000047 3E 1E            [ 8]  151 	ld	a, #0x1e
    00000049 E0r00            [12]  152 	ldh	(_NR41_REG + 0), a
                                    153 ;src/scripts/sound.c:35: NR42_REG = 0xA1; 
    0000004B 3E A1            [ 8]  154 	ld	a, #0xa1
    0000004D E0r00            [12]  155 	ldh	(_NR42_REG + 0), a
                                    156 ;src/scripts/sound.c:36: NR43_REG = 0x33; 
    0000004F 3E 33            [ 8]  157 	ld	a, #0x33
    00000051 E0r00            [12]  158 	ldh	(_NR43_REG + 0), a
                                    159 ;src/scripts/sound.c:37: NR44_REG = 0xC0;
    00000053 3E C0            [ 8]  160 	ld	a, #0xc0
    00000055 E0r00            [12]  161 	ldh	(_NR44_REG + 0), a
                                    162 ;src/scripts/sound.c:38: delay(200);
    00000057 11 C8 00         [12]  163 	ld	de, #0x00c8
    0000005A CDr00r00         [24]  164 	call	_delay
                                    165 ;src/scripts/sound.c:39: NR41_REG = 0x1E; 
    0000005D 3E 1E            [ 8]  166 	ld	a, #0x1e
    0000005F E0r00            [12]  167 	ldh	(_NR41_REG + 0), a
                                    168 ;src/scripts/sound.c:40: NR42_REG = 0xA1; 
    00000061 3E A1            [ 8]  169 	ld	a, #0xa1
    00000063 E0r00            [12]  170 	ldh	(_NR42_REG + 0), a
                                    171 ;src/scripts/sound.c:41: NR43_REG = 0x32; 
    00000065 3E 32            [ 8]  172 	ld	a, #0x32
    00000067 E0r00            [12]  173 	ldh	(_NR43_REG + 0), a
                                    174 ;src/scripts/sound.c:42: NR44_REG = 0xC0;
    00000069 3E C0            [ 8]  175 	ld	a, #0xc0
    0000006B E0r00            [12]  176 	ldh	(_NR44_REG + 0), a
                                    177 ;src/scripts/sound.c:43: }
    0000006D C9               [16]  178 	ret
                                    179 ;src/scripts/sound.c:45: void unlock_sfx() BANKED {
                                    180 ;	---------------------------------
                                    181 ; Function unlock_sfx
                                    182 ; ---------------------------------
                         00000003   183 	b_unlock_sfx	= 3
    0000006E                        184 _unlock_sfx::
                                    185 ;src/scripts/sound.c:46: NR41_REG = 0x14; 
    0000006E 3E 14            [ 8]  186 	ld	a, #0x14
    00000070 E0r00            [12]  187 	ldh	(_NR41_REG + 0), a
                                    188 ;src/scripts/sound.c:47: NR42_REG = 0x81; 
    00000072 3E 81            [ 8]  189 	ld	a, #0x81
    00000074 E0r00            [12]  190 	ldh	(_NR42_REG + 0), a
                                    191 ;src/scripts/sound.c:48: NR43_REG = 0x34; 
    00000076 3E 34            [ 8]  192 	ld	a, #0x34
    00000078 E0r00            [12]  193 	ldh	(_NR43_REG + 0), a
                                    194 ;src/scripts/sound.c:49: NR44_REG = 0xC0;
    0000007A 3E C0            [ 8]  195 	ld	a, #0xc0
    0000007C E0r00            [12]  196 	ldh	(_NR44_REG + 0), a
                                    197 ;src/scripts/sound.c:50: }
    0000007E C9               [16]  198 	ret
                                    199 ;src/scripts/sound.c:52: void start_sfx() BANKED {
                                    200 ;	---------------------------------
                                    201 ; Function start_sfx
                                    202 ; ---------------------------------
                         00000003   203 	b_start_sfx	= 3
    0000007F                        204 _start_sfx::
                                    205 ;src/scripts/sound.c:53: NR10_REG = 0x65;
    0000007F 3E 65            [ 8]  206 	ld	a, #0x65
    00000081 E0r00            [12]  207 	ldh	(_NR10_REG + 0), a
                                    208 ;src/scripts/sound.c:54: NR11_REG = 0x84;
    00000083 3E 84            [ 8]  209 	ld	a, #0x84
    00000085 E0r00            [12]  210 	ldh	(_NR11_REG + 0), a
                                    211 ;src/scripts/sound.c:55: NR12_REG = 0x54;
    00000087 3E 54            [ 8]  212 	ld	a, #0x54
    00000089 E0r00            [12]  213 	ldh	(_NR12_REG + 0), a
                                    214 ;src/scripts/sound.c:56: NR13_REG = 0x72;
    0000008B 3E 72            [ 8]  215 	ld	a, #0x72
    0000008D E0r00            [12]  216 	ldh	(_NR13_REG + 0), a
                                    217 ;src/scripts/sound.c:57: NR14_REG = 0xC6;
    0000008F 3E C6            [ 8]  218 	ld	a, #0xc6
    00000091 E0r00            [12]  219 	ldh	(_NR14_REG + 0), a
                                    220 ;src/scripts/sound.c:58: }
    00000093 C9               [16]  221 	ret
                                    222 ;src/scripts/sound.c:60: void death_sfx() BANKED {
                                    223 ;	---------------------------------
                                    224 ; Function death_sfx
                                    225 ; ---------------------------------
                         00000003   226 	b_death_sfx	= 3
    00000094                        227 _death_sfx::
                                    228 ;src/scripts/sound.c:61: NR10_REG = 0x7C;
    00000094 3E 7C            [ 8]  229 	ld	a, #0x7c
    00000096 E0r00            [12]  230 	ldh	(_NR10_REG + 0), a
                                    231 ;src/scripts/sound.c:62: NR11_REG = 0x87;
    00000098 3E 87            [ 8]  232 	ld	a, #0x87
    0000009A E0r00            [12]  233 	ldh	(_NR11_REG + 0), a
                                    234 ;src/scripts/sound.c:63: NR12_REG = 0x44;
    0000009C 3E 44            [ 8]  235 	ld	a, #0x44
    0000009E E0r00            [12]  236 	ldh	(_NR12_REG + 0), a
                                    237 ;src/scripts/sound.c:64: NR13_REG = 0x73;
    000000A0 3E 73            [ 8]  238 	ld	a, #0x73
    000000A2 E0r00            [12]  239 	ldh	(_NR13_REG + 0), a
                                    240 ;src/scripts/sound.c:65: NR14_REG = 0x86;
    000000A4 3E 86            [ 8]  241 	ld	a, #0x86
    000000A6 E0r00            [12]  242 	ldh	(_NR14_REG + 0), a
                                    243 ;src/scripts/sound.c:66: }
    000000A8 C9               [16]  244 	ret
                                    245 ;src/scripts/sound.c:68: void enemy_death_sfx() BANKED {
                                    246 ;	---------------------------------
                                    247 ; Function enemy_death_sfx
                                    248 ; ---------------------------------
                         00000003   249 	b_enemy_death_sfx	= 3
    000000A9                        250 _enemy_death_sfx::
                                    251 ;src/scripts/sound.c:69: NR41_REG = 0x01; 
    000000A9 3E 01            [ 8]  252 	ld	a, #0x01
    000000AB E0r00            [12]  253 	ldh	(_NR41_REG + 0), a
                                    254 ;src/scripts/sound.c:70: NR42_REG = 0xA2; 
    000000AD 3E A2            [ 8]  255 	ld	a, #0xa2
    000000AF E0r00            [12]  256 	ldh	(_NR42_REG + 0), a
                                    257 ;src/scripts/sound.c:71: NR43_REG = 0x47; 
    000000B1 3E 47            [ 8]  258 	ld	a, #0x47
    000000B3 E0r00            [12]  259 	ldh	(_NR43_REG + 0), a
                                    260 ;src/scripts/sound.c:72: NR44_REG = 0xC0;
    000000B5 3E C0            [ 8]  261 	ld	a, #0xc0
    000000B7 E0r00            [12]  262 	ldh	(_NR44_REG + 0), a
                                    263 ;src/scripts/sound.c:73: }
    000000B9 C9               [16]  264 	ret
                                    265 	.area _CODE_3
                                    266 	.area _INITIALIZER
                                    267 	.area _CABS (ABS)
