                                      1 ;--------------------------------------------------------
                                      2 ; File Created by SDCC : free open source ISO C Compiler
                                      3 ; Version 4.5.1 #15267 (MINGW64)
                                      4 ;--------------------------------------------------------
                                      5 	.module spawn_enemy
                                      6 	
                                      7 ;--------------------------------------------------------
                                      8 ; Public variables in this module
                                      9 ;--------------------------------------------------------
                                     10 	.globl _enemy_death
                                     11 	.globl _set_enemy_position
                                     12 	.globl _set_enemy_stats
                                     13 	.globl _set_sprite_data
                                     14 	.globl _room_enemies
                                     15 	.globl b_get_num_enemies
                                     16 	.globl _get_num_enemies
                                     17 	.globl _add_enemy
                                     18 	.globl b_generate_enemies
                                     19 	.globl _generate_enemies
                                     20 	.globl b_spawn_enemies_in_room
                                     21 	.globl _spawn_enemies_in_room
                                     22 	.globl b_set_enemy_tiles
                                     23 	.globl _set_enemy_tiles
                                     24 	.globl b_set_enemy_sprite
                                     25 	.globl _set_enemy_sprite
                                     26 ;--------------------------------------------------------
                                     27 ; special function registers
                                     28 ;--------------------------------------------------------
                                     29 	.area _HRAM
                                     30 ;--------------------------------------------------------
                                     31 ; ram data
                                     32 ;--------------------------------------------------------
                                     33 	.area _DATA
    00000000                         34 _room_enemies::
    00000000                         35 	.ds 16
                                     36 ;--------------------------------------------------------
                                     37 ; ram data
                                     38 ;--------------------------------------------------------
                                     39 	.area _INITIALIZED
                                     40 ;--------------------------------------------------------
                                     41 ; absolute external ram data
                                     42 ;--------------------------------------------------------
                                     43 	.area _DABS (ABS)
                                     44 ;--------------------------------------------------------
                                     45 ; global & static initialisations
                                     46 ;--------------------------------------------------------
                                     47 	.area _HOME
                                     48 	.area _GSINIT
                                     49 	.area _GSFINAL
                                     50 	.area _GSINIT
                                     51 ;--------------------------------------------------------
                                     52 ; Home
                                     53 ;--------------------------------------------------------
                                     54 	.area _HOME
                                     55 	.area _HOME
                                     56 ;--------------------------------------------------------
                                     57 ; code
                                     58 ;--------------------------------------------------------
                                     59 	.area _CODE_3
                                     60 ;src/scripts/spawn_enemy.c:9: uint8_t get_num_enemies(uint8_t floor) BANKED {
                                     61 ;	---------------------------------
                                     62 ; Function get_num_enemies
                                     63 ; ---------------------------------
                         00000003    64 	b_get_num_enemies	= 3
    00000000                         65 _get_num_enemies::
    00000000 3B               [ 8]   66 	dec	sp
                                     67 ;src/scripts/spawn_enemy.c:11: uint8_t floor_type = floor % 5;
    00000001 F8 07            [12]   68 	ldhl	sp,	#7
    00000003 7E               [ 8]   69 	ld	a, (hl)
    00000004 1E 05            [ 8]   70 	ld	e, #0x05
    00000006 CDr00r00         [24]   71 	call	__moduchar
    00000009 F8 00            [12]   72 	ldhl	sp,	#0
    0000000B 71               [ 8]   73 	ld	(hl), c
                                     74 ;src/scripts/spawn_enemy.c:12: uint8_t enemy_var = arand() % 3;
    0000000C CDr00r00         [24]   75 	call	_arand
    0000000F 59               [ 4]   76 	ld	e, c
    00000010 50               [ 4]   77 	ld	d, b
    00000011 01 03 00         [12]   78 	ld	bc, #0x0003
    00000014 CDr00r00         [24]   79 	call	__modsint
                                     80 ;src/scripts/spawn_enemy.c:13: switch (floor_type) {
    00000017 F8 00            [12]   81 	ldhl	sp,	#0
    00000019 5E               [ 8]   82 	ld	e, (hl)
    0000001A 16 00            [ 8]   83 	ld	d, #0x00
    0000001C 21r26r00         [12]   84 	ld	hl, #00111$
    0000001F 19               [ 8]   85 	add	hl, de
    00000020 19               [ 8]   86 	add	hl, de
    00000021 5E               [ 8]   87 	ld	e, (hl)
    00000022 23               [ 8]   88 	inc	hl
    00000023 66               [ 8]   89 	ld	h, (hl)
    00000024 6B               [ 4]   90 	ld	l, e
    00000025 E9               [ 4]   91 	jp	(hl)
    00000026                         92 00111$:
    00000026r40r00                   93 	.dw	00105$
    00000028r30r00                   94 	.dw	00101$
    0000002Ar34r00                   95 	.dw	00102$
    0000002Cr38r00                   96 	.dw	00103$
    0000002Er3Cr00                   97 	.dw	00104$
                                     98 ;src/scripts/spawn_enemy.c:14: case 1:
    00000030                         99 00101$:
                                    100 ;src/scripts/spawn_enemy.c:15: num_enemies = 3;
    00000030 3E 03            [ 8]  101 	ld	a, #0x03
                                    102 ;src/scripts/spawn_enemy.c:16: break;
    00000032 18 0E            [12]  103 	jr	00106$
                                    104 ;src/scripts/spawn_enemy.c:17: case 2:
    00000034                        105 00102$:
                                    106 ;src/scripts/spawn_enemy.c:18: num_enemies = 6;
    00000034 3E 06            [ 8]  107 	ld	a, #0x06
                                    108 ;src/scripts/spawn_enemy.c:19: break;
    00000036 18 0A            [12]  109 	jr	00106$
                                    110 ;src/scripts/spawn_enemy.c:20: case 3:
    00000038                        111 00103$:
                                    112 ;src/scripts/spawn_enemy.c:21: num_enemies = 8;
    00000038 3E 08            [ 8]  113 	ld	a, #0x08
                                    114 ;src/scripts/spawn_enemy.c:22: break;
    0000003A 18 06            [12]  115 	jr	00106$
                                    116 ;src/scripts/spawn_enemy.c:23: case 4:
    0000003C                        117 00104$:
                                    118 ;src/scripts/spawn_enemy.c:24: num_enemies = 10;
    0000003C 3E 0A            [ 8]  119 	ld	a, #0x0a
                                    120 ;src/scripts/spawn_enemy.c:25: break;
    0000003E 18 02            [12]  121 	jr	00106$
                                    122 ;src/scripts/spawn_enemy.c:26: case 0:
    00000040                        123 00105$:
                                    124 ;src/scripts/spawn_enemy.c:27: num_enemies = 11;
    00000040 3E 0B            [ 8]  125 	ld	a, #0x0b
                                    126 ;src/scripts/spawn_enemy.c:29: }
    00000042                        127 00106$:
                                    128 ;src/scripts/spawn_enemy.c:30: num_enemies += enemy_var;
    00000042 81               [ 4]  129 	add	a, c
                                    130 ;src/scripts/spawn_enemy.c:31: return num_enemies;
                                    131 ;src/scripts/spawn_enemy.c:32: }
    00000043 33               [ 8]  132 	inc	sp
    00000044 C9               [16]  133 	ret
                                    134 ;src/scripts/spawn_enemy.c:34: uint8_t add_enemy(uint8_t floor, uint8_t i, uint8_t j) {
                                    135 ;	---------------------------------
                                    136 ; Function add_enemy
                                    137 ; ---------------------------------
    00000045                        138 _add_enemy::
    00000045 3B               [ 8]  139 	dec	sp
    00000046 3B               [ 8]  140 	dec	sp
    00000047 F8 01            [12]  141 	ldhl	sp,	#1
    00000049 73               [ 8]  142 	ld	(hl), e
                                    143 ;src/scripts/spawn_enemy.c:39: switch (floor % 5) {
    0000004A 6F               [ 4]  144 	ld	l, a
    0000004B 26 00            [ 8]  145 	ld	h, #0x00
    0000004D 7D               [ 4]  146 	ld	a, l
    0000004E E5               [16]  147 	push	hl
    0000004F 1E 05            [ 8]  148 	ld	e, #0x05
    00000051 CDr00r00         [24]  149 	call	__moduchar
    00000054 E1               [12]  150 	pop	hl
    00000055 79               [ 4]  151 	ld	a, c
    00000056 B7               [ 4]  152 	or	a, a
    00000057 3E 01            [ 8]  153 	ld	a, #0x01
    00000059 28 01            [12]  154 	jr	Z, 00197$
    0000005B AF               [ 4]  155 	xor	a, a
    0000005C                        156 00197$:
    0000005C 11 00 00         [12]  157 	ld	de, #0x0
    0000005F B7               [ 4]  158 	or	a, a
    00000060 20 27            [12]  159 	jr	NZ, 00105$
    00000062 79               [ 4]  160 	ld	a, c
    00000063 3D               [ 4]  161 	dec	a
    00000064 28 0F            [12]  162 	jr	Z, 00101$
    00000066 79               [ 4]  163 	ld	a,c
    00000067 FE 02            [ 8]  164 	cp	a,#0x02
    00000069 28 0F            [12]  165 	jr	Z, 00102$
    0000006B FE 03            [ 8]  166 	cp	a,#0x03
    0000006D 28 10            [12]  167 	jr	Z, 00103$
    0000006F D6 04            [ 8]  168 	sub	a, #0x04
    00000071 28 11            [12]  169 	jr	Z, 00104$
    00000073 18 17            [12]  170 	jr	00106$
                                    171 ;src/scripts/spawn_enemy.c:40: case 1:
    00000075                        172 00101$:
                                    173 ;src/scripts/spawn_enemy.c:41: type1 = 115;
                                    174 ;src/scripts/spawn_enemy.c:42: type2 = 13;
    00000075 11 73 0D         [12]  175 	ld	de, #0xd73
                                    176 ;src/scripts/spawn_enemy.c:44: break;
    00000078 18 12            [12]  177 	jr	00106$
                                    178 ;src/scripts/spawn_enemy.c:45: case 2:
    0000007A                        179 00102$:
                                    180 ;src/scripts/spawn_enemy.c:46: type1 = 102;
                                    181 ;src/scripts/spawn_enemy.c:47: type2 = 23;
    0000007A 11 66 17         [12]  182 	ld	de, #0x1766
                                    183 ;src/scripts/spawn_enemy.c:49: break;
    0000007D 18 0D            [12]  184 	jr	00106$
                                    185 ;src/scripts/spawn_enemy.c:50: case 3:
    0000007F                        186 00103$:
                                    187 ;src/scripts/spawn_enemy.c:51: type1 = 77;
                                    188 ;src/scripts/spawn_enemy.c:52: type2 = 38;
    0000007F 11 4D 26         [12]  189 	ld	de, #0x264d
                                    190 ;src/scripts/spawn_enemy.c:54: break;
    00000082 18 08            [12]  191 	jr	00106$
                                    192 ;src/scripts/spawn_enemy.c:55: case 4:
    00000084                        193 00104$:
                                    194 ;src/scripts/spawn_enemy.c:56: type1 = 64;
                                    195 ;src/scripts/spawn_enemy.c:57: type2 = 38;
    00000084 11 40 26         [12]  196 	ld	de, #0x2640
                                    197 ;src/scripts/spawn_enemy.c:59: break;
    00000087 18 03            [12]  198 	jr	00106$
                                    199 ;src/scripts/spawn_enemy.c:60: case 0:
    00000089                        200 00105$:
                                    201 ;src/scripts/spawn_enemy.c:61: type1 = 38;
                                    202 ;src/scripts/spawn_enemy.c:62: type2 = 51;
    00000089 11 26 33         [12]  203 	ld	de, #0x3326
                                    204 ;src/scripts/spawn_enemy.c:65: }
    0000008C                        205 00106$:
                                    206 ;src/scripts/spawn_enemy.c:67: uint8_t floor_type = (floor - 1) / 5;
    0000008C 2B               [ 8]  207 	dec	hl
    0000008D D5               [16]  208 	push	de
    0000008E 01 05 00         [12]  209 	ld	bc, #0x0005
    00000091 5D               [ 4]  210 	ld	e, l
    00000092 54               [ 4]  211 	ld	d, h
    00000093 CDr00r00         [24]  212 	call	__divsint
    00000096 D1               [12]  213 	pop	de
                                    214 ;src/scripts/spawn_enemy.c:69: switch (floor_type) {
    00000097 3E 04            [ 8]  215 	ld	a, #0x04
    00000099 91               [ 4]  216 	sub	a, c
    0000009A 3E 00            [ 8]  217 	ld	a, #0x00
    0000009C 17               [ 4]  218 	rla
    0000009D 06 00            [ 8]  219 	ld	b, #0x00
    0000009F F8 00            [12]  220 	ldhl	sp,	#0
    000000A1 36 00            [12]  221 	ld	(hl), #0x00
    000000A3 26 00            [ 8]  222 	ld	h, #0x00
    000000A5 B7               [ 4]  223 	or	a, a
    000000A6 20 45            [12]  224 	jr	NZ, 00112$
    000000A8 47               [ 4]  225 	ld	b, a
    000000A9 21rB3r00         [12]  226 	ld	hl, #00202$
    000000AC 09               [ 8]  227 	add	hl, bc
    000000AD 09               [ 8]  228 	add	hl, bc
    000000AE 4E               [ 8]  229 	ld	c, (hl)
    000000AF 23               [ 8]  230 	inc	hl
    000000B0 66               [ 8]  231 	ld	h, (hl)
    000000B1 69               [ 4]  232 	ld	l, c
    000000B2 E9               [ 4]  233 	jp	(hl)
    000000B3                        234 00202$:
    000000B3rBDr00                  235 	.dw	00107$
    000000B5rC7r00                  236 	.dw	00108$
    000000B7rD1r00                  237 	.dw	00109$
    000000B9rDBr00                  238 	.dw	00110$
    000000BBrE5r00                  239 	.dw	00111$
                                    240 ;src/scripts/spawn_enemy.c:70: case 0:
    000000BD                        241 00107$:
                                    242 ;src/scripts/spawn_enemy.c:71: id_1 = 1;
    000000BD 06 01            [ 8]  243 	ld	b, #0x01
                                    244 ;src/scripts/spawn_enemy.c:72: id_2 = 2;
    000000BF F8 00            [12]  245 	ldhl	sp,	#0
    000000C1 36 02            [12]  246 	ld	(hl), #0x02
                                    247 ;src/scripts/spawn_enemy.c:73: id_3 = 3;
    000000C3 26 03            [ 8]  248 	ld	h, #0x03
                                    249 ;src/scripts/spawn_enemy.c:74: break;
    000000C5 18 26            [12]  250 	jr	00112$
                                    251 ;src/scripts/spawn_enemy.c:75: case 1:
    000000C7                        252 00108$:
                                    253 ;src/scripts/spawn_enemy.c:76: id_1 = 3;
    000000C7 06 03            [ 8]  254 	ld	b, #0x03
                                    255 ;src/scripts/spawn_enemy.c:77: id_2 = 4;
    000000C9 F8 00            [12]  256 	ldhl	sp,	#0
    000000CB 36 04            [12]  257 	ld	(hl), #0x04
                                    258 ;src/scripts/spawn_enemy.c:78: id_3 = 5;
    000000CD 26 05            [ 8]  259 	ld	h, #0x05
                                    260 ;src/scripts/spawn_enemy.c:79: break;
    000000CF 18 1C            [12]  261 	jr	00112$
                                    262 ;src/scripts/spawn_enemy.c:80: case 2:
    000000D1                        263 00109$:
                                    264 ;src/scripts/spawn_enemy.c:81: id_1 = 5;
    000000D1 06 05            [ 8]  265 	ld	b, #0x05
                                    266 ;src/scripts/spawn_enemy.c:82: id_2 = 6;
    000000D3 F8 00            [12]  267 	ldhl	sp,	#0
    000000D5 36 06            [12]  268 	ld	(hl), #0x06
                                    269 ;src/scripts/spawn_enemy.c:83: id_3 = 7;
    000000D7 26 07            [ 8]  270 	ld	h, #0x07
                                    271 ;src/scripts/spawn_enemy.c:84: break;
    000000D9 18 12            [12]  272 	jr	00112$
                                    273 ;src/scripts/spawn_enemy.c:85: case 3:
    000000DB                        274 00110$:
                                    275 ;src/scripts/spawn_enemy.c:86: id_1 = 7;
    000000DB 06 07            [ 8]  276 	ld	b, #0x07
                                    277 ;src/scripts/spawn_enemy.c:87: id_2 = 8;
    000000DD F8 00            [12]  278 	ldhl	sp,	#0
    000000DF 36 08            [12]  279 	ld	(hl), #0x08
                                    280 ;src/scripts/spawn_enemy.c:88: id_3 = 9;
    000000E1 26 09            [ 8]  281 	ld	h, #0x09
                                    282 ;src/scripts/spawn_enemy.c:89: break;
    000000E3 18 08            [12]  283 	jr	00112$
                                    284 ;src/scripts/spawn_enemy.c:90: case 4:
    000000E5                        285 00111$:
                                    286 ;src/scripts/spawn_enemy.c:91: id_1 = 9;
    000000E5 06 09            [ 8]  287 	ld	b, #0x09
                                    288 ;src/scripts/spawn_enemy.c:92: id_2 = 10;
    000000E7 F8 00            [12]  289 	ldhl	sp,	#0
    000000E9 36 0A            [12]  290 	ld	(hl), #0x0a
                                    291 ;src/scripts/spawn_enemy.c:93: id_3 = 11;
    000000EB 26 0B            [ 8]  292 	ld	h, #0x0b
                                    293 ;src/scripts/spawn_enemy.c:95: }
    000000ED                        294 00112$:
                                    295 ;src/scripts/spawn_enemy.c:98: uint8_t rng = arand() & 127;
    000000ED E5               [16]  296 	push	hl
    000000EE C5               [16]  297 	push	bc
    000000EF D5               [16]  298 	push	de
    000000F0 CDr00r00         [24]  299 	call	_arand
    000000F3 D1               [12]  300 	pop	de
    000000F4 F1               [12]  301 	pop	af
    000000F5 47               [ 4]  302 	ld	b, a
    000000F6 F1               [12]  303 	pop	af
    000000F7 67               [ 4]  304 	ld	h, a
    000000F8 CB B9            [ 8]  305 	res	7, c
                                    306 ;src/scripts/spawn_enemy.c:99: if (rng < type1) {
    000000FA 79               [ 4]  307 	ld	a, c
    000000FB 93               [ 4]  308 	sub	a, e
                                    309 ;src/scripts/spawn_enemy.c:100: enemy_id = id_1;
    000000FC 38 0D            [12]  310 	jr	C, 00118$
                                    311 ;src/scripts/spawn_enemy.c:102: else if (rng < type2 + type1) {
    000000FE 7A               [ 4]  312 	ld	a, d
    000000FF 83               [ 4]  313 	add	a, e
    00000100 5F               [ 4]  314 	ld	e, a
    00000101 79               [ 4]  315 	ld	a, c
    00000102 93               [ 4]  316 	sub	a, e
    00000103 30 05            [12]  317 	jr	NC, 00114$
                                    318 ;src/scripts/spawn_enemy.c:103: enemy_id = id_2;
    00000105 F8 00            [12]  319 	ldhl	sp,	#0
    00000107 46               [ 8]  320 	ld	b, (hl)
    00000108 18 01            [12]  321 	jr	00118$
    0000010A                        322 00114$:
                                    323 ;src/scripts/spawn_enemy.c:106: enemy_id = id_3;
    0000010A 44               [ 4]  324 	ld	b, h
    0000010B                        325 00118$:
                                    326 ;src/scripts/spawn_enemy.c:109: if (room_enemies[i][j] == 0) {
    0000010B 11r00r00         [12]  327 	ld	de, #_room_enemies+0
    0000010E F8 01            [12]  328 	ldhl	sp,	#1
    00000110 4E               [ 8]  329 	ld	c, (hl)
    00000111 AF               [ 4]  330 	xor	a, a
    00000112 69               [ 4]  331 	ld	l, c
    00000113 67               [ 4]  332 	ld	h, a
    00000114 29               [ 8]  333 	add	hl, hl
    00000115 29               [ 8]  334 	add	hl, hl
    00000116 19               [ 8]  335 	add	hl, de
    00000117 5D               [ 4]  336 	ld	e, l
    00000118 54               [ 4]  337 	ld	d, h
    00000119 F8 04            [12]  338 	ldhl	sp,	#4
    0000011B 6E               [ 8]  339 	ld	l, (hl)
    0000011C 26 00            [ 8]  340 	ld	h, #0x00
    0000011E 19               [ 8]  341 	add	hl, de
    0000011F 4E               [ 8]  342 	ld	c, (hl)
    00000120 79               [ 4]  343 	ld	a, c
    00000121 B7               [ 4]  344 	or	a, a
    00000122 20 05            [12]  345 	jr	NZ, 00122$
                                    346 ;src/scripts/spawn_enemy.c:110: room_enemies[i][j] = enemy_id;
    00000124 70               [ 8]  347 	ld	(hl), b
                                    348 ;src/scripts/spawn_enemy.c:111: return 1;
    00000125 3E 01            [ 8]  349 	ld	a, #0x01
    00000127 18 11            [12]  350 	jr	00124$
    00000129                        351 00122$:
                                    352 ;src/scripts/spawn_enemy.c:113: else if (room_enemies[i][j] < 16) {
    00000129 79               [ 4]  353 	ld	a, c
    0000012A D6 10            [ 8]  354 	sub	a, #0x10
    0000012C 30 0B            [12]  355 	jr	NC, 00123$
                                    356 ;src/scripts/spawn_enemy.c:114: room_enemies[i][j] |= (enemy_id << 4);
    0000012E 78               [ 4]  357 	ld	a, b
    0000012F CB 37            [ 8]  358 	swap	a
    00000131 E6 F0            [ 8]  359 	and	a, #0xf0
    00000133 B1               [ 4]  360 	or	a, c
    00000134 77               [ 8]  361 	ld	(hl), a
                                    362 ;src/scripts/spawn_enemy.c:115: return 1;
    00000135 3E 01            [ 8]  363 	ld	a, #0x01
    00000137 18 01            [12]  364 	jr	00124$
    00000139                        365 00123$:
                                    366 ;src/scripts/spawn_enemy.c:117: return 0;
    00000139 AF               [ 4]  367 	xor	a, a
    0000013A                        368 00124$:
                                    369 ;src/scripts/spawn_enemy.c:118: }
    0000013A 33               [ 8]  370 	inc	sp
    0000013B 33               [ 8]  371 	inc	sp
    0000013C E1               [12]  372 	pop	hl
    0000013D 33               [ 8]  373 	inc	sp
    0000013E E9               [ 4]  374 	jp	(hl)
                                    375 ;src/scripts/spawn_enemy.c:120: void generate_enemies(uint8_t num_enemies, char dungeon[4][4], uint8_t floor) BANKED {
                                    376 ;	---------------------------------
                                    377 ; Function generate_enemies
                                    378 ; ---------------------------------
                         00000003   379 	b_generate_enemies	= 3
    0000013F                        380 _generate_enemies::
    0000013F E8 FD            [16]  381 	add	sp, #-3
                                    382 ;src/scripts/spawn_enemy.c:121: for (int i=0; i<4; i++) {
    00000141 01 00 00         [12]  383 	ld	bc, #0x0000
    00000144                        384 00119$:
                                    385 ;src/scripts/spawn_enemy.c:122: for (int j=0; j<4; j++) {
    00000144 79               [ 4]  386 	ld	a,c
    00000145 FE 04            [ 8]  387 	cp	a,#0x04
    00000147 30 2C            [12]  388 	jr	NC, 00112$
    00000149 50               [ 4]  389 	ld	d, b
    0000014A 87               [ 4]  390 	add	a, a
    0000014B CB 12            [ 8]  391 	rl	d
    0000014D 87               [ 4]  392 	add	a, a
    0000014E CB 12            [ 8]  393 	rl	d
    00000150 5F               [ 4]  394 	ld	e, a
    00000151 21r00r00         [12]  395 	ld	hl, #_room_enemies
    00000154 19               [ 8]  396 	add	hl, de
    00000155 33               [ 8]  397 	inc	sp
    00000156 33               [ 8]  398 	inc	sp
    00000157 E5               [16]  399 	push	hl
    00000158 F8 02            [12]  400 	ldhl	sp,	#2
    0000015A 36 00            [12]  401 	ld	(hl), #0x00
    0000015C                        402 00116$:
    0000015C F8 02            [12]  403 	ldhl	sp,	#2
    0000015E 7E               [ 8]  404 	ld	a, (hl)
    0000015F D6 04            [ 8]  405 	sub	a, #0x04
    00000161 30 0F            [12]  406 	jr	NC, 00120$
                                    407 ;src/scripts/spawn_enemy.c:123: room_enemies[i][j] = 0;
    00000163 D1               [12]  408 	pop	de
    00000164 D5               [16]  409 	push	de
    00000165 6E               [ 8]  410 	ld	l, (hl)
    00000166 26 00            [ 8]  411 	ld	h, #0x00
    00000168 19               [ 8]  412 	add	hl, de
    00000169 5D               [ 4]  413 	ld	e, l
    0000016A 54               [ 4]  414 	ld	d, h
    0000016B AF               [ 4]  415 	xor	a, a
    0000016C 12               [ 8]  416 	ld	(de), a
                                    417 ;src/scripts/spawn_enemy.c:122: for (int j=0; j<4; j++) {
    0000016D F8 02            [12]  418 	ldhl	sp,	#2
    0000016F 34               [12]  419 	inc	(hl)
    00000170 18 EA            [12]  420 	jr	00116$
    00000172                        421 00120$:
                                    422 ;src/scripts/spawn_enemy.c:121: for (int i=0; i<4; i++) {
    00000172 03               [ 8]  423 	inc	bc
    00000173 18 CF            [12]  424 	jr	00119$
                                    425 ;src/scripts/spawn_enemy.c:127: while (num_enemies > 0){
    00000175                        426 00112$:
    00000175 F8 09            [12]  427 	ldhl	sp,	#9
    00000177 7E               [ 8]  428 	ld	a, (hl)
    00000178 B7               [ 4]  429 	or	a, a
    00000179 28 5D            [12]  430 	jr	Z, 00114$
                                    431 ;src/scripts/spawn_enemy.c:128: for (int i=0; i<4; i++) {
    0000017B AF               [ 4]  432 	xor	a, a
    0000017C F8 01            [12]  433 	ldhl	sp,	#1
    0000017E 22               [ 8]  434 	ld	(hl+), a
    0000017F 77               [ 8]  435 	ld	(hl), a
    00000180                        436 00125$:
    00000180 F8 01            [12]  437 	ldhl	sp,	#1
    00000182 2A               [ 8]  438 	ld	a, (hl+)
    00000183 D6 04            [ 8]  439 	sub	a, #0x04
    00000185 7E               [ 8]  440 	ld	a, (hl)
    00000186 DE 00            [ 8]  441 	sbc	a, #0x00
    00000188 30 EB            [12]  442 	jr	NC, 00112$
                                    443 ;src/scripts/spawn_enemy.c:129: for (int j=0; j<4; j++) {
    0000018A 2B               [ 8]  444 	dec	hl
    0000018B 7E               [ 8]  445 	ld	a, (hl)
    0000018C 16 00            [ 8]  446 	ld	d, #0x00
    0000018E 87               [ 4]  447 	add	a, a
    0000018F CB 12            [ 8]  448 	rl	d
    00000191 87               [ 4]  449 	add	a, a
    00000192 CB 12            [ 8]  450 	rl	d
    00000194 5F               [ 4]  451 	ld	e, a
    00000195 F8 0A            [12]  452 	ldhl	sp,	#10
    00000197 2A               [ 8]  453 	ld	a,	(hl+)
    00000198 66               [ 8]  454 	ld	h, (hl)
    00000199 6F               [ 4]  455 	ld	l, a
    0000019A 19               [ 8]  456 	add	hl, de
    0000019B 4D               [ 4]  457 	ld	c, l
    0000019C 44               [ 4]  458 	ld	b, h
    0000019D F8 09            [12]  459 	ldhl	sp,	#9
    0000019F 5E               [ 8]  460 	ld	e, (hl)
    000001A0 16 00            [ 8]  461 	ld	d, #0x00
    000001A2                        462 00122$:
    000001A2 7A               [ 4]  463 	ld	a, d
    000001A3 D6 04            [ 8]  464 	sub	a, #0x04
    000001A5 30 2C            [12]  465 	jr	NC, 00126$
                                    466 ;src/scripts/spawn_enemy.c:130: if (dungeon[i][j] == 'A' || dungeon[i][j] == 'B') {
    000001A7 6A               [ 4]  467 	ld	l, d
    000001A8 26 00            [ 8]  468 	ld	h, #0x00
    000001AA 09               [ 8]  469 	add	hl, bc
    000001AB 7E               [ 8]  470 	ld	a, (hl)
    000001AC FE 41            [ 8]  471 	cp	a, #0x41
    000001AE 28 04            [12]  472 	jr	Z, 00107$
    000001B0 D6 42            [ 8]  473 	sub	a, #0x42
    000001B2 20 1C            [12]  474 	jr	NZ, 00123$
    000001B4                        475 00107$:
                                    476 ;src/scripts/spawn_enemy.c:131: if (add_enemy(floor, i, j)) {
    000001B4 7A               [ 4]  477 	ld	a, d
    000001B5 F8 01            [12]  478 	ldhl	sp,	#1
    000001B7 6E               [ 8]  479 	ld	l, (hl)
    000001B8 C5               [16]  480 	push	bc
    000001B9 D5               [16]  481 	push	de
    000001BA F5               [16]  482 	push	af
    000001BB 5D               [ 4]  483 	ld	e, l
    000001BC 33               [ 8]  484 	inc	sp
    000001BD F8 11            [12]  485 	ldhl	sp,	#17
    000001BF 7E               [ 8]  486 	ld	a, (hl)
    000001C0 CDr45r00         [24]  487 	call	_add_enemy
    000001C3 D1               [12]  488 	pop	de
    000001C4 C1               [12]  489 	pop	bc
    000001C5 B7               [ 4]  490 	or	a, a
    000001C6 28 08            [12]  491 	jr	Z, 00123$
                                    492 ;src/scripts/spawn_enemy.c:132: num_enemies--;
    000001C8 1D               [ 4]  493 	dec	e
    000001C9 F8 09            [12]  494 	ldhl	sp,	#9
                                    495 ;src/scripts/spawn_enemy.c:133: if (num_enemies == 0) {
    000001CB 7B               [ 4]  496 	ld	a,e
    000001CC 77               [ 8]  497 	ld	(hl),a
    000001CD B7               [ 4]  498 	or	a, a
                                    499 ;src/scripts/spawn_enemy.c:134: return;
    000001CE 28 08            [12]  500 	jr	Z, 00127$
    000001D0                        501 00123$:
                                    502 ;src/scripts/spawn_enemy.c:129: for (int j=0; j<4; j++) {
    000001D0 14               [ 4]  503 	inc	d
    000001D1 18 CF            [12]  504 	jr	00122$
    000001D3                        505 00126$:
                                    506 ;src/scripts/spawn_enemy.c:128: for (int i=0; i<4; i++) {
    000001D3 F8 01            [12]  507 	ldhl	sp,	#1
    000001D5 34               [12]  508 	inc	(hl)
    000001D6 18 A8            [12]  509 	jr	00125$
    000001D8                        510 00114$:
                                    511 ;src/scripts/spawn_enemy.c:141: return;
    000001D8                        512 00127$:
                                    513 ;src/scripts/spawn_enemy.c:142: }
    000001D8 E8 03            [16]  514 	add	sp, #3
    000001DA C9               [16]  515 	ret
                                    516 ;src/scripts/spawn_enemy.c:144: void spawn_enemies_in_room(uint8_t i, uint8_t j, Enemy enemies[2]) BANKED {
                                    517 ;	---------------------------------
                                    518 ; Function spawn_enemies_in_room
                                    519 ; ---------------------------------
                         00000003   520 	b_spawn_enemies_in_room	= 3
    000001DB                        521 _spawn_enemies_in_room::
    000001DB 3B               [ 8]  522 	dec	sp
    000001DC 3B               [ 8]  523 	dec	sp
                                    524 ;src/scripts/spawn_enemy.c:145: enemy_death(&enemies[0]);
    000001DD F8 0A            [12]  525 	ldhl	sp,	#10
    000001DF 7E               [ 8]  526 	ld	a, (hl)
    000001E0 F8 00            [12]  527 	ldhl	sp,	#0
    000001E2 77               [ 8]  528 	ld	(hl), a
    000001E3 F8 0B            [12]  529 	ldhl	sp,	#11
    000001E5 7E               [ 8]  530 	ld	a, (hl)
    000001E6 F8 01            [12]  531 	ldhl	sp,	#1
    000001E8 77               [ 8]  532 	ld	(hl), a
    000001E9 D1               [12]  533 	pop	de
    000001EA D5               [16]  534 	push	de
    000001EB CDr00r00         [24]  535 	call	_enemy_death
                                    536 ;src/scripts/spawn_enemy.c:146: enemy_death(&enemies[1]);
    000001EE F8 0A            [12]  537 	ldhl	sp,#10
    000001F0 2A               [ 8]  538 	ld	a, (hl+)
    000001F1 5F               [ 4]  539 	ld	e, a
    000001F2 56               [ 8]  540 	ld	d, (hl)
    000001F3 21 0C 00         [12]  541 	ld	hl, #0x000c
    000001F6 19               [ 8]  542 	add	hl, de
    000001F7 5D               [ 4]  543 	ld	e, l
    000001F8 54               [ 4]  544 	ld	d, h
    000001F9 D5               [16]  545 	push	de
    000001FA CDr00r00         [24]  546 	call	_enemy_death
    000001FD D1               [12]  547 	pop	de
                                    548 ;src/scripts/spawn_enemy.c:147: uint8_t room_data = room_enemies[i][j];
    000001FE F8 08            [12]  549 	ldhl	sp,	#8
    00000200 4E               [ 8]  550 	ld	c, (hl)
    00000201 AF               [ 4]  551 	xor	a, a
    00000202 69               [ 4]  552 	ld	l, c
    00000203 67               [ 4]  553 	ld	h, a
    00000204 29               [ 8]  554 	add	hl, hl
    00000205 29               [ 8]  555 	add	hl, hl
    00000206 3Er00            [ 8]  556 	ld	a, #<(_room_enemies)
    00000208 85               [ 4]  557 	add	a, l
    00000209 4F               [ 4]  558 	ld	c, a
    0000020A 3Es00            [ 8]  559 	ld	a, #>(_room_enemies)
    0000020C 8C               [ 4]  560 	adc	a, h
    0000020D 47               [ 4]  561 	ld	b, a
    0000020E F8 09            [12]  562 	ldhl	sp,	#9
    00000210 6E               [ 8]  563 	ld	l, (hl)
    00000211 26 00            [ 8]  564 	ld	h, #0x00
    00000213 09               [ 8]  565 	add	hl, bc
    00000214 4E               [ 8]  566 	ld	c, (hl)
                                    567 ;src/scripts/spawn_enemy.c:149: if (room_data == 0) {
    00000215 79               [ 4]  568 	ld	a, c
    00000216 B7               [ 4]  569 	or	a, a
                                    570 ;src/scripts/spawn_enemy.c:150: return;
    00000217 28 40            [12]  571 	jr	Z, 00107$
                                    572 ;src/scripts/spawn_enemy.c:153: uint8_t id_high = room_data >> 4;
    00000219 79               [ 4]  573 	ld	a, c
    0000021A CB 37            [ 8]  574 	swap	a
    0000021C E6 0F            [ 8]  575 	and	a, #0x0f
    0000021E 47               [ 4]  576 	ld	b, a
                                    577 ;src/scripts/spawn_enemy.c:155: if (id_high > 0) {
    0000021F B7               [ 4]  578 	or	a, a
    00000220 28 15            [12]  579 	jr	Z, 00104$
                                    580 ;src/scripts/spawn_enemy.c:156: set_enemy_stats(&enemies[1], id_high, 12);
    00000222 C5               [16]  581 	push	bc
    00000223 D5               [16]  582 	push	de
    00000224 3E 0C            [ 8]  583 	ld	a, #0x0c
    00000226 F5               [16]  584 	push	af
    00000227 33               [ 8]  585 	inc	sp
    00000228 78               [ 4]  586 	ld	a, b
    00000229 CDr00r00         [24]  587 	call	_set_enemy_stats
    0000022C D1               [12]  588 	pop	de
                                    589 ;src/scripts/spawn_enemy.c:157: set_enemy_position(&enemies[1], 72, 48);
    0000022D 3E 30            [ 8]  590 	ld	a, #0x30
    0000022F F5               [16]  591 	push	af
    00000230 33               [ 8]  592 	inc	sp
    00000231 3E 48            [ 8]  593 	ld	a, #0x48
    00000233 CDr00r00         [24]  594 	call	_set_enemy_position
    00000236 C1               [12]  595 	pop	bc
    00000237                        596 00104$:
                                    597 ;src/scripts/spawn_enemy.c:160: uint8_t id_low = room_data & 0x0F;
    00000237 79               [ 4]  598 	ld	a, c
    00000238 E6 0F            [ 8]  599 	and	a, #0x0f
    0000023A 4F               [ 4]  600 	ld	c, a
                                    601 ;src/scripts/spawn_enemy.c:161: if (id_low > 0) {
    0000023B B7               [ 4]  602 	or	a, a
    0000023C 28 1B            [12]  603 	jr	Z, 00107$
                                    604 ;src/scripts/spawn_enemy.c:162: set_enemy_stats(&enemies[0], id_low, 8);
    0000023E 3E 08            [ 8]  605 	ld	a, #0x08
    00000240 F5               [16]  606 	push	af
    00000241 33               [ 8]  607 	inc	sp
    00000242 79               [ 4]  608 	ld	a, c
    00000243 F8 01            [12]  609 	ldhl	sp,	#1
    00000245 5E               [ 8]  610 	ld	e, (hl)
    00000246 23               [ 8]  611 	inc	hl
    00000247 56               [ 8]  612 	ld	d, (hl)
    00000248 CDr00r00         [24]  613 	call	_set_enemy_stats
                                    614 ;src/scripts/spawn_enemy.c:163: set_enemy_position(&enemies[0], 120, 48);
    0000024B 3E 30            [ 8]  615 	ld	a, #0x30
    0000024D F5               [16]  616 	push	af
    0000024E 33               [ 8]  617 	inc	sp
    0000024F 3E 78            [ 8]  618 	ld	a, #0x78
    00000251 F8 01            [12]  619 	ldhl	sp,	#1
    00000253 5E               [ 8]  620 	ld	e, (hl)
    00000254 23               [ 8]  621 	inc	hl
    00000255 56               [ 8]  622 	ld	d, (hl)
    00000256 CDr00r00         [24]  623 	call	_set_enemy_position
    00000259                        624 00107$:
                                    625 ;src/scripts/spawn_enemy.c:165: }
    00000259 33               [ 8]  626 	inc	sp
    0000025A 33               [ 8]  627 	inc	sp
    0000025B C9               [16]  628 	ret
                                    629 ;src/scripts/spawn_enemy.c:168: void set_enemy_tiles() BANKED {
                                    630 ;	---------------------------------
                                    631 ; Function set_enemy_tiles
                                    632 ; ---------------------------------
                         00000003   633 	b_set_enemy_tiles	= 3
    0000025C                        634 _set_enemy_tiles::
                                    635 ;c:\users\utente\desktop\tirocinio\gbdk-win64\gbdk\include\gb\gb.h:1887: shadow_OAM[nb].tile=tile;
    0000025C 21r22r00         [12]  636 	ld	hl, #(_shadow_OAM + 34)
    0000025F 36 5A            [12]  637 	ld	(hl), #0x5a
    00000261 21r26r00         [12]  638 	ld	hl, #(_shadow_OAM + 38)
    00000264 36 5B            [12]  639 	ld	(hl), #0x5b
    00000266 21r2Ar00         [12]  640 	ld	hl, #(_shadow_OAM + 42)
    00000269 36 5C            [12]  641 	ld	(hl), #0x5c
    0000026B 21r2Er00         [12]  642 	ld	hl, #(_shadow_OAM + 46)
    0000026E 36 5D            [12]  643 	ld	(hl), #0x5d
    00000270 21r32r00         [12]  644 	ld	hl, #(_shadow_OAM + 50)
    00000273 36 5E            [12]  645 	ld	(hl), #0x5e
    00000275 21r36r00         [12]  646 	ld	hl, #(_shadow_OAM + 54)
    00000278 36 5F            [12]  647 	ld	(hl), #0x5f
    0000027A 21r3Ar00         [12]  648 	ld	hl, #(_shadow_OAM + 58)
    0000027D 36 60            [12]  649 	ld	(hl), #0x60
    0000027F 21r3Er00         [12]  650 	ld	hl, #(_shadow_OAM + 62)
    00000282 36 61            [12]  651 	ld	(hl), #0x61
                                    652 ;src/scripts/spawn_enemy.c:176: set_sprite_tile(15, 97);
                                    653 ;src/scripts/spawn_enemy.c:177: }
    00000284 C9               [16]  654 	ret
                                    655 ;src/scripts/spawn_enemy.c:179: void set_enemy_sprite() BANKED {
                                    656 ;	---------------------------------
                                    657 ; Function set_enemy_sprite
                                    658 ; ---------------------------------
                         00000003   659 	b_set_enemy_sprite	= 3
    00000285                        660 _set_enemy_sprite::
                                    661 ;src/scripts/spawn_enemy.c:180: switch (current_enemies[0].type) {
    00000285 21r06r00         [12]  662 	ld	hl, #(_current_enemies + 6)
    00000288 4E               [ 8]  663 	ld	c, (hl)
    00000289 3E 0B            [ 8]  664 	ld	a, #0x0b
    0000028B 91               [ 4]  665 	sub	a, c
    0000028C DAr58r03         [16]  666 	jp	C, 00112$
    0000028F 06 00            [ 8]  667 	ld	b, #0x00
    00000291 21r9Br02         [12]  668 	ld	hl, #00141$
    00000294 09               [ 8]  669 	add	hl, bc
    00000295 09               [ 8]  670 	add	hl, bc
    00000296 4E               [ 8]  671 	ld	c, (hl)
    00000297 23               [ 8]  672 	inc	hl
    00000298 66               [ 8]  673 	ld	h, (hl)
    00000299 69               [ 4]  674 	ld	l, c
    0000029A E9               [ 4]  675 	jp	(hl)
    0000029B                        676 00141$:
    0000029Br58r03                  677 	.dw	00112$
    0000029DrB3r02                  678 	.dw	00101$
    0000029FrC3r02                  679 	.dw	00102$
    000002A1rD3r02                  680 	.dw	00103$
    000002A3rE2r02                  681 	.dw	00104$
    000002A5rF1r02                  682 	.dw	00105$
    000002A7r00r03                  683 	.dw	00106$
    000002A9r0Fr03                  684 	.dw	00107$
    000002ABr1Er03                  685 	.dw	00108$
    000002ADr2Dr03                  686 	.dw	00109$
    000002AFr3Cr03                  687 	.dw	00110$
    000002B1r4Br03                  688 	.dw	00111$
                                    689 ;src/scripts/spawn_enemy.c:181: case 1:
    000002B3                        690 00101$:
                                    691 ;src/scripts/spawn_enemy.c:182: set_sprite_data(90, 4, LarvaOscura);
    000002B3 11r00r00         [12]  692 	ld	de, #_LarvaOscura
    000002B6 D5               [16]  693 	push	de
    000002B7 21 5A 04         [12]  694 	ld	hl, #0x45a
    000002BA E5               [16]  695 	push	hl
    000002BB CDr00r00         [24]  696 	call	_set_sprite_data
    000002BE E8 04            [16]  697 	add	sp, #4
                                    698 ;src/scripts/spawn_enemy.c:183: break;
    000002C0 C3r58r03         [16]  699 	jp	00112$
                                    700 ;src/scripts/spawn_enemy.c:184: case 2:
    000002C3                        701 00102$:
                                    702 ;src/scripts/spawn_enemy.c:185: set_sprite_data(90, 4, Trisguardo);
    000002C3 11r00r00         [12]  703 	ld	de, #_Trisguardo
    000002C6 D5               [16]  704 	push	de
    000002C7 21 5A 04         [12]  705 	ld	hl, #0x45a
    000002CA E5               [16]  706 	push	hl
    000002CB CDr00r00         [24]  707 	call	_set_sprite_data
    000002CE E8 04            [16]  708 	add	sp, #4
                                    709 ;src/scripts/spawn_enemy.c:186: break;
    000002D0 C3r58r03         [16]  710 	jp	00112$
                                    711 ;src/scripts/spawn_enemy.c:187: case 3:
    000002D3                        712 00103$:
                                    713 ;src/scripts/spawn_enemy.c:188: set_sprite_data(90, 4, Cervellino);
    000002D3 11r00r00         [12]  714 	ld	de, #_Cervellino
    000002D6 D5               [16]  715 	push	de
    000002D7 21 5A 04         [12]  716 	ld	hl, #0x45a
    000002DA E5               [16]  717 	push	hl
    000002DB CDr00r00         [24]  718 	call	_set_sprite_data
    000002DE E8 04            [16]  719 	add	sp, #4
                                    720 ;src/scripts/spawn_enemy.c:189: break;
    000002E0 18 76            [12]  721 	jr	00112$
                                    722 ;src/scripts/spawn_enemy.c:190: case 4:
    000002E2                        723 00104$:
                                    724 ;src/scripts/spawn_enemy.c:191: set_sprite_data(90, 4, Pipistrello);
    000002E2 11r00r00         [12]  725 	ld	de, #_Pipistrello
    000002E5 D5               [16]  726 	push	de
    000002E6 21 5A 04         [12]  727 	ld	hl, #0x45a
    000002E9 E5               [16]  728 	push	hl
    000002EA CDr00r00         [24]  729 	call	_set_sprite_data
    000002ED E8 04            [16]  730 	add	sp, #4
                                    731 ;src/scripts/spawn_enemy.c:192: break;
    000002EF 18 67            [12]  732 	jr	00112$
                                    733 ;src/scripts/spawn_enemy.c:193: case 5:
    000002F1                        734 00105$:
                                    735 ;src/scripts/spawn_enemy.c:194: set_sprite_data(90, 4, Ragnocchio);
    000002F1 11r00r00         [12]  736 	ld	de, #_Ragnocchio
    000002F4 D5               [16]  737 	push	de
    000002F5 21 5A 04         [12]  738 	ld	hl, #0x45a
    000002F8 E5               [16]  739 	push	hl
    000002F9 CDr00r00         [24]  740 	call	_set_sprite_data
    000002FC E8 04            [16]  741 	add	sp, #4
                                    742 ;src/scripts/spawn_enemy.c:195: break;
    000002FE 18 58            [12]  743 	jr	00112$
                                    744 ;src/scripts/spawn_enemy.c:196: case 6:
    00000300                        745 00106$:
                                    746 ;src/scripts/spawn_enemy.c:197: set_sprite_data(90, 4, Quadratocchio);
    00000300 11r00r00         [12]  747 	ld	de, #_Quadratocchio
    00000303 D5               [16]  748 	push	de
    00000304 21 5A 04         [12]  749 	ld	hl, #0x45a
    00000307 E5               [16]  750 	push	hl
    00000308 CDr00r00         [24]  751 	call	_set_sprite_data
    0000030B E8 04            [16]  752 	add	sp, #4
                                    753 ;src/scripts/spawn_enemy.c:198: break;
    0000030D 18 49            [12]  754 	jr	00112$
                                    755 ;src/scripts/spawn_enemy.c:199: case 7:
    0000030F                        756 00107$:
                                    757 ;src/scripts/spawn_enemy.c:200: set_sprite_data(90, 4, Cristallocchio);
    0000030F 11r00r00         [12]  758 	ld	de, #_Cristallocchio
    00000312 D5               [16]  759 	push	de
    00000313 21 5A 04         [12]  760 	ld	hl, #0x45a
    00000316 E5               [16]  761 	push	hl
    00000317 CDr00r00         [24]  762 	call	_set_sprite_data
    0000031A E8 04            [16]  763 	add	sp, #4
                                    764 ;src/scripts/spawn_enemy.c:201: break;
    0000031C 18 3A            [12]  765 	jr	00112$
                                    766 ;src/scripts/spawn_enemy.c:202: case 8:
    0000031E                        767 00108$:
                                    768 ;src/scripts/spawn_enemy.c:203: set_sprite_data(90, 4, OcchioInfuocato);
    0000031E 11r00r00         [12]  769 	ld	de, #_OcchioInfuocato
    00000321 D5               [16]  770 	push	de
    00000322 21 5A 04         [12]  771 	ld	hl, #0x45a
    00000325 E5               [16]  772 	push	hl
    00000326 CDr00r00         [24]  773 	call	_set_sprite_data
    00000329 E8 04            [16]  774 	add	sp, #4
                                    775 ;src/scripts/spawn_enemy.c:204: break;
    0000032B 18 2B            [12]  776 	jr	00112$
                                    777 ;src/scripts/spawn_enemy.c:205: case 9:
    0000032D                        778 00109$:
                                    779 ;src/scripts/spawn_enemy.c:206: set_sprite_data(90, 4, Armatura);
    0000032D 11r00r00         [12]  780 	ld	de, #_Armatura
    00000330 D5               [16]  781 	push	de
    00000331 21 5A 04         [12]  782 	ld	hl, #0x45a
    00000334 E5               [16]  783 	push	hl
    00000335 CDr00r00         [24]  784 	call	_set_sprite_data
    00000338 E8 04            [16]  785 	add	sp, #4
                                    786 ;src/scripts/spawn_enemy.c:207: break;
    0000033A 18 1C            [12]  787 	jr	00112$
                                    788 ;src/scripts/spawn_enemy.c:208: case 10:
    0000033C                        789 00110$:
                                    790 ;src/scripts/spawn_enemy.c:209: set_sprite_data(90, 4, PredatoreOmbra);
    0000033C 11r00r00         [12]  791 	ld	de, #_PredatoreOmbra
    0000033F D5               [16]  792 	push	de
    00000340 21 5A 04         [12]  793 	ld	hl, #0x45a
    00000343 E5               [16]  794 	push	hl
    00000344 CDr00r00         [24]  795 	call	_set_sprite_data
    00000347 E8 04            [16]  796 	add	sp, #4
                                    797 ;src/scripts/spawn_enemy.c:210: break;
    00000349 18 0D            [12]  798 	jr	00112$
                                    799 ;src/scripts/spawn_enemy.c:211: case 11:
    0000034B                        800 00111$:
                                    801 ;src/scripts/spawn_enemy.c:212: set_sprite_data(90, 4, Dragocchio);
    0000034B 11r00r00         [12]  802 	ld	de, #_Dragocchio
    0000034E D5               [16]  803 	push	de
    0000034F 21 5A 04         [12]  804 	ld	hl, #0x45a
    00000352 E5               [16]  805 	push	hl
    00000353 CDr00r00         [24]  806 	call	_set_sprite_data
    00000356 E8 04            [16]  807 	add	sp, #4
                                    808 ;src/scripts/spawn_enemy.c:214: }
    00000358                        809 00112$:
                                    810 ;src/scripts/spawn_enemy.c:215: switch (current_enemies[1].type) {
    00000358 21r12r00         [12]  811 	ld	hl, #(_current_enemies + 18)
    0000035B 4E               [ 8]  812 	ld	c, (hl)
    0000035C 3E 0B            [ 8]  813 	ld	a, #0x0b
    0000035E 91               [ 4]  814 	sub	a, c
    0000035F DAr2Br04         [16]  815 	jp	C, 00124$
    00000362 06 00            [ 8]  816 	ld	b, #0x00
    00000364 21r6Er03         [12]  817 	ld	hl, #00142$
    00000367 09               [ 8]  818 	add	hl, bc
    00000368 09               [ 8]  819 	add	hl, bc
    00000369 4E               [ 8]  820 	ld	c, (hl)
    0000036A 23               [ 8]  821 	inc	hl
    0000036B 66               [ 8]  822 	ld	h, (hl)
    0000036C 69               [ 4]  823 	ld	l, c
    0000036D E9               [ 4]  824 	jp	(hl)
    0000036E                        825 00142$:
    0000036Er2Br04                  826 	.dw	00124$
    00000370r86r03                  827 	.dw	00113$
    00000372r96r03                  828 	.dw	00114$
    00000374rA6r03                  829 	.dw	00115$
    00000376rB5r03                  830 	.dw	00116$
    00000378rC4r03                  831 	.dw	00117$
    0000037ArD3r03                  832 	.dw	00118$
    0000037CrE2r03                  833 	.dw	00119$
    0000037ErF1r03                  834 	.dw	00120$
    00000380r00r04                  835 	.dw	00121$
    00000382r0Fr04                  836 	.dw	00122$
    00000384r1Er04                  837 	.dw	00123$
                                    838 ;src/scripts/spawn_enemy.c:216: case 1:
    00000386                        839 00113$:
                                    840 ;src/scripts/spawn_enemy.c:217: set_sprite_data(94, 4, LarvaOscura);
    00000386 11r00r00         [12]  841 	ld	de, #_LarvaOscura
    00000389 D5               [16]  842 	push	de
    0000038A 21 5E 04         [12]  843 	ld	hl, #0x45e
    0000038D E5               [16]  844 	push	hl
    0000038E CDr00r00         [24]  845 	call	_set_sprite_data
    00000391 E8 04            [16]  846 	add	sp, #4
                                    847 ;src/scripts/spawn_enemy.c:218: break;
    00000393 C3r2Br04         [16]  848 	jp	00124$
                                    849 ;src/scripts/spawn_enemy.c:219: case 2:
    00000396                        850 00114$:
                                    851 ;src/scripts/spawn_enemy.c:220: set_sprite_data(94, 4, Trisguardo);
    00000396 11r00r00         [12]  852 	ld	de, #_Trisguardo
    00000399 D5               [16]  853 	push	de
    0000039A 21 5E 04         [12]  854 	ld	hl, #0x45e
    0000039D E5               [16]  855 	push	hl
    0000039E CDr00r00         [24]  856 	call	_set_sprite_data
    000003A1 E8 04            [16]  857 	add	sp, #4
                                    858 ;src/scripts/spawn_enemy.c:221: break;
    000003A3 C3r2Br04         [16]  859 	jp	00124$
                                    860 ;src/scripts/spawn_enemy.c:222: case 3:
    000003A6                        861 00115$:
                                    862 ;src/scripts/spawn_enemy.c:223: set_sprite_data(94, 4, Cervellino);
    000003A6 11r00r00         [12]  863 	ld	de, #_Cervellino
    000003A9 D5               [16]  864 	push	de
    000003AA 21 5E 04         [12]  865 	ld	hl, #0x45e
    000003AD E5               [16]  866 	push	hl
    000003AE CDr00r00         [24]  867 	call	_set_sprite_data
    000003B1 E8 04            [16]  868 	add	sp, #4
                                    869 ;src/scripts/spawn_enemy.c:224: break;
    000003B3 18 76            [12]  870 	jr	00124$
                                    871 ;src/scripts/spawn_enemy.c:225: case 4:
    000003B5                        872 00116$:
                                    873 ;src/scripts/spawn_enemy.c:226: set_sprite_data(94, 4, Pipistrello);
    000003B5 11r00r00         [12]  874 	ld	de, #_Pipistrello
    000003B8 D5               [16]  875 	push	de
    000003B9 21 5E 04         [12]  876 	ld	hl, #0x45e
    000003BC E5               [16]  877 	push	hl
    000003BD CDr00r00         [24]  878 	call	_set_sprite_data
    000003C0 E8 04            [16]  879 	add	sp, #4
                                    880 ;src/scripts/spawn_enemy.c:227: break;
    000003C2 18 67            [12]  881 	jr	00124$
                                    882 ;src/scripts/spawn_enemy.c:228: case 5:
    000003C4                        883 00117$:
                                    884 ;src/scripts/spawn_enemy.c:229: set_sprite_data(94, 4, Ragnocchio);
    000003C4 11r00r00         [12]  885 	ld	de, #_Ragnocchio
    000003C7 D5               [16]  886 	push	de
    000003C8 21 5E 04         [12]  887 	ld	hl, #0x45e
    000003CB E5               [16]  888 	push	hl
    000003CC CDr00r00         [24]  889 	call	_set_sprite_data
    000003CF E8 04            [16]  890 	add	sp, #4
                                    891 ;src/scripts/spawn_enemy.c:230: break;
    000003D1 18 58            [12]  892 	jr	00124$
                                    893 ;src/scripts/spawn_enemy.c:231: case 6:
    000003D3                        894 00118$:
                                    895 ;src/scripts/spawn_enemy.c:232: set_sprite_data(94, 4, Quadratocchio);
    000003D3 11r00r00         [12]  896 	ld	de, #_Quadratocchio
    000003D6 D5               [16]  897 	push	de
    000003D7 21 5E 04         [12]  898 	ld	hl, #0x45e
    000003DA E5               [16]  899 	push	hl
    000003DB CDr00r00         [24]  900 	call	_set_sprite_data
    000003DE E8 04            [16]  901 	add	sp, #4
                                    902 ;src/scripts/spawn_enemy.c:233: break;
    000003E0 18 49            [12]  903 	jr	00124$
                                    904 ;src/scripts/spawn_enemy.c:234: case 7:
    000003E2                        905 00119$:
                                    906 ;src/scripts/spawn_enemy.c:235: set_sprite_data(94, 4, Cristallocchio);
    000003E2 11r00r00         [12]  907 	ld	de, #_Cristallocchio
    000003E5 D5               [16]  908 	push	de
    000003E6 21 5E 04         [12]  909 	ld	hl, #0x45e
    000003E9 E5               [16]  910 	push	hl
    000003EA CDr00r00         [24]  911 	call	_set_sprite_data
    000003ED E8 04            [16]  912 	add	sp, #4
                                    913 ;src/scripts/spawn_enemy.c:236: break;
    000003EF 18 3A            [12]  914 	jr	00124$
                                    915 ;src/scripts/spawn_enemy.c:237: case 8:
    000003F1                        916 00120$:
                                    917 ;src/scripts/spawn_enemy.c:238: set_sprite_data(94, 4, OcchioInfuocato);
    000003F1 11r00r00         [12]  918 	ld	de, #_OcchioInfuocato
    000003F4 D5               [16]  919 	push	de
    000003F5 21 5E 04         [12]  920 	ld	hl, #0x45e
    000003F8 E5               [16]  921 	push	hl
    000003F9 CDr00r00         [24]  922 	call	_set_sprite_data
    000003FC E8 04            [16]  923 	add	sp, #4
                                    924 ;src/scripts/spawn_enemy.c:239: break;
    000003FE 18 2B            [12]  925 	jr	00124$
                                    926 ;src/scripts/spawn_enemy.c:240: case 9:
    00000400                        927 00121$:
                                    928 ;src/scripts/spawn_enemy.c:241: set_sprite_data(94, 4, Armatura);
    00000400 11r00r00         [12]  929 	ld	de, #_Armatura
    00000403 D5               [16]  930 	push	de
    00000404 21 5E 04         [12]  931 	ld	hl, #0x45e
    00000407 E5               [16]  932 	push	hl
    00000408 CDr00r00         [24]  933 	call	_set_sprite_data
    0000040B E8 04            [16]  934 	add	sp, #4
                                    935 ;src/scripts/spawn_enemy.c:242: break;
    0000040D 18 1C            [12]  936 	jr	00124$
                                    937 ;src/scripts/spawn_enemy.c:243: case 10:
    0000040F                        938 00122$:
                                    939 ;src/scripts/spawn_enemy.c:244: set_sprite_data(94, 4, PredatoreOmbra);
    0000040F 11r00r00         [12]  940 	ld	de, #_PredatoreOmbra
    00000412 D5               [16]  941 	push	de
    00000413 21 5E 04         [12]  942 	ld	hl, #0x45e
    00000416 E5               [16]  943 	push	hl
    00000417 CDr00r00         [24]  944 	call	_set_sprite_data
    0000041A E8 04            [16]  945 	add	sp, #4
                                    946 ;src/scripts/spawn_enemy.c:245: break;
    0000041C 18 0D            [12]  947 	jr	00124$
                                    948 ;src/scripts/spawn_enemy.c:246: case 11:
    0000041E                        949 00123$:
                                    950 ;src/scripts/spawn_enemy.c:247: set_sprite_data(94, 4, Dragocchio);
    0000041E 11r00r00         [12]  951 	ld	de, #_Dragocchio
    00000421 D5               [16]  952 	push	de
    00000422 21 5E 04         [12]  953 	ld	hl, #0x45e
    00000425 E5               [16]  954 	push	hl
    00000426 CDr00r00         [24]  955 	call	_set_sprite_data
    00000429 E8 04            [16]  956 	add	sp, #4
                                    957 ;src/scripts/spawn_enemy.c:249: }
    0000042B                        958 00124$:
                                    959 ;src/scripts/spawn_enemy.c:250: set_enemy_tiles();
    0000042B 1Er00            [ 8]  960 	ld	e, #b_set_enemy_tiles
    0000042D 21r5Cr02         [12]  961 	ld	hl, #_set_enemy_tiles
                                    962 ;src/scripts/spawn_enemy.c:251: return;
                                    963 ;src/scripts/spawn_enemy.c:252: }
    00000430 C3r00r00         [16]  964 	jp  ___sdcc_bcall_ehl
                                    965 	.area _CODE_3
                                    966 	.area _INITIALIZER
                                    967 	.area _CABS (ABS)
