                                      1 ;--------------------------------------------------------
                                      2 ; File Created by SDCC : free open source ISO C Compiler
                                      3 ; Version 4.5.1 #15267 (MINGW64)
                                      4 ;--------------------------------------------------------
                                      5 	.module utils
                                      6 	
                                      7 ;--------------------------------------------------------
                                      8 ; Public variables in this module
                                      9 ;--------------------------------------------------------
                                     10 	.globl _hUGE_dosound
                                     11 	.globl _debug_value
                                     12 	.globl _music_vbl_interrupt
                                     13 ;--------------------------------------------------------
                                     14 ; special function registers
                                     15 ;--------------------------------------------------------
                                     16 	.area _HRAM
                                     17 ;--------------------------------------------------------
                                     18 ; ram data
                                     19 ;--------------------------------------------------------
                                     20 	.area _DATA
                                     21 ;--------------------------------------------------------
                                     22 ; ram data
                                     23 ;--------------------------------------------------------
                                     24 	.area _INITIALIZED
                                     25 ;--------------------------------------------------------
                                     26 ; absolute external ram data
                                     27 ;--------------------------------------------------------
                                     28 	.area _DABS (ABS)
                                     29 ;--------------------------------------------------------
                                     30 ; global & static initialisations
                                     31 ;--------------------------------------------------------
                                     32 	.area _HOME
                                     33 	.area _GSINIT
                                     34 	.area _GSFINAL
                                     35 	.area _GSINIT
                                     36 ;--------------------------------------------------------
                                     37 ; Home
                                     38 ;--------------------------------------------------------
                                     39 	.area _HOME
                                     40 	.area _HOME
                                     41 ;--------------------------------------------------------
                                     42 ; code
                                     43 ;--------------------------------------------------------
                                     44 	.area _CODE
                                     45 ;src/scripts/utils.c:3: void debug_value(uint8_t value) {
                                     46 ;	---------------------------------
                                     47 ; Function debug_value
                                     48 ; ---------------------------------
    00000000                         49 _debug_value::
    00000000 EAr00r00         [16]   50 	ld	(#_debug),a
                                     51 ;src/scripts/utils.c:4: debug = value;
                                     52 ;src/scripts/utils.c:5: }
    00000003 C9               [16]   53 	ret
                                     54 ;src/scripts/utils.c:7: void music_vbl_interrupt() {
                                     55 ;	---------------------------------
                                     56 ; Function music_vbl_interrupt
                                     57 ; ---------------------------------
    00000004                         58 _music_vbl_interrupt::
                                     59 ;src/scripts/utils.c:8: uint8_t bank_precedente = _current_bank;
    00000004 F0r00            [12]   60 	ldh	a, (__current_bank + 0)
    00000006 4F               [ 4]   61 	ld	c, a
                                     62 ;src/scripts/utils.c:9: SWITCH_ROM(current_song_bank);
    00000007 FAr00r00         [16]   63 	ld	a, (_current_song_bank)
    0000000A E0r00            [12]   64 	ldh	(__current_bank + 0), a
    0000000C EAr00r00         [16]   65 	ld	(#_rROMB0),a
                                     66 ;src/scripts/utils.c:10: hUGE_dosound();
    0000000F C5               [16]   67 	push	bc
    00000010 CDr00r00         [24]   68 	call	_hUGE_dosound
    00000013 C1               [12]   69 	pop	bc
                                     70 ;src/scripts/utils.c:11: SWITCH_ROM(bank_precedente);
    00000014 79               [ 4]   71 	ld	a, c
    00000015 E0r00            [12]   72 	ldh	(__current_bank + 0), a
    00000017 21r00r00         [12]   73 	ld	hl, #_rROMB0
    0000001A 71               [ 8]   74 	ld	(hl), c
                                     75 ;src/scripts/utils.c:12: }
    0000001B C9               [16]   76 	ret
                                     77 	.area _CODE
                                     78 	.area _INITIALIZER
                                     79 	.area _CABS (ABS)
