                                      1 ;--------------------------------------------------------
                                      2 ; File Created by SDCC : free open source ISO C Compiler
                                      3 ; Version 4.5.1 #15267 (MINGW64)
                                      4 ;--------------------------------------------------------
                                      5 	.module CampMap
                                      6 	
                                      7 ;--------------------------------------------------------
                                      8 ; Public variables in this module
                                      9 ;--------------------------------------------------------
                                     10 	.globl _Camp
                                     11 ;--------------------------------------------------------
                                     12 ; special function registers
                                     13 ;--------------------------------------------------------
                                     14 	.area _HRAM
                                     15 ;--------------------------------------------------------
                                     16 ; ram data
                                     17 ;--------------------------------------------------------
                                     18 	.area _DATA
                                     19 ;--------------------------------------------------------
                                     20 ; ram data
                                     21 ;--------------------------------------------------------
                                     22 	.area _INITIALIZED
                                     23 ;--------------------------------------------------------
                                     24 ; absolute external ram data
                                     25 ;--------------------------------------------------------
                                     26 	.area _DABS (ABS)
                                     27 ;--------------------------------------------------------
                                     28 ; global & static initialisations
                                     29 ;--------------------------------------------------------
                                     30 	.area _HOME
                                     31 	.area _GSINIT
                                     32 	.area _GSFINAL
                                     33 	.area _GSINIT
                                     34 ;--------------------------------------------------------
                                     35 ; Home
                                     36 ;--------------------------------------------------------
                                     37 	.area _HOME
                                     38 	.area _HOME
                                     39 ;--------------------------------------------------------
                                     40 ; code
                                     41 ;--------------------------------------------------------
                                     42 	.area _CODE_2
                                     43 	.area _CODE_2
    00000000                         44 _Camp:
    00000000 4A                      45 	.db #0x4a	; 74	'J'
    00000001 4B                      46 	.db #0x4b	; 75	'K'
    00000002 4A                      47 	.db #0x4a	; 74	'J'
    00000003 4B                      48 	.db #0x4b	; 75	'K'
    00000004 04                      49 	.db #0x04	; 4
    00000005 05                      50 	.db #0x05	; 5
    00000006 09                      51 	.db #0x09	; 9
    00000007 09                      52 	.db #0x09	; 9
    00000008 09                      53 	.db #0x09	; 9
    00000009 09                      54 	.db #0x09	; 9
    0000000A 09                      55 	.db #0x09	; 9
    0000000B 09                      56 	.db #0x09	; 9
    0000000C 09                      57 	.db #0x09	; 9
    0000000D 09                      58 	.db #0x09	; 9
    0000000E 0A                      59 	.db #0x0a	; 10
    0000000F 0B                      60 	.db #0x0b	; 11
    00000010 4A                      61 	.db #0x4a	; 74	'J'
    00000011 4B                      62 	.db #0x4b	; 75	'K'
    00000012 4A                      63 	.db #0x4a	; 74	'J'
    00000013 4B                      64 	.db #0x4b	; 75	'K'
    00000014 5A                      65 	.db #0x5a	; 90	'Z'
    00000015 5B                      66 	.db #0x5b	; 91
    00000016 5A                      67 	.db #0x5a	; 90	'Z'
    00000017 5B                      68 	.db #0x5b	; 91
    00000018 14                      69 	.db #0x14	; 20
    00000019 15                      70 	.db #0x15	; 21
    0000001A 16                      71 	.db #0x16	; 22
    0000001B 16                      72 	.db #0x16	; 22
    0000001C 16                      73 	.db #0x16	; 22
    0000001D 16                      74 	.db #0x16	; 22
    0000001E 16                      75 	.db #0x16	; 22
    0000001F 16                      76 	.db #0x16	; 22
    00000020 16                      77 	.db #0x16	; 22
    00000021 16                      78 	.db #0x16	; 22
    00000022 1A                      79 	.db #0x1a	; 26
    00000023 1B                      80 	.db #0x1b	; 27
    00000024 5A                      81 	.db #0x5a	; 90	'Z'
    00000025 5B                      82 	.db #0x5b	; 91
    00000026 5A                      83 	.db #0x5a	; 90	'Z'
    00000027 5B                      84 	.db #0x5b	; 91
    00000028 4A                      85 	.db #0x4a	; 74	'J'
    00000029 4B                      86 	.db #0x4b	; 75	'K'
    0000002A 48                      87 	.db #0x48	; 72	'H'
    0000002B 49                      88 	.db #0x49	; 73	'I'
    0000002C 24                      89 	.db #0x24	; 36
    0000002D 25                      90 	.db #0x25	; 37
    0000002E 26                      91 	.db #0x26	; 38
    0000002F 27                      92 	.db #0x27	; 39
    00000030 00                      93 	.db #0x00	; 0
    00000031 01                      94 	.db #0x01	; 1
    00000032 02                      95 	.db #0x02	; 2
    00000033 03                      96 	.db #0x03	; 3
    00000034 28                      97 	.db #0x28	; 40
    00000035 29                      98 	.db #0x29	; 41
    00000036 2A                      99 	.db #0x2a	; 42
    00000037 2B                     100 	.db #0x2b	; 43
    00000038 48                     101 	.db #0x48	; 72	'H'
    00000039 49                     102 	.db #0x49	; 73	'I'
    0000003A 4A                     103 	.db #0x4a	; 74	'J'
    0000003B 4B                     104 	.db #0x4b	; 75	'K'
    0000003C 5A                     105 	.db #0x5a	; 90	'Z'
    0000003D 5B                     106 	.db #0x5b	; 91
    0000003E 58                     107 	.db #0x58	; 88	'X'
    0000003F 59                     108 	.db #0x59	; 89	'Y'
    00000040 34                     109 	.db #0x34	; 52	'4'
    00000041 35                     110 	.db #0x35	; 53	'5'
    00000042 36                     111 	.db #0x36	; 54	'6'
    00000043 37                     112 	.db #0x37	; 55	'7'
    00000044 10                     113 	.db #0x10	; 16
    00000045 11                     114 	.db #0x11	; 17
    00000046 12                     115 	.db #0x12	; 18
    00000047 13                     116 	.db #0x13	; 19
    00000048 38                     117 	.db #0x38	; 56	'8'
    00000049 39                     118 	.db #0x39	; 57	'9'
    0000004A 3A                     119 	.db #0x3a	; 58
    0000004B 3B                     120 	.db #0x3b	; 59
    0000004C 58                     121 	.db #0x58	; 88	'X'
    0000004D 59                     122 	.db #0x59	; 89	'Y'
    0000004E 5A                     123 	.db #0x5a	; 90	'Z'
    0000004F 5B                     124 	.db #0x5b	; 91
    00000050 4A                     125 	.db #0x4a	; 74	'J'
    00000051 4B                     126 	.db #0x4b	; 75	'K'
    00000052 16                     127 	.db #0x16	; 22
    00000053 16                     128 	.db #0x16	; 22
    00000054 16                     129 	.db #0x16	; 22
    00000055 16                     130 	.db #0x16	; 22
    00000056 0E                     131 	.db #0x0e	; 14
    00000057 0F                     132 	.db #0x0f	; 15
    00000058 20                     133 	.db #0x20	; 32
    00000059 21                     134 	.db #0x21	; 33
    0000005A 22                     135 	.db #0x22	; 34
    0000005B 23                     136 	.db #0x23	; 35
    0000005C 0E                     137 	.db #0x0e	; 14
    0000005D 0F                     138 	.db #0x0f	; 15
    0000005E 4E                     139 	.db #0x4e	; 78	'N'
    0000005F 4F                     140 	.db #0x4f	; 79	'O'
    00000060 16                     141 	.db #0x16	; 22
    00000061 16                     142 	.db #0x16	; 22
    00000062 4A                     143 	.db #0x4a	; 74	'J'
    00000063 4B                     144 	.db #0x4b	; 75	'K'
    00000064 5A                     145 	.db #0x5a	; 90	'Z'
    00000065 5B                     146 	.db #0x5b	; 91
    00000066 16                     147 	.db #0x16	; 22
    00000067 16                     148 	.db #0x16	; 22
    00000068 16                     149 	.db #0x16	; 22
    00000069 16                     150 	.db #0x16	; 22
    0000006A 1E                     151 	.db #0x1e	; 30
    0000006B 1F                     152 	.db #0x1f	; 31
    0000006C 30                     153 	.db #0x30	; 48	'0'
    0000006D 31                     154 	.db #0x31	; 49	'1'
    0000006E 32                     155 	.db #0x32	; 50	'2'
    0000006F 33                     156 	.db #0x33	; 51	'3'
    00000070 1E                     157 	.db #0x1e	; 30
    00000071 1F                     158 	.db #0x1f	; 31
    00000072 5E                     159 	.db #0x5e	; 94
    00000073 5F                     160 	.db #0x5f	; 95
    00000074 16                     161 	.db #0x16	; 22
    00000075 16                     162 	.db #0x16	; 22
    00000076 5A                     163 	.db #0x5a	; 90	'Z'
    00000077 5B                     164 	.db #0x5b	; 91
    00000078 4A                     165 	.db #0x4a	; 74	'J'
    00000079 4B                     166 	.db #0x4b	; 75	'K'
    0000007A 16                     167 	.db #0x16	; 22
    0000007B 16                     168 	.db #0x16	; 22
    0000007C 16                     169 	.db #0x16	; 22
    0000007D 16                     170 	.db #0x16	; 22
    0000007E 2C                     171 	.db #0x2c	; 44
    0000007F 2D                     172 	.db #0x2d	; 45
    00000080 16                     173 	.db #0x16	; 22
    00000081 16                     174 	.db #0x16	; 22
    00000082 42                     175 	.db #0x42	; 66	'B'
    00000083 43                     176 	.db #0x43	; 67	'C'
    00000084 16                     177 	.db #0x16	; 22
    00000085 16                     178 	.db #0x16	; 22
    00000086 16                     179 	.db #0x16	; 22
    00000087 16                     180 	.db #0x16	; 22
    00000088 4C                     181 	.db #0x4c	; 76	'L'
    00000089 4D                     182 	.db #0x4d	; 77	'M'
    0000008A 4A                     183 	.db #0x4a	; 74	'J'
    0000008B 4B                     184 	.db #0x4b	; 75	'K'
    0000008C 5A                     185 	.db #0x5a	; 90	'Z'
    0000008D 5B                     186 	.db #0x5b	; 91
    0000008E 16                     187 	.db #0x16	; 22
    0000008F 16                     188 	.db #0x16	; 22
    00000090 16                     189 	.db #0x16	; 22
    00000091 16                     190 	.db #0x16	; 22
    00000092 3C                     191 	.db #0x3c	; 60
    00000093 3D                     192 	.db #0x3d	; 61
    00000094 16                     193 	.db #0x16	; 22
    00000095 16                     194 	.db #0x16	; 22
    00000096 52                     195 	.db #0x52	; 82	'R'
    00000097 53                     196 	.db #0x53	; 83	'S'
    00000098 16                     197 	.db #0x16	; 22
    00000099 16                     198 	.db #0x16	; 22
    0000009A 16                     199 	.db #0x16	; 22
    0000009B 16                     200 	.db #0x16	; 22
    0000009C 5C                     201 	.db #0x5c	; 92
    0000009D 5D                     202 	.db #0x5d	; 93
    0000009E 5A                     203 	.db #0x5a	; 90	'Z'
    0000009F 5B                     204 	.db #0x5b	; 91
    000000A0 4A                     205 	.db #0x4a	; 74	'J'
    000000A1 4B                     206 	.db #0x4b	; 75	'K'
    000000A2 60                     207 	.db #0x60	; 96
    000000A3 61                     208 	.db #0x61	; 97	'a'
    000000A4 62                     209 	.db #0x62	; 98	'b'
    000000A5 63                     210 	.db #0x63	; 99	'c'
    000000A6 64                     211 	.db #0x64	; 100	'd'
    000000A7 65                     212 	.db #0x65	; 101	'e'
    000000A8 16                     213 	.db #0x16	; 22
    000000A9 16                     214 	.db #0x16	; 22
    000000AA 50                     215 	.db #0x50	; 80	'P'
    000000AB 51                     216 	.db #0x51	; 81	'Q'
    000000AC 16                     217 	.db #0x16	; 22
    000000AD 16                     218 	.db #0x16	; 22
    000000AE 16                     219 	.db #0x16	; 22
    000000AF 16                     220 	.db #0x16	; 22
    000000B0 16                     221 	.db #0x16	; 22
    000000B1 16                     222 	.db #0x16	; 22
    000000B2 4A                     223 	.db #0x4a	; 74	'J'
    000000B3 4B                     224 	.db #0x4b	; 75	'K'
    000000B4 5A                     225 	.db #0x5a	; 90	'Z'
    000000B5 5B                     226 	.db #0x5b	; 91
    000000B6 66                     227 	.db #0x66	; 102	'f'
    000000B7 67                     228 	.db #0x67	; 103	'g'
    000000B8 68                     229 	.db #0x68	; 104	'h'
    000000B9 69                     230 	.db #0x69	; 105	'i'
    000000BA 6A                     231 	.db #0x6a	; 106	'j'
    000000BB 6B                     232 	.db #0x6b	; 107	'k'
    000000BC 16                     233 	.db #0x16	; 22
    000000BD 16                     234 	.db #0x16	; 22
    000000BE 40                     235 	.db #0x40	; 64
    000000BF 41                     236 	.db #0x41	; 65	'A'
    000000C0 16                     237 	.db #0x16	; 22
    000000C1 16                     238 	.db #0x16	; 22
    000000C2 16                     239 	.db #0x16	; 22
    000000C3 16                     240 	.db #0x16	; 22
    000000C4 16                     241 	.db #0x16	; 22
    000000C5 16                     242 	.db #0x16	; 22
    000000C6 5A                     243 	.db #0x5a	; 90	'Z'
    000000C7 5B                     244 	.db #0x5b	; 91
    000000C8 4A                     245 	.db #0x4a	; 74	'J'
    000000C9 4B                     246 	.db #0x4b	; 75	'K'
    000000CA 4E                     247 	.db #0x4e	; 78	'N'
    000000CB 4F                     248 	.db #0x4f	; 79	'O'
    000000CC 16                     249 	.db #0x16	; 22
    000000CD 16                     250 	.db #0x16	; 22
    000000CE 16                     251 	.db #0x16	; 22
    000000CF 16                     252 	.db #0x16	; 22
    000000D0 42                     253 	.db #0x42	; 66	'B'
    000000D1 43                     254 	.db #0x43	; 67	'C'
    000000D2 44                     255 	.db #0x44	; 68	'D'
    000000D3 45                     256 	.db #0x45	; 69	'E'
    000000D4 16                     257 	.db #0x16	; 22
    000000D5 16                     258 	.db #0x16	; 22
    000000D6 2E                     259 	.db #0x2e	; 46
    000000D7 2F                     260 	.db #0x2f	; 47
    000000D8 4E                     261 	.db #0x4e	; 78	'N'
    000000D9 4F                     262 	.db #0x4f	; 79	'O'
    000000DA 4A                     263 	.db #0x4a	; 74	'J'
    000000DB 4B                     264 	.db #0x4b	; 75	'K'
    000000DC 5A                     265 	.db #0x5a	; 90	'Z'
    000000DD 5B                     266 	.db #0x5b	; 91
    000000DE 5E                     267 	.db #0x5e	; 94
    000000DF 5F                     268 	.db #0x5f	; 95
    000000E0 16                     269 	.db #0x16	; 22
    000000E1 16                     270 	.db #0x16	; 22
    000000E2 16                     271 	.db #0x16	; 22
    000000E3 16                     272 	.db #0x16	; 22
    000000E4 52                     273 	.db #0x52	; 82	'R'
    000000E5 53                     274 	.db #0x53	; 83	'S'
    000000E6 54                     275 	.db #0x54	; 84	'T'
    000000E7 55                     276 	.db #0x55	; 85	'U'
    000000E8 16                     277 	.db #0x16	; 22
    000000E9 16                     278 	.db #0x16	; 22
    000000EA 3E                     279 	.db #0x3e	; 62
    000000EB 3F                     280 	.db #0x3f	; 63
    000000EC 5E                     281 	.db #0x5e	; 94
    000000ED 5F                     282 	.db #0x5f	; 95
    000000EE 5A                     283 	.db #0x5a	; 90	'Z'
    000000EF 5B                     284 	.db #0x5b	; 91
    000000F0 4A                     285 	.db #0x4a	; 74	'J'
    000000F1 4B                     286 	.db #0x4b	; 75	'K'
    000000F2 16                     287 	.db #0x16	; 22
    000000F3 16                     288 	.db #0x16	; 22
    000000F4 4C                     289 	.db #0x4c	; 76	'L'
    000000F5 4D                     290 	.db #0x4d	; 77	'M'
    000000F6 16                     291 	.db #0x16	; 22
    000000F7 16                     292 	.db #0x16	; 22
    000000F8 50                     293 	.db #0x50	; 80	'P'
    000000F9 51                     294 	.db #0x51	; 81	'Q'
    000000FA 16                     295 	.db #0x16	; 22
    000000FB 16                     296 	.db #0x16	; 22
    000000FC 16                     297 	.db #0x16	; 22
    000000FD 16                     298 	.db #0x16	; 22
    000000FE 4E                     299 	.db #0x4e	; 78	'N'
    000000FF 4F                     300 	.db #0x4f	; 79	'O'
    00000100 16                     301 	.db #0x16	; 22
    00000101 16                     302 	.db #0x16	; 22
    00000102 4A                     303 	.db #0x4a	; 74	'J'
    00000103 4B                     304 	.db #0x4b	; 75	'K'
    00000104 5A                     305 	.db #0x5a	; 90	'Z'
    00000105 5B                     306 	.db #0x5b	; 91
    00000106 16                     307 	.db #0x16	; 22
    00000107 16                     308 	.db #0x16	; 22
    00000108 5C                     309 	.db #0x5c	; 92
    00000109 5D                     310 	.db #0x5d	; 93
    0000010A 16                     311 	.db #0x16	; 22
    0000010B 16                     312 	.db #0x16	; 22
    0000010C 40                     313 	.db #0x40	; 64
    0000010D 41                     314 	.db #0x41	; 65	'A'
    0000010E 16                     315 	.db #0x16	; 22
    0000010F 16                     316 	.db #0x16	; 22
    00000110 16                     317 	.db #0x16	; 22
    00000111 16                     318 	.db #0x16	; 22
    00000112 5E                     319 	.db #0x5e	; 94
    00000113 5F                     320 	.db #0x5f	; 95
    00000114 16                     321 	.db #0x16	; 22
    00000115 16                     322 	.db #0x16	; 22
    00000116 5A                     323 	.db #0x5a	; 90	'Z'
    00000117 5B                     324 	.db #0x5b	; 91
    00000118 4A                     325 	.db #0x4a	; 74	'J'
    00000119 4B                     326 	.db #0x4b	; 75	'K'
    0000011A 46                     327 	.db #0x46	; 70	'F'
    0000011B 47                     328 	.db #0x47	; 71	'G'
    0000011C 46                     329 	.db #0x46	; 70	'F'
    0000011D 47                     330 	.db #0x47	; 71	'G'
    0000011E 46                     331 	.db #0x46	; 70	'F'
    0000011F 47                     332 	.db #0x47	; 71	'G'
    00000120 50                     333 	.db #0x50	; 80	'P'
    00000121 51                     334 	.db #0x51	; 81	'Q'
    00000122 4E                     335 	.db #0x4e	; 78	'N'
    00000123 4F                     336 	.db #0x4f	; 79	'O'
    00000124 46                     337 	.db #0x46	; 70	'F'
    00000125 47                     338 	.db #0x47	; 71	'G'
    00000126 46                     339 	.db #0x46	; 70	'F'
    00000127 47                     340 	.db #0x47	; 71	'G'
    00000128 46                     341 	.db #0x46	; 70	'F'
    00000129 47                     342 	.db #0x47	; 71	'G'
    0000012A 4A                     343 	.db #0x4a	; 74	'J'
    0000012B 4B                     344 	.db #0x4b	; 75	'K'
    0000012C 5A                     345 	.db #0x5a	; 90	'Z'
    0000012D 5B                     346 	.db #0x5b	; 91
    0000012E 5A                     347 	.db #0x5a	; 90	'Z'
    0000012F 5B                     348 	.db #0x5b	; 91
    00000130 5A                     349 	.db #0x5a	; 90	'Z'
    00000131 5B                     350 	.db #0x5b	; 91
    00000132 5A                     351 	.db #0x5a	; 90	'Z'
    00000133 5B                     352 	.db #0x5b	; 91
    00000134 40                     353 	.db #0x40	; 64
    00000135 41                     354 	.db #0x41	; 65	'A'
    00000136 5E                     355 	.db #0x5e	; 94
    00000137 5F                     356 	.db #0x5f	; 95
    00000138 5A                     357 	.db #0x5a	; 90	'Z'
    00000139 5B                     358 	.db #0x5b	; 91
    0000013A 5A                     359 	.db #0x5a	; 90	'Z'
    0000013B 5B                     360 	.db #0x5b	; 91
    0000013C 5A                     361 	.db #0x5a	; 90	'Z'
    0000013D 5B                     362 	.db #0x5b	; 91
    0000013E 5A                     363 	.db #0x5a	; 90	'Z'
    0000013F 5B                     364 	.db #0x5b	; 91
    00000140 48                     365 	.db #0x48	; 72	'H'
    00000141 49                     366 	.db #0x49	; 73	'I'
    00000142 48                     367 	.db #0x48	; 72	'H'
    00000143 49                     368 	.db #0x49	; 73	'I'
    00000144 48                     369 	.db #0x48	; 72	'H'
    00000145 49                     370 	.db #0x49	; 73	'I'
    00000146 48                     371 	.db #0x48	; 72	'H'
    00000147 49                     372 	.db #0x49	; 73	'I'
    00000148 50                     373 	.db #0x50	; 80	'P'
    00000149 51                     374 	.db #0x51	; 81	'Q'
    0000014A 16                     375 	.db #0x16	; 22
    0000014B 16                     376 	.db #0x16	; 22
    0000014C 48                     377 	.db #0x48	; 72	'H'
    0000014D 49                     378 	.db #0x49	; 73	'I'
    0000014E 48                     379 	.db #0x48	; 72	'H'
    0000014F 49                     380 	.db #0x49	; 73	'I'
    00000150 48                     381 	.db #0x48	; 72	'H'
    00000151 49                     382 	.db #0x49	; 73	'I'
    00000152 48                     383 	.db #0x48	; 72	'H'
    00000153 49                     384 	.db #0x49	; 73	'I'
    00000154 58                     385 	.db #0x58	; 88	'X'
    00000155 59                     386 	.db #0x59	; 89	'Y'
    00000156 58                     387 	.db #0x58	; 88	'X'
    00000157 59                     388 	.db #0x59	; 89	'Y'
    00000158 58                     389 	.db #0x58	; 88	'X'
    00000159 59                     390 	.db #0x59	; 89	'Y'
    0000015A 58                     391 	.db #0x58	; 88	'X'
    0000015B 59                     392 	.db #0x59	; 89	'Y'
    0000015C 40                     393 	.db #0x40	; 64
    0000015D 41                     394 	.db #0x41	; 65	'A'
    0000015E 16                     395 	.db #0x16	; 22
    0000015F 16                     396 	.db #0x16	; 22
    00000160 58                     397 	.db #0x58	; 88	'X'
    00000161 59                     398 	.db #0x59	; 89	'Y'
    00000162 58                     399 	.db #0x58	; 88	'X'
    00000163 59                     400 	.db #0x59	; 89	'Y'
    00000164 58                     401 	.db #0x58	; 88	'X'
    00000165 59                     402 	.db #0x59	; 89	'Y'
    00000166 58                     403 	.db #0x58	; 88	'X'
    00000167 59                     404 	.db #0x59	; 89	'Y'
                                    405 	.area _INITIALIZER
                                    406 	.area _CABS (ABS)
