                                      1 ;--------------------------------------------------------
                                      2 ; File Created by SDCC : free open source ISO C Compiler
                                      3 ; Version 4.5.1 #15267 (MINGW64)
                                      4 ;--------------------------------------------------------
                                      5 	.module EndingMap
                                      6 	
                                      7 ;--------------------------------------------------------
                                      8 ; Public variables in this module
                                      9 ;--------------------------------------------------------
                                     10 	.globl _Ending2
                                     11 	.globl _Ending1
                                     12 ;--------------------------------------------------------
                                     13 ; special function registers
                                     14 ;--------------------------------------------------------
                                     15 	.area _HRAM
                                     16 ;--------------------------------------------------------
                                     17 ; ram data
                                     18 ;--------------------------------------------------------
                                     19 	.area _DATA
                                     20 ;--------------------------------------------------------
                                     21 ; ram data
                                     22 ;--------------------------------------------------------
                                     23 	.area _INITIALIZED
                                     24 ;--------------------------------------------------------
                                     25 ; absolute external ram data
                                     26 ;--------------------------------------------------------
                                     27 	.area _DABS (ABS)
                                     28 ;--------------------------------------------------------
                                     29 ; global & static initialisations
                                     30 ;--------------------------------------------------------
                                     31 	.area _HOME
                                     32 	.area _GSINIT
                                     33 	.area _GSFINAL
                                     34 	.area _GSINIT
                                     35 ;--------------------------------------------------------
                                     36 ; Home
                                     37 ;--------------------------------------------------------
                                     38 	.area _HOME
                                     39 	.area _HOME
                                     40 ;--------------------------------------------------------
                                     41 ; code
                                     42 ;--------------------------------------------------------
                                     43 	.area _CODE_6
                                     44 	.area _CODE_6
    00000000                         45 _Ending1:
    00000000 00                      46 	.db #0x00	; 0
    00000001 01                      47 	.db #0x01	; 1
    00000002 02                      48 	.db #0x02	; 2
    00000003 02                      49 	.db #0x02	; 2
    00000004 02                      50 	.db #0x02	; 2
    00000005 02                      51 	.db #0x02	; 2
    00000006 02                      52 	.db #0x02	; 2
    00000007 02                      53 	.db #0x02	; 2
    00000008 02                      54 	.db #0x02	; 2
    00000009 02                      55 	.db #0x02	; 2
    0000000A 02                      56 	.db #0x02	; 2
    0000000B 02                      57 	.db #0x02	; 2
    0000000C 02                      58 	.db #0x02	; 2
    0000000D 02                      59 	.db #0x02	; 2
    0000000E 02                      60 	.db #0x02	; 2
    0000000F 02                      61 	.db #0x02	; 2
    00000010 02                      62 	.db #0x02	; 2
    00000011 02                      63 	.db #0x02	; 2
    00000012 03                      64 	.db #0x03	; 3
    00000013 04                      65 	.db #0x04	; 4
    00000014 0F                      66 	.db #0x0f	; 15
    00000015 61                      67 	.db #0x61	; 97	'a'
    00000016 10                      68 	.db #0x10	; 16
    00000017 10                      69 	.db #0x10	; 16
    00000018 10                      70 	.db #0x10	; 16
    00000019 10                      71 	.db #0x10	; 16
    0000001A 10                      72 	.db #0x10	; 16
    0000001B 10                      73 	.db #0x10	; 16
    0000001C 10                      74 	.db #0x10	; 16
    0000001D 10                      75 	.db #0x10	; 16
    0000001E 10                      76 	.db #0x10	; 16
    0000001F 10                      77 	.db #0x10	; 16
    00000020 10                      78 	.db #0x10	; 16
    00000021 10                      79 	.db #0x10	; 16
    00000022 10                      80 	.db #0x10	; 16
    00000023 10                      81 	.db #0x10	; 16
    00000024 10                      82 	.db #0x10	; 16
    00000025 10                      83 	.db #0x10	; 16
    00000026 62                      84 	.db #0x62	; 98	'b'
    00000027 05                      85 	.db #0x05	; 5
    00000028 0E                      86 	.db #0x0e	; 14
    00000029 10                      87 	.db #0x10	; 16
    0000002A 33                      88 	.db #0x33	; 51	'3'
    0000002B 3F                      89 	.db #0x3f	; 63
    0000002C 3D                      90 	.db #0x3d	; 61
    0000002D 40                      91 	.db #0x40	; 64
    0000002E 3C                      92 	.db #0x3c	; 60
    0000002F 39                      93 	.db #0x39	; 57	'9'
    00000030 3D                      94 	.db #0x3d	; 61
    00000031 35                      95 	.db #0x35	; 53	'5'
    00000032 3E                      96 	.db #0x3e	; 62
    00000033 44                      97 	.db #0x44	; 68	'D'
    00000034 39                      98 	.db #0x39	; 57	'9'
    00000035 56                      99 	.db #0x56	; 86	'V'
    00000036 10                     100 	.db #0x10	; 16
    00000037 38                     101 	.db #0x38	; 56	'8'
    00000038 31                     102 	.db #0x31	; 49	'1'
    00000039 39                     103 	.db #0x39	; 57	'9'
    0000003A 10                     104 	.db #0x10	; 16
    0000003B 06                     105 	.db #0x06	; 6
    0000003C 0E                     106 	.db #0x0e	; 14
    0000003D 10                     107 	.db #0x10	; 16
    0000003E 10                     108 	.db #0x10	; 16
    0000003F 10                     109 	.db #0x10	; 16
    00000040 10                     110 	.db #0x10	; 16
    00000041 10                     111 	.db #0x10	; 16
    00000042 10                     112 	.db #0x10	; 16
    00000043 10                     113 	.db #0x10	; 16
    00000044 10                     114 	.db #0x10	; 16
    00000045 10                     115 	.db #0x10	; 16
    00000046 10                     116 	.db #0x10	; 16
    00000047 10                     117 	.db #0x10	; 16
    00000048 10                     118 	.db #0x10	; 16
    00000049 10                     119 	.db #0x10	; 16
    0000004A 10                     120 	.db #0x10	; 16
    0000004B 10                     121 	.db #0x10	; 16
    0000004C 10                     122 	.db #0x10	; 16
    0000004D 10                     123 	.db #0x10	; 16
    0000004E 10                     124 	.db #0x10	; 16
    0000004F 06                     125 	.db #0x06	; 6
    00000050 0E                     126 	.db #0x0e	; 14
    00000051 10                     127 	.db #0x10	; 16
    00000052 43                     128 	.db #0x43	; 67	'C'
    00000053 31                     129 	.db #0x31	; 49	'1'
    00000054 3C                     130 	.db #0x3c	; 60
    00000055 46                     131 	.db #0x46	; 70	'F'
    00000056 31                     132 	.db #0x31	; 49	'1'
    00000057 44                     133 	.db #0x44	; 68	'D'
    00000058 3F                     134 	.db #0x3f	; 63
    00000059 10                     135 	.db #0x10	; 16
    0000005A 39                     136 	.db #0x39	; 57	'9'
    0000005B 3C                     137 	.db #0x3c	; 60
    0000005C 10                     138 	.db #0x10	; 16
    0000005D 42                     139 	.db #0x42	; 66	'B'
    0000005E 35                     140 	.db #0x35	; 53	'5'
    0000005F 37                     141 	.db #0x37	; 55	'7'
    00000060 3E                     142 	.db #0x3e	; 62
    00000061 3F                     143 	.db #0x3f	; 63
    00000062 10                     144 	.db #0x10	; 16
    00000063 06                     145 	.db #0x06	; 6
    00000064 0E                     146 	.db #0x0e	; 14
    00000065 10                     147 	.db #0x10	; 16
    00000066 10                     148 	.db #0x10	; 16
    00000067 10                     149 	.db #0x10	; 16
    00000068 10                     150 	.db #0x10	; 16
    00000069 10                     151 	.db #0x10	; 16
    0000006A 10                     152 	.db #0x10	; 16
    0000006B 10                     153 	.db #0x10	; 16
    0000006C 10                     154 	.db #0x10	; 16
    0000006D 10                     155 	.db #0x10	; 16
    0000006E 10                     156 	.db #0x10	; 16
    0000006F 10                     157 	.db #0x10	; 16
    00000070 10                     158 	.db #0x10	; 16
    00000071 10                     159 	.db #0x10	; 16
    00000072 10                     160 	.db #0x10	; 16
    00000073 10                     161 	.db #0x10	; 16
    00000074 10                     162 	.db #0x10	; 16
    00000075 10                     163 	.db #0x10	; 16
    00000076 10                     164 	.db #0x10	; 16
    00000077 06                     165 	.db #0x06	; 6
    00000078 0E                     166 	.db #0x0e	; 14
    00000079 10                     167 	.db #0x10	; 16
    0000007A 10                     168 	.db #0x10	; 16
    0000007B 10                     169 	.db #0x10	; 16
    0000007C 10                     170 	.db #0x10	; 16
    0000007D 34                     171 	.db #0x34	; 52	'4'
    0000007E 39                     172 	.db #0x39	; 57	'9'
    0000007F 10                     173 	.db #0x10	; 16
    00000080 3C                     174 	.db #0x3c	; 60
    00000081 39                     175 	.db #0x39	; 57	'9'
    00000082 44                     176 	.db #0x44	; 68	'D'
    00000083 38                     177 	.db #0x38	; 56	'8'
    00000084 3F                     178 	.db #0x3f	; 63
    00000085 43                     179 	.db #0x43	; 67	'C'
    00000086 58                     180 	.db #0x58	; 88	'X'
    00000087 10                     181 	.db #0x10	; 16
    00000088 10                     182 	.db #0x10	; 16
    00000089 10                     183 	.db #0x10	; 16
    0000008A 10                     184 	.db #0x10	; 16
    0000008B 06                     185 	.db #0x06	; 6
    0000008C 0E                     186 	.db #0x0e	; 14
    0000008D 10                     187 	.db #0x10	; 16
    0000008E 10                     188 	.db #0x10	; 16
    0000008F 10                     189 	.db #0x10	; 16
    00000090 10                     190 	.db #0x10	; 16
    00000091 10                     191 	.db #0x10	; 16
    00000092 10                     192 	.db #0x10	; 16
    00000093 10                     193 	.db #0x10	; 16
    00000094 10                     194 	.db #0x10	; 16
    00000095 10                     195 	.db #0x10	; 16
    00000096 10                     196 	.db #0x10	; 16
    00000097 10                     197 	.db #0x10	; 16
    00000098 10                     198 	.db #0x10	; 16
    00000099 10                     199 	.db #0x10	; 16
    0000009A 10                     200 	.db #0x10	; 16
    0000009B 10                     201 	.db #0x10	; 16
    0000009C 10                     202 	.db #0x10	; 16
    0000009D 10                     203 	.db #0x10	; 16
    0000009E 10                     204 	.db #0x10	; 16
    0000009F 06                     205 	.db #0x06	; 6
    000000A0 0E                     206 	.db #0x0e	; 14
    000000A1 10                     207 	.db #0x10	; 16
    000000A2 10                     208 	.db #0x10	; 16
    000000A3 10                     209 	.db #0x10	; 16
    000000A4 10                     210 	.db #0x10	; 16
    000000A5 10                     211 	.db #0x10	; 16
    000000A6 10                     212 	.db #0x10	; 16
    000000A7 10                     213 	.db #0x10	; 16
    000000A8 10                     214 	.db #0x10	; 16
    000000A9 10                     215 	.db #0x10	; 16
    000000AA 10                     216 	.db #0x10	; 16
    000000AB 10                     217 	.db #0x10	; 16
    000000AC 10                     218 	.db #0x10	; 16
    000000AD 10                     219 	.db #0x10	; 16
    000000AE 10                     220 	.db #0x10	; 16
    000000AF 10                     221 	.db #0x10	; 16
    000000B0 10                     222 	.db #0x10	; 16
    000000B1 10                     223 	.db #0x10	; 16
    000000B2 10                     224 	.db #0x10	; 16
    000000B3 06                     225 	.db #0x06	; 6
    000000B4 0E                     226 	.db #0x0e	; 14
    000000B5 10                     227 	.db #0x10	; 16
    000000B6 3C                     228 	.db #0x3c	; 60
    000000B7 39                     229 	.db #0x39	; 57	'9'
    000000B8 46                     230 	.db #0x46	; 70	'F'
    000000B9 35                     231 	.db #0x35	; 53	'5'
    000000BA 3C                     232 	.db #0x3c	; 60
    000000BB 3C                     233 	.db #0x3c	; 60
    000000BC 3F                     234 	.db #0x3f	; 63
    000000BD 5A                     235 	.db #0x5a	; 90	'Z'
    000000BE 10                     236 	.db #0x10	; 16
    000000BF 10                     237 	.db #0x10	; 16
    000000C0 10                     238 	.db #0x10	; 16
    000000C1 10                     239 	.db #0x10	; 16
    000000C2 10                     240 	.db #0x10	; 16
    000000C3 10                     241 	.db #0x10	; 16
    000000C4 10                     242 	.db #0x10	; 16
    000000C5 10                     243 	.db #0x10	; 16
    000000C6 10                     244 	.db #0x10	; 16
    000000C7 06                     245 	.db #0x06	; 6
    000000C8 0E                     246 	.db #0x0e	; 14
    000000C9 10                     247 	.db #0x10	; 16
    000000CA 10                     248 	.db #0x10	; 16
    000000CB 10                     249 	.db #0x10	; 16
    000000CC 10                     250 	.db #0x10	; 16
    000000CD 10                     251 	.db #0x10	; 16
    000000CE 10                     252 	.db #0x10	; 16
    000000CF 10                     253 	.db #0x10	; 16
    000000D0 10                     254 	.db #0x10	; 16
    000000D1 10                     255 	.db #0x10	; 16
    000000D2 10                     256 	.db #0x10	; 16
    000000D3 10                     257 	.db #0x10	; 16
    000000D4 10                     258 	.db #0x10	; 16
    000000D5 10                     259 	.db #0x10	; 16
    000000D6 10                     260 	.db #0x10	; 16
    000000D7 10                     261 	.db #0x10	; 16
    000000D8 10                     262 	.db #0x10	; 16
    000000D9 10                     263 	.db #0x10	; 16
    000000DA 10                     264 	.db #0x10	; 16
    000000DB 06                     265 	.db #0x06	; 6
    000000DC 0E                     266 	.db #0x0e	; 14
    000000DD 10                     267 	.db #0x10	; 16
    000000DE 40                     268 	.db #0x40	; 64
    000000DF 3F                     269 	.db #0x3f	; 63
    000000E0 44                     270 	.db #0x44	; 68	'D'
    000000E1 35                     271 	.db #0x35	; 53	'5'
    000000E2 3E                     272 	.db #0x3e	; 62
    000000E3 4A                     273 	.db #0x4a	; 74	'J'
    000000E4 39                     274 	.db #0x39	; 57	'9'
    000000E5 31                     275 	.db #0x31	; 49	'1'
    000000E6 3D                     276 	.db #0x3d	; 61
    000000E7 35                     277 	.db #0x35	; 53	'5'
    000000E8 3E                     278 	.db #0x3e	; 62
    000000E9 44                     279 	.db #0x44	; 68	'D'
    000000EA 39                     280 	.db #0x39	; 57	'9'
    000000EB 10                     281 	.db #0x10	; 16
    000000EC 10                     282 	.db #0x10	; 16
    000000ED 10                     283 	.db #0x10	; 16
    000000EE 10                     284 	.db #0x10	; 16
    000000EF 06                     285 	.db #0x06	; 6
    000000F0 0E                     286 	.db #0x0e	; 14
    000000F1 10                     287 	.db #0x10	; 16
    000000F2 10                     288 	.db #0x10	; 16
    000000F3 10                     289 	.db #0x10	; 16
    000000F4 10                     290 	.db #0x10	; 16
    000000F5 10                     291 	.db #0x10	; 16
    000000F6 10                     292 	.db #0x10	; 16
    000000F7 10                     293 	.db #0x10	; 16
    000000F8 10                     294 	.db #0x10	; 16
    000000F9 10                     295 	.db #0x10	; 16
    000000FA 10                     296 	.db #0x10	; 16
    000000FB 10                     297 	.db #0x10	; 16
    000000FC 10                     298 	.db #0x10	; 16
    000000FD 10                     299 	.db #0x10	; 16
    000000FE 10                     300 	.db #0x10	; 16
    000000FF 10                     301 	.db #0x10	; 16
    00000100 10                     302 	.db #0x10	; 16
    00000101 10                     303 	.db #0x10	; 16
    00000102 10                     304 	.db #0x10	; 16
    00000103 06                     305 	.db #0x06	; 6
    00000104 0E                     306 	.db #0x0e	; 14
    00000105 10                     307 	.db #0x10	; 16
    00000106 5B                     308 	.db #0x5b	; 91
    00000107 10                     309 	.db #0x10	; 16
    00000108 10                     310 	.db #0x10	; 16
    00000109 10                     311 	.db #0x10	; 16
    0000010A 10                     312 	.db #0x10	; 16
    0000010B 5D                     313 	.db #0x5d	; 93
    0000010C 10                     314 	.db #0x10	; 16
    0000010D 10                     315 	.db #0x10	; 16
    0000010E 10                     316 	.db #0x10	; 16
    0000010F 10                     317 	.db #0x10	; 16
    00000110 5F                     318 	.db #0x5f	; 95
    00000111 10                     319 	.db #0x10	; 16
    00000112 10                     320 	.db #0x10	; 16
    00000113 10                     321 	.db #0x10	; 16
    00000114 10                     322 	.db #0x10	; 16
    00000115 10                     323 	.db #0x10	; 16
    00000116 10                     324 	.db #0x10	; 16
    00000117 06                     325 	.db #0x06	; 6
    00000118 0E                     326 	.db #0x0e	; 14
    00000119 10                     327 	.db #0x10	; 16
    0000011A 10                     328 	.db #0x10	; 16
    0000011B 10                     329 	.db #0x10	; 16
    0000011C 10                     330 	.db #0x10	; 16
    0000011D 10                     331 	.db #0x10	; 16
    0000011E 10                     332 	.db #0x10	; 16
    0000011F 10                     333 	.db #0x10	; 16
    00000120 10                     334 	.db #0x10	; 16
    00000121 10                     335 	.db #0x10	; 16
    00000122 10                     336 	.db #0x10	; 16
    00000123 10                     337 	.db #0x10	; 16
    00000124 10                     338 	.db #0x10	; 16
    00000125 10                     339 	.db #0x10	; 16
    00000126 10                     340 	.db #0x10	; 16
    00000127 10                     341 	.db #0x10	; 16
    00000128 10                     342 	.db #0x10	; 16
    00000129 10                     343 	.db #0x10	; 16
    0000012A 10                     344 	.db #0x10	; 16
    0000012B 06                     345 	.db #0x06	; 6
    0000012C 0E                     346 	.db #0x0e	; 14
    0000012D 10                     347 	.db #0x10	; 16
    0000012E 5C                     348 	.db #0x5c	; 92
    0000012F 10                     349 	.db #0x10	; 16
    00000130 10                     350 	.db #0x10	; 16
    00000131 10                     351 	.db #0x10	; 16
    00000132 10                     352 	.db #0x10	; 16
    00000133 5E                     353 	.db #0x5e	; 94
    00000134 10                     354 	.db #0x10	; 16
    00000135 10                     355 	.db #0x10	; 16
    00000136 10                     356 	.db #0x10	; 16
    00000137 10                     357 	.db #0x10	; 16
    00000138 60                     358 	.db #0x60	; 96
    00000139 10                     359 	.db #0x10	; 16
    0000013A 10                     360 	.db #0x10	; 16
    0000013B 10                     361 	.db #0x10	; 16
    0000013C 10                     362 	.db #0x10	; 16
    0000013D 10                     363 	.db #0x10	; 16
    0000013E 10                     364 	.db #0x10	; 16
    0000013F 06                     365 	.db #0x06	; 6
    00000140 0D                     366 	.db #0x0d	; 13
    00000141 64                     367 	.db #0x64	; 100	'd'
    00000142 10                     368 	.db #0x10	; 16
    00000143 10                     369 	.db #0x10	; 16
    00000144 10                     370 	.db #0x10	; 16
    00000145 10                     371 	.db #0x10	; 16
    00000146 10                     372 	.db #0x10	; 16
    00000147 10                     373 	.db #0x10	; 16
    00000148 10                     374 	.db #0x10	; 16
    00000149 10                     375 	.db #0x10	; 16
    0000014A 10                     376 	.db #0x10	; 16
    0000014B 10                     377 	.db #0x10	; 16
    0000014C 10                     378 	.db #0x10	; 16
    0000014D 10                     379 	.db #0x10	; 16
    0000014E 10                     380 	.db #0x10	; 16
    0000014F 10                     381 	.db #0x10	; 16
    00000150 10                     382 	.db #0x10	; 16
    00000151 10                     383 	.db #0x10	; 16
    00000152 63                     384 	.db #0x63	; 99	'c'
    00000153 07                     385 	.db #0x07	; 7
    00000154 0C                     386 	.db #0x0c	; 12
    00000155 0B                     387 	.db #0x0b	; 11
    00000156 0A                     388 	.db #0x0a	; 10
    00000157 0A                     389 	.db #0x0a	; 10
    00000158 0A                     390 	.db #0x0a	; 10
    00000159 0A                     391 	.db #0x0a	; 10
    0000015A 0A                     392 	.db #0x0a	; 10
    0000015B 0A                     393 	.db #0x0a	; 10
    0000015C 0A                     394 	.db #0x0a	; 10
    0000015D 0A                     395 	.db #0x0a	; 10
    0000015E 0A                     396 	.db #0x0a	; 10
    0000015F 0A                     397 	.db #0x0a	; 10
    00000160 0A                     398 	.db #0x0a	; 10
    00000161 0A                     399 	.db #0x0a	; 10
    00000162 0A                     400 	.db #0x0a	; 10
    00000163 0A                     401 	.db #0x0a	; 10
    00000164 0A                     402 	.db #0x0a	; 10
    00000165 0A                     403 	.db #0x0a	; 10
    00000166 09                     404 	.db #0x09	; 9
    00000167 08                     405 	.db #0x08	; 8
    00000168                        406 _Ending2:
    00000168 00                     407 	.db #0x00	; 0
    00000169 01                     408 	.db #0x01	; 1
    0000016A 02                     409 	.db #0x02	; 2
    0000016B 02                     410 	.db #0x02	; 2
    0000016C 02                     411 	.db #0x02	; 2
    0000016D 02                     412 	.db #0x02	; 2
    0000016E 02                     413 	.db #0x02	; 2
    0000016F 02                     414 	.db #0x02	; 2
    00000170 02                     415 	.db #0x02	; 2
    00000171 02                     416 	.db #0x02	; 2
    00000172 02                     417 	.db #0x02	; 2
    00000173 02                     418 	.db #0x02	; 2
    00000174 02                     419 	.db #0x02	; 2
    00000175 02                     420 	.db #0x02	; 2
    00000176 02                     421 	.db #0x02	; 2
    00000177 02                     422 	.db #0x02	; 2
    00000178 02                     423 	.db #0x02	; 2
    00000179 02                     424 	.db #0x02	; 2
    0000017A 03                     425 	.db #0x03	; 3
    0000017B 04                     426 	.db #0x04	; 4
    0000017C 0F                     427 	.db #0x0f	; 15
    0000017D 61                     428 	.db #0x61	; 97	'a'
    0000017E 10                     429 	.db #0x10	; 16
    0000017F 10                     430 	.db #0x10	; 16
    00000180 10                     431 	.db #0x10	; 16
    00000181 10                     432 	.db #0x10	; 16
    00000182 10                     433 	.db #0x10	; 16
    00000183 10                     434 	.db #0x10	; 16
    00000184 10                     435 	.db #0x10	; 16
    00000185 10                     436 	.db #0x10	; 16
    00000186 10                     437 	.db #0x10	; 16
    00000187 10                     438 	.db #0x10	; 16
    00000188 10                     439 	.db #0x10	; 16
    00000189 10                     440 	.db #0x10	; 16
    0000018A 10                     441 	.db #0x10	; 16
    0000018B 10                     442 	.db #0x10	; 16
    0000018C 10                     443 	.db #0x10	; 16
    0000018D 10                     444 	.db #0x10	; 16
    0000018E 62                     445 	.db #0x62	; 98	'b'
    0000018F 05                     446 	.db #0x05	; 5
    00000190 0E                     447 	.db #0x0e	; 14
    00000191 10                     448 	.db #0x10	; 16
    00000192 10                     449 	.db #0x10	; 16
    00000193 10                     450 	.db #0x10	; 16
    00000194 10                     451 	.db #0x10	; 16
    00000195 10                     452 	.db #0x10	; 16
    00000196 10                     453 	.db #0x10	; 16
    00000197 10                     454 	.db #0x10	; 16
    00000198 10                     455 	.db #0x10	; 16
    00000199 10                     456 	.db #0x10	; 16
    0000019A 10                     457 	.db #0x10	; 16
    0000019B 10                     458 	.db #0x10	; 16
    0000019C 10                     459 	.db #0x10	; 16
    0000019D 10                     460 	.db #0x10	; 16
    0000019E 10                     461 	.db #0x10	; 16
    0000019F 10                     462 	.db #0x10	; 16
    000001A0 10                     463 	.db #0x10	; 16
    000001A1 10                     464 	.db #0x10	; 16
    000001A2 10                     465 	.db #0x10	; 16
    000001A3 06                     466 	.db #0x06	; 6
    000001A4 0E                     467 	.db #0x0e	; 14
    000001A5 10                     468 	.db #0x10	; 16
    000001A6 10                     469 	.db #0x10	; 16
    000001A7 43                     470 	.db #0x43	; 67	'C'
    000001A8 46                     471 	.db #0x46	; 70	'F'
    000001A9 39                     472 	.db #0x39	; 57	'9'
    000001AA 3C                     473 	.db #0x3c	; 60
    000001AB 45                     474 	.db #0x45	; 69	'E'
    000001AC 40                     475 	.db #0x40	; 64
    000001AD 40                     476 	.db #0x40	; 64
    000001AE 31                     477 	.db #0x31	; 49	'1'
    000001AF 44                     478 	.db #0x44	; 68	'D'
    000001B0 3F                     479 	.db #0x3f	; 63
    000001B1 10                     480 	.db #0x10	; 16
    000001B2 34                     481 	.db #0x34	; 52	'4'
    000001B3 31                     482 	.db #0x31	; 49	'1'
    000001B4 5A                     483 	.db #0x5a	; 90	'Z'
    000001B5 10                     484 	.db #0x10	; 16
    000001B6 10                     485 	.db #0x10	; 16
    000001B7 06                     486 	.db #0x06	; 6
    000001B8 0E                     487 	.db #0x0e	; 14
    000001B9 10                     488 	.db #0x10	; 16
    000001BA 10                     489 	.db #0x10	; 16
    000001BB 10                     490 	.db #0x10	; 16
    000001BC 10                     491 	.db #0x10	; 16
    000001BD 10                     492 	.db #0x10	; 16
    000001BE 10                     493 	.db #0x10	; 16
    000001BF 10                     494 	.db #0x10	; 16
    000001C0 10                     495 	.db #0x10	; 16
    000001C1 10                     496 	.db #0x10	; 16
    000001C2 10                     497 	.db #0x10	; 16
    000001C3 10                     498 	.db #0x10	; 16
    000001C4 10                     499 	.db #0x10	; 16
    000001C5 10                     500 	.db #0x10	; 16
    000001C6 10                     501 	.db #0x10	; 16
    000001C7 10                     502 	.db #0x10	; 16
    000001C8 10                     503 	.db #0x10	; 16
    000001C9 10                     504 	.db #0x10	; 16
    000001CA 10                     505 	.db #0x10	; 16
    000001CB 06                     506 	.db #0x06	; 6
    000001CC 0E                     507 	.db #0x0e	; 14
    000001CD 10                     508 	.db #0x10	; 16
    000001CE 10                     509 	.db #0x10	; 16
    000001CF 37                     510 	.db #0x37	; 55	'7'
    000001D0 39                     511 	.db #0x39	; 57	'9'
    000001D1 31                     512 	.db #0x31	; 49	'1'
    000001D2 33                     513 	.db #0x33	; 51	'3'
    000001D3 3F                     514 	.db #0x3f	; 63
    000001D4 3D                     515 	.db #0x3d	; 61
    000001D5 3F                     516 	.db #0x3f	; 63
    000001D6 10                     517 	.db #0x10	; 16
    000001D7 10                     518 	.db #0x10	; 16
    000001D8 34                     519 	.db #0x34	; 52	'4'
    000001D9 3F                     520 	.db #0x3f	; 63
    000001DA 42                     521 	.db #0x42	; 66	'B'
    000001DB 39                     522 	.db #0x39	; 57	'9'
    000001DC 31                     523 	.db #0x31	; 49	'1'
    000001DD 10                     524 	.db #0x10	; 16
    000001DE 10                     525 	.db #0x10	; 16
    000001DF 06                     526 	.db #0x06	; 6
    000001E0 0E                     527 	.db #0x0e	; 14
    000001E1 10                     528 	.db #0x10	; 16
    000001E2 10                     529 	.db #0x10	; 16
    000001E3 10                     530 	.db #0x10	; 16
    000001E4 10                     531 	.db #0x10	; 16
    000001E5 10                     532 	.db #0x10	; 16
    000001E6 10                     533 	.db #0x10	; 16
    000001E7 10                     534 	.db #0x10	; 16
    000001E8 10                     535 	.db #0x10	; 16
    000001E9 10                     536 	.db #0x10	; 16
    000001EA 10                     537 	.db #0x10	; 16
    000001EB 10                     538 	.db #0x10	; 16
    000001EC 10                     539 	.db #0x10	; 16
    000001ED 10                     540 	.db #0x10	; 16
    000001EE 10                     541 	.db #0x10	; 16
    000001EF 10                     542 	.db #0x10	; 16
    000001F0 10                     543 	.db #0x10	; 16
    000001F1 10                     544 	.db #0x10	; 16
    000001F2 10                     545 	.db #0x10	; 16
    000001F3 06                     546 	.db #0x06	; 6
    000001F4 0E                     547 	.db #0x0e	; 14
    000001F5 10                     548 	.db #0x10	; 16
    000001F6 10                     549 	.db #0x10	; 16
    000001F7 10                     550 	.db #0x10	; 16
    000001F8 10                     551 	.db #0x10	; 16
    000001F9 10                     552 	.db #0x10	; 16
    000001FA 10                     553 	.db #0x10	; 16
    000001FB 10                     554 	.db #0x10	; 16
    000001FC 10                     555 	.db #0x10	; 16
    000001FD 10                     556 	.db #0x10	; 16
    000001FE 10                     557 	.db #0x10	; 16
    000001FF 10                     558 	.db #0x10	; 16
    00000200 10                     559 	.db #0x10	; 16
    00000201 10                     560 	.db #0x10	; 16
    00000202 10                     561 	.db #0x10	; 16
    00000203 10                     562 	.db #0x10	; 16
    00000204 10                     563 	.db #0x10	; 16
    00000205 10                     564 	.db #0x10	; 16
    00000206 10                     565 	.db #0x10	; 16
    00000207 06                     566 	.db #0x06	; 6
    00000208 0E                     567 	.db #0x0e	; 14
    00000209 10                     568 	.db #0x10	; 16
    0000020A 10                     569 	.db #0x10	; 16
    0000020B 10                     570 	.db #0x10	; 16
    0000020C 10                     571 	.db #0x10	; 16
    0000020D 37                     572 	.db #0x37	; 55	'7'
    0000020E 42                     573 	.db #0x42	; 66	'B'
    0000020F 31                     574 	.db #0x31	; 49	'1'
    00000210 4A                     575 	.db #0x4a	; 74	'J'
    00000211 39                     576 	.db #0x39	; 57	'9'
    00000212 35                     577 	.db #0x35	; 53	'5'
    00000213 10                     578 	.db #0x10	; 16
    00000214 40                     579 	.db #0x40	; 64
    00000215 35                     580 	.db #0x35	; 53	'5'
    00000216 42                     581 	.db #0x42	; 66	'B'
    00000217 10                     582 	.db #0x10	; 16
    00000218 10                     583 	.db #0x10	; 16
    00000219 10                     584 	.db #0x10	; 16
    0000021A 10                     585 	.db #0x10	; 16
    0000021B 06                     586 	.db #0x06	; 6
    0000021C 0E                     587 	.db #0x0e	; 14
    0000021D 10                     588 	.db #0x10	; 16
    0000021E 10                     589 	.db #0x10	; 16
    0000021F 10                     590 	.db #0x10	; 16
    00000220 10                     591 	.db #0x10	; 16
    00000221 10                     592 	.db #0x10	; 16
    00000222 10                     593 	.db #0x10	; 16
    00000223 10                     594 	.db #0x10	; 16
    00000224 10                     595 	.db #0x10	; 16
    00000225 10                     596 	.db #0x10	; 16
    00000226 10                     597 	.db #0x10	; 16
    00000227 10                     598 	.db #0x10	; 16
    00000228 10                     599 	.db #0x10	; 16
    00000229 10                     600 	.db #0x10	; 16
    0000022A 10                     601 	.db #0x10	; 16
    0000022B 10                     602 	.db #0x10	; 16
    0000022C 10                     603 	.db #0x10	; 16
    0000022D 10                     604 	.db #0x10	; 16
    0000022E 10                     605 	.db #0x10	; 16
    0000022F 06                     606 	.db #0x06	; 6
    00000230 0E                     607 	.db #0x0e	; 14
    00000231 10                     608 	.db #0x10	; 16
    00000232 10                     609 	.db #0x10	; 16
    00000233 31                     610 	.db #0x31	; 49	'1'
    00000234 46                     611 	.db #0x46	; 70	'F'
    00000235 35                     612 	.db #0x35	; 53	'5'
    00000236 42                     613 	.db #0x42	; 66	'B'
    00000237 35                     614 	.db #0x35	; 53	'5'
    00000238 10                     615 	.db #0x10	; 16
    00000239 37                     616 	.db #0x37	; 55	'7'
    0000023A 39                     617 	.db #0x39	; 57	'9'
    0000023B 3F                     618 	.db #0x3f	; 63
    0000023C 33                     619 	.db #0x33	; 51	'3'
    0000023D 31                     620 	.db #0x31	; 49	'1'
    0000023E 44                     621 	.db #0x44	; 68	'D'
    0000023F 3F                     622 	.db #0x3f	; 63
    00000240 58                     623 	.db #0x58	; 88	'X'
    00000241 10                     624 	.db #0x10	; 16
    00000242 10                     625 	.db #0x10	; 16
    00000243 06                     626 	.db #0x06	; 6
    00000244 0E                     627 	.db #0x0e	; 14
    00000245 10                     628 	.db #0x10	; 16
    00000246 10                     629 	.db #0x10	; 16
    00000247 10                     630 	.db #0x10	; 16
    00000248 10                     631 	.db #0x10	; 16
    00000249 10                     632 	.db #0x10	; 16
    0000024A 10                     633 	.db #0x10	; 16
    0000024B 10                     634 	.db #0x10	; 16
    0000024C 10                     635 	.db #0x10	; 16
    0000024D 10                     636 	.db #0x10	; 16
    0000024E 10                     637 	.db #0x10	; 16
    0000024F 10                     638 	.db #0x10	; 16
    00000250 10                     639 	.db #0x10	; 16
    00000251 10                     640 	.db #0x10	; 16
    00000252 10                     641 	.db #0x10	; 16
    00000253 10                     642 	.db #0x10	; 16
    00000254 10                     643 	.db #0x10	; 16
    00000255 10                     644 	.db #0x10	; 16
    00000256 10                     645 	.db #0x10	; 16
    00000257 06                     646 	.db #0x06	; 6
    00000258 0E                     647 	.db #0x0e	; 14
    00000259 10                     648 	.db #0x10	; 16
    0000025A 10                     649 	.db #0x10	; 16
    0000025B 10                     650 	.db #0x10	; 16
    0000025C 10                     651 	.db #0x10	; 16
    0000025D 10                     652 	.db #0x10	; 16
    0000025E 10                     653 	.db #0x10	; 16
    0000025F 10                     654 	.db #0x10	; 16
    00000260 10                     655 	.db #0x10	; 16
    00000261 10                     656 	.db #0x10	; 16
    00000262 10                     657 	.db #0x10	; 16
    00000263 10                     658 	.db #0x10	; 16
    00000264 10                     659 	.db #0x10	; 16
    00000265 10                     660 	.db #0x10	; 16
    00000266 10                     661 	.db #0x10	; 16
    00000267 10                     662 	.db #0x10	; 16
    00000268 10                     663 	.db #0x10	; 16
    00000269 10                     664 	.db #0x10	; 16
    0000026A 10                     665 	.db #0x10	; 16
    0000026B 06                     666 	.db #0x06	; 6
    0000026C 0E                     667 	.db #0x0e	; 14
    0000026D 10                     668 	.db #0x10	; 16
    0000026E 10                     669 	.db #0x10	; 16
    0000026F 10                     670 	.db #0x10	; 16
    00000270 10                     671 	.db #0x10	; 16
    00000271 10                     672 	.db #0x10	; 16
    00000272 10                     673 	.db #0x10	; 16
    00000273 10                     674 	.db #0x10	; 16
    00000274 10                     675 	.db #0x10	; 16
    00000275 10                     676 	.db #0x10	; 16
    00000276 10                     677 	.db #0x10	; 16
    00000277 10                     678 	.db #0x10	; 16
    00000278 10                     679 	.db #0x10	; 16
    00000279 10                     680 	.db #0x10	; 16
    0000027A 10                     681 	.db #0x10	; 16
    0000027B 10                     682 	.db #0x10	; 16
    0000027C 10                     683 	.db #0x10	; 16
    0000027D 10                     684 	.db #0x10	; 16
    0000027E 10                     685 	.db #0x10	; 16
    0000027F 06                     686 	.db #0x06	; 6
    00000280 0E                     687 	.db #0x0e	; 14
    00000281 10                     688 	.db #0x10	; 16
    00000282 44                     689 	.db #0x44	; 68	'D'
    00000283 35                     690 	.db #0x35	; 53	'5'
    00000284 3D                     691 	.db #0x3d	; 61
    00000285 40                     692 	.db #0x40	; 64
    00000286 3F                     693 	.db #0x3f	; 63
    00000287 5A                     694 	.db #0x5a	; 90	'Z'
    00000288 10                     695 	.db #0x10	; 16
    00000289 10                     696 	.db #0x10	; 16
    0000028A 54                     697 	.db #0x54	; 84	'T'
    0000028B 54                     698 	.db #0x54	; 84	'T'
    0000028C 5A                     699 	.db #0x5a	; 90	'Z'
    0000028D 54                     700 	.db #0x54	; 84	'T'
    0000028E 54                     701 	.db #0x54	; 84	'T'
    0000028F 5A                     702 	.db #0x5a	; 90	'Z'
    00000290 54                     703 	.db #0x54	; 84	'T'
    00000291 54                     704 	.db #0x54	; 84	'T'
    00000292 10                     705 	.db #0x10	; 16
    00000293 06                     706 	.db #0x06	; 6
    00000294 0E                     707 	.db #0x0e	; 14
    00000295 10                     708 	.db #0x10	; 16
    00000296 10                     709 	.db #0x10	; 16
    00000297 10                     710 	.db #0x10	; 16
    00000298 10                     711 	.db #0x10	; 16
    00000299 10                     712 	.db #0x10	; 16
    0000029A 10                     713 	.db #0x10	; 16
    0000029B 10                     714 	.db #0x10	; 16
    0000029C 10                     715 	.db #0x10	; 16
    0000029D 10                     716 	.db #0x10	; 16
    0000029E 10                     717 	.db #0x10	; 16
    0000029F 10                     718 	.db #0x10	; 16
    000002A0 10                     719 	.db #0x10	; 16
    000002A1 10                     720 	.db #0x10	; 16
    000002A2 10                     721 	.db #0x10	; 16
    000002A3 10                     722 	.db #0x10	; 16
    000002A4 10                     723 	.db #0x10	; 16
    000002A5 10                     724 	.db #0x10	; 16
    000002A6 10                     725 	.db #0x10	; 16
    000002A7 06                     726 	.db #0x06	; 6
    000002A8 0D                     727 	.db #0x0d	; 13
    000002A9 64                     728 	.db #0x64	; 100	'd'
    000002AA 10                     729 	.db #0x10	; 16
    000002AB 10                     730 	.db #0x10	; 16
    000002AC 10                     731 	.db #0x10	; 16
    000002AD 10                     732 	.db #0x10	; 16
    000002AE 10                     733 	.db #0x10	; 16
    000002AF 10                     734 	.db #0x10	; 16
    000002B0 10                     735 	.db #0x10	; 16
    000002B1 10                     736 	.db #0x10	; 16
    000002B2 10                     737 	.db #0x10	; 16
    000002B3 10                     738 	.db #0x10	; 16
    000002B4 10                     739 	.db #0x10	; 16
    000002B5 10                     740 	.db #0x10	; 16
    000002B6 10                     741 	.db #0x10	; 16
    000002B7 10                     742 	.db #0x10	; 16
    000002B8 10                     743 	.db #0x10	; 16
    000002B9 10                     744 	.db #0x10	; 16
    000002BA 63                     745 	.db #0x63	; 99	'c'
    000002BB 07                     746 	.db #0x07	; 7
    000002BC 0C                     747 	.db #0x0c	; 12
    000002BD 0B                     748 	.db #0x0b	; 11
    000002BE 0A                     749 	.db #0x0a	; 10
    000002BF 0A                     750 	.db #0x0a	; 10
    000002C0 0A                     751 	.db #0x0a	; 10
    000002C1 0A                     752 	.db #0x0a	; 10
    000002C2 0A                     753 	.db #0x0a	; 10
    000002C3 0A                     754 	.db #0x0a	; 10
    000002C4 0A                     755 	.db #0x0a	; 10
    000002C5 0A                     756 	.db #0x0a	; 10
    000002C6 0A                     757 	.db #0x0a	; 10
    000002C7 0A                     758 	.db #0x0a	; 10
    000002C8 0A                     759 	.db #0x0a	; 10
    000002C9 0A                     760 	.db #0x0a	; 10
    000002CA 0A                     761 	.db #0x0a	; 10
    000002CB 0A                     762 	.db #0x0a	; 10
    000002CC 0A                     763 	.db #0x0a	; 10
    000002CD 0A                     764 	.db #0x0a	; 10
    000002CE 09                     765 	.db #0x09	; 9
    000002CF 08                     766 	.db #0x08	; 8
                                    767 	.area _INITIALIZER
                                    768 	.area _CABS (ABS)
