                                      1 ;--------------------------------------------------------
                                      2 ; File Created by SDCC : free open source ISO C Compiler
                                      3 ; Version 4.5.1 #15267 (MINGW64)
                                      4 ;--------------------------------------------------------
                                      5 	.module GameOver
                                      6 	
                                      7 ;--------------------------------------------------------
                                      8 ; Public variables in this module
                                      9 ;--------------------------------------------------------
                                     10 	.globl _GameOver
                                     11 ;--------------------------------------------------------
                                     12 ; special function registers
                                     13 ;--------------------------------------------------------
                                     14 	.area _HRAM
                                     15 ;--------------------------------------------------------
                                     16 ; ram data
                                     17 ;--------------------------------------------------------
                                     18 	.area _DATA
                                     19 ;--------------------------------------------------------
                                     20 ; ram data
                                     21 ;--------------------------------------------------------
                                     22 	.area _INITIALIZED
                                     23 ;--------------------------------------------------------
                                     24 ; absolute external ram data
                                     25 ;--------------------------------------------------------
                                     26 	.area _DABS (ABS)
                                     27 ;--------------------------------------------------------
                                     28 ; global & static initialisations
                                     29 ;--------------------------------------------------------
                                     30 	.area _HOME
                                     31 	.area _GSINIT
                                     32 	.area _GSFINAL
                                     33 	.area _GSINIT
                                     34 ;--------------------------------------------------------
                                     35 ; Home
                                     36 ;--------------------------------------------------------
                                     37 	.area _HOME
                                     38 	.area _HOME
                                     39 ;--------------------------------------------------------
                                     40 ; code
                                     41 ;--------------------------------------------------------
                                     42 	.area _CODE_1
                                     43 	.area _CODE_1
    00000000                         44 _GameOver:
    00000000 2F                      45 	.db #0x2f	; 47
    00000001 2F                      46 	.db #0x2f	; 47
    00000002 2F                      47 	.db #0x2f	; 47
    00000003 2F                      48 	.db #0x2f	; 47
    00000004 2F                      49 	.db #0x2f	; 47
    00000005 2F                      50 	.db #0x2f	; 47
    00000006 2F                      51 	.db #0x2f	; 47
    00000007 2F                      52 	.db #0x2f	; 47
    00000008 2F                      53 	.db #0x2f	; 47
    00000009 2F                      54 	.db #0x2f	; 47
    0000000A 2F                      55 	.db #0x2f	; 47
    0000000B 2F                      56 	.db #0x2f	; 47
    0000000C 2F                      57 	.db #0x2f	; 47
    0000000D 2F                      58 	.db #0x2f	; 47
    0000000E 2F                      59 	.db #0x2f	; 47
    0000000F 2F                      60 	.db #0x2f	; 47
    00000010 2F                      61 	.db #0x2f	; 47
    00000011 2F                      62 	.db #0x2f	; 47
    00000012 2F                      63 	.db #0x2f	; 47
    00000013 2F                      64 	.db #0x2f	; 47
    00000014 2F                      65 	.db #0x2f	; 47
    00000015 2F                      66 	.db #0x2f	; 47
    00000016 2F                      67 	.db #0x2f	; 47
    00000017 2F                      68 	.db #0x2f	; 47
    00000018 2F                      69 	.db #0x2f	; 47
    00000019 2F                      70 	.db #0x2f	; 47
    0000001A 2F                      71 	.db #0x2f	; 47
    0000001B 2F                      72 	.db #0x2f	; 47
    0000001C 2F                      73 	.db #0x2f	; 47
    0000001D 2F                      74 	.db #0x2f	; 47
    0000001E 2F                      75 	.db #0x2f	; 47
    0000001F 2F                      76 	.db #0x2f	; 47
    00000020 2F                      77 	.db #0x2f	; 47
    00000021 2F                      78 	.db #0x2f	; 47
    00000022 2F                      79 	.db #0x2f	; 47
    00000023 2F                      80 	.db #0x2f	; 47
    00000024 2F                      81 	.db #0x2f	; 47
    00000025 2F                      82 	.db #0x2f	; 47
    00000026 2F                      83 	.db #0x2f	; 47
    00000027 2F                      84 	.db #0x2f	; 47
    00000028 2F                      85 	.db #0x2f	; 47
    00000029 2F                      86 	.db #0x2f	; 47
    0000002A 2F                      87 	.db #0x2f	; 47
    0000002B 2F                      88 	.db #0x2f	; 47
    0000002C 2F                      89 	.db #0x2f	; 47
    0000002D 2F                      90 	.db #0x2f	; 47
    0000002E 2F                      91 	.db #0x2f	; 47
    0000002F 2F                      92 	.db #0x2f	; 47
    00000030 2F                      93 	.db #0x2f	; 47
    00000031 2F                      94 	.db #0x2f	; 47
    00000032 2F                      95 	.db #0x2f	; 47
    00000033 2F                      96 	.db #0x2f	; 47
    00000034 2F                      97 	.db #0x2f	; 47
    00000035 2F                      98 	.db #0x2f	; 47
    00000036 2F                      99 	.db #0x2f	; 47
    00000037 2F                     100 	.db #0x2f	; 47
    00000038 2F                     101 	.db #0x2f	; 47
    00000039 2F                     102 	.db #0x2f	; 47
    0000003A 2F                     103 	.db #0x2f	; 47
    0000003B 2F                     104 	.db #0x2f	; 47
    0000003C 2F                     105 	.db #0x2f	; 47
    0000003D 2F                     106 	.db #0x2f	; 47
    0000003E 2F                     107 	.db #0x2f	; 47
    0000003F 2F                     108 	.db #0x2f	; 47
    00000040 2F                     109 	.db #0x2f	; 47
    00000041 12                     110 	.db #0x12	; 18
    00000042 04                     111 	.db #0x04	; 4
    00000043 08                     112 	.db #0x08	; 8
    00000044 2F                     113 	.db #0x2f	; 47
    00000045 2F                     114 	.db #0x2f	; 47
    00000046 12                     115 	.db #0x12	; 18
    00000047 13                     116 	.db #0x13	; 19
    00000048 00                     117 	.db #0x00	; 0
    00000049 13                     118 	.db #0x13	; 19
    0000004A 0E                     119 	.db #0x0e	; 14
    0000004B 2F                     120 	.db #0x2f	; 47
    0000004C 2F                     121 	.db #0x2f	; 47
    0000004D 2F                     122 	.db #0x2f	; 47
    0000004E 2F                     123 	.db #0x2f	; 47
    0000004F 2F                     124 	.db #0x2f	; 47
    00000050 2F                     125 	.db #0x2f	; 47
    00000051 2F                     126 	.db #0x2f	; 47
    00000052 2F                     127 	.db #0x2f	; 47
    00000053 2F                     128 	.db #0x2f	; 47
    00000054 2F                     129 	.db #0x2f	; 47
    00000055 2F                     130 	.db #0x2f	; 47
    00000056 2F                     131 	.db #0x2f	; 47
    00000057 2F                     132 	.db #0x2f	; 47
    00000058 2F                     133 	.db #0x2f	; 47
    00000059 2F                     134 	.db #0x2f	; 47
    0000005A 2F                     135 	.db #0x2f	; 47
    0000005B 2F                     136 	.db #0x2f	; 47
    0000005C 2F                     137 	.db #0x2f	; 47
    0000005D 2F                     138 	.db #0x2f	; 47
    0000005E 2F                     139 	.db #0x2f	; 47
    0000005F 2F                     140 	.db #0x2f	; 47
    00000060 2F                     141 	.db #0x2f	; 47
    00000061 2F                     142 	.db #0x2f	; 47
    00000062 2F                     143 	.db #0x2f	; 47
    00000063 2F                     144 	.db #0x2f	; 47
    00000064 2F                     145 	.db #0x2f	; 47
    00000065 2F                     146 	.db #0x2f	; 47
    00000066 2F                     147 	.db #0x2f	; 47
    00000067 2F                     148 	.db #0x2f	; 47
    00000068 2F                     149 	.db #0x2f	; 47
    00000069 12                     150 	.db #0x12	; 18
    0000006A 02                     151 	.db #0x02	; 2
    0000006B 0E                     152 	.db #0x0e	; 14
    0000006C 0D                     153 	.db #0x0d	; 13
    0000006D 05                     154 	.db #0x05	; 5
    0000006E 08                     155 	.db #0x08	; 8
    0000006F 13                     156 	.db #0x13	; 19
    00000070 13                     157 	.db #0x13	; 19
    00000071 0E                     158 	.db #0x0e	; 14
    00000072 27                     159 	.db #0x27	; 39
    00000073 2F                     160 	.db #0x2f	; 47
    00000074 2F                     161 	.db #0x2f	; 47
    00000075 2F                     162 	.db #0x2f	; 47
    00000076 2F                     163 	.db #0x2f	; 47
    00000077 2F                     164 	.db #0x2f	; 47
    00000078 2F                     165 	.db #0x2f	; 47
    00000079 2F                     166 	.db #0x2f	; 47
    0000007A 2F                     167 	.db #0x2f	; 47
    0000007B 2F                     168 	.db #0x2f	; 47
    0000007C 2F                     169 	.db #0x2f	; 47
    0000007D 2F                     170 	.db #0x2f	; 47
    0000007E 2F                     171 	.db #0x2f	; 47
    0000007F 2F                     172 	.db #0x2f	; 47
    00000080 2F                     173 	.db #0x2f	; 47
    00000081 2F                     174 	.db #0x2f	; 47
    00000082 2F                     175 	.db #0x2f	; 47
    00000083 2F                     176 	.db #0x2f	; 47
    00000084 2F                     177 	.db #0x2f	; 47
    00000085 2F                     178 	.db #0x2f	; 47
    00000086 2F                     179 	.db #0x2f	; 47
    00000087 2F                     180 	.db #0x2f	; 47
    00000088 2F                     181 	.db #0x2f	; 47
    00000089 2F                     182 	.db #0x2f	; 47
    0000008A 2F                     183 	.db #0x2f	; 47
    0000008B 2F                     184 	.db #0x2f	; 47
    0000008C 2F                     185 	.db #0x2f	; 47
    0000008D 2F                     186 	.db #0x2f	; 47
    0000008E 2F                     187 	.db #0x2f	; 47
    0000008F 2F                     188 	.db #0x2f	; 47
    00000090 2F                     189 	.db #0x2f	; 47
    00000091 2F                     190 	.db #0x2f	; 47
    00000092 2F                     191 	.db #0x2f	; 47
    00000093 2F                     192 	.db #0x2f	; 47
    00000094 2F                     193 	.db #0x2f	; 47
    00000095 2F                     194 	.db #0x2f	; 47
    00000096 2F                     195 	.db #0x2f	; 47
    00000097 2F                     196 	.db #0x2f	; 47
    00000098 2F                     197 	.db #0x2f	; 47
    00000099 2F                     198 	.db #0x2f	; 47
    0000009A 2F                     199 	.db #0x2f	; 47
    0000009B 2F                     200 	.db #0x2f	; 47
    0000009C 2F                     201 	.db #0x2f	; 47
    0000009D 2F                     202 	.db #0x2f	; 47
    0000009E 2F                     203 	.db #0x2f	; 47
    0000009F 2F                     204 	.db #0x2f	; 47
    000000A0 2F                     205 	.db #0x2f	; 47
    000000A1 04                     206 	.db #0x04	; 4
    000000A2 12                     207 	.db #0x12	; 18
    000000A3 12                     208 	.db #0x12	; 18
    000000A4 26                     209 	.db #0x26	; 38
    000000A5 11                     210 	.db #0x11	; 17
    000000A6 00                     211 	.db #0x00	; 0
    000000A7 02                     212 	.db #0x02	; 2
    000000A8 02                     213 	.db #0x02	; 2
    000000A9 0E                     214 	.db #0x0e	; 14
    000000AA 0B                     215 	.db #0x0b	; 11
    000000AB 13                     216 	.db #0x13	; 19
    000000AC 00                     217 	.db #0x00	; 0
    000000AD 31                     218 	.db #0x31	; 49	'1'
    000000AE 2F                     219 	.db #0x2f	; 47
    000000AF 2F                     220 	.db #0x2f	; 47
    000000B0 2F                     221 	.db #0x2f	; 47
    000000B1 2F                     222 	.db #0x2f	; 47
    000000B2 2F                     223 	.db #0x2f	; 47
    000000B3 2F                     224 	.db #0x2f	; 47
    000000B4 2F                     225 	.db #0x2f	; 47
    000000B5 2F                     226 	.db #0x2f	; 47
    000000B6 2F                     227 	.db #0x2f	; 47
    000000B7 2F                     228 	.db #0x2f	; 47
    000000B8 2F                     229 	.db #0x2f	; 47
    000000B9 2F                     230 	.db #0x2f	; 47
    000000BA 2F                     231 	.db #0x2f	; 47
    000000BB 2F                     232 	.db #0x2f	; 47
    000000BC 2F                     233 	.db #0x2f	; 47
    000000BD 2F                     234 	.db #0x2f	; 47
    000000BE 2F                     235 	.db #0x2f	; 47
    000000BF 2F                     236 	.db #0x2f	; 47
    000000C0 2F                     237 	.db #0x2f	; 47
    000000C1 2F                     238 	.db #0x2f	; 47
    000000C2 2F                     239 	.db #0x2f	; 47
    000000C3 2F                     240 	.db #0x2f	; 47
    000000C4 2F                     241 	.db #0x2f	; 47
    000000C5 2F                     242 	.db #0x2f	; 47
    000000C6 2F                     243 	.db #0x2f	; 47
    000000C7 2F                     244 	.db #0x2f	; 47
    000000C8 2F                     245 	.db #0x2f	; 47
    000000C9 0C                     246 	.db #0x0c	; 12
    000000CA 18                     247 	.db #0x18	; 24
    000000CB 13                     248 	.db #0x13	; 19
    000000CC 26                     249 	.db #0x26	; 38
    000000CD 11                     250 	.db #0x11	; 17
    000000CE 00                     251 	.db #0x00	; 0
    000000CF 02                     252 	.db #0x02	; 2
    000000D0 02                     253 	.db #0x02	; 2
    000000D1 0E                     254 	.db #0x0e	; 14
    000000D2 0B                     255 	.db #0x0b	; 11
    000000D3 13                     256 	.db #0x13	; 19
    000000D4 0E                     257 	.db #0x0e	; 14
    000000D5 31                     258 	.db #0x31	; 49	'1'
    000000D6 2F                     259 	.db #0x2f	; 47
    000000D7 2F                     260 	.db #0x2f	; 47
    000000D8 2F                     261 	.db #0x2f	; 47
    000000D9 2F                     262 	.db #0x2f	; 47
    000000DA 2F                     263 	.db #0x2f	; 47
    000000DB 2F                     264 	.db #0x2f	; 47
    000000DC 2F                     265 	.db #0x2f	; 47
    000000DD 2F                     266 	.db #0x2f	; 47
    000000DE 2F                     267 	.db #0x2f	; 47
    000000DF 2F                     268 	.db #0x2f	; 47
    000000E0 2F                     269 	.db #0x2f	; 47
    000000E1 2F                     270 	.db #0x2f	; 47
    000000E2 2F                     271 	.db #0x2f	; 47
    000000E3 2F                     272 	.db #0x2f	; 47
    000000E4 2F                     273 	.db #0x2f	; 47
    000000E5 2F                     274 	.db #0x2f	; 47
    000000E6 2F                     275 	.db #0x2f	; 47
    000000E7 2F                     276 	.db #0x2f	; 47
    000000E8 2F                     277 	.db #0x2f	; 47
    000000E9 2F                     278 	.db #0x2f	; 47
    000000EA 2F                     279 	.db #0x2f	; 47
    000000EB 2F                     280 	.db #0x2f	; 47
    000000EC 2F                     281 	.db #0x2f	; 47
    000000ED 2F                     282 	.db #0x2f	; 47
    000000EE 2F                     283 	.db #0x2f	; 47
    000000EF 2F                     284 	.db #0x2f	; 47
    000000F0 2F                     285 	.db #0x2f	; 47
    000000F1 2F                     286 	.db #0x2f	; 47
    000000F2 2F                     287 	.db #0x2f	; 47
    000000F3 2F                     288 	.db #0x2f	; 47
    000000F4 2F                     289 	.db #0x2f	; 47
    000000F5 2F                     290 	.db #0x2f	; 47
    000000F6 2F                     291 	.db #0x2f	; 47
    000000F7 2F                     292 	.db #0x2f	; 47
    000000F8 2F                     293 	.db #0x2f	; 47
    000000F9 2F                     294 	.db #0x2f	; 47
    000000FA 2F                     295 	.db #0x2f	; 47
    000000FB 2F                     296 	.db #0x2f	; 47
    000000FC 2F                     297 	.db #0x2f	; 47
    000000FD 2F                     298 	.db #0x2f	; 47
    000000FE 2F                     299 	.db #0x2f	; 47
    000000FF 2F                     300 	.db #0x2f	; 47
    00000100 2F                     301 	.db #0x2f	; 47
    00000101 2F                     302 	.db #0x2f	; 47
    00000102 2F                     303 	.db #0x2f	; 47
    00000103 2F                     304 	.db #0x2f	; 47
    00000104 2F                     305 	.db #0x2f	; 47
    00000105 2F                     306 	.db #0x2f	; 47
    00000106 2F                     307 	.db #0x2f	; 47
    00000107 2F                     308 	.db #0x2f	; 47
    00000108 0F                     309 	.db #0x0f	; 15
    00000109 11                     310 	.db #0x11	; 17
    0000010A 04                     311 	.db #0x04	; 4
    0000010B 0C                     312 	.db #0x0c	; 12
    0000010C 08                     313 	.db #0x08	; 8
    0000010D 2F                     314 	.db #0x2f	; 47
    0000010E 2F                     315 	.db #0x2f	; 47
    0000010F 12                     316 	.db #0x12	; 18
    00000110 13                     317 	.db #0x13	; 19
    00000111 00                     318 	.db #0x00	; 0
    00000112 11                     319 	.db #0x11	; 17
    00000113 13                     320 	.db #0x13	; 19
    00000114 2F                     321 	.db #0x2f	; 47
    00000115 2F                     322 	.db #0x2f	; 47
    00000116 2F                     323 	.db #0x2f	; 47
    00000117 2F                     324 	.db #0x2f	; 47
    00000118 2F                     325 	.db #0x2f	; 47
    00000119 2F                     326 	.db #0x2f	; 47
    0000011A 2F                     327 	.db #0x2f	; 47
    0000011B 2F                     328 	.db #0x2f	; 47
    0000011C 2F                     329 	.db #0x2f	; 47
    0000011D 2F                     330 	.db #0x2f	; 47
    0000011E 2F                     331 	.db #0x2f	; 47
    0000011F 2F                     332 	.db #0x2f	; 47
    00000120 2F                     333 	.db #0x2f	; 47
    00000121 2F                     334 	.db #0x2f	; 47
    00000122 2F                     335 	.db #0x2f	; 47
    00000123 2F                     336 	.db #0x2f	; 47
    00000124 2F                     337 	.db #0x2f	; 47
    00000125 2F                     338 	.db #0x2f	; 47
    00000126 2F                     339 	.db #0x2f	; 47
    00000127 2F                     340 	.db #0x2f	; 47
    00000128 2F                     341 	.db #0x2f	; 47
    00000129 2F                     342 	.db #0x2f	; 47
    0000012A 2F                     343 	.db #0x2f	; 47
    0000012B 2F                     344 	.db #0x2f	; 47
    0000012C 2F                     345 	.db #0x2f	; 47
    0000012D 2F                     346 	.db #0x2f	; 47
    0000012E 2F                     347 	.db #0x2f	; 47
    0000012F 0F                     348 	.db #0x0f	; 15
    00000130 04                     349 	.db #0x04	; 4
    00000131 11                     350 	.db #0x11	; 17
    00000132 2F                     351 	.db #0x2f	; 47
    00000133 02                     352 	.db #0x02	; 2
    00000134 0E                     353 	.db #0x0e	; 14
    00000135 0D                     354 	.db #0x0d	; 13
    00000136 13                     355 	.db #0x13	; 19
    00000137 08                     356 	.db #0x08	; 8
    00000138 0D                     357 	.db #0x0d	; 13
    00000139 14                     358 	.db #0x14	; 20
    0000013A 00                     359 	.db #0x00	; 0
    0000013B 11                     360 	.db #0x11	; 17
    0000013C 04                     361 	.db #0x04	; 4
    0000013D 2F                     362 	.db #0x2f	; 47
    0000013E 2F                     363 	.db #0x2f	; 47
    0000013F 2F                     364 	.db #0x2f	; 47
    00000140 2F                     365 	.db #0x2f	; 47
    00000141 2F                     366 	.db #0x2f	; 47
    00000142 2F                     367 	.db #0x2f	; 47
    00000143 2F                     368 	.db #0x2f	; 47
    00000144 2F                     369 	.db #0x2f	; 47
    00000145 2F                     370 	.db #0x2f	; 47
    00000146 2F                     371 	.db #0x2f	; 47
    00000147 2F                     372 	.db #0x2f	; 47
    00000148 2F                     373 	.db #0x2f	; 47
    00000149 2F                     374 	.db #0x2f	; 47
    0000014A 2F                     375 	.db #0x2f	; 47
    0000014B 2F                     376 	.db #0x2f	; 47
    0000014C 2F                     377 	.db #0x2f	; 47
    0000014D 2F                     378 	.db #0x2f	; 47
    0000014E 2F                     379 	.db #0x2f	; 47
    0000014F 2F                     380 	.db #0x2f	; 47
    00000150 2F                     381 	.db #0x2f	; 47
    00000151 2F                     382 	.db #0x2f	; 47
    00000152 2F                     383 	.db #0x2f	; 47
    00000153 2F                     384 	.db #0x2f	; 47
    00000154 2F                     385 	.db #0x2f	; 47
    00000155 2F                     386 	.db #0x2f	; 47
    00000156 2F                     387 	.db #0x2f	; 47
    00000157 2F                     388 	.db #0x2f	; 47
    00000158 2F                     389 	.db #0x2f	; 47
    00000159 2F                     390 	.db #0x2f	; 47
    0000015A 2F                     391 	.db #0x2f	; 47
    0000015B 2F                     392 	.db #0x2f	; 47
    0000015C 2F                     393 	.db #0x2f	; 47
    0000015D 2F                     394 	.db #0x2f	; 47
    0000015E 2F                     395 	.db #0x2f	; 47
    0000015F 2F                     396 	.db #0x2f	; 47
    00000160 2F                     397 	.db #0x2f	; 47
    00000161 2F                     398 	.db #0x2f	; 47
    00000162 2F                     399 	.db #0x2f	; 47
    00000163 2F                     400 	.db #0x2f	; 47
    00000164 2F                     401 	.db #0x2f	; 47
    00000165 2F                     402 	.db #0x2f	; 47
    00000166 2F                     403 	.db #0x2f	; 47
    00000167 2F                     404 	.db #0x2f	; 47
                                    405 	.area _INITIALIZER
                                    406 	.area _CABS (ABS)
