                                      1 ;--------------------------------------------------------
                                      2 ; File Created by SDCC : free open source ISO C Compiler
                                      3 ; Version 4.5.1 #15267 (MINGW64)
                                      4 ;--------------------------------------------------------
                                      5 	.module IntroSlide2
                                      6 	
                                      7 ;--------------------------------------------------------
                                      8 ; Public variables in this module
                                      9 ;--------------------------------------------------------
                                     10 	.globl _IntroSlide2
                                     11 ;--------------------------------------------------------
                                     12 ; special function registers
                                     13 ;--------------------------------------------------------
                                     14 	.area _HRAM
                                     15 ;--------------------------------------------------------
                                     16 ; ram data
                                     17 ;--------------------------------------------------------
                                     18 	.area _DATA
                                     19 ;--------------------------------------------------------
                                     20 ; ram data
                                     21 ;--------------------------------------------------------
                                     22 	.area _INITIALIZED
                                     23 ;--------------------------------------------------------
                                     24 ; absolute external ram data
                                     25 ;--------------------------------------------------------
                                     26 	.area _DABS (ABS)
                                     27 ;--------------------------------------------------------
                                     28 ; global & static initialisations
                                     29 ;--------------------------------------------------------
                                     30 	.area _HOME
                                     31 	.area _GSINIT
                                     32 	.area _GSFINAL
                                     33 	.area _GSINIT
                                     34 ;--------------------------------------------------------
                                     35 ; Home
                                     36 ;--------------------------------------------------------
                                     37 	.area _HOME
                                     38 	.area _HOME
                                     39 ;--------------------------------------------------------
                                     40 ; code
                                     41 ;--------------------------------------------------------
                                     42 	.area _CODE_6
                                     43 	.area _CODE_6
    00000000                         44 _IntroSlide2:
    00000000 00                      45 	.db #0x00	; 0
    00000001 00                      46 	.db #0x00	; 0
    00000002 00                      47 	.db #0x00	; 0
    00000003 00                      48 	.db #0x00	; 0
    00000004 00                      49 	.db #0x00	; 0
    00000005 00                      50 	.db #0x00	; 0
    00000006 00                      51 	.db #0x00	; 0
    00000007 00                      52 	.db #0x00	; 0
    00000008 00                      53 	.db #0x00	; 0
    00000009 00                      54 	.db #0x00	; 0
    0000000A 00                      55 	.db #0x00	; 0
    0000000B 00                      56 	.db #0x00	; 0
    0000000C 00                      57 	.db #0x00	; 0
    0000000D 00                      58 	.db #0x00	; 0
    0000000E 00                      59 	.db #0x00	; 0
    0000000F 00                      60 	.db #0x00	; 0
    00000010 00                      61 	.db #0x00	; 0
    00000011 00                      62 	.db #0x00	; 0
    00000012 00                      63 	.db #0x00	; 0
    00000013 00                      64 	.db #0x00	; 0
    00000014 00                      65 	.db #0x00	; 0
    00000015 00                      66 	.db #0x00	; 0
    00000016 00                      67 	.db #0x00	; 0
    00000017 00                      68 	.db #0x00	; 0
    00000018 00                      69 	.db #0x00	; 0
    00000019 00                      70 	.db #0x00	; 0
    0000001A 00                      71 	.db #0x00	; 0
    0000001B 00                      72 	.db #0x00	; 0
    0000001C 00                      73 	.db #0x00	; 0
    0000001D 00                      74 	.db #0x00	; 0
    0000001E 00                      75 	.db #0x00	; 0
    0000001F 00                      76 	.db #0x00	; 0
    00000020 00                      77 	.db #0x00	; 0
    00000021 00                      78 	.db #0x00	; 0
    00000022 00                      79 	.db #0x00	; 0
    00000023 00                      80 	.db #0x00	; 0
    00000024 00                      81 	.db #0x00	; 0
    00000025 00                      82 	.db #0x00	; 0
    00000026 00                      83 	.db #0x00	; 0
    00000027 00                      84 	.db #0x00	; 0
    00000028 01                      85 	.db #0x01	; 1
    00000029 01                      86 	.db #0x01	; 1
    0000002A 01                      87 	.db #0x01	; 1
    0000002B 01                      88 	.db #0x01	; 1
    0000002C 01                      89 	.db #0x01	; 1
    0000002D 01                      90 	.db #0x01	; 1
    0000002E 01                      91 	.db #0x01	; 1
    0000002F 01                      92 	.db #0x01	; 1
    00000030 01                      93 	.db #0x01	; 1
    00000031 01                      94 	.db #0x01	; 1
    00000032 01                      95 	.db #0x01	; 1
    00000033 01                      96 	.db #0x01	; 1
    00000034 01                      97 	.db #0x01	; 1
    00000035 01                      98 	.db #0x01	; 1
    00000036 01                      99 	.db #0x01	; 1
    00000037 01                     100 	.db #0x01	; 1
    00000038 01                     101 	.db #0x01	; 1
    00000039 01                     102 	.db #0x01	; 1
    0000003A 01                     103 	.db #0x01	; 1
    0000003B 01                     104 	.db #0x01	; 1
    0000003C 02                     105 	.db #0x02	; 2
    0000003D 02                     106 	.db #0x02	; 2
    0000003E 02                     107 	.db #0x02	; 2
    0000003F 02                     108 	.db #0x02	; 2
    00000040 02                     109 	.db #0x02	; 2
    00000041 02                     110 	.db #0x02	; 2
    00000042 02                     111 	.db #0x02	; 2
    00000043 02                     112 	.db #0x02	; 2
    00000044 02                     113 	.db #0x02	; 2
    00000045 02                     114 	.db #0x02	; 2
    00000046 02                     115 	.db #0x02	; 2
    00000047 02                     116 	.db #0x02	; 2
    00000048 02                     117 	.db #0x02	; 2
    00000049 02                     118 	.db #0x02	; 2
    0000004A 02                     119 	.db #0x02	; 2
    0000004B 02                     120 	.db #0x02	; 2
    0000004C 02                     121 	.db #0x02	; 2
    0000004D 02                     122 	.db #0x02	; 2
    0000004E 02                     123 	.db #0x02	; 2
    0000004F 02                     124 	.db #0x02	; 2
    00000050 03                     125 	.db #0x03	; 3
    00000051 03                     126 	.db #0x03	; 3
    00000052 03                     127 	.db #0x03	; 3
    00000053 03                     128 	.db #0x03	; 3
    00000054 03                     129 	.db #0x03	; 3
    00000055 03                     130 	.db #0x03	; 3
    00000056 03                     131 	.db #0x03	; 3
    00000057 03                     132 	.db #0x03	; 3
    00000058 03                     133 	.db #0x03	; 3
    00000059 03                     134 	.db #0x03	; 3
    0000005A 03                     135 	.db #0x03	; 3
    0000005B 03                     136 	.db #0x03	; 3
    0000005C 03                     137 	.db #0x03	; 3
    0000005D 03                     138 	.db #0x03	; 3
    0000005E 03                     139 	.db #0x03	; 3
    0000005F 04                     140 	.db #0x04	; 4
    00000060 05                     141 	.db #0x05	; 5
    00000061 03                     142 	.db #0x03	; 3
    00000062 03                     143 	.db #0x03	; 3
    00000063 03                     144 	.db #0x03	; 3
    00000064 03                     145 	.db #0x03	; 3
    00000065 03                     146 	.db #0x03	; 3
    00000066 03                     147 	.db #0x03	; 3
    00000067 03                     148 	.db #0x03	; 3
    00000068 03                     149 	.db #0x03	; 3
    00000069 03                     150 	.db #0x03	; 3
    0000006A 03                     151 	.db #0x03	; 3
    0000006B 03                     152 	.db #0x03	; 3
    0000006C 06                     153 	.db #0x06	; 6
    0000006D 07                     154 	.db #0x07	; 7
    0000006E 03                     155 	.db #0x03	; 3
    0000006F 03                     156 	.db #0x03	; 3
    00000070 03                     157 	.db #0x03	; 3
    00000071 03                     158 	.db #0x03	; 3
    00000072 08                     159 	.db #0x08	; 8
    00000073 09                     160 	.db #0x09	; 9
    00000074 0A                     161 	.db #0x0a	; 10
    00000075 0B                     162 	.db #0x0b	; 11
    00000076 03                     163 	.db #0x03	; 3
    00000077 03                     164 	.db #0x03	; 3
    00000078 03                     165 	.db #0x03	; 3
    00000079 03                     166 	.db #0x03	; 3
    0000007A 0C                     167 	.db #0x0c	; 12
    0000007B 0D                     168 	.db #0x0d	; 13
    0000007C 0E                     169 	.db #0x0e	; 14
    0000007D 0F                     170 	.db #0x0f	; 15
    0000007E 03                     171 	.db #0x03	; 3
    0000007F 10                     172 	.db #0x10	; 16
    00000080 11                     173 	.db #0x11	; 17
    00000081 12                     174 	.db #0x12	; 18
    00000082 13                     175 	.db #0x13	; 19
    00000083 03                     176 	.db #0x03	; 3
    00000084 03                     177 	.db #0x03	; 3
    00000085 03                     178 	.db #0x03	; 3
    00000086 14                     179 	.db #0x14	; 20
    00000087 15                     180 	.db #0x15	; 21
    00000088 16                     181 	.db #0x16	; 22
    00000089 17                     182 	.db #0x17	; 23
    0000008A 03                     183 	.db #0x03	; 3
    0000008B 03                     184 	.db #0x03	; 3
    0000008C 18                     185 	.db #0x18	; 24
    0000008D 19                     186 	.db #0x19	; 25
    0000008E 1A                     187 	.db #0x1a	; 26
    0000008F 1B                     188 	.db #0x1b	; 27
    00000090 1C                     189 	.db #0x1c	; 28
    00000091 1D                     190 	.db #0x1d	; 29
    00000092 03                     191 	.db #0x03	; 3
    00000093 1E                     192 	.db #0x1e	; 30
    00000094 1F                     193 	.db #0x1f	; 31
    00000095 20                     194 	.db #0x20	; 32
    00000096 21                     195 	.db #0x21	; 33
    00000097 03                     196 	.db #0x03	; 3
    00000098 03                     197 	.db #0x03	; 3
    00000099 22                     198 	.db #0x22	; 34
    0000009A 23                     199 	.db #0x23	; 35
    0000009B 24                     200 	.db #0x24	; 36
    0000009C 25                     201 	.db #0x25	; 37
    0000009D 26                     202 	.db #0x26	; 38
    0000009E 27                     203 	.db #0x27	; 39
    0000009F 03                     204 	.db #0x03	; 3
    000000A0 28                     205 	.db #0x28	; 40
    000000A1 29                     206 	.db #0x29	; 41
    000000A2 2A                     207 	.db #0x2a	; 42
    000000A3 2B                     208 	.db #0x2b	; 43
    000000A4 2C                     209 	.db #0x2c	; 44
    000000A5 2D                     210 	.db #0x2d	; 45
    000000A6 2E                     211 	.db #0x2e	; 46
    000000A7 2F                     212 	.db #0x2f	; 47
    000000A8 30                     213 	.db #0x30	; 48	'0'
    000000A9 31                     214 	.db #0x31	; 49	'1'
    000000AA 32                     215 	.db #0x32	; 50	'2'
    000000AB 33                     216 	.db #0x33	; 51	'3'
    000000AC 34                     217 	.db #0x34	; 52	'4'
    000000AD 35                     218 	.db #0x35	; 53	'5'
    000000AE 36                     219 	.db #0x36	; 54	'6'
    000000AF 37                     220 	.db #0x37	; 55	'7'
    000000B0 38                     221 	.db #0x38	; 56	'8'
    000000B1 39                     222 	.db #0x39	; 57	'9'
    000000B2 3A                     223 	.db #0x3a	; 58
    000000B3 3B                     224 	.db #0x3b	; 59
    000000B4 3C                     225 	.db #0x3c	; 60
    000000B5 03                     226 	.db #0x03	; 3
    000000B6 3D                     227 	.db #0x3d	; 61
    000000B7 3E                     228 	.db #0x3e	; 62
    000000B8 3F                     229 	.db #0x3f	; 63
    000000B9 40                     230 	.db #0x40	; 64
    000000BA 41                     231 	.db #0x41	; 65	'A'
    000000BB 42                     232 	.db #0x42	; 66	'B'
    000000BC 43                     233 	.db #0x43	; 67	'C'
    000000BD 44                     234 	.db #0x44	; 68	'D'
    000000BE 45                     235 	.db #0x45	; 69	'E'
    000000BF 46                     236 	.db #0x46	; 70	'F'
    000000C0 47                     237 	.db #0x47	; 71	'G'
    000000C1 48                     238 	.db #0x48	; 72	'H'
    000000C2 49                     239 	.db #0x49	; 73	'I'
    000000C3 4A                     240 	.db #0x4a	; 74	'J'
    000000C4 4B                     241 	.db #0x4b	; 75	'K'
    000000C5 4C                     242 	.db #0x4c	; 76	'L'
    000000C6 4D                     243 	.db #0x4d	; 77	'M'
    000000C7 4E                     244 	.db #0x4e	; 78	'N'
    000000C8 4F                     245 	.db #0x4f	; 79	'O'
    000000C9 50                     246 	.db #0x50	; 80	'P'
    000000CA 51                     247 	.db #0x51	; 81	'Q'
    000000CB 52                     248 	.db #0x52	; 82	'R'
    000000CC 53                     249 	.db #0x53	; 83	'S'
    000000CD 54                     250 	.db #0x54	; 84	'T'
    000000CE 55                     251 	.db #0x55	; 85	'U'
    000000CF 56                     252 	.db #0x56	; 86	'V'
    000000D0 57                     253 	.db #0x57	; 87	'W'
    000000D1 58                     254 	.db #0x58	; 88	'X'
    000000D2 59                     255 	.db #0x59	; 89	'Y'
    000000D3 5A                     256 	.db #0x5a	; 90	'Z'
    000000D4 5B                     257 	.db #0x5b	; 91
    000000D5 5C                     258 	.db #0x5c	; 92
    000000D6 5D                     259 	.db #0x5d	; 93
    000000D7 5E                     260 	.db #0x5e	; 94
    000000D8 5F                     261 	.db #0x5f	; 95
    000000D9 60                     262 	.db #0x60	; 96
    000000DA 61                     263 	.db #0x61	; 97	'a'
    000000DB 62                     264 	.db #0x62	; 98	'b'
    000000DC 63                     265 	.db #0x63	; 99	'c'
    000000DD 64                     266 	.db #0x64	; 100	'd'
    000000DE 65                     267 	.db #0x65	; 101	'e'
    000000DF 66                     268 	.db #0x66	; 102	'f'
    000000E0 67                     269 	.db #0x67	; 103	'g'
    000000E1 68                     270 	.db #0x68	; 104	'h'
    000000E2 69                     271 	.db #0x69	; 105	'i'
    000000E3 6A                     272 	.db #0x6a	; 106	'j'
    000000E4 6B                     273 	.db #0x6b	; 107	'k'
    000000E5 6C                     274 	.db #0x6c	; 108	'l'
    000000E6 6D                     275 	.db #0x6d	; 109	'm'
    000000E7 6E                     276 	.db #0x6e	; 110	'n'
    000000E8 6F                     277 	.db #0x6f	; 111	'o'
    000000E9 70                     278 	.db #0x70	; 112	'p'
    000000EA 71                     279 	.db #0x71	; 113	'q'
    000000EB 72                     280 	.db #0x72	; 114	'r'
    000000EC 73                     281 	.db #0x73	; 115	's'
    000000ED 74                     282 	.db #0x74	; 116	't'
    000000EE 75                     283 	.db #0x75	; 117	'u'
    000000EF 76                     284 	.db #0x76	; 118	'v'
    000000F0 77                     285 	.db #0x77	; 119	'w'
    000000F1 78                     286 	.db #0x78	; 120	'x'
    000000F2 79                     287 	.db #0x79	; 121	'y'
    000000F3 7A                     288 	.db #0x7a	; 122	'z'
    000000F4 7B                     289 	.db #0x7b	; 123
    000000F5 7C                     290 	.db #0x7c	; 124
    000000F6 7D                     291 	.db #0x7d	; 125
    000000F7 7E                     292 	.db #0x7e	; 126
    000000F8 7F                     293 	.db #0x7f	; 127
    000000F9 80                     294 	.db #0x80	; 128
    000000FA 81                     295 	.db #0x81	; 129
    000000FB 82                     296 	.db #0x82	; 130
    000000FC 83                     297 	.db #0x83	; 131
    000000FD 84                     298 	.db #0x84	; 132
    000000FE 85                     299 	.db #0x85	; 133
    000000FF 86                     300 	.db #0x86	; 134
    00000100 87                     301 	.db #0x87	; 135
    00000101 88                     302 	.db #0x88	; 136
    00000102 89                     303 	.db #0x89	; 137
    00000103 8A                     304 	.db #0x8a	; 138
    00000104 8B                     305 	.db #0x8b	; 139
    00000105 8C                     306 	.db #0x8c	; 140
    00000106 8C                     307 	.db #0x8c	; 140
    00000107 8C                     308 	.db #0x8c	; 140
    00000108 8C                     309 	.db #0x8c	; 140
    00000109 8C                     310 	.db #0x8c	; 140
    0000010A 8C                     311 	.db #0x8c	; 140
    0000010B 8C                     312 	.db #0x8c	; 140
    0000010C 8C                     313 	.db #0x8c	; 140
    0000010D 8C                     314 	.db #0x8c	; 140
    0000010E 8C                     315 	.db #0x8c	; 140
    0000010F 8C                     316 	.db #0x8c	; 140
    00000110 8C                     317 	.db #0x8c	; 140
    00000111 8C                     318 	.db #0x8c	; 140
    00000112 8C                     319 	.db #0x8c	; 140
    00000113 8C                     320 	.db #0x8c	; 140
    00000114 8C                     321 	.db #0x8c	; 140
    00000115 8C                     322 	.db #0x8c	; 140
    00000116 8C                     323 	.db #0x8c	; 140
    00000117 8D                     324 	.db #0x8d	; 141
    00000118 92                     325 	.db #0x92	; 146
    00000119 00                     326 	.db #0x00	; 0
    0000011A 00                     327 	.db #0x00	; 0
    0000011B 00                     328 	.db #0x00	; 0
    0000011C 00                     329 	.db #0x00	; 0
    0000011D 00                     330 	.db #0x00	; 0
    0000011E 00                     331 	.db #0x00	; 0
    0000011F 00                     332 	.db #0x00	; 0
    00000120 00                     333 	.db #0x00	; 0
    00000121 00                     334 	.db #0x00	; 0
    00000122 00                     335 	.db #0x00	; 0
    00000123 00                     336 	.db #0x00	; 0
    00000124 00                     337 	.db #0x00	; 0
    00000125 00                     338 	.db #0x00	; 0
    00000126 00                     339 	.db #0x00	; 0
    00000127 00                     340 	.db #0x00	; 0
    00000128 00                     341 	.db #0x00	; 0
    00000129 00                     342 	.db #0x00	; 0
    0000012A 00                     343 	.db #0x00	; 0
    0000012B 8E                     344 	.db #0x8e	; 142
    0000012C 92                     345 	.db #0x92	; 146
    0000012D 00                     346 	.db #0x00	; 0
    0000012E 00                     347 	.db #0x00	; 0
    0000012F 00                     348 	.db #0x00	; 0
    00000130 00                     349 	.db #0x00	; 0
    00000131 00                     350 	.db #0x00	; 0
    00000132 00                     351 	.db #0x00	; 0
    00000133 00                     352 	.db #0x00	; 0
    00000134 00                     353 	.db #0x00	; 0
    00000135 00                     354 	.db #0x00	; 0
    00000136 00                     355 	.db #0x00	; 0
    00000137 00                     356 	.db #0x00	; 0
    00000138 00                     357 	.db #0x00	; 0
    00000139 00                     358 	.db #0x00	; 0
    0000013A 00                     359 	.db #0x00	; 0
    0000013B 00                     360 	.db #0x00	; 0
    0000013C 00                     361 	.db #0x00	; 0
    0000013D 00                     362 	.db #0x00	; 0
    0000013E 00                     363 	.db #0x00	; 0
    0000013F 8E                     364 	.db #0x8e	; 142
    00000140 92                     365 	.db #0x92	; 146
    00000141 00                     366 	.db #0x00	; 0
    00000142 00                     367 	.db #0x00	; 0
    00000143 00                     368 	.db #0x00	; 0
    00000144 00                     369 	.db #0x00	; 0
    00000145 00                     370 	.db #0x00	; 0
    00000146 00                     371 	.db #0x00	; 0
    00000147 00                     372 	.db #0x00	; 0
    00000148 00                     373 	.db #0x00	; 0
    00000149 00                     374 	.db #0x00	; 0
    0000014A 00                     375 	.db #0x00	; 0
    0000014B 00                     376 	.db #0x00	; 0
    0000014C 00                     377 	.db #0x00	; 0
    0000014D 00                     378 	.db #0x00	; 0
    0000014E 00                     379 	.db #0x00	; 0
    0000014F 00                     380 	.db #0x00	; 0
    00000150 00                     381 	.db #0x00	; 0
    00000151 00                     382 	.db #0x00	; 0
    00000152 00                     383 	.db #0x00	; 0
    00000153 8E                     384 	.db #0x8e	; 142
    00000154 91                     385 	.db #0x91	; 145
    00000155 90                     386 	.db #0x90	; 144
    00000156 90                     387 	.db #0x90	; 144
    00000157 90                     388 	.db #0x90	; 144
    00000158 90                     389 	.db #0x90	; 144
    00000159 90                     390 	.db #0x90	; 144
    0000015A 90                     391 	.db #0x90	; 144
    0000015B 90                     392 	.db #0x90	; 144
    0000015C 90                     393 	.db #0x90	; 144
    0000015D 90                     394 	.db #0x90	; 144
    0000015E 90                     395 	.db #0x90	; 144
    0000015F 90                     396 	.db #0x90	; 144
    00000160 90                     397 	.db #0x90	; 144
    00000161 90                     398 	.db #0x90	; 144
    00000162 90                     399 	.db #0x90	; 144
    00000163 90                     400 	.db #0x90	; 144
    00000164 90                     401 	.db #0x90	; 144
    00000165 90                     402 	.db #0x90	; 144
    00000166 90                     403 	.db #0x90	; 144
    00000167 8F                     404 	.db #0x8f	; 143
                                    405 	.area _INITIALIZER
                                    406 	.area _CABS (ABS)
