                                      1 ;--------------------------------------------------------
                                      2 ; File Created by SDCC : free open source ISO C Compiler
                                      3 ; Version 4.5.1 #15267 (MINGW64)
                                      4 ;--------------------------------------------------------
                                      5 	.module IntroText
                                      6 	
                                      7 ;--------------------------------------------------------
                                      8 ; Public variables in this module
                                      9 ;--------------------------------------------------------
                                     10 	.globl _line23
                                     11 	.globl _line22
                                     12 	.globl _line21
                                     13 	.globl _line20
                                     14 	.globl _line19
                                     15 	.globl _line18
                                     16 	.globl _line17
                                     17 	.globl _line16
                                     18 	.globl _line15
                                     19 	.globl _line14
                                     20 	.globl _line13
                                     21 	.globl _line12
                                     22 	.globl _line11
                                     23 	.globl _line10
                                     24 	.globl _line9
                                     25 	.globl _line8
                                     26 	.globl _line7
                                     27 	.globl _line6
                                     28 	.globl _line5
                                     29 	.globl _line4
                                     30 	.globl _line3
                                     31 	.globl _line2
                                     32 	.globl _line1
                                     33 	.globl _line_empty
                                     34 ;--------------------------------------------------------
                                     35 ; special function registers
                                     36 ;--------------------------------------------------------
                                     37 	.area _HRAM
                                     38 ;--------------------------------------------------------
                                     39 ; ram data
                                     40 ;--------------------------------------------------------
                                     41 	.area _DATA
                                     42 ;--------------------------------------------------------
                                     43 ; ram data
                                     44 ;--------------------------------------------------------
                                     45 	.area _INITIALIZED
                                     46 ;--------------------------------------------------------
                                     47 ; absolute external ram data
                                     48 ;--------------------------------------------------------
                                     49 	.area _DABS (ABS)
                                     50 ;--------------------------------------------------------
                                     51 ; global & static initialisations
                                     52 ;--------------------------------------------------------
                                     53 	.area _HOME
                                     54 	.area _GSINIT
                                     55 	.area _GSFINAL
                                     56 	.area _GSINIT
                                     57 ;--------------------------------------------------------
                                     58 ; Home
                                     59 ;--------------------------------------------------------
                                     60 	.area _HOME
                                     61 	.area _HOME
                                     62 ;--------------------------------------------------------
                                     63 ; code
                                     64 ;--------------------------------------------------------
                                     65 	.area _CODE_6
                                     66 	.area _CODE_6
    00000000                         67 _line_empty:
    00000000 09                      68 	.db #0x09	; 9
    00000001 09                      69 	.db #0x09	; 9
    00000002 09                      70 	.db #0x09	; 9
    00000003 09                      71 	.db #0x09	; 9
    00000004 09                      72 	.db #0x09	; 9
    00000005 09                      73 	.db #0x09	; 9
    00000006 09                      74 	.db #0x09	; 9
    00000007 09                      75 	.db #0x09	; 9
    00000008 09                      76 	.db #0x09	; 9
    00000009 09                      77 	.db #0x09	; 9
    0000000A 09                      78 	.db #0x09	; 9
    0000000B 09                      79 	.db #0x09	; 9
    0000000C 09                      80 	.db #0x09	; 9
    0000000D 09                      81 	.db #0x09	; 9
    0000000E 09                      82 	.db #0x09	; 9
    0000000F 09                      83 	.db #0x09	; 9
    00000010 09                      84 	.db #0x09	; 9
    00000011 09                      85 	.db #0x09	; 9
    00000012                         86 _line1:
    00000012 C5                      87 	.db #0xc5	; 197
    00000013 E2                      88 	.db #0xe2	; 226
    00000014 C7                      89 	.db #0xc7	; 199
    00000015 D4                      90 	.db #0xd4	; 212
    00000016 C3                      91 	.db #0xc3	; 195
    00000017 0C                      92 	.db #0x0c	; 12
    00000018 D7                      93 	.db #0xd7	; 215
    00000019 D0                      94 	.db #0xd0	; 208
    0000001A C3                      95 	.db #0xc3	; 195
    0000001B 0C                      96 	.db #0x0c	; 12
    0000001C D8                      97 	.db #0xd8	; 216
    0000001D D1                      98 	.db #0xd1	; 209
    0000001E CE                      99 	.db #0xce	; 206
    0000001F D6                     100 	.db #0xd6	; 214
    00000020 C3                     101 	.db #0xc3	; 195
    00000021 0C                     102 	.db #0x0c	; 12
    00000022 CB                     103 	.db #0xcb	; 203
    00000023 CE                     104 	.db #0xce	; 206
    00000024 0C                     105 	.db #0x0c	; 12
    00000025 0C                     106 	.db #0x0c	; 12
    00000026                        107 _line2:
    00000026 D4                     108 	.db #0xd4	; 212
    00000027 C7                     109 	.db #0xc7	; 199
    00000028 C9                     110 	.db #0xc9	; 201
    00000029 D0                     111 	.db #0xd0	; 208
    0000002A D1                     112 	.db #0xd1	; 209
    0000002B 0C                     113 	.db #0x0c	; 12
    0000002C C6                     114 	.db #0xc6	; 198
    0000002D CB                     115 	.db #0xcb	; 203
    0000002E 0C                     116 	.db #0x0c	; 12
    0000002F CE                     117 	.db #0xce	; 206
    00000030 CB                     118 	.db #0xcb	; 203
    00000031 D6                     119 	.db #0xd6	; 214
    00000032 CA                     120 	.db #0xca	; 202
    00000033 D1                     121 	.db #0xd1	; 209
    00000034 D5                     122 	.db #0xd5	; 213
    00000035 DD                     123 	.db #0xdd	; 221
    00000036 0C                     124 	.db #0x0c	; 12
    00000037 0C                     125 	.db #0x0c	; 12
    00000038 0C                     126 	.db #0x0c	; 12
    00000039 0C                     127 	.db #0x0c	; 12
    0000003A                        128 _line3:
    0000003A D7                     129 	.db #0xd7	; 215
    0000003B D0                     130 	.db #0xd0	; 208
    0000003C 0C                     131 	.db #0x0c	; 12
    0000003D D4                     132 	.db #0xd4	; 212
    0000003E C7                     133 	.db #0xc7	; 199
    0000003F C9                     134 	.db #0xc9	; 201
    00000040 D0                     135 	.db #0xd0	; 208
    00000041 D1                     136 	.db #0xd1	; 209
    00000042 0C                     137 	.db #0x0c	; 12
    00000043 D1                     138 	.db #0xd1	; 209
    00000044 D8                     139 	.db #0xd8	; 216
    00000045 C7                     140 	.db #0xc7	; 199
    00000046 0C                     141 	.db #0x0c	; 12
    00000047 0C                     142 	.db #0x0c	; 12
    00000048 0C                     143 	.db #0x0c	; 12
    00000049 0C                     144 	.db #0x0c	; 12
    0000004A 0C                     145 	.db #0x0c	; 12
    0000004B 0C                     146 	.db #0x0c	; 12
    0000004C 0C                     147 	.db #0x0c	; 12
    0000004D 0C                     148 	.db #0x0c	; 12
    0000004E                        149 _line4:
    0000004E D4                     150 	.db #0xd4	; 212
    0000004F C7                     151 	.db #0xc7	; 199
    00000050 C9                     152 	.db #0xc9	; 201
    00000051 D0                     153 	.db #0xd0	; 208
    00000052 C3                     154 	.db #0xc3	; 195
    00000053 D8                     155 	.db #0xd8	; 216
    00000054 C3                     156 	.db #0xc3	; 195
    00000055 0C                     157 	.db #0x0c	; 12
    00000056 CE                     158 	.db #0xce	; 206
    00000057 C3                     159 	.db #0xc3	; 195
    00000058 0C                     160 	.db #0x0c	; 12
    00000059 D2                     161 	.db #0xd2	; 210
    0000005A C3                     162 	.db #0xc3	; 195
    0000005B C5                     163 	.db #0xc5	; 197
    0000005C C7                     164 	.db #0xc7	; 199
    0000005D DF                     165 	.db #0xdf	; 223
    0000005E 0C                     166 	.db #0x0c	; 12
    0000005F 0C                     167 	.db #0x0c	; 12
    00000060 0C                     168 	.db #0x0c	; 12
    00000061                        169 _line5:
    00000061 CA                     170 	.db #0xca	; 202
    00000062 BE                     171 	.db #0xbe	; 190
    00000063 09                     172 	.db #0x09	; 9
    00000064 D2                     173 	.db #0xd2	; 210
    00000065 CB                     174 	.db #0xcb	; 203
    00000066 09                     175 	.db #0x09	; 9
    00000067 C4                     176 	.db #0xc4	; 196
    00000068 C6                     177 	.db #0xc6	; 198
    00000069 CC                     178 	.db #0xcc	; 204
    0000006A CF                     179 	.db #0xcf	; 207
    0000006B CB                     180 	.db #0xcb	; 203
    0000006C CC                     181 	.db #0xcc	; 204
    0000006D 09                     182 	.db #0x09	; 9
    0000006E 09                     183 	.db #0x09	; 9
    0000006F 09                     184 	.db #0x09	; 9
    00000070 09                     185 	.db #0x09	; 9
    00000071 09                     186 	.db #0x09	; 9
    00000072 09                     187 	.db #0x09	; 9
    00000073                        188 _line6:
    00000073 BE                     189 	.db #0xbe	; 190
    00000074 C0                     190 	.db #0xc0	; 192
    00000075 C0                     191 	.db #0xc0	; 192
    00000076 BE                     192 	.db #0xbe	; 190
    00000077 C1                     193 	.db #0xc1	; 193
    00000078 C1                     194 	.db #0xc1	; 193
    00000079 C2                     195 	.db #0xc2	; 194
    0000007A 09                     196 	.db #0x09	; 9
    0000007B CE                     197 	.db #0xce	; 206
    0000007C D2                     198 	.db #0xd2	; 210
    0000007D BE                     199 	.db #0xbe	; 190
    0000007E C9                     200 	.db #0xc9	; 201
    0000007F C0                     201 	.db #0xc0	; 192
    00000080 CC                     202 	.db #0xcc	; 204
    00000081 D0                     203 	.db #0xd0	; 208
    00000082 BE                     204 	.db #0xbe	; 190
    00000083 09                     205 	.db #0x09	; 9
    00000084 09                     206 	.db #0x09	; 9
    00000085                        207 _line7:
    00000085 C1                     208 	.db #0xc1	; 193
    00000086 C6                     209 	.db #0xc6	; 198
    00000087 09                     210 	.db #0x09	; 9
    00000088 C6                     211 	.db #0xc6	; 198
    00000089 CA                     212 	.db #0xca	; 202
    0000008A CD                     213 	.db #0xcd	; 205
    0000008B C2                     214 	.db #0xc2	; 194
    0000008C CB                     215 	.db #0xcb	; 203
    0000008D D0                     216 	.db #0xd0	; 208
    0000008E BE                     217 	.db #0xbe	; 190
    0000008F BF                     218 	.db #0xbf	; 191
    00000090 C6                     219 	.db #0xc6	; 198
    00000091 C9                     220 	.db #0xc9	; 201
    00000092 C2                     221 	.db #0xc2	; 194
    00000093 ED                     222 	.db #0xed	; 237
    00000094 09                     223 	.db #0x09	; 9
    00000095 09                     224 	.db #0x09	; 9
    00000096 09                     225 	.db #0x09	; 9
    00000097                        226 _line8:
    00000097 D2                     227 	.db #0xd2	; 210
    00000098 CB                     228 	.db #0xcb	; 203
    00000099 BE                     229 	.db #0xbe	; 190
    0000009A 09                     230 	.db #0x09	; 9
    0000009B CA                     231 	.db #0xca	; 202
    0000009C C6                     232 	.db #0xc6	; 198
    0000009D CB                     233 	.db #0xcb	; 203
    0000009E BE                     234 	.db #0xbe	; 190
    0000009F C0                     235 	.db #0xc0	; 192
    000000A0 C0                     236 	.db #0xc0	; 192
    000000A1 C6                     237 	.db #0xc6	; 198
    000000A2 BE                     238 	.db #0xbe	; 190
    000000A3 09                     239 	.db #0x09	; 9
    000000A4 09                     240 	.db #0x09	; 9
    000000A5 09                     241 	.db #0x09	; 9
    000000A6 09                     242 	.db #0x09	; 9
    000000A7 09                     243 	.db #0x09	; 9
    000000A8 09                     244 	.db #0x09	; 9
    000000A9                        245 _line9:
    000000A9 CC                     246 	.db #0xcc	; 204
    000000AA D0                     247 	.db #0xd0	; 208
    000000AB C0                     248 	.db #0xc0	; 192
    000000AC D2                     249 	.db #0xd2	; 210
    000000AD CF                     250 	.db #0xcf	; 207
    000000AE BE                     251 	.db #0xbe	; 190
    000000AF 09                     252 	.db #0x09	; 9
    000000B0 C3                     253 	.db #0xc3	; 195
    000000B1 C2                     254 	.db #0xc2	; 194
    000000B2 C0                     255 	.db #0xc0	; 192
    000000B3 C2                     256 	.db #0xc2	; 194
    000000B4 09                     257 	.db #0x09	; 9
    000000B5 C9                     258 	.db #0xc9	; 201
    000000B6 BE                     259 	.db #0xbe	; 190
    000000B7 09                     260 	.db #0x09	; 9
    000000B8 09                     261 	.db #0x09	; 9
    000000B9 09                     262 	.db #0x09	; 9
    000000BA 09                     263 	.db #0x09	; 9
    000000BB                        264 _line10:
    000000BB D0                     265 	.db #0xd0	; 208
    000000BC D2                     266 	.db #0xd2	; 210
    000000BD BE                     267 	.db #0xbe	; 190
    000000BE 09                     268 	.db #0x09	; 9
    000000BF C0                     269 	.db #0xc0	; 192
    000000C0 CC                     270 	.db #0xcc	; 204
    000000C1 CA                     271 	.db #0xca	; 202
    000000C2 CD                     272 	.db #0xcd	; 205
    000000C3 BE                     273 	.db #0xbe	; 190
    000000C4 CF                     274 	.db #0xcf	; 207
    000000C5 D0                     275 	.db #0xd0	; 208
    000000C6 BE                     276 	.db #0xbe	; 190
    000000C7 09                     277 	.db #0x09	; 9
    000000C8 D1                     278 	.db #0xd1	; 209
    000000C9 CF                     279 	.db #0xcf	; 207
    000000CA BE                     280 	.db #0xbe	; 190
    000000CB 09                     281 	.db #0x09	; 9
    000000CC 09                     282 	.db #0x09	; 9
    000000CD                        283 _line11:
    000000CD C9                     284 	.db #0xc9	; 201
    000000CE C2                     285 	.db #0xc2	; 194
    000000CF 09                     286 	.db #0x09	; 9
    000000D0 CA                     287 	.db #0xca	; 202
    000000D1 CC                     288 	.db #0xcc	; 204
    000000D2 CB                     289 	.db #0xcb	; 203
    000000D3 D1                     290 	.db #0xd1	; 209
    000000D4 BE                     291 	.db #0xbe	; 190
    000000D5 C4                     292 	.db #0xc4	; 196
    000000D6 CB                     293 	.db #0xcb	; 203
    000000D7 C2                     294 	.db #0xc2	; 194
    000000D8 EC                     295 	.db #0xec	; 236
    000000D9 09                     296 	.db #0x09	; 9
    000000DA 09                     297 	.db #0x09	; 9
    000000DB 09                     298 	.db #0x09	; 9
    000000DC 09                     299 	.db #0x09	; 9
    000000DD 09                     300 	.db #0x09	; 9
    000000DE 09                     301 	.db #0x09	; 9
    000000DF                        302 _line12:
    000000DF 9B                     303 	.db #0x9b	; 155
    000000E0 9E                     304 	.db #0x9e	; 158
    000000E1 00                     305 	.db #0x00	; 0
    000000E2 A4                     306 	.db #0xa4	; 164
    000000E3 97                     307 	.db #0x97	; 151
    000000E4 00                     308 	.db #0x00	; 0
    000000E5 9A                     309 	.db #0x9a	; 154
    000000E6 93                     310 	.db #0x93	; 147
    000000E7 00                     311 	.db #0x00	; 0
    000000E8 93                     312 	.db #0x93	; 147
    000000E9 98                     313 	.db #0x98	; 152
    000000EA 98                     314 	.db #0x98	; 152
    000000EB 9B                     315 	.db #0x9b	; 155
    000000EC 96                     316 	.db #0x96	; 150
    000000ED 93                     317 	.db #0x93	; 147
    000000EE A6                     318 	.db #0xa6	; 166
    000000EF A1                     319 	.db #0xa1	; 161
    000000F0 00                     320 	.db #0x00	; 0
    000000F1                        321 _line13:
    000000F1 9E                     322 	.db #0x9e	; 158
    000000F2 B1                     323 	.db #0xb1	; 177
    000000F3 9B                     324 	.db #0x9b	; 155
    000000F4 A0                     325 	.db #0xa0	; 160
    000000F5 95                     326 	.db #0x95	; 149
    000000F6 93                     327 	.db #0x93	; 147
    000000F7 A4                     328 	.db #0xa4	; 164
    000000F8 9B                     329 	.db #0x9b	; 155
    000000F9 95                     330 	.db #0x95	; 149
    000000FA A1                     331 	.db #0xa1	; 161
    000000FB 00                     332 	.db #0x00	; 0
    000000FC 96                     333 	.db #0x96	; 150
    000000FD 9B                     334 	.db #0x9b	; 155
    000000FE 00                     335 	.db #0x00	; 0
    000000FF 00                     336 	.db #0x00	; 0
    00000100 00                     337 	.db #0x00	; 0
    00000101 00                     338 	.db #0x00	; 0
    00000102 00                     339 	.db #0x00	; 0
    00000103                        340 _line14:
    00000103 A5                     341 	.db #0xa5	; 165
    00000104 95                     342 	.db #0x95	; 149
    00000105 A1                     343 	.db #0xa1	; 161
    00000106 A0                     344 	.db #0xa0	; 160
    00000107 98                     345 	.db #0x98	; 152
    00000108 9B                     346 	.db #0x9b	; 155
    00000109 99                     347 	.db #0x99	; 153
    0000010A 99                     348 	.db #0x99	; 153
    0000010B 97                     349 	.db #0x97	; 151
    0000010C A4                     350 	.db #0xa4	; 164
    0000010D 97                     351 	.db #0x97	; 151
    0000010E 00                     352 	.db #0x00	; 0
    0000010F 9E                     353 	.db #0x9e	; 158
    00000110 93                     354 	.db #0x93	; 147
    00000111 00                     355 	.db #0x00	; 0
    00000112 00                     356 	.db #0x00	; 0
    00000113 00                     357 	.db #0x00	; 0
    00000114 00                     358 	.db #0x00	; 0
    00000115                        359 _line15:
    00000115 A0                     360 	.db #0xa0	; 160
    00000116 A7                     361 	.db #0xa7	; 167
    00000117 A1                     362 	.db #0xa1	; 161
    00000118 A8                     363 	.db #0xa8	; 168
    00000119 93                     364 	.db #0x93	; 147
    0000011A 00                     365 	.db #0x00	; 0
    0000011B 9F                     366 	.db #0x9f	; 159
    0000011C 9B                     367 	.db #0x9b	; 155
    0000011D A0                     368 	.db #0xa0	; 160
    0000011E 93                     369 	.db #0x93	; 147
    0000011F 95                     370 	.db #0x95	; 149
    00000120 95                     371 	.db #0x95	; 149
    00000121 9B                     372 	.db #0x9b	; 155
    00000122 93                     373 	.db #0x93	; 147
    00000123 00                     374 	.db #0x00	; 0
    00000124 93                     375 	.db #0x93	; 147
    00000125 96                     376 	.db #0x96	; 150
    00000126 00                     377 	.db #0x00	; 0
    00000127                        378 _line16:
    00000127 A7                     379 	.db #0xa7	; 167
    00000128 A0                     380 	.db #0xa0	; 160
    00000129 00                     381 	.db #0x00	; 0
    0000012A A5                     382 	.db #0xa5	; 165
    0000012B A7                     383 	.db #0xa7	; 167
    0000012C A1                     384 	.db #0xa1	; 161
    0000012D 00                     385 	.db #0x00	; 0
    0000012E 98                     386 	.db #0x98	; 152
    0000012F 9B                     387 	.db #0x9b	; 155
    00000130 96                     388 	.db #0x96	; 150
    00000131 93                     389 	.db #0x93	; 147
    00000132 A6                     390 	.db #0xa6	; 166
    00000133 A1                     391 	.db #0xa1	; 161
    00000134 00                     392 	.db #0x00	; 0
    00000135 00                     393 	.db #0x00	; 0
    00000136 00                     394 	.db #0x00	; 0
    00000137 00                     395 	.db #0x00	; 0
    00000138 00                     396 	.db #0x00	; 0
    00000139                        397 _line17:
    00000139 95                     398 	.db #0x95	; 149
    0000013A 93                     399 	.db #0x93	; 147
    0000013B A8                     400 	.db #0xa8	; 168
    0000013C 93                     401 	.db #0x93	; 147
    0000013D 9E                     402 	.db #0x9e	; 158
    0000013E 9B                     403 	.db #0x9b	; 155
    0000013F 97                     404 	.db #0x97	; 151
    00000140 A4                     405 	.db #0xa4	; 164
    00000141 97                     406 	.db #0x97	; 151
    00000142 B0                     407 	.db #0xb0	; 176
    00000143 00                     408 	.db #0x00	; 0
    00000144 00                     409 	.db #0x00	; 0
    00000145 00                     410 	.db #0x00	; 0
    00000146 00                     411 	.db #0x00	; 0
    00000147 00                     412 	.db #0x00	; 0
    00000148 00                     413 	.db #0x00	; 0
    00000149 00                     414 	.db #0x00	; 0
    0000014A 00                     415 	.db #0x00	; 0
    0000014B                        416 _line18:
    0000014B 93                     417 	.db #0x93	; 147
    0000014C 95                     418 	.db #0x95	; 149
    0000014D 95                     419 	.db #0x95	; 149
    0000014E A1                     420 	.db #0xa1	; 161
    0000014F 9F                     421 	.db #0x9f	; 159
    00000150 A2                     422 	.db #0xa2	; 162
    00000151 93                     423 	.db #0x93	; 147
    00000152 99                     424 	.db #0x99	; 153
    00000153 A0                     425 	.db #0xa0	; 160
    00000154 93                     426 	.db #0x93	; 147
    00000155 A6                     427 	.db #0xa6	; 166
    00000156 A1                     428 	.db #0xa1	; 161
    00000157 00                     429 	.db #0x00	; 0
    00000158 96                     430 	.db #0x96	; 150
    00000159 93                     431 	.db #0x93	; 147
    0000015A 9E                     432 	.db #0x9e	; 158
    0000015B 00                     433 	.db #0x00	; 0
    0000015C 00                     434 	.db #0x00	; 0
    0000015D                        435 _line19:
    0000015D 98                     436 	.db #0x98	; 152
    0000015E 93                     437 	.db #0x93	; 147
    0000015F 94                     438 	.db #0x94	; 148
    00000160 94                     439 	.db #0x94	; 148
    00000161 A4                     440 	.db #0xa4	; 164
    00000162 A1                     441 	.db #0xa1	; 161
    00000163 00                     442 	.db #0x00	; 0
    00000164 9A                     443 	.db #0x9a	; 154
    00000165 97                     444 	.db #0x97	; 151
    00000166 95                     445 	.db #0x95	; 149
    00000167 A6                     446 	.db #0xa6	; 166
    00000168 A1                     447 	.db #0xa1	; 161
    00000169 A4                     448 	.db #0xa4	; 164
    0000016A 00                     449 	.db #0x00	; 0
    0000016B 97                     450 	.db #0x97	; 151
    0000016C 00                     451 	.db #0x00	; 0
    0000016D 00                     452 	.db #0x00	; 0
    0000016E 00                     453 	.db #0x00	; 0
    0000016F                        454 _line20:
    0000016F 96                     455 	.db #0x96	; 150
    00000170 93                     456 	.db #0x93	; 147
    00000171 9E                     457 	.db #0x9e	; 158
    00000172 9E                     458 	.db #0x9e	; 158
    00000173 93                     459 	.db #0x93	; 147
    00000174 00                     460 	.db #0x00	; 0
    00000175 A5                     461 	.db #0xa5	; 165
    00000176 93                     462 	.db #0x93	; 147
    00000177 95                     463 	.db #0x95	; 149
    00000178 97                     464 	.db #0x97	; 151
    00000179 A4                     465 	.db #0xa4	; 164
    0000017A 96                     466 	.db #0x96	; 150
    0000017B A1                     467 	.db #0xa1	; 161
    0000017C A6                     468 	.db #0xa6	; 166
    0000017D 97                     469 	.db #0x97	; 151
    0000017E A5                     470 	.db #0xa5	; 165
    0000017F A5                     471 	.db #0xa5	; 165
    00000180 93                     472 	.db #0x93	; 147
    00000181                        473 _line21:
    00000181 A5                     474 	.db #0xa5	; 165
    00000182 93                     475 	.db #0x93	; 147
    00000183 98                     476 	.db #0x98	; 152
    00000184 AB                     477 	.db #0xab	; 171
    00000185 AD                     478 	.db #0xad	; 173
    00000186 00                     479 	.db #0x00	; 0
    00000187 A4                     480 	.db #0xa4	; 164
    00000188 9B                     481 	.db #0x9b	; 155
    00000189 A7                     482 	.db #0xa7	; 167
    0000018A A5                     483 	.db #0xa5	; 165
    0000018B 95                     484 	.db #0x95	; 149
    0000018C 9B                     485 	.db #0x9b	; 155
    0000018D A4                     486 	.db #0xa4	; 164
    0000018E 93                     487 	.db #0x93	; 147
    0000018F A0                     488 	.db #0xa0	; 160
    00000190 A0                     489 	.db #0xa0	; 160
    00000191 A1                     490 	.db #0xa1	; 161
    00000192 00                     491 	.db #0x00	; 0
    00000193                        492 _line22:
    00000193 A0                     493 	.db #0xa0	; 160
    00000194 97                     494 	.db #0x97	; 151
    00000195 9E                     495 	.db #0x9e	; 158
    00000196 9E                     496 	.db #0x9e	; 158
    00000197 93                     497 	.db #0x93	; 147
    00000198 00                     498 	.db #0x00	; 0
    00000199 9E                     499 	.db #0x9e	; 158
    0000019A A1                     500 	.db #0xa1	; 161
    0000019B A4                     501 	.db #0xa4	; 164
    0000019C A1                     502 	.db #0xa1	; 161
    0000019D 00                     503 	.db #0x00	; 0
    0000019E 00                     504 	.db #0x00	; 0
    0000019F 00                     505 	.db #0x00	; 0
    000001A0 00                     506 	.db #0x00	; 0
    000001A1 00                     507 	.db #0x00	; 0
    000001A2 00                     508 	.db #0x00	; 0
    000001A3 00                     509 	.db #0x00	; 0
    000001A4 00                     510 	.db #0x00	; 0
    000001A5                        511 _line23:
    000001A5 9B                     512 	.db #0x9b	; 155
    000001A6 9F                     513 	.db #0x9f	; 159
    000001A7 A2                     514 	.db #0xa2	; 162
    000001A8 A4                     515 	.db #0xa4	; 164
    000001A9 97                     516 	.db #0x97	; 151
    000001AA A5                     517 	.db #0xa5	; 165
    000001AB 93                     518 	.db #0x93	; 147
    000001AC B2                     519 	.db #0xb2	; 178
    000001AD 00                     520 	.db #0x00	; 0
    000001AE 00                     521 	.db #0x00	; 0
    000001AF 00                     522 	.db #0x00	; 0
    000001B0 00                     523 	.db #0x00	; 0
    000001B1 00                     524 	.db #0x00	; 0
    000001B2 00                     525 	.db #0x00	; 0
    000001B3 00                     526 	.db #0x00	; 0
    000001B4 00                     527 	.db #0x00	; 0
    000001B5 00                     528 	.db #0x00	; 0
    000001B6 00                     529 	.db #0x00	; 0
                                    530 	.area _INITIALIZER
                                    531 	.area _CABS (ABS)
