                                      1 ;--------------------------------------------------------
                                      2 ; File Created by SDCC : free open source ISO C Compiler
                                      3 ; Version 4.5.1 #15267 (MINGW64)
                                      4 ;--------------------------------------------------------
                                      5 	.module IntroSlide3
                                      6 	
                                      7 ;--------------------------------------------------------
                                      8 ; Public variables in this module
                                      9 ;--------------------------------------------------------
                                     10 	.globl _IntroSlide3
                                     11 ;--------------------------------------------------------
                                     12 ; special function registers
                                     13 ;--------------------------------------------------------
                                     14 	.area _HRAM
                                     15 ;--------------------------------------------------------
                                     16 ; ram data
                                     17 ;--------------------------------------------------------
                                     18 	.area _DATA
                                     19 ;--------------------------------------------------------
                                     20 ; ram data
                                     21 ;--------------------------------------------------------
                                     22 	.area _INITIALIZED
                                     23 ;--------------------------------------------------------
                                     24 ; absolute external ram data
                                     25 ;--------------------------------------------------------
                                     26 	.area _DABS (ABS)
                                     27 ;--------------------------------------------------------
                                     28 ; global & static initialisations
                                     29 ;--------------------------------------------------------
                                     30 	.area _HOME
                                     31 	.area _GSINIT
                                     32 	.area _GSFINAL
                                     33 	.area _GSINIT
                                     34 ;--------------------------------------------------------
                                     35 ; Home
                                     36 ;--------------------------------------------------------
                                     37 	.area _HOME
                                     38 	.area _HOME
                                     39 ;--------------------------------------------------------
                                     40 ; code
                                     41 ;--------------------------------------------------------
                                     42 	.area _CODE_6
                                     43 	.area _CODE_6
    00000000                         44 _IntroSlide3:
    00000000 00                      45 	.db #0x00	; 0
    00000001 01                      46 	.db #0x01	; 1
    00000002 02                      47 	.db #0x02	; 2
    00000003 21                      48 	.db #0x21	; 33
    00000004 03                      49 	.db #0x03	; 3
    00000005 04                      50 	.db #0x04	; 4
    00000006 05                      51 	.db #0x05	; 5
    00000007 06                      52 	.db #0x06	; 6
    00000008 21                      53 	.db #0x21	; 33
    00000009 07                      54 	.db #0x07	; 7
    0000000A 08                      55 	.db #0x08	; 8
    0000000B 09                      56 	.db #0x09	; 9
    0000000C 0A                      57 	.db #0x0a	; 10
    0000000D 0B                      58 	.db #0x0b	; 11
    0000000E 0C                      59 	.db #0x0c	; 12
    0000000F 21                      60 	.db #0x21	; 33
    00000010 21                      61 	.db #0x21	; 33
    00000011 21                      62 	.db #0x21	; 33
    00000012 21                      63 	.db #0x21	; 33
    00000013 0D                      64 	.db #0x0d	; 13
    00000014 0E                      65 	.db #0x0e	; 14
    00000015 0F                      66 	.db #0x0f	; 15
    00000016 10                      67 	.db #0x10	; 16
    00000017 11                      68 	.db #0x11	; 17
    00000018 12                      69 	.db #0x12	; 18
    00000019 13                      70 	.db #0x13	; 19
    0000001A 14                      71 	.db #0x14	; 20
    0000001B 15                      72 	.db #0x15	; 21
    0000001C 16                      73 	.db #0x16	; 22
    0000001D 17                      74 	.db #0x17	; 23
    0000001E 18                      75 	.db #0x18	; 24
    0000001F 09                      76 	.db #0x09	; 9
    00000020 19                      77 	.db #0x19	; 25
    00000021 1A                      78 	.db #0x1a	; 26
    00000022 1B                      79 	.db #0x1b	; 27
    00000023 1C                      80 	.db #0x1c	; 28
    00000024 1D                      81 	.db #0x1d	; 29
    00000025 1D                      82 	.db #0x1d	; 29
    00000026 1F                      83 	.db #0x1f	; 31
    00000027 20                      84 	.db #0x20	; 32
    00000028 21                      85 	.db #0x21	; 33
    00000029 22                      86 	.db #0x22	; 34
    0000002A 23                      87 	.db #0x23	; 35
    0000002B 24                      88 	.db #0x24	; 36
    0000002C 25                      89 	.db #0x25	; 37
    0000002D 26                      90 	.db #0x26	; 38
    0000002E 27                      91 	.db #0x27	; 39
    0000002F 27                      92 	.db #0x27	; 39
    00000030 28                      93 	.db #0x28	; 40
    00000031 29                      94 	.db #0x29	; 41
    00000032 2A                      95 	.db #0x2a	; 42
    00000033 09                      96 	.db #0x09	; 9
    00000034 2B                      97 	.db #0x2b	; 43
    00000035 2C                      98 	.db #0x2c	; 44
    00000036 2D                      99 	.db #0x2d	; 45
    00000037 2E                     100 	.db #0x2e	; 46
    00000038 2F                     101 	.db #0x2f	; 47
    00000039 30                     102 	.db #0x30	; 48	'0'
    0000003A 31                     103 	.db #0x31	; 49	'1'
    0000003B 32                     104 	.db #0x32	; 50	'2'
    0000003C 33                     105 	.db #0x33	; 51	'3'
    0000003D 27                     106 	.db #0x27	; 39
    0000003E 27                     107 	.db #0x27	; 39
    0000003F 27                     108 	.db #0x27	; 39
    00000040 27                     109 	.db #0x27	; 39
    00000041 27                     110 	.db #0x27	; 39
    00000042 27                     111 	.db #0x27	; 39
    00000043 27                     112 	.db #0x27	; 39
    00000044 27                     113 	.db #0x27	; 39
    00000045 34                     114 	.db #0x34	; 52	'4'
    00000046 35                     115 	.db #0x35	; 53	'5'
    00000047 09                     116 	.db #0x09	; 9
    00000048 36                     117 	.db #0x36	; 54	'6'
    00000049 37                     118 	.db #0x37	; 55	'7'
    0000004A 38                     119 	.db #0x38	; 56	'8'
    0000004B 39                     120 	.db #0x39	; 57	'9'
    0000004C 3A                     121 	.db #0x3a	; 58
    0000004D 3B                     122 	.db #0x3b	; 59
    0000004E 27                     123 	.db #0x27	; 39
    0000004F 3C                     124 	.db #0x3c	; 60
    00000050 27                     125 	.db #0x27	; 39
    00000051 27                     126 	.db #0x27	; 39
    00000052 27                     127 	.db #0x27	; 39
    00000053 27                     128 	.db #0x27	; 39
    00000054 27                     129 	.db #0x27	; 39
    00000055 27                     130 	.db #0x27	; 39
    00000056 27                     131 	.db #0x27	; 39
    00000057 27                     132 	.db #0x27	; 39
    00000058 27                     133 	.db #0x27	; 39
    00000059 3D                     134 	.db #0x3d	; 61
    0000005A 3E                     135 	.db #0x3e	; 62
    0000005B 09                     136 	.db #0x09	; 9
    0000005C 09                     137 	.db #0x09	; 9
    0000005D 3F                     138 	.db #0x3f	; 63
    0000005E 40                     139 	.db #0x40	; 64
    0000005F 27                     140 	.db #0x27	; 39
    00000060 27                     141 	.db #0x27	; 39
    00000061 27                     142 	.db #0x27	; 39
    00000062 27                     143 	.db #0x27	; 39
    00000063 27                     144 	.db #0x27	; 39
    00000064 27                     145 	.db #0x27	; 39
    00000065 27                     146 	.db #0x27	; 39
    00000066 27                     147 	.db #0x27	; 39
    00000067 27                     148 	.db #0x27	; 39
    00000068 27                     149 	.db #0x27	; 39
    00000069 27                     150 	.db #0x27	; 39
    0000006A 41                     151 	.db #0x41	; 65	'A'
    0000006B 42                     152 	.db #0x42	; 66	'B'
    0000006C 43                     153 	.db #0x43	; 67	'C'
    0000006D 44                     154 	.db #0x44	; 68	'D'
    0000006E 45                     155 	.db #0x45	; 69	'E'
    0000006F 09                     156 	.db #0x09	; 9
    00000070 09                     157 	.db #0x09	; 9
    00000071 46                     158 	.db #0x46	; 70	'F'
    00000072 47                     159 	.db #0x47	; 71	'G'
    00000073 48                     160 	.db #0x48	; 72	'H'
    00000074 49                     161 	.db #0x49	; 73	'I'
    00000075 4A                     162 	.db #0x4a	; 74	'J'
    00000076 4B                     163 	.db #0x4b	; 75	'K'
    00000077 4C                     164 	.db #0x4c	; 76	'L'
    00000078 4D                     165 	.db #0x4d	; 77	'M'
    00000079 4E                     166 	.db #0x4e	; 78	'N'
    0000007A 4F                     167 	.db #0x4f	; 79	'O'
    0000007B 50                     168 	.db #0x50	; 80	'P'
    0000007C 51                     169 	.db #0x51	; 81	'Q'
    0000007D 52                     170 	.db #0x52	; 82	'R'
    0000007E 53                     171 	.db #0x53	; 83	'S'
    0000007F 54                     172 	.db #0x54	; 84	'T'
    00000080 55                     173 	.db #0x55	; 85	'U'
    00000081 56                     174 	.db #0x56	; 86	'V'
    00000082 57                     175 	.db #0x57	; 87	'W'
    00000083 09                     176 	.db #0x09	; 9
    00000084 09                     177 	.db #0x09	; 9
    00000085 58                     178 	.db #0x58	; 88	'X'
    00000086 59                     179 	.db #0x59	; 89	'Y'
    00000087 E0                     180 	.db #0xe0	; 224
    00000088 E0                     181 	.db #0xe0	; 224
    00000089 5A                     182 	.db #0x5a	; 90	'Z'
    0000008A 5B                     183 	.db #0x5b	; 91
    0000008B 44                     184 	.db #0x44	; 68	'D'
    0000008C 5C                     185 	.db #0x5c	; 92
    0000008D 5D                     186 	.db #0x5d	; 93
    0000008E 5E                     187 	.db #0x5e	; 94
    0000008F 5F                     188 	.db #0x5f	; 95
    00000090 E0                     189 	.db #0xe0	; 224
    00000091 E0                     190 	.db #0xe0	; 224
    00000092 E0                     191 	.db #0xe0	; 224
    00000093 E0                     192 	.db #0xe0	; 224
    00000094 E0                     193 	.db #0xe0	; 224
    00000095 60                     194 	.db #0x60	; 96
    00000096 09                     195 	.db #0x09	; 9
    00000097 09                     196 	.db #0x09	; 9
    00000098 09                     197 	.db #0x09	; 9
    00000099 61                     198 	.db #0x61	; 97	'a'
    0000009A 62                     199 	.db #0x62	; 98	'b'
    0000009B 63                     200 	.db #0x63	; 99	'c'
    0000009C 64                     201 	.db #0x64	; 100	'd'
    0000009D 65                     202 	.db #0x65	; 101	'e'
    0000009E 66                     203 	.db #0x66	; 102	'f'
    0000009F 67                     204 	.db #0x67	; 103	'g'
    000000A0 68                     205 	.db #0x68	; 104	'h'
    000000A1 69                     206 	.db #0x69	; 105	'i'
    000000A2 6A                     207 	.db #0x6a	; 106	'j'
    000000A3 6B                     208 	.db #0x6b	; 107	'k'
    000000A4 6C                     209 	.db #0x6c	; 108	'l'
    000000A5 6D                     210 	.db #0x6d	; 109	'm'
    000000A6 6E                     211 	.db #0x6e	; 110	'n'
    000000A7 E0                     212 	.db #0xe0	; 224
    000000A8 6F                     213 	.db #0x6f	; 111	'o'
    000000A9 70                     214 	.db #0x70	; 112	'p'
    000000AA 71                     215 	.db #0x71	; 113	'q'
    000000AB 72                     216 	.db #0x72	; 114	'r'
    000000AC 09                     217 	.db #0x09	; 9
    000000AD 73                     218 	.db #0x73	; 115	's'
    000000AE 74                     219 	.db #0x74	; 116	't'
    000000AF 75                     220 	.db #0x75	; 117	'u'
    000000B0 76                     221 	.db #0x76	; 118	'v'
    000000B1 77                     222 	.db #0x77	; 119	'w'
    000000B2 78                     223 	.db #0x78	; 120	'x'
    000000B3 79                     224 	.db #0x79	; 121	'y'
    000000B4 D8                     225 	.db #0xd8	; 216
    000000B5 D9                     226 	.db #0xd9	; 217
    000000B6 DA                     227 	.db #0xda	; 218
    000000B7 DB                     228 	.db #0xdb	; 219
    000000B8 DC                     229 	.db #0xdc	; 220
    000000B9 DD                     230 	.db #0xdd	; 221
    000000BA DE                     231 	.db #0xde	; 222
    000000BB DF                     232 	.db #0xdf	; 223
    000000BC 09                     233 	.db #0x09	; 9
    000000BD E1                     234 	.db #0xe1	; 225
    000000BE E2                     235 	.db #0xe2	; 226
    000000BF E3                     236 	.db #0xe3	; 227
    000000C0 E4                     237 	.db #0xe4	; 228
    000000C1 E5                     238 	.db #0xe5	; 229
    000000C2 E6                     239 	.db #0xe6	; 230
    000000C3 E7                     240 	.db #0xe7	; 231
    000000C4 E8                     241 	.db #0xe8	; 232
    000000C5 E9                     242 	.db #0xe9	; 233
    000000C6 EA                     243 	.db #0xea	; 234
    000000C7 EB                     244 	.db #0xeb	; 235
    000000C8 7A                     245 	.db #0x7a	; 122	'z'
    000000C9 7B                     246 	.db #0x7b	; 123
    000000CA 7C                     247 	.db #0x7c	; 124
    000000CB 7D                     248 	.db #0x7d	; 125
    000000CC 7E                     249 	.db #0x7e	; 126
    000000CD 7F                     250 	.db #0x7f	; 127
    000000CE 80                     251 	.db #0x80	; 128
    000000CF 81                     252 	.db #0x81	; 129
    000000D0 82                     253 	.db #0x82	; 130
    000000D1 83                     254 	.db #0x83	; 131
    000000D2 84                     255 	.db #0x84	; 132
    000000D3 85                     256 	.db #0x85	; 133
    000000D4 86                     257 	.db #0x86	; 134
    000000D5 87                     258 	.db #0x87	; 135
    000000D6 88                     259 	.db #0x88	; 136
    000000D7 89                     260 	.db #0x89	; 137
    000000D8 8A                     261 	.db #0x8a	; 138
    000000D9 8B                     262 	.db #0x8b	; 139
    000000DA 8C                     263 	.db #0x8c	; 140
    000000DB 8D                     264 	.db #0x8d	; 141
    000000DC 8E                     265 	.db #0x8e	; 142
    000000DD 8F                     266 	.db #0x8f	; 143
    000000DE 90                     267 	.db #0x90	; 144
    000000DF 91                     268 	.db #0x91	; 145
    000000E0 92                     269 	.db #0x92	; 146
    000000E1 93                     270 	.db #0x93	; 147
    000000E2 94                     271 	.db #0x94	; 148
    000000E3 95                     272 	.db #0x95	; 149
    000000E4 96                     273 	.db #0x96	; 150
    000000E5 97                     274 	.db #0x97	; 151
    000000E6 98                     275 	.db #0x98	; 152
    000000E7 99                     276 	.db #0x99	; 153
    000000E8 9A                     277 	.db #0x9a	; 154
    000000E9 9B                     278 	.db #0x9b	; 155
    000000EA 9C                     279 	.db #0x9c	; 156
    000000EB 9D                     280 	.db #0x9d	; 157
    000000EC 9E                     281 	.db #0x9e	; 158
    000000ED 9F                     282 	.db #0x9f	; 159
    000000EE A0                     283 	.db #0xa0	; 160
    000000EF A1                     284 	.db #0xa1	; 161
    000000F0 A2                     285 	.db #0xa2	; 162
    000000F1 A3                     286 	.db #0xa3	; 163
    000000F2 A4                     287 	.db #0xa4	; 164
    000000F3 A5                     288 	.db #0xa5	; 165
    000000F4 A6                     289 	.db #0xa6	; 166
    000000F5 A7                     290 	.db #0xa7	; 167
    000000F6 A8                     291 	.db #0xa8	; 168
    000000F7 A9                     292 	.db #0xa9	; 169
    000000F8 AA                     293 	.db #0xaa	; 170
    000000F9 AB                     294 	.db #0xab	; 171
    000000FA AC                     295 	.db #0xac	; 172
    000000FB AD                     296 	.db #0xad	; 173
    000000FC AE                     297 	.db #0xae	; 174
    000000FD AF                     298 	.db #0xaf	; 175
    000000FE B0                     299 	.db #0xb0	; 176
    000000FF B1                     300 	.db #0xb1	; 177
    00000100 B2                     301 	.db #0xb2	; 178
    00000101 B3                     302 	.db #0xb3	; 179
    00000102 B4                     303 	.db #0xb4	; 180
    00000103 B5                     304 	.db #0xb5	; 181
    00000104 B6                     305 	.db #0xb6	; 182
    00000105 B7                     306 	.db #0xb7	; 183
    00000106 B7                     307 	.db #0xb7	; 183
    00000107 B7                     308 	.db #0xb7	; 183
    00000108 B7                     309 	.db #0xb7	; 183
    00000109 B7                     310 	.db #0xb7	; 183
    0000010A B7                     311 	.db #0xb7	; 183
    0000010B B7                     312 	.db #0xb7	; 183
    0000010C B7                     313 	.db #0xb7	; 183
    0000010D B7                     314 	.db #0xb7	; 183
    0000010E B7                     315 	.db #0xb7	; 183
    0000010F B7                     316 	.db #0xb7	; 183
    00000110 B7                     317 	.db #0xb7	; 183
    00000111 B7                     318 	.db #0xb7	; 183
    00000112 B7                     319 	.db #0xb7	; 183
    00000113 B7                     320 	.db #0xb7	; 183
    00000114 B7                     321 	.db #0xb7	; 183
    00000115 B7                     322 	.db #0xb7	; 183
    00000116 B7                     323 	.db #0xb7	; 183
    00000117 B8                     324 	.db #0xb8	; 184
    00000118 BD                     325 	.db #0xbd	; 189
    00000119 09                     326 	.db #0x09	; 9
    0000011A 09                     327 	.db #0x09	; 9
    0000011B 09                     328 	.db #0x09	; 9
    0000011C 09                     329 	.db #0x09	; 9
    0000011D 09                     330 	.db #0x09	; 9
    0000011E 09                     331 	.db #0x09	; 9
    0000011F 09                     332 	.db #0x09	; 9
    00000120 09                     333 	.db #0x09	; 9
    00000121 09                     334 	.db #0x09	; 9
    00000122 09                     335 	.db #0x09	; 9
    00000123 09                     336 	.db #0x09	; 9
    00000124 09                     337 	.db #0x09	; 9
    00000125 09                     338 	.db #0x09	; 9
    00000126 09                     339 	.db #0x09	; 9
    00000127 09                     340 	.db #0x09	; 9
    00000128 09                     341 	.db #0x09	; 9
    00000129 09                     342 	.db #0x09	; 9
    0000012A 09                     343 	.db #0x09	; 9
    0000012B B9                     344 	.db #0xb9	; 185
    0000012C BD                     345 	.db #0xbd	; 189
    0000012D 09                     346 	.db #0x09	; 9
    0000012E 09                     347 	.db #0x09	; 9
    0000012F 09                     348 	.db #0x09	; 9
    00000130 09                     349 	.db #0x09	; 9
    00000131 09                     350 	.db #0x09	; 9
    00000132 09                     351 	.db #0x09	; 9
    00000133 09                     352 	.db #0x09	; 9
    00000134 09                     353 	.db #0x09	; 9
    00000135 09                     354 	.db #0x09	; 9
    00000136 09                     355 	.db #0x09	; 9
    00000137 09                     356 	.db #0x09	; 9
    00000138 09                     357 	.db #0x09	; 9
    00000139 09                     358 	.db #0x09	; 9
    0000013A 09                     359 	.db #0x09	; 9
    0000013B 09                     360 	.db #0x09	; 9
    0000013C 09                     361 	.db #0x09	; 9
    0000013D 09                     362 	.db #0x09	; 9
    0000013E 09                     363 	.db #0x09	; 9
    0000013F B9                     364 	.db #0xb9	; 185
    00000140 BD                     365 	.db #0xbd	; 189
    00000141 09                     366 	.db #0x09	; 9
    00000142 09                     367 	.db #0x09	; 9
    00000143 09                     368 	.db #0x09	; 9
    00000144 09                     369 	.db #0x09	; 9
    00000145 09                     370 	.db #0x09	; 9
    00000146 09                     371 	.db #0x09	; 9
    00000147 09                     372 	.db #0x09	; 9
    00000148 09                     373 	.db #0x09	; 9
    00000149 09                     374 	.db #0x09	; 9
    0000014A 09                     375 	.db #0x09	; 9
    0000014B 09                     376 	.db #0x09	; 9
    0000014C 09                     377 	.db #0x09	; 9
    0000014D 09                     378 	.db #0x09	; 9
    0000014E 09                     379 	.db #0x09	; 9
    0000014F 09                     380 	.db #0x09	; 9
    00000150 09                     381 	.db #0x09	; 9
    00000151 09                     382 	.db #0x09	; 9
    00000152 09                     383 	.db #0x09	; 9
    00000153 B9                     384 	.db #0xb9	; 185
    00000154 BC                     385 	.db #0xbc	; 188
    00000155 BB                     386 	.db #0xbb	; 187
    00000156 BB                     387 	.db #0xbb	; 187
    00000157 BB                     388 	.db #0xbb	; 187
    00000158 BB                     389 	.db #0xbb	; 187
    00000159 BB                     390 	.db #0xbb	; 187
    0000015A BB                     391 	.db #0xbb	; 187
    0000015B BB                     392 	.db #0xbb	; 187
    0000015C BB                     393 	.db #0xbb	; 187
    0000015D BB                     394 	.db #0xbb	; 187
    0000015E BB                     395 	.db #0xbb	; 187
    0000015F BB                     396 	.db #0xbb	; 187
    00000160 BB                     397 	.db #0xbb	; 187
    00000161 BB                     398 	.db #0xbb	; 187
    00000162 BB                     399 	.db #0xbb	; 187
    00000163 BB                     400 	.db #0xbb	; 187
    00000164 BB                     401 	.db #0xbb	; 187
    00000165 BB                     402 	.db #0xbb	; 187
    00000166 BB                     403 	.db #0xbb	; 187
    00000167 BA                     404 	.db #0xba	; 186
                                    405 	.area _INITIALIZER
                                    406 	.area _CABS (ABS)
