                                      1 ;--------------------------------------------------------
                                      2 ; File Created by SDCC : free open source ISO C Compiler
                                      3 ; Version 4.5.1 #15267 (MINGW64)
                                      4 ;--------------------------------------------------------
                                      5 	.module IntroSlide1
                                      6 	
                                      7 ;--------------------------------------------------------
                                      8 ; Public variables in this module
                                      9 ;--------------------------------------------------------
                                     10 	.globl _IntroSlide1
                                     11 ;--------------------------------------------------------
                                     12 ; special function registers
                                     13 ;--------------------------------------------------------
                                     14 	.area _HRAM
                                     15 ;--------------------------------------------------------
                                     16 ; ram data
                                     17 ;--------------------------------------------------------
                                     18 	.area _DATA
                                     19 ;--------------------------------------------------------
                                     20 ; ram data
                                     21 ;--------------------------------------------------------
                                     22 	.area _INITIALIZED
                                     23 ;--------------------------------------------------------
                                     24 ; absolute external ram data
                                     25 ;--------------------------------------------------------
                                     26 	.area _DABS (ABS)
                                     27 ;--------------------------------------------------------
                                     28 ; global & static initialisations
                                     29 ;--------------------------------------------------------
                                     30 	.area _HOME
                                     31 	.area _GSINIT
                                     32 	.area _GSFINAL
                                     33 	.area _GSINIT
                                     34 ;--------------------------------------------------------
                                     35 ; Home
                                     36 ;--------------------------------------------------------
                                     37 	.area _HOME
                                     38 	.area _HOME
                                     39 ;--------------------------------------------------------
                                     40 ; code
                                     41 ;--------------------------------------------------------
                                     42 	.area _CODE_6
                                     43 	.area _CODE_6
    00000000                         44 _IntroSlide1:
    00000000 00                      45 	.db #0x00	; 0
    00000001 00                      46 	.db #0x00	; 0
    00000002 00                      47 	.db #0x00	; 0
    00000003 00                      48 	.db #0x00	; 0
    00000004 00                      49 	.db #0x00	; 0
    00000005 00                      50 	.db #0x00	; 0
    00000006 00                      51 	.db #0x00	; 0
    00000007 01                      52 	.db #0x01	; 1
    00000008 00                      53 	.db #0x00	; 0
    00000009 00                      54 	.db #0x00	; 0
    0000000A 00                      55 	.db #0x00	; 0
    0000000B 00                      56 	.db #0x00	; 0
    0000000C 00                      57 	.db #0x00	; 0
    0000000D 00                      58 	.db #0x00	; 0
    0000000E 00                      59 	.db #0x00	; 0
    0000000F 00                      60 	.db #0x00	; 0
    00000010 00                      61 	.db #0x00	; 0
    00000011 00                      62 	.db #0x00	; 0
    00000012 02                      63 	.db #0x02	; 2
    00000013 03                      64 	.db #0x03	; 3
    00000014 04                      65 	.db #0x04	; 4
    00000015 00                      66 	.db #0x00	; 0
    00000016 00                      67 	.db #0x00	; 0
    00000017 00                      68 	.db #0x00	; 0
    00000018 00                      69 	.db #0x00	; 0
    00000019 05                      70 	.db #0x05	; 5
    0000001A 06                      71 	.db #0x06	; 6
    0000001B 07                      72 	.db #0x07	; 7
    0000001C 08                      73 	.db #0x08	; 8
    0000001D 00                      74 	.db #0x00	; 0
    0000001E 00                      75 	.db #0x00	; 0
    0000001F 00                      76 	.db #0x00	; 0
    00000020 09                      77 	.db #0x09	; 9
    00000021 00                      78 	.db #0x00	; 0
    00000022 00                      79 	.db #0x00	; 0
    00000023 00                      80 	.db #0x00	; 0
    00000024 00                      81 	.db #0x00	; 0
    00000025 0A                      82 	.db #0x0a	; 10
    00000026 0B                      83 	.db #0x0b	; 11
    00000027 0C                      84 	.db #0x0c	; 12
    00000028 0D                      85 	.db #0x0d	; 13
    00000029 00                      86 	.db #0x00	; 0
    0000002A 00                      87 	.db #0x00	; 0
    0000002B 00                      88 	.db #0x00	; 0
    0000002C 0E                      89 	.db #0x0e	; 14
    0000002D 0F                      90 	.db #0x0f	; 15
    0000002E 10                      91 	.db #0x10	; 16
    0000002F 11                      92 	.db #0x11	; 17
    00000030 12                      93 	.db #0x12	; 18
    00000031 13                      94 	.db #0x13	; 19
    00000032 00                      95 	.db #0x00	; 0
    00000033 00                      96 	.db #0x00	; 0
    00000034 14                      97 	.db #0x14	; 20
    00000035 15                      98 	.db #0x15	; 21
    00000036 16                      99 	.db #0x16	; 22
    00000037 17                     100 	.db #0x17	; 23
    00000038 18                     101 	.db #0x18	; 24
    00000039 19                     102 	.db #0x19	; 25
    0000003A 1A                     103 	.db #0x1a	; 26
    0000003B 0C                     104 	.db #0x0c	; 12
    0000003C 1B                     105 	.db #0x1b	; 27
    0000003D 1C                     106 	.db #0x1c	; 28
    0000003E 1D                     107 	.db #0x1d	; 29
    0000003F 00                     108 	.db #0x00	; 0
    00000040 1E                     109 	.db #0x1e	; 30
    00000041 0C                     110 	.db #0x0c	; 12
    00000042 1F                     111 	.db #0x1f	; 31
    00000043 20                     112 	.db #0x20	; 32
    00000044 0C                     113 	.db #0x0c	; 12
    00000045 21                     114 	.db #0x21	; 33
    00000046 22                     115 	.db #0x22	; 34
    00000047 00                     116 	.db #0x00	; 0
    00000048 23                     117 	.db #0x23	; 35
    00000049 24                     118 	.db #0x24	; 36
    0000004A 25                     119 	.db #0x25	; 37
    0000004B 26                     120 	.db #0x26	; 38
    0000004C 27                     121 	.db #0x27	; 39
    0000004D 28                     122 	.db #0x28	; 40
    0000004E 29                     123 	.db #0x29	; 41
    0000004F 0C                     124 	.db #0x0c	; 12
    00000050 2A                     125 	.db #0x2a	; 42
    00000051 0C                     126 	.db #0x0c	; 12
    00000052 2B                     127 	.db #0x2b	; 43
    00000053 2C                     128 	.db #0x2c	; 44
    00000054 2D                     129 	.db #0x2d	; 45
    00000055 0C                     130 	.db #0x0c	; 12
    00000056 0C                     131 	.db #0x0c	; 12
    00000057 2E                     132 	.db #0x2e	; 46
    00000058 2F                     133 	.db #0x2f	; 47
    00000059 30                     134 	.db #0x30	; 48	'0'
    0000005A 31                     135 	.db #0x31	; 49	'1'
    0000005B 32                     136 	.db #0x32	; 50	'2'
    0000005C 33                     137 	.db #0x33	; 51	'3'
    0000005D 0C                     138 	.db #0x0c	; 12
    0000005E 34                     139 	.db #0x34	; 52	'4'
    0000005F 35                     140 	.db #0x35	; 53	'5'
    00000060 36                     141 	.db #0x36	; 54	'6'
    00000061 37                     142 	.db #0x37	; 55	'7'
    00000062 38                     143 	.db #0x38	; 56	'8'
    00000063 0C                     144 	.db #0x0c	; 12
    00000064 39                     145 	.db #0x39	; 57	'9'
    00000065 3A                     146 	.db #0x3a	; 58
    00000066 3B                     147 	.db #0x3b	; 59
    00000067 3C                     148 	.db #0x3c	; 60
    00000068 0C                     149 	.db #0x0c	; 12
    00000069 3D                     150 	.db #0x3d	; 61
    0000006A 3E                     151 	.db #0x3e	; 62
    0000006B 3F                     152 	.db #0x3f	; 63
    0000006C 40                     153 	.db #0x40	; 64
    0000006D 41                     154 	.db #0x41	; 65	'A'
    0000006E 42                     155 	.db #0x42	; 66	'B'
    0000006F 43                     156 	.db #0x43	; 67	'C'
    00000070 44                     157 	.db #0x44	; 68	'D'
    00000071 45                     158 	.db #0x45	; 69	'E'
    00000072 46                     159 	.db #0x46	; 70	'F'
    00000073 47                     160 	.db #0x47	; 71	'G'
    00000074 48                     161 	.db #0x48	; 72	'H'
    00000075 49                     162 	.db #0x49	; 73	'I'
    00000076 4A                     163 	.db #0x4a	; 74	'J'
    00000077 0C                     164 	.db #0x0c	; 12
    00000078 4B                     165 	.db #0x4b	; 75	'K'
    00000079 4C                     166 	.db #0x4c	; 76	'L'
    0000007A 4D                     167 	.db #0x4d	; 77	'M'
    0000007B 0C                     168 	.db #0x0c	; 12
    0000007C 0C                     169 	.db #0x0c	; 12
    0000007D 0C                     170 	.db #0x0c	; 12
    0000007E 0C                     171 	.db #0x0c	; 12
    0000007F 0C                     172 	.db #0x0c	; 12
    00000080 0C                     173 	.db #0x0c	; 12
    00000081 4E                     174 	.db #0x4e	; 78	'N'
    00000082 4F                     175 	.db #0x4f	; 79	'O'
    00000083 50                     176 	.db #0x50	; 80	'P'
    00000084 51                     177 	.db #0x51	; 81	'Q'
    00000085 52                     178 	.db #0x52	; 82	'R'
    00000086 53                     179 	.db #0x53	; 83	'S'
    00000087 54                     180 	.db #0x54	; 84	'T'
    00000088 55                     181 	.db #0x55	; 85	'U'
    00000089 56                     182 	.db #0x56	; 86	'V'
    0000008A 57                     183 	.db #0x57	; 87	'W'
    0000008B 58                     184 	.db #0x58	; 88	'X'
    0000008C 59                     185 	.db #0x59	; 89	'Y'
    0000008D 5A                     186 	.db #0x5a	; 90	'Z'
    0000008E 5B                     187 	.db #0x5b	; 91
    0000008F 5C                     188 	.db #0x5c	; 92
    00000090 0C                     189 	.db #0x0c	; 12
    00000091 0C                     190 	.db #0x0c	; 12
    00000092 0C                     191 	.db #0x0c	; 12
    00000093 0C                     192 	.db #0x0c	; 12
    00000094 0C                     193 	.db #0x0c	; 12
    00000095 5D                     194 	.db #0x5d	; 93
    00000096 5E                     195 	.db #0x5e	; 94
    00000097 5F                     196 	.db #0x5f	; 95
    00000098 60                     197 	.db #0x60	; 96
    00000099 61                     198 	.db #0x61	; 97	'a'
    0000009A 62                     199 	.db #0x62	; 98	'b'
    0000009B 63                     200 	.db #0x63	; 99	'c'
    0000009C 64                     201 	.db #0x64	; 100	'd'
    0000009D 65                     202 	.db #0x65	; 101	'e'
    0000009E 66                     203 	.db #0x66	; 102	'f'
    0000009F 67                     204 	.db #0x67	; 103	'g'
    000000A0 68                     205 	.db #0x68	; 104	'h'
    000000A1 69                     206 	.db #0x69	; 105	'i'
    000000A2 6A                     207 	.db #0x6a	; 106	'j'
    000000A3 6B                     208 	.db #0x6b	; 107	'k'
    000000A4 0C                     209 	.db #0x0c	; 12
    000000A5 0C                     210 	.db #0x0c	; 12
    000000A6 0C                     211 	.db #0x0c	; 12
    000000A7 0C                     212 	.db #0x0c	; 12
    000000A8 6C                     213 	.db #0x6c	; 108	'l'
    000000A9 6D                     214 	.db #0x6d	; 109	'm'
    000000AA 6E                     215 	.db #0x6e	; 110	'n'
    000000AB 6F                     216 	.db #0x6f	; 111	'o'
    000000AC 70                     217 	.db #0x70	; 112	'p'
    000000AD 71                     218 	.db #0x71	; 113	'q'
    000000AE 72                     219 	.db #0x72	; 114	'r'
    000000AF 73                     220 	.db #0x73	; 115	's'
    000000B0 74                     221 	.db #0x74	; 116	't'
    000000B1 75                     222 	.db #0x75	; 117	'u'
    000000B2 76                     223 	.db #0x76	; 118	'v'
    000000B3 77                     224 	.db #0x77	; 119	'w'
    000000B4 78                     225 	.db #0x78	; 120	'x'
    000000B5 79                     226 	.db #0x79	; 121	'y'
    000000B6 7A                     227 	.db #0x7a	; 122	'z'
    000000B7 7B                     228 	.db #0x7b	; 123
    000000B8 7C                     229 	.db #0x7c	; 124
    000000B9 0C                     230 	.db #0x0c	; 12
    000000BA 0C                     231 	.db #0x0c	; 12
    000000BB 0C                     232 	.db #0x0c	; 12
    000000BC 7D                     233 	.db #0x7d	; 125
    000000BD 7E                     234 	.db #0x7e	; 126
    000000BE 7F                     235 	.db #0x7f	; 127
    000000BF 80                     236 	.db #0x80	; 128
    000000C0 81                     237 	.db #0x81	; 129
    000000C1 82                     238 	.db #0x82	; 130
    000000C2 83                     239 	.db #0x83	; 131
    000000C3 84                     240 	.db #0x84	; 132
    000000C4 85                     241 	.db #0x85	; 133
    000000C5 86                     242 	.db #0x86	; 134
    000000C6 87                     243 	.db #0x87	; 135
    000000C7 88                     244 	.db #0x88	; 136
    000000C8 89                     245 	.db #0x89	; 137
    000000C9 8A                     246 	.db #0x8a	; 138
    000000CA 8B                     247 	.db #0x8b	; 139
    000000CB 8C                     248 	.db #0x8c	; 140
    000000CC 8D                     249 	.db #0x8d	; 141
    000000CD 8E                     250 	.db #0x8e	; 142
    000000CE 8F                     251 	.db #0x8f	; 143
    000000CF 90                     252 	.db #0x90	; 144
    000000D0 91                     253 	.db #0x91	; 145
    000000D1 92                     254 	.db #0x92	; 146
    000000D2 93                     255 	.db #0x93	; 147
    000000D3 94                     256 	.db #0x94	; 148
    000000D4 95                     257 	.db #0x95	; 149
    000000D5 96                     258 	.db #0x96	; 150
    000000D6 97                     259 	.db #0x97	; 151
    000000D7 98                     260 	.db #0x98	; 152
    000000D8 99                     261 	.db #0x99	; 153
    000000D9 9A                     262 	.db #0x9a	; 154
    000000DA 9B                     263 	.db #0x9b	; 155
    000000DB 9C                     264 	.db #0x9c	; 156
    000000DC 9D                     265 	.db #0x9d	; 157
    000000DD 9E                     266 	.db #0x9e	; 158
    000000DE 9F                     267 	.db #0x9f	; 159
    000000DF A0                     268 	.db #0xa0	; 160
    000000E0 A1                     269 	.db #0xa1	; 161
    000000E1 A2                     270 	.db #0xa2	; 162
    000000E2 A3                     271 	.db #0xa3	; 163
    000000E3 A4                     272 	.db #0xa4	; 164
    000000E4 A5                     273 	.db #0xa5	; 165
    000000E5 A6                     274 	.db #0xa6	; 166
    000000E6 A7                     275 	.db #0xa7	; 167
    000000E7 A8                     276 	.db #0xa8	; 168
    000000E8 A9                     277 	.db #0xa9	; 169
    000000E9 AA                     278 	.db #0xaa	; 170
    000000EA AB                     279 	.db #0xab	; 171
    000000EB AC                     280 	.db #0xac	; 172
    000000EC AD                     281 	.db #0xad	; 173
    000000ED AE                     282 	.db #0xae	; 174
    000000EE AF                     283 	.db #0xaf	; 175
    000000EF B0                     284 	.db #0xb0	; 176
    000000F0 0C                     285 	.db #0x0c	; 12
    000000F1 0C                     286 	.db #0x0c	; 12
    000000F2 B1                     287 	.db #0xb1	; 177
    000000F3 B2                     288 	.db #0xb2	; 178
    000000F4 B3                     289 	.db #0xb3	; 179
    000000F5 B4                     290 	.db #0xb4	; 180
    000000F6 B5                     291 	.db #0xb5	; 181
    000000F7 B6                     292 	.db #0xb6	; 182
    000000F8 B7                     293 	.db #0xb7	; 183
    000000F9 B8                     294 	.db #0xb8	; 184
    000000FA B9                     295 	.db #0xb9	; 185
    000000FB BA                     296 	.db #0xba	; 186
    000000FC BB                     297 	.db #0xbb	; 187
    000000FD BC                     298 	.db #0xbc	; 188
    000000FE BD                     299 	.db #0xbd	; 189
    000000FF BE                     300 	.db #0xbe	; 190
    00000100 BF                     301 	.db #0xbf	; 191
    00000101 C0                     302 	.db #0xc0	; 192
    00000102 C1                     303 	.db #0xc1	; 193
    00000103 C2                     304 	.db #0xc2	; 194
    00000104 E3                     305 	.db #0xe3	; 227
    00000105 E4                     306 	.db #0xe4	; 228
    00000106 E4                     307 	.db #0xe4	; 228
    00000107 E4                     308 	.db #0xe4	; 228
    00000108 E4                     309 	.db #0xe4	; 228
    00000109 E4                     310 	.db #0xe4	; 228
    0000010A E4                     311 	.db #0xe4	; 228
    0000010B E4                     312 	.db #0xe4	; 228
    0000010C E4                     313 	.db #0xe4	; 228
    0000010D E4                     314 	.db #0xe4	; 228
    0000010E E4                     315 	.db #0xe4	; 228
    0000010F E4                     316 	.db #0xe4	; 228
    00000110 E4                     317 	.db #0xe4	; 228
    00000111 E4                     318 	.db #0xe4	; 228
    00000112 E4                     319 	.db #0xe4	; 228
    00000113 E4                     320 	.db #0xe4	; 228
    00000114 E4                     321 	.db #0xe4	; 228
    00000115 E4                     322 	.db #0xe4	; 228
    00000116 E4                     323 	.db #0xe4	; 228
    00000117 E5                     324 	.db #0xe5	; 229
    00000118 EA                     325 	.db #0xea	; 234
    00000119 0C                     326 	.db #0x0c	; 12
    0000011A 0C                     327 	.db #0x0c	; 12
    0000011B 0C                     328 	.db #0x0c	; 12
    0000011C 0C                     329 	.db #0x0c	; 12
    0000011D 0C                     330 	.db #0x0c	; 12
    0000011E 0C                     331 	.db #0x0c	; 12
    0000011F 0C                     332 	.db #0x0c	; 12
    00000120 0C                     333 	.db #0x0c	; 12
    00000121 0C                     334 	.db #0x0c	; 12
    00000122 0C                     335 	.db #0x0c	; 12
    00000123 0C                     336 	.db #0x0c	; 12
    00000124 0C                     337 	.db #0x0c	; 12
    00000125 0C                     338 	.db #0x0c	; 12
    00000126 0C                     339 	.db #0x0c	; 12
    00000127 0C                     340 	.db #0x0c	; 12
    00000128 0C                     341 	.db #0x0c	; 12
    00000129 0C                     342 	.db #0x0c	; 12
    0000012A 0C                     343 	.db #0x0c	; 12
    0000012B E6                     344 	.db #0xe6	; 230
    0000012C EA                     345 	.db #0xea	; 234
    0000012D 0C                     346 	.db #0x0c	; 12
    0000012E 0C                     347 	.db #0x0c	; 12
    0000012F 0C                     348 	.db #0x0c	; 12
    00000130 0C                     349 	.db #0x0c	; 12
    00000131 0C                     350 	.db #0x0c	; 12
    00000132 0C                     351 	.db #0x0c	; 12
    00000133 0C                     352 	.db #0x0c	; 12
    00000134 0C                     353 	.db #0x0c	; 12
    00000135 0C                     354 	.db #0x0c	; 12
    00000136 0C                     355 	.db #0x0c	; 12
    00000137 0C                     356 	.db #0x0c	; 12
    00000138 0C                     357 	.db #0x0c	; 12
    00000139 0C                     358 	.db #0x0c	; 12
    0000013A 0C                     359 	.db #0x0c	; 12
    0000013B 0C                     360 	.db #0x0c	; 12
    0000013C 0C                     361 	.db #0x0c	; 12
    0000013D 0C                     362 	.db #0x0c	; 12
    0000013E 0C                     363 	.db #0x0c	; 12
    0000013F E6                     364 	.db #0xe6	; 230
    00000140 EA                     365 	.db #0xea	; 234
    00000141 0C                     366 	.db #0x0c	; 12
    00000142 0C                     367 	.db #0x0c	; 12
    00000143 0C                     368 	.db #0x0c	; 12
    00000144 0C                     369 	.db #0x0c	; 12
    00000145 0C                     370 	.db #0x0c	; 12
    00000146 0C                     371 	.db #0x0c	; 12
    00000147 0C                     372 	.db #0x0c	; 12
    00000148 0C                     373 	.db #0x0c	; 12
    00000149 0C                     374 	.db #0x0c	; 12
    0000014A 0C                     375 	.db #0x0c	; 12
    0000014B 0C                     376 	.db #0x0c	; 12
    0000014C 0C                     377 	.db #0x0c	; 12
    0000014D 0C                     378 	.db #0x0c	; 12
    0000014E 0C                     379 	.db #0x0c	; 12
    0000014F 0C                     380 	.db #0x0c	; 12
    00000150 0C                     381 	.db #0x0c	; 12
    00000151 0C                     382 	.db #0x0c	; 12
    00000152 0C                     383 	.db #0x0c	; 12
    00000153 E6                     384 	.db #0xe6	; 230
    00000154 E9                     385 	.db #0xe9	; 233
    00000155 E8                     386 	.db #0xe8	; 232
    00000156 E8                     387 	.db #0xe8	; 232
    00000157 E8                     388 	.db #0xe8	; 232
    00000158 E8                     389 	.db #0xe8	; 232
    00000159 E8                     390 	.db #0xe8	; 232
    0000015A E8                     391 	.db #0xe8	; 232
    0000015B E8                     392 	.db #0xe8	; 232
    0000015C E8                     393 	.db #0xe8	; 232
    0000015D E8                     394 	.db #0xe8	; 232
    0000015E E8                     395 	.db #0xe8	; 232
    0000015F E8                     396 	.db #0xe8	; 232
    00000160 E8                     397 	.db #0xe8	; 232
    00000161 E8                     398 	.db #0xe8	; 232
    00000162 E8                     399 	.db #0xe8	; 232
    00000163 E8                     400 	.db #0xe8	; 232
    00000164 E8                     401 	.db #0xe8	; 232
    00000165 E8                     402 	.db #0xe8	; 232
    00000166 E8                     403 	.db #0xe8	; 232
    00000167 E7                     404 	.db #0xe7	; 231
                                    405 	.area _INITIALIZER
                                    406 	.area _CABS (ABS)
