                                      1 ;--------------------------------------------------------
                                      2 ; File Created by SDCC : free open source ISO C Compiler
                                      3 ; Version 4.5.1 #15267 (Linux)
                                      4 ;--------------------------------------------------------
                                      5 	.module Obstacles
                                      6 	
                                      7 ;--------------------------------------------------------
                                      8 ; Public variables in this module
                                      9 ;--------------------------------------------------------
                                     10 	.globl _deco5
                                     11 	.globl _deco4
                                     12 	.globl _deco3
                                     13 	.globl _deco2
                                     14 	.globl _deco1
                                     15 ;--------------------------------------------------------
                                     16 ; special function registers
                                     17 ;--------------------------------------------------------
                                     18 	.area _HRAM
                                     19 ;--------------------------------------------------------
                                     20 ; ram data
                                     21 ;--------------------------------------------------------
                                     22 	.area _DATA
                                     23 ;--------------------------------------------------------
                                     24 ; ram data
                                     25 ;--------------------------------------------------------
                                     26 	.area _INITIALIZED
                                     27 ;--------------------------------------------------------
                                     28 ; absolute external ram data
                                     29 ;--------------------------------------------------------
                                     30 	.area _DABS (ABS)
                                     31 ;--------------------------------------------------------
                                     32 ; global & static initialisations
                                     33 ;--------------------------------------------------------
                                     34 	.area _HOME
                                     35 	.area _GSINIT
                                     36 	.area _GSFINAL
                                     37 	.area _GSINIT
                                     38 ;--------------------------------------------------------
                                     39 ; Home
                                     40 ;--------------------------------------------------------
                                     41 	.area _HOME
                                     42 	.area _HOME
                                     43 ;--------------------------------------------------------
                                     44 ; code
                                     45 ;--------------------------------------------------------
                                     46 	.area _CODE_2
                                     47 	.area _CODE_2
    00000000                         48 _deco1:
    00000000 26                      49 	.db #0x26	; 38
    00000001 27                      50 	.db #0x27	; 39
    00000002 06                      51 	.db #0x06	; 6
    00000003 05                      52 	.db #0x05	; 5
    00000004 06                      53 	.db #0x06	; 6
    00000005 2D                      54 	.db #0x2d	; 45
    00000006 2A                      55 	.db #0x2a	; 42
    00000007 2B                      56 	.db #0x2b	; 43
    00000008 16                      57 	.db #0x16	; 22
    00000009 17                      58 	.db #0x17	; 23
    0000000A 12                      59 	.db #0x12	; 18
    0000000B 13                      60 	.db #0x13	; 19
    0000000C 34                      61 	.db #0x34	; 52	'4'
    0000000D 34                      62 	.db #0x34	; 52	'4'
    0000000E 34                      63 	.db #0x34	; 52	'4'
    0000000F 34                      64 	.db #0x34	; 52	'4'
    00000010 32                      65 	.db #0x32	; 50	'2'
    00000011 13                      66 	.db #0x13	; 19
    00000012 34                      67 	.db #0x34	; 52	'4'
    00000013 34                      68 	.db #0x34	; 52	'4'
    00000014 34                      69 	.db #0x34	; 52	'4'
    00000015 34                      70 	.db #0x34	; 52	'4'
    00000016 22                      71 	.db #0x22	; 34
    00000017 23                      72 	.db #0x23	; 35
    00000018 34                      73 	.db #0x34	; 52	'4'
    00000019 34                      74 	.db #0x34	; 52	'4'
    0000001A 34                      75 	.db #0x34	; 52	'4'
    0000001B 34                      76 	.db #0x34	; 52	'4'
    0000001C 26                      77 	.db #0x26	; 38
    0000001D 27                      78 	.db #0x27	; 39
    0000001E 34                      79 	.db #0x34	; 52	'4'
    0000001F 34                      80 	.db #0x34	; 52	'4'
    00000020 34                      81 	.db #0x34	; 52	'4'
    00000021 34                      82 	.db #0x34	; 52	'4'
    00000022 2A                      83 	.db #0x2a	; 42
    00000023 2B                      84 	.db #0x2b	; 43
    00000024                         85 _deco2:
    00000024 00                      86 	.db #0x00	; 0
    00000025 01                      87 	.db #0x01	; 1
    00000026 04                      88 	.db #0x04	; 4
    00000027 07                      89 	.db #0x07	; 7
    00000028 08                      90 	.db #0x08	; 8
    00000029 09                      91 	.db #0x09	; 9
    0000002A 02                      92 	.db #0x02	; 2
    0000002B 03                      93 	.db #0x03	; 3
    0000002C 24                      94 	.db #0x24	; 36
    0000002D 15                      95 	.db #0x15	; 21
    0000002E 18                      96 	.db #0x18	; 24
    0000002F 19                      97 	.db #0x19	; 25
    00000030 04                      98 	.db #0x04	; 4
    00000031 07                      99 	.db #0x07	; 7
    00000032 08                     100 	.db #0x08	; 8
    00000033 09                     101 	.db #0x09	; 9
    00000034 34                     102 	.db #0x34	; 52	'4'
    00000035 34                     103 	.db #0x34	; 52	'4'
    00000036 24                     104 	.db #0x24	; 36
    00000037 15                     105 	.db #0x15	; 21
    00000038 18                     106 	.db #0x18	; 24
    00000039 19                     107 	.db #0x19	; 25
    0000003A 34                     108 	.db #0x34	; 52	'4'
    0000003B 34                     109 	.db #0x34	; 52	'4'
    0000003C 08                     110 	.db #0x08	; 8
    0000003D 09                     111 	.db #0x09	; 9
    0000003E 34                     112 	.db #0x34	; 52	'4'
    0000003F 34                     113 	.db #0x34	; 52	'4'
    00000040 34                     114 	.db #0x34	; 52	'4'
    00000041 34                     115 	.db #0x34	; 52	'4'
    00000042 18                     116 	.db #0x18	; 24
    00000043 19                     117 	.db #0x19	; 25
    00000044 34                     118 	.db #0x34	; 52	'4'
    00000045 34                     119 	.db #0x34	; 52	'4'
    00000046 34                     120 	.db #0x34	; 52	'4'
    00000047 34                     121 	.db #0x34	; 52	'4'
    00000048                        122 _deco3:
    00000048 0C                     123 	.db #0x0c	; 12
    00000049 0D                     124 	.db #0x0d	; 13
    0000004A 28                     125 	.db #0x28	; 40
    0000004B 29                     126 	.db #0x29	; 41
    0000004C 34                     127 	.db #0x34	; 52	'4'
    0000004D 34                     128 	.db #0x34	; 52	'4'
    0000004E 1C                     129 	.db #0x1c	; 28
    0000004F 1D                     130 	.db #0x1d	; 29
    00000050 10                     131 	.db #0x10	; 16
    00000051 11                     132 	.db #0x11	; 17
    00000052 34                     133 	.db #0x34	; 52	'4'
    00000053 34                     134 	.db #0x34	; 52	'4'
    00000054 00                     135 	.db #0x00	; 0
    00000055 01                     136 	.db #0x01	; 1
    00000056 14                     137 	.db #0x14	; 20
    00000057 21                     138 	.db #0x21	; 33
    00000058 34                     139 	.db #0x34	; 52	'4'
    00000059 34                     140 	.db #0x34	; 52	'4'
    0000005A 02                     141 	.db #0x02	; 2
    0000005B 03                     142 	.db #0x03	; 3
    0000005C 20                     143 	.db #0x20	; 32
    0000005D 31                     144 	.db #0x31	; 49	'1'
    0000005E 34                     145 	.db #0x34	; 52	'4'
    0000005F 34                     146 	.db #0x34	; 52	'4'
    00000060 00                     147 	.db #0x00	; 0
    00000061 01                     148 	.db #0x01	; 1
    00000062 30                     149 	.db #0x30	; 48	'0'
    00000063 25                     150 	.db #0x25	; 37
    00000064 28                     151 	.db #0x28	; 40
    00000065 29                     152 	.db #0x29	; 41
    00000066 02                     153 	.db #0x02	; 2
    00000067 03                     154 	.db #0x03	; 3
    00000068 2E                     155 	.db #0x2e	; 46
    00000069 1D                     156 	.db #0x1d	; 29
    0000006A 10                     157 	.db #0x10	; 16
    0000006B 11                     158 	.db #0x11	; 17
    0000006C                        159 _deco4:
    0000006C 34                     160 	.db #0x34	; 52	'4'
    0000006D 34                     161 	.db #0x34	; 52	'4'
    0000006E 34                     162 	.db #0x34	; 52	'4'
    0000006F 34                     163 	.db #0x34	; 52	'4'
    00000070 0A                     164 	.db #0x0a	; 10
    00000071 0B                     165 	.db #0x0b	; 11
    00000072 34                     166 	.db #0x34	; 52	'4'
    00000073 34                     167 	.db #0x34	; 52	'4'
    00000074 34                     168 	.db #0x34	; 52	'4'
    00000075 34                     169 	.db #0x34	; 52	'4'
    00000076 1A                     170 	.db #0x1a	; 26
    00000077 1B                     171 	.db #0x1b	; 27
    00000078 34                     172 	.db #0x34	; 52	'4'
    00000079 34                     173 	.db #0x34	; 52	'4'
    0000007A 34                     174 	.db #0x34	; 52	'4'
    0000007B 34                     175 	.db #0x34	; 52	'4'
    0000007C 32                     176 	.db #0x32	; 50	'2'
    0000007D 13                     177 	.db #0x13	; 19
    0000007E 34                     178 	.db #0x34	; 52	'4'
    0000007F 34                     179 	.db #0x34	; 52	'4'
    00000080 34                     180 	.db #0x34	; 52	'4'
    00000081 34                     181 	.db #0x34	; 52	'4'
    00000082 22                     182 	.db #0x22	; 34
    00000083 23                     183 	.db #0x23	; 35
    00000084 0A                     184 	.db #0x0a	; 10
    00000085 0B                     185 	.db #0x0b	; 11
    00000086 0C                     186 	.db #0x0c	; 12
    00000087 0D                     187 	.db #0x0d	; 13
    00000088 0E                     188 	.db #0x0e	; 14
    00000089 33                     189 	.db #0x33	; 51	'3'
    0000008A 1A                     190 	.db #0x1a	; 26
    0000008B 1B                     191 	.db #0x1b	; 27
    0000008C 1C                     192 	.db #0x1c	; 28
    0000008D 1D                     193 	.db #0x1d	; 29
    0000008E 1C                     194 	.db #0x1c	; 28
    0000008F 1F                     195 	.db #0x1f	; 31
    00000090                        196 _deco5:
    00000090 04                     197 	.db #0x04	; 4
    00000091 07                     198 	.db #0x07	; 7
    00000092 06                     199 	.db #0x06	; 6
    00000093 2D                     200 	.db #0x2d	; 45
    00000094 24                     201 	.db #0x24	; 36
    00000095 15                     202 	.db #0x15	; 21
    00000096 12                     203 	.db #0x12	; 18
    00000097 13                     204 	.db #0x13	; 19
    00000098 30                     205 	.db #0x30	; 48	'0'
    00000099 25                     206 	.db #0x25	; 37
    0000009A 0E                     207 	.db #0x0e	; 14
    0000009B 33                     208 	.db #0x33	; 51	'3'
    0000009C 2E                     209 	.db #0x2e	; 46
    0000009D 1D                     210 	.db #0x1d	; 29
    0000009E 1C                     211 	.db #0x1c	; 28
    0000009F 1F                     212 	.db #0x1f	; 31
                                    213 	.area _INITIALIZER
                                    214 	.area _CABS (ABS)
