                                      1 ;--------------------------------------------------------
                                      2 ; File Created by SDCC : free open source ISO C Compiler
                                      3 ; Version 4.5.1 #15267 (MINGW64)
                                      4 ;--------------------------------------------------------
                                      5 	.module Title
                                      6 	
                                      7 ;--------------------------------------------------------
                                      8 ; Public variables in this module
                                      9 ;--------------------------------------------------------
                                     10 	.globl _Title
                                     11 ;--------------------------------------------------------
                                     12 ; special function registers
                                     13 ;--------------------------------------------------------
                                     14 	.area _HRAM
                                     15 ;--------------------------------------------------------
                                     16 ; ram data
                                     17 ;--------------------------------------------------------
                                     18 	.area _DATA
                                     19 ;--------------------------------------------------------
                                     20 ; ram data
                                     21 ;--------------------------------------------------------
                                     22 	.area _INITIALIZED
                                     23 ;--------------------------------------------------------
                                     24 ; absolute external ram data
                                     25 ;--------------------------------------------------------
                                     26 	.area _DABS (ABS)
                                     27 ;--------------------------------------------------------
                                     28 ; global & static initialisations
                                     29 ;--------------------------------------------------------
                                     30 	.area _HOME
                                     31 	.area _GSINIT
                                     32 	.area _GSFINAL
                                     33 	.area _GSINIT
                                     34 ;--------------------------------------------------------
                                     35 ; Home
                                     36 ;--------------------------------------------------------
                                     37 	.area _HOME
                                     38 	.area _HOME
                                     39 ;--------------------------------------------------------
                                     40 ; code
                                     41 ;--------------------------------------------------------
                                     42 	.area _CODE_2
                                     43 	.area _CODE_2
    00000000                         44 _Title:
    00000000 00                      45 	.db #0x00	; 0
    00000001 00                      46 	.db #0x00	; 0
    00000002 00                      47 	.db #0x00	; 0
    00000003 00                      48 	.db #0x00	; 0
    00000004 00                      49 	.db #0x00	; 0
    00000005 00                      50 	.db #0x00	; 0
    00000006 00                      51 	.db #0x00	; 0
    00000007 00                      52 	.db #0x00	; 0
    00000008 00                      53 	.db #0x00	; 0
    00000009 00                      54 	.db #0x00	; 0
    0000000A 00                      55 	.db #0x00	; 0
    0000000B 00                      56 	.db #0x00	; 0
    0000000C 00                      57 	.db #0x00	; 0
    0000000D 00                      58 	.db #0x00	; 0
    0000000E 00                      59 	.db #0x00	; 0
    0000000F 00                      60 	.db #0x00	; 0
    00000010 00                      61 	.db #0x00	; 0
    00000011 00                      62 	.db #0x00	; 0
    00000012 00                      63 	.db #0x00	; 0
    00000013 00                      64 	.db #0x00	; 0
    00000014 00                      65 	.db #0x00	; 0
    00000015 00                      66 	.db #0x00	; 0
    00000016 00                      67 	.db #0x00	; 0
    00000017 00                      68 	.db #0x00	; 0
    00000018 00                      69 	.db #0x00	; 0
    00000019 00                      70 	.db #0x00	; 0
    0000001A 00                      71 	.db #0x00	; 0
    0000001B 00                      72 	.db #0x00	; 0
    0000001C 00                      73 	.db #0x00	; 0
    0000001D 00                      74 	.db #0x00	; 0
    0000001E 00                      75 	.db #0x00	; 0
    0000001F 00                      76 	.db #0x00	; 0
    00000020 00                      77 	.db #0x00	; 0
    00000021 00                      78 	.db #0x00	; 0
    00000022 00                      79 	.db #0x00	; 0
    00000023 00                      80 	.db #0x00	; 0
    00000024 00                      81 	.db #0x00	; 0
    00000025 00                      82 	.db #0x00	; 0
    00000026 00                      83 	.db #0x00	; 0
    00000027 00                      84 	.db #0x00	; 0
    00000028 14                      85 	.db #0x14	; 20
    00000029 14                      86 	.db #0x14	; 20
    0000002A 14                      87 	.db #0x14	; 20
    0000002B 14                      88 	.db #0x14	; 20
    0000002C 14                      89 	.db #0x14	; 20
    0000002D 14                      90 	.db #0x14	; 20
    0000002E 14                      91 	.db #0x14	; 20
    0000002F 14                      92 	.db #0x14	; 20
    00000030 14                      93 	.db #0x14	; 20
    00000031 14                      94 	.db #0x14	; 20
    00000032 14                      95 	.db #0x14	; 20
    00000033 14                      96 	.db #0x14	; 20
    00000034 14                      97 	.db #0x14	; 20
    00000035 14                      98 	.db #0x14	; 20
    00000036 14                      99 	.db #0x14	; 20
    00000037 14                     100 	.db #0x14	; 20
    00000038 14                     101 	.db #0x14	; 20
    00000039 14                     102 	.db #0x14	; 20
    0000003A 14                     103 	.db #0x14	; 20
    0000003B 14                     104 	.db #0x14	; 20
    0000003C F0                     105 	.db #0xf0	; 240
    0000003D F0                     106 	.db #0xf0	; 240
    0000003E F0                     107 	.db #0xf0	; 240
    0000003F 02                     108 	.db #0x02	; 2
    00000040 03                     109 	.db #0x03	; 3
    00000041 04                     110 	.db #0x04	; 4
    00000042 05                     111 	.db #0x05	; 5
    00000043 06                     112 	.db #0x06	; 6
    00000044 F0                     113 	.db #0xf0	; 240
    00000045 F0                     114 	.db #0xf0	; 240
    00000046 07                     115 	.db #0x07	; 7
    00000047 08                     116 	.db #0x08	; 8
    00000048 F0                     117 	.db #0xf0	; 240
    00000049 F0                     118 	.db #0xf0	; 240
    0000004A F0                     119 	.db #0xf0	; 240
    0000004B F0                     120 	.db #0xf0	; 240
    0000004C F0                     121 	.db #0xf0	; 240
    0000004D F0                     122 	.db #0xf0	; 240
    0000004E F0                     123 	.db #0xf0	; 240
    0000004F F0                     124 	.db #0xf0	; 240
    00000050 F0                     125 	.db #0xf0	; 240
    00000051 F0                     126 	.db #0xf0	; 240
    00000052 F0                     127 	.db #0xf0	; 240
    00000053 09                     128 	.db #0x09	; 9
    00000054 0A                     129 	.db #0x0a	; 10
    00000055 0B                     130 	.db #0x0b	; 11
    00000056 0C                     131 	.db #0x0c	; 12
    00000057 0D                     132 	.db #0x0d	; 13
    00000058 0E                     133 	.db #0x0e	; 14
    00000059 0F                     134 	.db #0x0f	; 15
    0000005A 10                     135 	.db #0x10	; 16
    0000005B 11                     136 	.db #0x11	; 17
    0000005C F0                     137 	.db #0xf0	; 240
    0000005D F0                     138 	.db #0xf0	; 240
    0000005E F0                     139 	.db #0xf0	; 240
    0000005F F0                     140 	.db #0xf0	; 240
    00000060 F0                     141 	.db #0xf0	; 240
    00000061 F0                     142 	.db #0xf0	; 240
    00000062 F0                     143 	.db #0xf0	; 240
    00000063 F0                     144 	.db #0xf0	; 240
    00000064 F0                     145 	.db #0xf0	; 240
    00000065 F0                     146 	.db #0xf0	; 240
    00000066 F0                     147 	.db #0xf0	; 240
    00000067 12                     148 	.db #0x12	; 18
    00000068 13                     149 	.db #0x13	; 19
    00000069 15                     150 	.db #0x15	; 21
    0000006A 16                     151 	.db #0x16	; 22
    0000006B 17                     152 	.db #0x17	; 23
    0000006C 18                     153 	.db #0x18	; 24
    0000006D 19                     154 	.db #0x19	; 25
    0000006E 1A                     155 	.db #0x1a	; 26
    0000006F 1B                     156 	.db #0x1b	; 27
    00000070 1C                     157 	.db #0x1c	; 28
    00000071 1D                     158 	.db #0x1d	; 29
    00000072 1E                     159 	.db #0x1e	; 30
    00000073 1F                     160 	.db #0x1f	; 31
    00000074 20                     161 	.db #0x20	; 32
    00000075 21                     162 	.db #0x21	; 33
    00000076 22                     163 	.db #0x22	; 34
    00000077 F0                     164 	.db #0xf0	; 240
    00000078 23                     165 	.db #0x23	; 35
    00000079 24                     166 	.db #0x24	; 36
    0000007A 25                     167 	.db #0x25	; 37
    0000007B 26                     168 	.db #0x26	; 38
    0000007C 27                     169 	.db #0x27	; 39
    0000007D 28                     170 	.db #0x28	; 40
    0000007E 29                     171 	.db #0x29	; 41
    0000007F 2A                     172 	.db #0x2a	; 42
    00000080 2B                     173 	.db #0x2b	; 43
    00000081 2C                     174 	.db #0x2c	; 44
    00000082 2D                     175 	.db #0x2d	; 45
    00000083 2E                     176 	.db #0x2e	; 46
    00000084 2F                     177 	.db #0x2f	; 47
    00000085 30                     178 	.db #0x30	; 48	'0'
    00000086 31                     179 	.db #0x31	; 49	'1'
    00000087 32                     180 	.db #0x32	; 50	'2'
    00000088 33                     181 	.db #0x33	; 51	'3'
    00000089 34                     182 	.db #0x34	; 52	'4'
    0000008A 35                     183 	.db #0x35	; 53	'5'
    0000008B F0                     184 	.db #0xf0	; 240
    0000008C 3C                     185 	.db #0x3c	; 60
    0000008D 3D                     186 	.db #0x3d	; 61
    0000008E 3E                     187 	.db #0x3e	; 62
    0000008F 3F                     188 	.db #0x3f	; 63
    00000090 40                     189 	.db #0x40	; 64
    00000091 41                     190 	.db #0x41	; 65	'A'
    00000092 42                     191 	.db #0x42	; 66	'B'
    00000093 43                     192 	.db #0x43	; 67	'C'
    00000094 44                     193 	.db #0x44	; 68	'D'
    00000095 45                     194 	.db #0x45	; 69	'E'
    00000096 46                     195 	.db #0x46	; 70	'F'
    00000097 47                     196 	.db #0x47	; 71	'G'
    00000098 48                     197 	.db #0x48	; 72	'H'
    00000099 3B                     198 	.db #0x3b	; 59
    0000009A 36                     199 	.db #0x36	; 54	'6'
    0000009B 37                     200 	.db #0x37	; 55	'7'
    0000009C 38                     201 	.db #0x38	; 56	'8'
    0000009D 39                     202 	.db #0x39	; 57	'9'
    0000009E 3A                     203 	.db #0x3a	; 58
    0000009F 49                     204 	.db #0x49	; 73	'I'
    000000A0 4A                     205 	.db #0x4a	; 74	'J'
    000000A1 4B                     206 	.db #0x4b	; 75	'K'
    000000A2 4C                     207 	.db #0x4c	; 76	'L'
    000000A3 4D                     208 	.db #0x4d	; 77	'M'
    000000A4 4E                     209 	.db #0x4e	; 78	'N'
    000000A5 4F                     210 	.db #0x4f	; 79	'O'
    000000A6 50                     211 	.db #0x50	; 80	'P'
    000000A7 51                     212 	.db #0x51	; 81	'Q'
    000000A8 52                     213 	.db #0x52	; 82	'R'
    000000A9 53                     214 	.db #0x53	; 83	'S'
    000000AA 54                     215 	.db #0x54	; 84	'T'
    000000AB 55                     216 	.db #0x55	; 85	'U'
    000000AC 56                     217 	.db #0x56	; 86	'V'
    000000AD 57                     218 	.db #0x57	; 87	'W'
    000000AE 58                     219 	.db #0x58	; 88	'X'
    000000AF 59                     220 	.db #0x59	; 89	'Y'
    000000B0 5A                     221 	.db #0x5a	; 90	'Z'
    000000B1 5B                     222 	.db #0x5b	; 91
    000000B2 5C                     223 	.db #0x5c	; 92
    000000B3 5D                     224 	.db #0x5d	; 93
    000000B4 64                     225 	.db #0x64	; 100	'd'
    000000B5 65                     226 	.db #0x65	; 101	'e'
    000000B6 66                     227 	.db #0x66	; 102	'f'
    000000B7 5E                     228 	.db #0x5e	; 94
    000000B8 5F                     229 	.db #0x5f	; 95
    000000B9 60                     230 	.db #0x60	; 96
    000000BA 61                     231 	.db #0x61	; 97	'a'
    000000BB 62                     232 	.db #0x62	; 98	'b'
    000000BC 63                     233 	.db #0x63	; 99	'c'
    000000BD F0                     234 	.db #0xf0	; 240
    000000BE F0                     235 	.db #0xf0	; 240
    000000BF F0                     236 	.db #0xf0	; 240
    000000C0 F0                     237 	.db #0xf0	; 240
    000000C1 F0                     238 	.db #0xf0	; 240
    000000C2 F0                     239 	.db #0xf0	; 240
    000000C3 F0                     240 	.db #0xf0	; 240
    000000C4 67                     241 	.db #0x67	; 103	'g'
    000000C5 F0                     242 	.db #0xf0	; 240
    000000C6 68                     243 	.db #0x68	; 104	'h'
    000000C7 69                     244 	.db #0x69	; 105	'i'
    000000C8 6A                     245 	.db #0x6a	; 106	'j'
    000000C9 6B                     246 	.db #0x6b	; 107	'k'
    000000CA 6C                     247 	.db #0x6c	; 108	'l'
    000000CB 6D                     248 	.db #0x6d	; 109	'm'
    000000CC 6E                     249 	.db #0x6e	; 110	'n'
    000000CD 6F                     250 	.db #0x6f	; 111	'o'
    000000CE 70                     251 	.db #0x70	; 112	'p'
    000000CF 71                     252 	.db #0x71	; 113	'q'
    000000D0 72                     253 	.db #0x72	; 114	'r'
    000000D1 73                     254 	.db #0x73	; 115	's'
    000000D2 74                     255 	.db #0x74	; 116	't'
    000000D3 75                     256 	.db #0x75	; 117	'u'
    000000D4 F0                     257 	.db #0xf0	; 240
    000000D5 76                     258 	.db #0x76	; 118	'v'
    000000D6 F0                     259 	.db #0xf0	; 240
    000000D7 78                     260 	.db #0x78	; 120	'x'
    000000D8 77                     261 	.db #0x77	; 119	'w'
    000000D9 F0                     262 	.db #0xf0	; 240
    000000DA 79                     263 	.db #0x79	; 121	'y'
    000000DB 7A                     264 	.db #0x7a	; 122	'z'
    000000DC 8C                     265 	.db #0x8c	; 140
    000000DD 8D                     266 	.db #0x8d	; 141
    000000DE 8E                     267 	.db #0x8e	; 142
    000000DF 8F                     268 	.db #0x8f	; 143
    000000E0 90                     269 	.db #0x90	; 144
    000000E1 91                     270 	.db #0x91	; 145
    000000E2 92                     271 	.db #0x92	; 146
    000000E3 93                     272 	.db #0x93	; 147
    000000E4 94                     273 	.db #0x94	; 148
    000000E5 95                     274 	.db #0x95	; 149
    000000E6 96                     275 	.db #0x96	; 150
    000000E7 97                     276 	.db #0x97	; 151
    000000E8 98                     277 	.db #0x98	; 152
    000000E9 99                     278 	.db #0x99	; 153
    000000EA 9A                     279 	.db #0x9a	; 154
    000000EB 9B                     280 	.db #0x9b	; 155
    000000EC 9C                     281 	.db #0x9c	; 156
    000000ED 9D                     282 	.db #0x9d	; 157
    000000EE 9E                     283 	.db #0x9e	; 158
    000000EF 9F                     284 	.db #0x9f	; 159
    000000F0 A0                     285 	.db #0xa0	; 160
    000000F1 A1                     286 	.db #0xa1	; 161
    000000F2 A2                     287 	.db #0xa2	; 162
    000000F3 A3                     288 	.db #0xa3	; 163
    000000F4 A4                     289 	.db #0xa4	; 164
    000000F5 A5                     290 	.db #0xa5	; 165
    000000F6 A6                     291 	.db #0xa6	; 166
    000000F7 A7                     292 	.db #0xa7	; 167
    000000F8 A8                     293 	.db #0xa8	; 168
    000000F9 A9                     294 	.db #0xa9	; 169
    000000FA AA                     295 	.db #0xaa	; 170
    000000FB AB                     296 	.db #0xab	; 171
    000000FC AC                     297 	.db #0xac	; 172
    000000FD AD                     298 	.db #0xad	; 173
    000000FE AE                     299 	.db #0xae	; 174
    000000FF AF                     300 	.db #0xaf	; 175
    00000100 B0                     301 	.db #0xb0	; 176
    00000101 B1                     302 	.db #0xb1	; 177
    00000102 B2                     303 	.db #0xb2	; 178
    00000103 B3                     304 	.db #0xb3	; 179
    00000104 B4                     305 	.db #0xb4	; 180
    00000105 B5                     306 	.db #0xb5	; 181
    00000106 B6                     307 	.db #0xb6	; 182
    00000107 B7                     308 	.db #0xb7	; 183
    00000108 B8                     309 	.db #0xb8	; 184
    00000109 B9                     310 	.db #0xb9	; 185
    0000010A BA                     311 	.db #0xba	; 186
    0000010B BB                     312 	.db #0xbb	; 187
    0000010C BC                     313 	.db #0xbc	; 188
    0000010D BD                     314 	.db #0xbd	; 189
    0000010E BE                     315 	.db #0xbe	; 190
    0000010F BF                     316 	.db #0xbf	; 191
    00000110 C0                     317 	.db #0xc0	; 192
    00000111 C1                     318 	.db #0xc1	; 193
    00000112 C2                     319 	.db #0xc2	; 194
    00000113 C3                     320 	.db #0xc3	; 195
    00000114 C4                     321 	.db #0xc4	; 196
    00000115 C5                     322 	.db #0xc5	; 197
    00000116 C6                     323 	.db #0xc6	; 198
    00000117 C7                     324 	.db #0xc7	; 199
    00000118 C8                     325 	.db #0xc8	; 200
    00000119 C9                     326 	.db #0xc9	; 201
    0000011A CA                     327 	.db #0xca	; 202
    0000011B CB                     328 	.db #0xcb	; 203
    0000011C CC                     329 	.db #0xcc	; 204
    0000011D CD                     330 	.db #0xcd	; 205
    0000011E CE                     331 	.db #0xce	; 206
    0000011F CF                     332 	.db #0xcf	; 207
    00000120 D0                     333 	.db #0xd0	; 208
    00000121 D1                     334 	.db #0xd1	; 209
    00000122 D2                     335 	.db #0xd2	; 210
    00000123 D3                     336 	.db #0xd3	; 211
    00000124 D4                     337 	.db #0xd4	; 212
    00000125 D5                     338 	.db #0xd5	; 213
    00000126 D6                     339 	.db #0xd6	; 214
    00000127 D7                     340 	.db #0xd7	; 215
    00000128 D8                     341 	.db #0xd8	; 216
    00000129 D9                     342 	.db #0xd9	; 217
    0000012A DA                     343 	.db #0xda	; 218
    0000012B DB                     344 	.db #0xdb	; 219
    0000012C DC                     345 	.db #0xdc	; 220
    0000012D DD                     346 	.db #0xdd	; 221
    0000012E DE                     347 	.db #0xde	; 222
    0000012F DF                     348 	.db #0xdf	; 223
    00000130 E0                     349 	.db #0xe0	; 224
    00000131 E1                     350 	.db #0xe1	; 225
    00000132 E2                     351 	.db #0xe2	; 226
    00000133 E3                     352 	.db #0xe3	; 227
    00000134 E4                     353 	.db #0xe4	; 228
    00000135 E5                     354 	.db #0xe5	; 229
    00000136 E6                     355 	.db #0xe6	; 230
    00000137 E7                     356 	.db #0xe7	; 231
    00000138 E8                     357 	.db #0xe8	; 232
    00000139 E9                     358 	.db #0xe9	; 233
    0000013A EA                     359 	.db #0xea	; 234
    0000013B EB                     360 	.db #0xeb	; 235
    0000013C EC                     361 	.db #0xec	; 236
    0000013D ED                     362 	.db #0xed	; 237
    0000013E EE                     363 	.db #0xee	; 238
    0000013F EF                     364 	.db #0xef	; 239
    00000140 01                     365 	.db #0x01	; 1
    00000141 01                     366 	.db #0x01	; 1
    00000142 01                     367 	.db #0x01	; 1
    00000143 01                     368 	.db #0x01	; 1
    00000144 01                     369 	.db #0x01	; 1
    00000145 01                     370 	.db #0x01	; 1
    00000146 01                     371 	.db #0x01	; 1
    00000147 01                     372 	.db #0x01	; 1
    00000148 01                     373 	.db #0x01	; 1
    00000149 01                     374 	.db #0x01	; 1
    0000014A 01                     375 	.db #0x01	; 1
    0000014B 01                     376 	.db #0x01	; 1
    0000014C 01                     377 	.db #0x01	; 1
    0000014D 01                     378 	.db #0x01	; 1
    0000014E 01                     379 	.db #0x01	; 1
    0000014F 01                     380 	.db #0x01	; 1
    00000150 01                     381 	.db #0x01	; 1
    00000151 01                     382 	.db #0x01	; 1
    00000152 01                     383 	.db #0x01	; 1
    00000153 01                     384 	.db #0x01	; 1
    00000154 01                     385 	.db #0x01	; 1
    00000155 01                     386 	.db #0x01	; 1
    00000156 01                     387 	.db #0x01	; 1
    00000157 01                     388 	.db #0x01	; 1
    00000158 01                     389 	.db #0x01	; 1
    00000159 01                     390 	.db #0x01	; 1
    0000015A 01                     391 	.db #0x01	; 1
    0000015B 01                     392 	.db #0x01	; 1
    0000015C 01                     393 	.db #0x01	; 1
    0000015D 01                     394 	.db #0x01	; 1
    0000015E 01                     395 	.db #0x01	; 1
    0000015F 01                     396 	.db #0x01	; 1
    00000160 01                     397 	.db #0x01	; 1
    00000161 01                     398 	.db #0x01	; 1
    00000162 01                     399 	.db #0x01	; 1
    00000163 01                     400 	.db #0x01	; 1
    00000164 01                     401 	.db #0x01	; 1
    00000165 01                     402 	.db #0x01	; 1
    00000166 01                     403 	.db #0x01	; 1
    00000167 01                     404 	.db #0x01	; 1
                                    405 	.area _INITIALIZER
                                    406 	.area _CABS (ABS)
