                                      1 ;--------------------------------------------------------
                                      2 ; File Created by SDCC : free open source ISO C Compiler
                                      3 ; Version 4.5.1 #15267 (Linux)
                                      4 ;--------------------------------------------------------
                                      5 	.module TutorialMap
                                      6 	
                                      7 ;--------------------------------------------------------
                                      8 ; Public variables in this module
                                      9 ;--------------------------------------------------------
                                     10 	.globl _TutorialMap
                                     11 ;--------------------------------------------------------
                                     12 ; special function registers
                                     13 ;--------------------------------------------------------
                                     14 	.area _HRAM
                                     15 ;--------------------------------------------------------
                                     16 ; ram data
                                     17 ;--------------------------------------------------------
                                     18 	.area _DATA
                                     19 ;--------------------------------------------------------
                                     20 ; ram data
                                     21 ;--------------------------------------------------------
                                     22 	.area _INITIALIZED
                                     23 ;--------------------------------------------------------
                                     24 ; absolute external ram data
                                     25 ;--------------------------------------------------------
                                     26 	.area _DABS (ABS)
                                     27 ;--------------------------------------------------------
                                     28 ; global & static initialisations
                                     29 ;--------------------------------------------------------
                                     30 	.area _HOME
                                     31 	.area _GSINIT
                                     32 	.area _GSFINAL
                                     33 	.area _GSINIT
                                     34 ;--------------------------------------------------------
                                     35 ; Home
                                     36 ;--------------------------------------------------------
                                     37 	.area _HOME
                                     38 	.area _HOME
                                     39 ;--------------------------------------------------------
                                     40 ; code
                                     41 ;--------------------------------------------------------
                                     42 	.area _CODE_3
                                     43 	.area _CODE_3
    00000000                         44 _TutorialMap:
    00000000 B3                      45 	.db #0xb3	; 179
    00000001 B4                      46 	.db #0xb4	; 180
    00000002 B4                      47 	.db #0xb4	; 180
    00000003 B4                      48 	.db #0xb4	; 180
    00000004 B4                      49 	.db #0xb4	; 180
    00000005 B4                      50 	.db #0xb4	; 180
    00000006 B4                      51 	.db #0xb4	; 180
    00000007 B4                      52 	.db #0xb4	; 180
    00000008 B4                      53 	.db #0xb4	; 180
    00000009 B4                      54 	.db #0xb4	; 180
    0000000A B4                      55 	.db #0xb4	; 180
    0000000B B4                      56 	.db #0xb4	; 180
    0000000C B4                      57 	.db #0xb4	; 180
    0000000D B4                      58 	.db #0xb4	; 180
    0000000E B4                      59 	.db #0xb4	; 180
    0000000F B4                      60 	.db #0xb4	; 180
    00000010 B4                      61 	.db #0xb4	; 180
    00000011 B4                      62 	.db #0xb4	; 180
    00000012 B4                      63 	.db #0xb4	; 180
    00000013 B5                      64 	.db #0xb5	; 181
    00000014 BA                      65 	.db #0xba	; 186
    00000015 BB                      66 	.db #0xbb	; 187
    00000016 BB                      67 	.db #0xbb	; 187
    00000017 BB                      68 	.db #0xbb	; 187
    00000018 A4                      69 	.db #0xa4	; 164
    00000019 A4                      70 	.db #0xa4	; 164
    0000001A 93                      71 	.db #0x93	; 147
    0000001B 94                      72 	.db #0x94	; 148
    0000001C 93                      73 	.db #0x93	; 147
    0000001D 8E                      74 	.db #0x8e	; 142
    0000001E 91                      75 	.db #0x91	; 145
    0000001F 88                      76 	.db #0x88	; 136
    00000020 80                      77 	.db #0x80	; 128
    00000021 8B                      78 	.db #0x8b	; 139
    00000022 A4                      79 	.db #0xa4	; 164
    00000023 A4                      80 	.db #0xa4	; 164
    00000024 BB                      81 	.db #0xbb	; 187
    00000025 BB                      82 	.db #0xbb	; 187
    00000026 BB                      83 	.db #0xbb	; 187
    00000027 B6                      84 	.db #0xb6	; 182
    00000028 BA                      85 	.db #0xba	; 186
    00000029 BB                      86 	.db #0xbb	; 187
    0000002A BB                      87 	.db #0xbb	; 187
    0000002B BB                      88 	.db #0xbb	; 187
    0000002C BB                      89 	.db #0xbb	; 187
    0000002D BB                      90 	.db #0xbb	; 187
    0000002E BB                      91 	.db #0xbb	; 187
    0000002F BB                      92 	.db #0xbb	; 187
    00000030 BB                      93 	.db #0xbb	; 187
    00000031 BB                      94 	.db #0xbb	; 187
    00000032 BB                      95 	.db #0xbb	; 187
    00000033 BB                      96 	.db #0xbb	; 187
    00000034 BB                      97 	.db #0xbb	; 187
    00000035 BB                      98 	.db #0xbb	; 187
    00000036 BB                      99 	.db #0xbb	; 187
    00000037 BB                     100 	.db #0xbb	; 187
    00000038 BB                     101 	.db #0xbb	; 187
    00000039 BB                     102 	.db #0xbb	; 187
    0000003A BB                     103 	.db #0xbb	; 187
    0000003B B6                     104 	.db #0xb6	; 182
    0000003C BA                     105 	.db #0xba	; 186
    0000003D BB                     106 	.db #0xbb	; 187
    0000003E BB                     107 	.db #0xbb	; 187
    0000003F BB                     108 	.db #0xbb	; 187
    00000040 BB                     109 	.db #0xbb	; 187
    00000041 87                     110 	.db #0x87	; 135
    00000042 84                     111 	.db #0x84	; 132
    00000043 82                     112 	.db #0x82	; 130
    00000044 93                     113 	.db #0x93	; 147
    00000045 8E                     114 	.db #0x8e	; 142
    00000046 91                     115 	.db #0x91	; 145
    00000047 BB                     116 	.db #0xbb	; 187
    00000048 BB                     117 	.db #0xbb	; 187
    00000049 BB                     118 	.db #0xbb	; 187
    0000004A BB                     119 	.db #0xbb	; 187
    0000004B BB                     120 	.db #0xbb	; 187
    0000004C BB                     121 	.db #0xbb	; 187
    0000004D BB                     122 	.db #0xbb	; 187
    0000004E BB                     123 	.db #0xbb	; 187
    0000004F B6                     124 	.db #0xb6	; 182
    00000050 BA                     125 	.db #0xba	; 186
    00000051 BB                     126 	.db #0xbb	; 187
    00000052 BB                     127 	.db #0xbb	; 187
    00000053 BB                     128 	.db #0xbb	; 187
    00000054 BB                     129 	.db #0xbb	; 187
    00000055 BB                     130 	.db #0xbb	; 187
    00000056 BB                     131 	.db #0xbb	; 187
    00000057 BB                     132 	.db #0xbb	; 187
    00000058 BB                     133 	.db #0xbb	; 187
    00000059 BB                     134 	.db #0xbb	; 187
    0000005A BB                     135 	.db #0xbb	; 187
    0000005B BB                     136 	.db #0xbb	; 187
    0000005C BB                     137 	.db #0xbb	; 187
    0000005D BB                     138 	.db #0xbb	; 187
    0000005E BB                     139 	.db #0xbb	; 187
    0000005F BB                     140 	.db #0xbb	; 187
    00000060 BB                     141 	.db #0xbb	; 187
    00000061 BB                     142 	.db #0xbb	; 187
    00000062 BB                     143 	.db #0xbb	; 187
    00000063 B6                     144 	.db #0xb6	; 182
    00000064 BA                     145 	.db #0xba	; 186
    00000065 BB                     146 	.db #0xbb	; 187
    00000066 BB                     147 	.db #0xbb	; 187
    00000067 BB                     148 	.db #0xbb	; 187
    00000068 BB                     149 	.db #0xbb	; 187
    00000069 8F                     150 	.db #0x8f	; 143
    0000006A 8E                     151 	.db #0x8e	; 142
    0000006B 93                     152 	.db #0x93	; 147
    0000006C A6                     153 	.db #0xa6	; 166
    0000006D BB                     154 	.db #0xbb	; 187
    0000006E 84                     155 	.db #0x84	; 132
    0000006F 90                     156 	.db #0x90	; 144
    00000070 94                     157 	.db #0x94	; 148
    00000071 88                     158 	.db #0x88	; 136
    00000072 8F                     159 	.db #0x8f	; 143
    00000073 BB                     160 	.db #0xbb	; 187
    00000074 BB                     161 	.db #0xbb	; 187
    00000075 BB                     162 	.db #0xbb	; 187
    00000076 BB                     163 	.db #0xbb	; 187
    00000077 B6                     164 	.db #0xb6	; 182
    00000078 BA                     165 	.db #0xba	; 186
    00000079 BB                     166 	.db #0xbb	; 187
    0000007A BB                     167 	.db #0xbb	; 187
    0000007B BB                     168 	.db #0xbb	; 187
    0000007C BB                     169 	.db #0xbb	; 187
    0000007D BB                     170 	.db #0xbb	; 187
    0000007E BB                     171 	.db #0xbb	; 187
    0000007F BB                     172 	.db #0xbb	; 187
    00000080 BB                     173 	.db #0xbb	; 187
    00000081 BB                     174 	.db #0xbb	; 187
    00000082 BB                     175 	.db #0xbb	; 187
    00000083 BB                     176 	.db #0xbb	; 187
    00000084 BB                     177 	.db #0xbb	; 187
    00000085 BB                     178 	.db #0xbb	; 187
    00000086 BB                     179 	.db #0xbb	; 187
    00000087 BB                     180 	.db #0xbb	; 187
    00000088 BB                     181 	.db #0xbb	; 187
    00000089 BB                     182 	.db #0xbb	; 187
    0000008A BB                     183 	.db #0xbb	; 187
    0000008B B6                     184 	.db #0xb6	; 182
    0000008C BA                     185 	.db #0xba	; 186
    0000008D BB                     186 	.db #0xbb	; 187
    0000008E BB                     187 	.db #0xbb	; 187
    0000008F BB                     188 	.db #0xbb	; 187
    00000090 BB                     189 	.db #0xbb	; 187
    00000091 BB                     190 	.db #0xbb	; 187
    00000092 BB                     191 	.db #0xbb	; 187
    00000093 BB                     192 	.db #0xbb	; 187
    00000094 BB                     193 	.db #0xbb	; 187
    00000095 BB                     194 	.db #0xbb	; 187
    00000096 BB                     195 	.db #0xbb	; 187
    00000097 BB                     196 	.db #0xbb	; 187
    00000098 BB                     197 	.db #0xbb	; 187
    00000099 BB                     198 	.db #0xbb	; 187
    0000009A BB                     199 	.db #0xbb	; 187
    0000009B BB                     200 	.db #0xbb	; 187
    0000009C BB                     201 	.db #0xbb	; 187
    0000009D BB                     202 	.db #0xbb	; 187
    0000009E BB                     203 	.db #0xbb	; 187
    0000009F B6                     204 	.db #0xb6	; 182
    000000A0 BA                     205 	.db #0xba	; 186
    000000A1 BB                     206 	.db #0xbb	; 187
    000000A2 BB                     207 	.db #0xbb	; 187
    000000A3 BB                     208 	.db #0xbb	; 187
    000000A4 BB                     209 	.db #0xbb	; 187
    000000A5 92                     210 	.db #0x92	; 146
    000000A6 80                     211 	.db #0x80	; 128
    000000A7 85                     212 	.db #0x85	; 133
    000000A8 98                     213 	.db #0x98	; 152
    000000A9 BB                     214 	.db #0xbb	; 187
    000000AA BB                     215 	.db #0xbb	; 187
    000000AB BB                     216 	.db #0xbb	; 187
    000000AC BB                     217 	.db #0xbb	; 187
    000000AD BB                     218 	.db #0xbb	; 187
    000000AE BB                     219 	.db #0xbb	; 187
    000000AF BB                     220 	.db #0xbb	; 187
    000000B0 BB                     221 	.db #0xbb	; 187
    000000B1 BB                     222 	.db #0xbb	; 187
    000000B2 BB                     223 	.db #0xbb	; 187
    000000B3 B6                     224 	.db #0xb6	; 182
    000000B4 BA                     225 	.db #0xba	; 186
    000000B5 BB                     226 	.db #0xbb	; 187
    000000B6 BB                     227 	.db #0xbb	; 187
    000000B7 BB                     228 	.db #0xbb	; 187
    000000B8 BB                     229 	.db #0xbb	; 187
    000000B9 BB                     230 	.db #0xbb	; 187
    000000BA BB                     231 	.db #0xbb	; 187
    000000BB BB                     232 	.db #0xbb	; 187
    000000BC BB                     233 	.db #0xbb	; 187
    000000BD BB                     234 	.db #0xbb	; 187
    000000BE BB                     235 	.db #0xbb	; 187
    000000BF BB                     236 	.db #0xbb	; 187
    000000C0 BB                     237 	.db #0xbb	; 187
    000000C1 BB                     238 	.db #0xbb	; 187
    000000C2 BB                     239 	.db #0xbb	; 187
    000000C3 BB                     240 	.db #0xbb	; 187
    000000C4 BB                     241 	.db #0xbb	; 187
    000000C5 BB                     242 	.db #0xbb	; 187
    000000C6 BB                     243 	.db #0xbb	; 187
    000000C7 B6                     244 	.db #0xb6	; 182
    000000C8 BA                     245 	.db #0xba	; 186
    000000C9 BB                     246 	.db #0xbb	; 187
    000000CA BB                     247 	.db #0xbb	; 187
    000000CB BB                     248 	.db #0xbb	; 187
    000000CC BB                     249 	.db #0xbb	; 187
    000000CD 8F                     250 	.db #0x8f	; 143
    000000CE 8E                     251 	.db #0x8e	; 142
    000000CF 93                     252 	.db #0x93	; 147
    000000D0 A6                     253 	.db #0xa6	; 166
    000000D1 BB                     254 	.db #0xbb	; 187
    000000D2 82                     255 	.db #0x82	; 130
    000000D3 94                     256 	.db #0x94	; 148
    000000D4 91                     257 	.db #0x91	; 145
    000000D5 80                     258 	.db #0x80	; 128
    000000D6 B0                     259 	.db #0xb0	; 176
    000000D7 8B                     260 	.db #0x8b	; 139
    000000D8 95                     261 	.db #0x95	; 149
    000000D9 A6                     262 	.db #0xa6	; 166
    000000DA BB                     263 	.db #0xbb	; 187
    000000DB B6                     264 	.db #0xb6	; 182
    000000DC BA                     265 	.db #0xba	; 186
    000000DD BB                     266 	.db #0xbb	; 187
    000000DE BB                     267 	.db #0xbb	; 187
    000000DF BB                     268 	.db #0xbb	; 187
    000000E0 BB                     269 	.db #0xbb	; 187
    000000E1 BB                     270 	.db #0xbb	; 187
    000000E2 BB                     271 	.db #0xbb	; 187
    000000E3 BB                     272 	.db #0xbb	; 187
    000000E4 BB                     273 	.db #0xbb	; 187
    000000E5 BB                     274 	.db #0xbb	; 187
    000000E6 BB                     275 	.db #0xbb	; 187
    000000E7 BB                     276 	.db #0xbb	; 187
    000000E8 BB                     277 	.db #0xbb	; 187
    000000E9 BB                     278 	.db #0xbb	; 187
    000000EA BB                     279 	.db #0xbb	; 187
    000000EB BB                     280 	.db #0xbb	; 187
    000000EC BB                     281 	.db #0xbb	; 187
    000000ED BB                     282 	.db #0xbb	; 187
    000000EE BB                     283 	.db #0xbb	; 187
    000000EF B6                     284 	.db #0xb6	; 182
    000000F0 BA                     285 	.db #0xba	; 186
    000000F1 BB                     286 	.db #0xbb	; 187
    000000F2 BB                     287 	.db #0xbb	; 187
    000000F3 BB                     288 	.db #0xbb	; 187
    000000F4 BB                     289 	.db #0xbb	; 187
    000000F5 BB                     290 	.db #0xbb	; 187
    000000F6 BB                     291 	.db #0xbb	; 187
    000000F7 BB                     292 	.db #0xbb	; 187
    000000F8 BB                     293 	.db #0xbb	; 187
    000000F9 BB                     294 	.db #0xbb	; 187
    000000FA BB                     295 	.db #0xbb	; 187
    000000FB BB                     296 	.db #0xbb	; 187
    000000FC BB                     297 	.db #0xbb	; 187
    000000FD BB                     298 	.db #0xbb	; 187
    000000FE BB                     299 	.db #0xbb	; 187
    000000FF BB                     300 	.db #0xbb	; 187
    00000100 BB                     301 	.db #0xbb	; 187
    00000101 BB                     302 	.db #0xbb	; 187
    00000102 BB                     303 	.db #0xbb	; 187
    00000103 B6                     304 	.db #0xb6	; 182
    00000104 BA                     305 	.db #0xba	; 186
    00000105 BB                     306 	.db #0xbb	; 187
    00000106 2E                     307 	.db #0x2e	; 46
    00000107 2F                     308 	.db #0x2f	; 47
    00000108 BB                     309 	.db #0xbb	; 187
    00000109 92                     310 	.db #0x92	; 146
    0000010A 80                     311 	.db #0x80	; 128
    0000010B 8B                     312 	.db #0x8b	; 139
    0000010C 95                     313 	.db #0x95	; 149
    0000010D 80                     314 	.db #0x80	; 128
    0000010E BB                     315 	.db #0xbb	; 187
    0000010F 8F                     316 	.db #0x8f	; 143
    00000110 80                     317 	.db #0x80	; 128
    00000111 91                     318 	.db #0x91	; 145
    00000112 93                     319 	.db #0x93	; 147
    00000113 88                     320 	.db #0x88	; 136
    00000114 93                     321 	.db #0x93	; 147
    00000115 80                     322 	.db #0x80	; 128
    00000116 BB                     323 	.db #0xbb	; 187
    00000117 B6                     324 	.db #0xb6	; 182
    00000118 BA                     325 	.db #0xba	; 186
    00000119 BB                     326 	.db #0xbb	; 187
    0000011A 3E                     327 	.db #0x3e	; 62
    0000011B 3F                     328 	.db #0x3f	; 63
    0000011C BB                     329 	.db #0xbb	; 187
    0000011D BB                     330 	.db #0xbb	; 187
    0000011E BB                     331 	.db #0xbb	; 187
    0000011F BB                     332 	.db #0xbb	; 187
    00000120 BB                     333 	.db #0xbb	; 187
    00000121 BB                     334 	.db #0xbb	; 187
    00000122 BB                     335 	.db #0xbb	; 187
    00000123 BB                     336 	.db #0xbb	; 187
    00000124 BB                     337 	.db #0xbb	; 187
    00000125 BB                     338 	.db #0xbb	; 187
    00000126 BB                     339 	.db #0xbb	; 187
    00000127 BB                     340 	.db #0xbb	; 187
    00000128 BB                     341 	.db #0xbb	; 187
    00000129 BB                     342 	.db #0xbb	; 187
    0000012A BB                     343 	.db #0xbb	; 187
    0000012B B6                     344 	.db #0xb6	; 182
    0000012C BA                     345 	.db #0xba	; 186
    0000012D BB                     346 	.db #0xbb	; 187
    0000012E BB                     347 	.db #0xbb	; 187
    0000012F BB                     348 	.db #0xbb	; 187
    00000130 BB                     349 	.db #0xbb	; 187
    00000131 BB                     350 	.db #0xbb	; 187
    00000132 BB                     351 	.db #0xbb	; 187
    00000133 BB                     352 	.db #0xbb	; 187
    00000134 BB                     353 	.db #0xbb	; 187
    00000135 BB                     354 	.db #0xbb	; 187
    00000136 BB                     355 	.db #0xbb	; 187
    00000137 BB                     356 	.db #0xbb	; 187
    00000138 BB                     357 	.db #0xbb	; 187
    00000139 BB                     358 	.db #0xbb	; 187
    0000013A BB                     359 	.db #0xbb	; 187
    0000013B BB                     360 	.db #0xbb	; 187
    0000013C BB                     361 	.db #0xbb	; 187
    0000013D BB                     362 	.db #0xbb	; 187
    0000013E BB                     363 	.db #0xbb	; 187
    0000013F B6                     364 	.db #0xb6	; 182
    00000140 BA                     365 	.db #0xba	; 186
    00000141 BB                     366 	.db #0xbb	; 187
    00000142 BB                     367 	.db #0xbb	; 187
    00000143 BB                     368 	.db #0xbb	; 187
    00000144 BB                     369 	.db #0xbb	; 187
    00000145 BB                     370 	.db #0xbb	; 187
    00000146 BB                     371 	.db #0xbb	; 187
    00000147 BB                     372 	.db #0xbb	; 187
    00000148 BB                     373 	.db #0xbb	; 187
    00000149 BB                     374 	.db #0xbb	; 187
    0000014A BB                     375 	.db #0xbb	; 187
    0000014B BB                     376 	.db #0xbb	; 187
    0000014C BB                     377 	.db #0xbb	; 187
    0000014D BB                     378 	.db #0xbb	; 187
    0000014E BB                     379 	.db #0xbb	; 187
    0000014F BB                     380 	.db #0xbb	; 187
    00000150 BB                     381 	.db #0xbb	; 187
    00000151 BB                     382 	.db #0xbb	; 187
    00000152 BB                     383 	.db #0xbb	; 187
    00000153 B6                     384 	.db #0xb6	; 182
    00000154 B9                     385 	.db #0xb9	; 185
    00000155 B8                     386 	.db #0xb8	; 184
    00000156 B8                     387 	.db #0xb8	; 184
    00000157 B8                     388 	.db #0xb8	; 184
    00000158 B8                     389 	.db #0xb8	; 184
    00000159 B8                     390 	.db #0xb8	; 184
    0000015A B8                     391 	.db #0xb8	; 184
    0000015B B8                     392 	.db #0xb8	; 184
    0000015C B8                     393 	.db #0xb8	; 184
    0000015D B8                     394 	.db #0xb8	; 184
    0000015E B8                     395 	.db #0xb8	; 184
    0000015F B8                     396 	.db #0xb8	; 184
    00000160 B8                     397 	.db #0xb8	; 184
    00000161 B8                     398 	.db #0xb8	; 184
    00000162 B8                     399 	.db #0xb8	; 184
    00000163 B8                     400 	.db #0xb8	; 184
    00000164 B8                     401 	.db #0xb8	; 184
    00000165 B8                     402 	.db #0xb8	; 184
    00000166 B8                     403 	.db #0xb8	; 184
    00000167 B7                     404 	.db #0xb7	; 183
                                    405 	.area _INITIALIZER
                                    406 	.area _CABS (ABS)
